--------- beginning of kernel
09-25 23:04:03.940  1097  1097 I [ADFR][0][INFO][oplus_adfr_fakeframe_status_update:2140]h_active: 1264,refresh_rate:60,h_skew:1,sw_fps:0,fakeframe:0
09-25 23:04:03.940  1097  1097 I         : [ADFR][0][INFO][oplus_adfr_status_reset:1851]sa status reset: auto_mode:0,fakeframe:0,sa_min_fps:60
09-25 23:04:03.956  1097  1097 I [   info] ts_panel_notifier_callback: Notification type:4, early_trigger:0
09-25 23:04:03.956  1097  1097 I [   info] ts_panel_notifier_callback: shashank:Received fps change old fps:120 new fps:60
09-25 23:04:04.077   950   950 I logd    : logdr: UID=2000 GID=2000 PID=11771 n tail=60 logMask=99 pid=0 start=0ns deadline=0ns
09-25 23:04:04.142  1097  1097 I [   info] ts_panel_notifier_callback: Notification type:4, early_trigger:1
09-25 23:04:04.142  1097  1097 I [   info] ts_panel_notifier_callback: shashank:Received fps change old fps:60 new fps:120
09-25 23:04:04.147  1097  1097 E         : [LCD][0][ERR][oplus_panel_switch_vid_mode:475] oplus_panel_switch_vid_mode not support
09-25 23:04:04.147  1097  1097 I [drm:dsi_display_set_mode [msm_drm]] [msm-dsi-info]: mdp_transfer_time=6290, hactive=1264, vactive=2780, fps=120, h_skew=0, clk_rate=1012000000, h_sync_width=2,				h_front_porch26, h_back_porch=26, v_back_porch=42, v_sync_width=2, v_front_porch=58
09-25 23:04:04.148  1097  1097 I [ADFR][0][INFO][oplus_adfr_fakeframe_status_update:2140]h_active: 1264,refresh_rate:120,h_skew:0,sw_fps:0,fakeframe:0
09-25 23:04:04.151  1097  1097 I         : [LCD][0][INFO][oplus_panel_cmd_print:120] [A0020] dsi_cmd: qcom,mdss-dsi-timing-switch-command, count=8
09-25 23:04:04.152  1097  1097 I [ADFR][0][INFO][oplus_adfr_fakeframe_status_update:2140]h_active: 1264,refresh_rate:120,h_skew:0,sw_fps:0,fakeframe:1
09-25 23:04:04.152  1097  1097 I         : [ADFR][0][INFO][oplus_adfr_status_reset:1851]sa status reset: auto_mode:0,fakeframe:1,sa_min_fps:120
09-25 23:04:04.170  1097  1097 I [   info] ts_panel_notifier_callback: Notification type:4, early_trigger:0
09-25 23:04:04.170  1097  1097 I [   info] ts_panel_notifier_callback: shashank:Received fps change old fps:60 new fps:120
09-25 23:04:04.516  1097  1097 I [   info] ts_panel_notifier_callback: Notification type:4, early_trigger:1
09-25 23:04:04.516  1097  1097 I [   info] ts_panel_notifier_callback: shashank:Received fps change old fps:120 new fps:60
09-25 23:04:04.520  1097  1097 E         : [LCD][0][ERR][oplus_panel_switch_vid_mode:475] oplus_panel_switch_vid_mode not support
09-25 23:04:04.520  1097  1097 I [drm:dsi_display_set_mode [msm_drm]] [msm-dsi-info]: mdp_transfer_time=6290, hactive=1264, vactive=2780, fps=60, h_skew=1, clk_rate=1012000000, h_sync_width=2,				h_front_porch26, h_back_porch=26, v_back_porch=42, v_sync_width=2, v_front_porch=58
09-25 23:04:04.521  1097  1097 I [ADFR][0][INFO][oplus_adfr_fakeframe_status_update:2140]h_active: 1264,refresh_rate:60,h_skew:1,sw_fps:0,fakeframe:0
09-25 23:04:04.530  1097  1097 I         : [LCD][0][INFO][oplus_panel_cmd_print:120] [A0020] dsi_cmd: qcom,mdss-dsi-timing-switch-command, count=8
09-25 23:04:04.530  1097  1097 I [ADFR][0][INFO][oplus_adfr_fakeframe_status_update:2140]h_active: 1264,refresh_rate:60,h_skew:1,sw_fps:0,fakeframe:0
09-25 23:04:04.530  1097  1097 I         : [ADFR][0][INFO][oplus_adfr_status_reset:1851]sa status reset: auto_mode:0,fakeframe:0,sa_min_fps:60
09-25 23:04:04.547  1097  1097 I [   info] ts_panel_notifier_callback: Notification type:4, early_trigger:0
09-25 23:04:04.547  1097  1097 I [   info] ts_panel_notifier_callback: shashank:Received fps change old fps:120 new fps:60
09-25 23:04:04.614  1097  1097 I [   info] ts_panel_notifier_callback: Notification type:4, early_trigger:1
09-25 23:04:04.614  1097  1097 I [   info] ts_panel_notifier_callback: shashank:Received fps change old fps:60 new fps:120
09-25 23:04:04.622  1097  1097 E         : [LCD][0][ERR][oplus_panel_switch_vid_mode:475] oplus_panel_switch_vid_mode not support
09-25 23:04:04.622  1097  1097 I [drm:dsi_display_set_mode [msm_drm]] [msm-dsi-info]: mdp_transfer_time=6290, hactive=1264, vactive=2780, fps=120, h_skew=0, clk_rate=1012000000, h_sync_width=2,				h_front_porch26, h_back_porch=26, v_back_porch=42, v_sync_width=2, v_front_porch=58
09-25 23:04:04.623  1097  1097 I [ADFR][0][INFO][oplus_adfr_fakeframe_status_update:2140]h_active: 1264,refresh_rate:120,h_skew:0,sw_fps:0,fakeframe:0
09-25 23:04:04.626  1097  1097 I         : [LCD][0][INFO][oplus_panel_cmd_print:120] [A0020] dsi_cmd: qcom,mdss-dsi-timing-switch-command, count=8
09-25 23:04:04.626  1097  1097 I [ADFR][0][INFO][oplus_adfr_fakeframe_status_update:2140]h_active: 1264,refresh_rate:120,h_skew:0,sw_fps:0,fakeframe:1
09-25 23:04:04.626  1097  1097 I         : [ADFR][0][INFO][oplus_adfr_status_reset:1851]sa status reset: auto_mode:0,fakeframe:1,sa_min_fps:120
09-25 23:04:04.645  1097  1097 I [   info] ts_panel_notifier_callback: Notification type:4, early_trigger:0
09-25 23:04:04.645  1097  1097 I [   info] ts_panel_notifier_callback: shashank:Received fps change old fps:60 new fps:120
09-25 23:04:04.922  1097  1097 I [   info] ts_panel_notifier_callback: Notification type:4, early_trigger:1
09-25 23:04:04.922  1097  1097 I [   info] ts_panel_notifier_callback: shashank:Received fps change old fps:120 new fps:60
09-25 23:04:04.927  1097  1097 E         : [LCD][0][ERR][oplus_panel_switch_vid_mode:475] oplus_panel_switch_vid_mode not support
09-25 23:04:04.927  1097  1097 I [drm:dsi_display_set_mode [msm_drm]] [msm-dsi-info]: mdp_transfer_time=6290, hactive=1264, vactive=2780, fps=60, h_skew=1, clk_rate=1012000000, h_sync_width=2,				h_front_porch26, h_back_porch=26, v_back_porch=42, v_sync_width=2, v_front_porch=58
09-25 23:04:04.927  1097  1097 I [ADFR][0][INFO][oplus_adfr_fakeframe_status_update:2140]h_active: 1264,refresh_rate:60,h_skew:1,sw_fps:0,fakeframe:0
09-25 23:04:04.929  1097  1097 I         : [LCD][0][INFO][oplus_panel_cmd_print:120] [A0020] dsi_cmd: qcom,mdss-dsi-timing-switch-command, count=8
09-25 23:04:04.929  1097  1097 I [ADFR][0][INFO][oplus_adfr_fakeframe_status_update:2140]h_active: 1264,refresh_rate:60,h_skew:1,sw_fps:0,fakeframe:0
09-25 23:04:04.929  1097  1097 I         : [ADFR][0][INFO][oplus_adfr_status_reset:1851]sa status reset: auto_mode:0,fakeframe:0,sa_min_fps:60
09-25 23:04:04.946  1097  1097 I [   info] ts_panel_notifier_callback: Notification type:4, early_trigger:0
09-25 23:04:04.946  1097  1097 I [   info] ts_panel_notifier_callback: shashank:Received fps change old fps:120 new fps:60
09-25 23:04:05.046  1097  1097 I [   info] ts_panel_notifier_callback: Notification type:4, early_trigger:1
09-25 23:04:05.046  1097  1097 I [   info] ts_panel_notifier_callback: shashank:Received fps change old fps:60 new fps:120
09-25 23:04:05.051  1097  1097 E         : [LCD][0][ERR][oplus_panel_switch_vid_mode:475] oplus_panel_switch_vid_mode not support
09-25 23:04:05.051  1097  1097 I [drm:dsi_display_set_mode [msm_drm]] [msm-dsi-info]: mdp_transfer_time=6290, hactive=1264, vactive=2780, fps=120, h_skew=0, clk_rate=1012000000, h_sync_width=2,				h_front_porch26, h_back_porch=26, v_back_porch=42, v_sync_width=2, v_front_porch=58
09-25 23:04:05.051  1097  1097 I [ADFR][0][INFO][oplus_adfr_fakeframe_status_update:2140]h_active: 1264,refresh_rate:120,h_skew:0,sw_fps:0,fakeframe:0
09-25 23:04:05.051  1097  1097 I         : [LCD][0][INFO][oplus_panel_cmd_print:120] [A0020] dsi_cmd: qcom,mdss-dsi-timing-switch-command, count=8
09-25 23:04:05.051  1097  1097 I [ADFR][0][INFO][oplus_adfr_fakeframe_status_update:2140]h_active: 1264,refresh_rate:120,h_skew:0,sw_fps:0,fakeframe:1
09-25 23:04:05.051  1097  1097 I         : [ADFR][0][INFO][oplus_adfr_status_reset:1851]sa status reset: auto_mode:0,fakeframe:1,sa_min_fps:120
09-25 23:04:05.061  1097  1097 I [   info] ts_panel_notifier_callback: Notification type:4, early_trigger:0
09-25 23:04:05.061  1097  1097 I [   info] ts_panel_notifier_callback: shashank:Received fps change old fps:60 new fps:120
09-25 23:04:05.135  1097  1097 I [   info] ts_panel_notifier_callback: Notification type:4, early_trigger:1
09-25 23:04:05.135  1097  1097 I [   info] ts_panel_notifier_callback: shashank:Received fps change old fps:120 new fps:60
09-25 23:04:05.139  1097  1097 E         : [LCD][0][ERR][oplus_panel_switch_vid_mode:475] oplus_panel_switch_vid_mode not support
09-25 23:04:05.139  1097  1097 I [drm:dsi_display_set_mode [msm_drm]] [msm-dsi-info]: mdp_transfer_time=6290, hactive=1264, vactive=2780, fps=60, h_skew=1, clk_rate=1012000000, h_sync_width=2,				h_front_porch26, h_back_porch=26, v_back_porch=42, v_sync_width=2, v_front_porch=58
09-25 23:04:05.139  1097  1097 I [ADFR][0][INFO][oplus_adfr_fakeframe_status_update:2140]h_active: 1264,refresh_rate:60,h_skew:1,sw_fps:0,fakeframe:0
09-25 23:04:05.146  1097  1097 I         : [LCD][0][INFO][oplus_panel_cmd_print:120] [A0020] dsi_cmd: qcom,mdss-dsi-timing-switch-command, count=8
09-25 23:04:05.146  1097  1097 I [ADFR][0][INFO][oplus_adfr_fakeframe_status_update:2140]h_active: 1264,refresh_rate:60,h_skew:1,sw_fps:0,fakeframe:0
09-25 23:04:05.146  1097  1097 I         : [ADFR][0][INFO][oplus_adfr_status_reset:1851]sa status reset: auto_mode:0,fakeframe:0,sa_min_fps:60
09-25 23:04:05.163  1097  1097 I [   info] ts_panel_notifier_callback: Notification type:4, early_trigger:0
09-25 23:04:05.163  1097  1097 I [   info] ts_panel_notifier_callback: shashank:Received fps change old fps:120 new fps:60
09-25 23:04:05.367  1097  1097 I [   info] ts_panel_notifier_callback: Notification type:4, early_trigger:1
09-25 23:04:05.367  1097  1097 I [   info] ts_panel_notifier_callback: shashank:Received fps change old fps:60 new fps:120
09-25 23:04:05.371  1097  1097 E         : [LCD][0][ERR][oplus_panel_switch_vid_mode:475] oplus_panel_switch_vid_mode not support
09-25 23:04:05.371  1097  1097 I [drm:dsi_display_set_mode [msm_drm]] [msm-dsi-info]: mdp_transfer_time=6290, hactive=1264, vactive=2780, fps=120, h_skew=0, clk_rate=1012000000, h_sync_width=2,				h_front_porch26, h_back_porch=26, v_back_porch=42, v_sync_width=2, v_front_porch=58
09-25 23:04:05.371  1097  1097 I [ADFR][0][INFO][oplus_adfr_fakeframe_status_update:2140]h_active: 1264,refresh_rate:120,h_skew:0,sw_fps:0,fakeframe:0
09-25 23:04:05.375  1097  1097 I         : [LCD][0][INFO][oplus_panel_cmd_print:120] [A0020] dsi_cmd: qcom,mdss-dsi-timing-switch-command, count=8
09-25 23:04:05.375  1097  1097 I [ADFR][0][INFO][oplus_adfr_fakeframe_status_update:2140]h_active: 1264,refresh_rate:120,h_skew:0,sw_fps:0,fakeframe:1
09-25 23:04:05.375  1097  1097 I         : [ADFR][0][INFO][oplus_adfr_status_reset:1851]sa status reset: auto_mode:0,fakeframe:1,sa_min_fps:120
09-25 23:04:05.393  1097  1097 I [   info] ts_panel_notifier_callback: Notification type:4, early_trigger:0
09-25 23:04:05.393  1097  1097 I [   info] ts_panel_notifier_callback: shashank:Received fps change old fps:60 new fps:120
09-25 23:04:05.441  1097  1097 I [   info] ts_panel_notifier_callback: Notification type:4, early_trigger:1
09-25 23:04:05.441  1097  1097 I [   info] ts_panel_notifier_callback: shashank:Received fps change old fps:120 new fps:60
09-25 23:04:05.442  1097  1097 E         : [LCD][0][ERR][oplus_panel_switch_vid_mode:475] oplus_panel_switch_vid_mode not support
09-25 23:04:05.442  1097  1097 I [drm:dsi_display_set_mode [msm_drm]] [msm-dsi-info]: mdp_transfer_time=6290, hactive=1264, vactive=2780, fps=60, h_skew=1, clk_rate=1012000000, h_sync_width=2,				h_front_porch26, h_back_porch=26, v_back_porch=42, v_sync_width=2, v_front_porch=58
09-25 23:04:05.442  1097  1097 I [ADFR][0][INFO][oplus_adfr_fakeframe_status_update:2140]h_active: 1264,refresh_rate:60,h_skew:1,sw_fps:0,fakeframe:0
09-25 23:04:05.445  1097  1097 I         : [LCD][0][INFO][oplus_panel_cmd_print:120] [A0020] dsi_cmd: qcom,mdss-dsi-timing-switch-command, count=8
09-25 23:04:05.445  1097  1097 I [ADFR][0][INFO][oplus_adfr_fakeframe_status_update:2140]h_active: 1264,refresh_rate:60,h_skew:1,sw_fps:0,fakeframe:0
09-25 23:04:05.445  1097  1097 I         : [ADFR][0][INFO][oplus_adfr_status_reset:1851]sa status reset: auto_mode:0,fakeframe:0,sa_min_fps:60
09-25 23:04:05.462  1097  1097 I [   info] ts_panel_notifier_callback: Notification type:4, early_trigger:0
09-25 23:04:05.462  1097  1097 I [   info] ts_panel_notifier_callback: shashank:Received fps change old fps:120 new fps:60
09-25 23:04:05.664  1097  1097 I [   info] ts_panel_notifier_callback: Notification type:4, early_trigger:1
09-25 23:04:05.664  1097  1097 I [   info] ts_panel_notifier_callback: shashank:Received fps change old fps:60 new fps:120
09-25 23:04:05.668  1097  1097 E         : [LCD][0][ERR][oplus_panel_switch_vid_mode:475] oplus_panel_switch_vid_mode not support
09-25 23:04:05.668  1097  1097 I [drm:dsi_display_set_mode [msm_drm]] [msm-dsi-info]: mdp_transfer_time=6290, hactive=1264, vactive=2780, fps=120, h_skew=0, clk_rate=1012000000, h_sync_width=2,				h_front_porch26, h_back_porch=26, v_back_porch=42, v_sync_width=2, v_front_porch=58
09-25 23:04:05.669  1097  1097 I [ADFR][0][INFO][oplus_adfr_fakeframe_status_update:2140]h_active: 1264,refresh_rate:120,h_skew:0,sw_fps:0,fakeframe:0
09-25 23:04:05.674  1097  1097 I         : [LCD][0][INFO][oplus_panel_cmd_print:120] [A0020] dsi_cmd: qcom,mdss-dsi-timing-switch-command, count=8
09-25 23:04:05.674  1097  1097 I [ADFR][0][INFO][oplus_adfr_fakeframe_status_update:2140]h_active: 1264,refresh_rate:120,h_skew:0,sw_fps:0,fakeframe:1
09-25 23:04:05.674  1097  1097 I         : [ADFR][0][INFO][oplus_adfr_status_reset:1851]sa status reset: auto_mode:0,fakeframe:1,sa_min_fps:120
09-25 23:04:05.675   950   950 I logd    : logdr: UID=2000 GID=2000 PID=11778 n tail=60 logMask=99 pid=0 start=0ns deadline=0ns
09-25 23:04:05.693  1097  1097 I [   info] ts_panel_notifier_callback: Notification type:4, early_trigger:0
09-25 23:04:05.693  1097  1097 I [   info] ts_panel_notifier_callback: shashank:Received fps change old fps:60 new fps:120
09-25 23:04:05.739  1097  1097 I [   info] ts_panel_notifier_callback: Notification type:4, early_trigger:1
09-25 23:04:05.739  1097  1097 I [   info] ts_panel_notifier_callback: shashank:Received fps change old fps:120 new fps:60
09-25 23:04:05.740  1097  1097 E         : [LCD][0][ERR][oplus_panel_switch_vid_mode:475] oplus_panel_switch_vid_mode not support
09-25 23:04:05.740  1097  1097 I [drm:dsi_display_set_mode [msm_drm]] [msm-dsi-info]: mdp_transfer_time=6290, hactive=1264, vactive=2780, fps=60, h_skew=1, clk_rate=1012000000, h_sync_width=2,				h_front_porch26, h_back_porch=26, v_back_porch=42, v_sync_width=2, v_front_porch=58
09-25 23:04:05.743  1097  1097 I [ADFR][0][INFO][oplus_adfr_fakeframe_status_update:2140]h_active: 1264,refresh_rate:60,h_skew:1,sw_fps:0,fakeframe:0
09-25 23:04:05.745  1097  1097 I         : [LCD][0][INFO][oplus_panel_cmd_print:120] [A0020] dsi_cmd: qcom,mdss-dsi-timing-switch-command, count=8
09-25 23:04:05.745  1097  1097 I [ADFR][0][INFO][oplus_adfr_fakeframe_status_update:2140]h_active: 1264,refresh_rate:60,h_skew:1,sw_fps:0,fakeframe:0
09-25 23:04:05.745  1097  1097 I         : [ADFR][0][INFO][oplus_adfr_status_reset:1851]sa status reset: auto_mode:0,fakeframe:0,sa_min_fps:60
09-25 23:04:05.762  1097  1097 I [   info] ts_panel_notifier_callback: Notification type:4, early_trigger:0
09-25 23:04:05.762  1097  1097 I [   info] ts_panel_notifier_callback: shashank:Received fps change old fps:120 new fps:60
09-25 23:04:05.962  1097  1097 I [   info] ts_panel_notifier_callback: Notification type:4, early_trigger:1
09-25 23:04:05.962  1097  1097 I [   info] ts_panel_notifier_callback: shashank:Received fps change old fps:60 new fps:120
09-25 23:04:05.966  1097  1097 E         : [LCD][0][ERR][oplus_panel_switch_vid_mode:475] oplus_panel_switch_vid_mode not support
09-25 23:04:05.966  1097  1097 I [drm:dsi_display_set_mode [msm_drm]] [msm-dsi-info]: mdp_transfer_time=6290, hactive=1264, vactive=2780, fps=120, h_skew=0, clk_rate=1012000000, h_sync_width=2,				h_front_porch26, h_back_porch=26, v_back_porch=42, v_sync_width=2, v_front_porch=58
09-25 23:04:05.966  1097  1097 I [ADFR][0][INFO][oplus_adfr_fakeframe_status_update:2140]h_active: 1264,refresh_rate:120,h_skew:0,sw_fps:0,fakeframe:0
09-25 23:04:05.966  1097  1097 I         : [LCD][0][INFO][oplus_panel_cmd_print:120] [A0020] dsi_cmd: qcom,mdss-dsi-timing-switch-command, count=8
09-25 23:04:05.966  1097  1097 I [ADFR][0][INFO][oplus_adfr_fakeframe_status_update:2140]h_active: 1264,refresh_rate:120,h_skew:0,sw_fps:0,fakeframe:1
09-25 23:04:05.966  1097  1097 I         : [ADFR][0][INFO][oplus_adfr_status_reset:1851]sa status reset: auto_mode:0,fakeframe:1,sa_min_fps:120
09-25 23:04:05.976  1097  1097 I [   info] ts_panel_notifier_callback: Notification type:4, early_trigger:0
09-25 23:04:05.976  1097  1097 I [   info] ts_panel_notifier_callback: shashank:Received fps change old fps:60 new fps:120
09-25 23:04:06.073  1097  1097 I [   info] ts_panel_notifier_callback: Notification type:4, early_trigger:1
09-25 23:04:06.073  1097  1097 I [   info] ts_panel_notifier_callback: shashank:Received fps change old fps:120 new fps:60
09-25 23:04:06.078  1097  1097 E         : [LCD][0][ERR][oplus_panel_switch_vid_mode:475] oplus_panel_switch_vid_mode not support
09-25 23:04:06.078  1097  1097 I [drm:dsi_display_set_mode [msm_drm]] [msm-dsi-info]: mdp_transfer_time=6290, hactive=1264, vactive=2780, fps=60, h_skew=1, clk_rate=1012000000, h_sync_width=2,				h_front_porch26, h_back_porch=26, v_back_porch=42, v_sync_width=2, v_front_porch=58
09-25 23:04:06.079  1097  1097 I [ADFR][0][INFO][oplus_adfr_fakeframe_status_update:2140]h_active: 1264,refresh_rate:60,h_skew:1,sw_fps:0,fakeframe:0
09-25 23:04:06.086  1097  1097 I         : [LCD][0][INFO][oplus_panel_cmd_print:120] [A0020] dsi_cmd: qcom,mdss-dsi-timing-switch-command, count=8
09-25 23:04:06.086  1097  1097 I [ADFR][0][INFO][oplus_adfr_fakeframe_status_update:2140]h_active: 1264,refresh_rate:60,h_skew:1,sw_fps:0,fakeframe:0
09-25 23:04:06.086  1097  1097 I         : [ADFR][0][INFO][oplus_adfr_status_reset:1851]sa status reset: auto_mode:0,fakeframe:0,sa_min_fps:60
09-25 23:04:06.103  1097  1097 I [   info] ts_panel_notifier_callback: Notification type:4, early_trigger:0
09-25 23:04:06.103  1097  1097 I [   info] ts_panel_notifier_callback: shashank:Received fps change old fps:120 new fps:60
09-25 23:04:06.271  1097  1097 I [   info] ts_panel_notifier_callback: Notification type:4, early_trigger:1
09-25 23:04:06.271  1097  1097 I [   info] ts_panel_notifier_callback: shashank:Received fps change old fps:60 new fps:120
09-25 23:04:06.275  1097  1097 E         : [LCD][0][ERR][oplus_panel_switch_vid_mode:475] oplus_panel_switch_vid_mode not support
09-25 23:04:06.275  1097  1097 I [drm:dsi_display_set_mode [msm_drm]] [msm-dsi-info]: mdp_transfer_time=6290, hactive=1264, vactive=2780, fps=120, h_skew=0, clk_rate=1012000000, h_sync_width=2,				h_front_porch26, h_back_porch=26, v_back_porch=42, v_sync_width=2, v_front_porch=58
09-25 23:04:06.277  1097  1097 I [ADFR][0][INFO][oplus_adfr_fakeframe_status_update:2140]h_active: 1264,refresh_rate:120,h_skew:0,sw_fps:0,fakeframe:0
09-25 23:04:06.282  1097  1097 I         : [LCD][0][INFO][oplus_panel_cmd_print:120] [A0020] dsi_cmd: qcom,mdss-dsi-timing-switch-command, count=8
09-25 23:04:06.282  1097  1097 I [ADFR][0][INFO][oplus_adfr_fakeframe_status_update:2140]h_active: 1264,refresh_rate:120,h_skew:0,sw_fps:0,fakeframe:1
09-25 23:04:06.282  1097  1097 I         : [ADFR][0][INFO][oplus_adfr_status_reset:1851]sa status reset: auto_mode:0,fakeframe:1,sa_min_fps:120
09-25 23:04:06.300  1097  1097 I [   info] ts_panel_notifier_callback: Notification type:4, early_trigger:0
09-25 23:04:06.300  1097  1097 I [   info] ts_panel_notifier_callback: shashank:Received fps change old fps:60 new fps:120
09-25 23:04:06.346  1097  1097 I [   info] ts_panel_notifier_callback: Notification type:4, early_trigger:1
09-25 23:04:06.346  1097  1097 I [   info] ts_panel_notifier_callback: shashank:Received fps change old fps:120 new fps:60
09-25 23:04:06.349  1097  1097 E         : [LCD][0][ERR][oplus_panel_switch_vid_mode:475] oplus_panel_switch_vid_mode not support
09-25 23:04:06.349  1097  1097 I [drm:dsi_display_set_mode [msm_drm]] [msm-dsi-info]: mdp_transfer_time=6290, hactive=1264, vactive=2780, fps=60, h_skew=1, clk_rate=1012000000, h_sync_width=2,				h_front_porch26, h_back_porch=26, v_back_porch=42, v_sync_width=2, v_front_porch=58
09-25 23:04:06.350  1097  1097 I [ADFR][0][INFO][oplus_adfr_fakeframe_status_update:2140]h_active: 1264,refresh_rate:60,h_skew:1,sw_fps:0,fakeframe:0
09-25 23:04:06.352  1097  1097 I         : [LCD][0][INFO][oplus_panel_cmd_print:120] [A0020] dsi_cmd: qcom,mdss-dsi-timing-switch-command, count=8
09-25 23:04:06.353  1097  1097 I [ADFR][0][INFO][oplus_adfr_fakeframe_status_update:2140]h_active: 1264,refresh_rate:60,h_skew:1,sw_fps:0,fakeframe:0
09-25 23:04:06.353  1097  1097 I         : [ADFR][0][INFO][oplus_adfr_status_reset:1851]sa status reset: auto_mode:0,fakeframe:0,sa_min_fps:60
09-25 23:04:06.369  1097  1097 I [   info] ts_panel_notifier_callback: Notification type:4, early_trigger:0
09-25 23:04:06.369  1097  1097 I [   info] ts_panel_notifier_callback: shashank:Received fps change old fps:120 new fps:60
09-25 23:04:06.587  1097  1097 I [   info] ts_panel_notifier_callback: Notification type:4, early_trigger:1
09-25 23:04:06.587  1097  1097 I [   info] ts_panel_notifier_callback: shashank:Received fps change old fps:60 new fps:120
09-25 23:04:06.591  1097  1097 E         : [LCD][0][ERR][oplus_panel_switch_vid_mode:475] oplus_panel_switch_vid_mode not support
09-25 23:04:06.591  1097  1097 I [drm:dsi_display_set_mode [msm_drm]] [msm-dsi-info]: mdp_transfer_time=6290, hactive=1264, vactive=2780, fps=120, h_skew=0, clk_rate=1012000000, h_sync_width=2,				h_front_porch26, h_back_porch=26, v_back_porch=42, v_sync_width=2, v_front_porch=58
09-25 23:04:06.591  1097  1097 I [ADFR][0][INFO][oplus_adfr_fakeframe_status_update:2140]h_active: 1264,refresh_rate:120,h_skew:0,sw_fps:0,fakeframe:0
09-25 23:04:06.598  1097  1097 I         : [LCD][0][INFO][oplus_panel_cmd_print:120] [A0020] dsi_cmd: qcom,mdss-dsi-timing-switch-command, count=8
09-25 23:04:06.598  1097  1097 I [ADFR][0][INFO][oplus_adfr_fakeframe_status_update:2140]h_active: 1264,refresh_rate:120,h_skew:0,sw_fps:0,fakeframe:1
09-25 23:04:06.598  1097  1097 I         : [ADFR][0][INFO][oplus_adfr_status_reset:1851]sa status reset: auto_mode:0,fakeframe:1,sa_min_fps:120
09-25 23:04:06.617  1097  1097 I [   info] ts_panel_notifier_callback: Notification type:4, early_trigger:0
09-25 23:04:06.617  1097  1097 I [   info] ts_panel_notifier_callback: shashank:Received fps change old fps:60 new fps:120
09-25 23:04:06.671  1097  1097 I [   info] ts_panel_notifier_callback: Notification type:4, early_trigger:1
09-25 23:04:06.671  1097  1097 I [   info] ts_panel_notifier_callback: shashank:Received fps change old fps:120 new fps:60
09-25 23:04:06.674  1097  1097 E         : [LCD][0][ERR][oplus_panel_switch_vid_mode:475] oplus_panel_switch_vid_mode not support
09-25 23:04:06.674  1097  1097 I [drm:dsi_display_set_mode [msm_drm]] [msm-dsi-info]: mdp_transfer_time=6290, hactive=1264, vactive=2780, fps=60, h_skew=1, clk_rate=1012000000, h_sync_width=2,				h_front_porch26, h_back_porch=26, v_back_porch=42, v_sync_width=2, v_front_porch=58
09-25 23:04:06.675  1097  1097 I [ADFR][0][INFO][oplus_adfr_fakeframe_status_update:2140]h_active: 1264,refresh_rate:60,h_skew:1,sw_fps:0,fakeframe:0
09-25 23:04:06.677  1097  1097 I         : [LCD][0][INFO][oplus_panel_cmd_print:120] [A0020] dsi_cmd: qcom,mdss-dsi-timing-switch-command, count=8
09-25 23:04:06.677  1097  1097 I [ADFR][0][INFO][oplus_adfr_fakeframe_status_update:2140]h_active: 1264,refresh_rate:60,h_skew:1,sw_fps:0,fakeframe:0
09-25 23:04:06.677  1097  1097 I         : [ADFR][0][INFO][oplus_adfr_status_reset:1851]sa status reset: auto_mode:0,fakeframe:0,sa_min_fps:60
09-25 23:04:06.694  1097  1097 I [   info] ts_panel_notifier_callback: Notification type:4, early_trigger:0
09-25 23:04:06.694  1097  1097 I [   info] ts_panel_notifier_callback: shashank:Received fps change old fps:120 new fps:60
09-25 23:04:06.883  1097  1097 I [   info] ts_panel_notifier_callback: Notification type:4, early_trigger:1
09-25 23:04:06.883  1097  1097 I [   info] ts_panel_notifier_callback: shashank:Received fps change old fps:60 new fps:120
09-25 23:04:06.888  1097  1097 E         : [LCD][0][ERR][oplus_panel_switch_vid_mode:475] oplus_panel_switch_vid_mode not support
09-25 23:04:06.888  1097  1097 I [drm:dsi_display_set_mode [msm_drm]] [msm-dsi-info]: mdp_transfer_time=6290, hactive=1264, vactive=2780, fps=120, h_skew=0, clk_rate=1012000000, h_sync_width=2,				h_front_porch26, h_back_porch=26, v_back_porch=42, v_sync_width=2, v_front_porch=58
09-25 23:04:06.889  1097  1097 I [ADFR][0][INFO][oplus_adfr_fakeframe_status_update:2140]h_active: 1264,refresh_rate:120,h_skew:0,sw_fps:0,fakeframe:0
09-25 23:04:06.889  1097  1097 I         : [LCD][0][INFO][oplus_panel_cmd_print:120] [A0020] dsi_cmd: qcom,mdss-dsi-timing-switch-command, count=8
09-25 23:04:06.889  1097  1097 I [ADFR][0][INFO][oplus_adfr_fakeframe_status_update:2140]h_active: 1264,refresh_rate:120,h_skew:0,sw_fps:0,fakeframe:1
09-25 23:04:06.889  1097  1097 I         : [ADFR][0][INFO][oplus_adfr_status_reset:1851]sa status reset: auto_mode:0,fakeframe:1,sa_min_fps:120
09-25 23:04:06.908  1097  1097 I [   info] ts_panel_notifier_callback: Notification type:4, early_trigger:0
09-25 23:04:06.908  1097  1097 I [   info] ts_panel_notifier_callback: shashank:Received fps change old fps:60 new fps:120
09-25 23:04:06.951  1097  1097 I [   info] ts_panel_notifier_callback: Notification type:4, early_trigger:1
09-25 23:04:06.951  1097  1097 I [   info] ts_panel_notifier_callback: shashank:Received fps change old fps:120 new fps:60
09-25 23:04:06.953  1097  1097 E         : [LCD][0][ERR][oplus_panel_switch_vid_mode:475] oplus_panel_switch_vid_mode not support
09-25 23:04:06.953  1097  1097 I [drm:dsi_display_set_mode [msm_drm]] [msm-dsi-info]: mdp_transfer_time=6290, hactive=1264, vactive=2780, fps=60, h_skew=1, clk_rate=1012000000, h_sync_width=2,				h_front_porch26, h_back_porch=26, v_back_porch=42, v_sync_width=2, v_front_porch=58
09-25 23:04:06.954  1097  1097 I [ADFR][0][INFO][oplus_adfr_fakeframe_status_update:2140]h_active: 1264,refresh_rate:60,h_skew:1,sw_fps:0,fakeframe:0
09-25 23:04:06.960  1097  1097 I         : [LCD][0][INFO][oplus_panel_cmd_print:120] [A0020] dsi_cmd: qcom,mdss-dsi-timing-switch-command, count=8
09-25 23:04:06.960  1097  1097 I [ADFR][0][INFO][oplus_adfr_fakeframe_status_update:2140]h_active: 1264,refresh_rate:60,h_skew:1,sw_fps:0,fakeframe:0
09-25 23:04:06.960  1097  1097 I         : [ADFR][0][INFO][oplus_adfr_status_reset:1851]sa status reset: auto_mode:0,fakeframe:0,sa_min_fps:60
09-25 23:04:06.976  1097  1097 I [   info] ts_panel_notifier_callback: Notification type:4, early_trigger:0
09-25 23:04:06.976  1097  1097 I [   info] ts_panel_notifier_callback: shashank:Received fps change old fps:120 new fps:60
09-25 23:04:07.195  1097  1097 I [   info] ts_panel_notifier_callback: Notification type:4, early_trigger:1
09-25 23:04:07.195  1097  1097 I [   info] ts_panel_notifier_callback: shashank:Received fps change old fps:60 new fps:120
09-25 23:04:07.200  1097  1097 E         : [LCD][0][ERR][oplus_panel_switch_vid_mode:475] oplus_panel_switch_vid_mode not support
09-25 23:04:07.200  1097  1097 I [drm:dsi_display_set_mode [msm_drm]] [msm-dsi-info]: mdp_transfer_time=6290, hactive=1264, vactive=2780, fps=120, h_skew=0, clk_rate=1012000000, h_sync_width=2,				h_front_porch26, h_back_porch=26, v_back_porch=42, v_sync_width=2, v_front_porch=58
09-25 23:04:07.202  1097  1097 I [ADFR][0][INFO][oplus_adfr_fakeframe_status_update:2140]h_active: 1264,refresh_rate:120,h_skew:0,sw_fps:0,fakeframe:0
09-25 23:04:07.205  1097  1097 I         : [LCD][0][INFO][oplus_panel_cmd_print:120] [A0020] dsi_cmd: qcom,mdss-dsi-timing-switch-command, count=8
09-25 23:04:07.205  1097  1097 I [ADFR][0][INFO][oplus_adfr_fakeframe_status_update:2140]h_active: 1264,refresh_rate:120,h_skew:0,sw_fps:0,fakeframe:1
09-25 23:04:07.205  1097  1097 I         : [ADFR][0][INFO][oplus_adfr_status_reset:1851]sa status reset: auto_mode:0,fakeframe:1,sa_min_fps:120
09-25 23:04:07.224  1097  1097 I [   info] ts_panel_notifier_callback: Notification type:4, early_trigger:0
09-25 23:04:07.224  1097  1097 I [   info] ts_panel_notifier_callback: shashank:Received fps change old fps:60 new fps:120
09-25 23:04:07.226  1097  1097 I [   info] ts_panel_notifier_callback: Notification type:4, early_trigger:1
09-25 23:04:07.226  1097  1097 I [   info] ts_panel_notifier_callback: shashank:Received fps change old fps:120 new fps:60
09-25 23:04:07.228  1097  1097 E         : [LCD][0][ERR][oplus_panel_switch_vid_mode:475] oplus_panel_switch_vid_mode not support
09-25 23:04:07.228  1097  1097 I [drm:dsi_display_set_mode [msm_drm]] [msm-dsi-info]: mdp_transfer_time=6290, hactive=1264, vactive=2780, fps=60, h_skew=1, clk_rate=1012000000, h_sync_width=2,				h_front_porch26, h_back_porch=26, v_back_porch=42, v_sync_width=2, v_front_porch=58
09-25 23:04:07.228  1097  1097 I [ADFR][0][INFO][oplus_adfr_fakeframe_status_update:2140]h_active: 1264,refresh_rate:60,h_skew:1,sw_fps:0,fakeframe:0
09-25 23:04:07.234  1097  1097 I         : [LCD][0][INFO][oplus_panel_cmd_print:120] [A0020] dsi_cmd: qcom,mdss-dsi-timing-switch-command, count=8
09-25 23:04:07.234  1097  1097 I [ADFR][0][INFO][oplus_adfr_fakeframe_status_update:2140]h_active: 1264,refresh_rate:60,h_skew:1,sw_fps:0,fakeframe:0
09-25 23:04:07.234  1097  1097 I         : [ADFR][0][INFO][oplus_adfr_status_reset:1851]sa status reset: auto_mode:0,fakeframe:0,sa_min_fps:60
09-25 23:04:07.236  1941  1941 I         : [INFO]: OPLUS_CHG[MSG]([oplus_msg_queue_update][227]): battery: update, gp=5000 ms
09-25 23:04:07.237  9482  9482 I         : [INFO]: OPLUS_CHG[CHG_COMM]([oplus_comm_smooth_to_soc][3416]): soc[0 2 74 74 76 77] avg[2 1 0 0 0] fifo[76 76 76 76]
09-25 23:04:07.237  9482  9482 I         : [INFO]: OPLUS_CHG[MSG]([oplus_msg_queue_update_work][106]): battery: update delay: 4 ms, update interval: 61440 ms
09-25 23:04:07.242  9480  9480 I         : [INFO]: OPLUS_CHG[TRACK]([oplus_chg_track_cal_no_charging_stats_new][6797]): chg_no_charging_cnt=933s, no_chg_time=958s, delta_time=5s
09-25 23:04:07.251  1097  1097 I [   info] ts_panel_notifier_callback: Notification type:4, early_trigger:0
09-25 23:04:07.251  1097  1097 I [   info] ts_panel_notifier_callback: shashank:Received fps change old fps:120 new fps:60
09-25 23:04:07.262  9480  9480 I OPLUS_CHG[oplus_charge_info]: BATTERY[314 314 4043 4043 1481 74 77 76 3972 5416 1 0x0 4315], CHARGE[4490 600 0 0], WIRED[1 453 4859 500 1 0x0 0 0 0 2 0], WIRELESS[0 0 0 0 0 0x0 0 0 0], VOOC[0 0 0 0 0x0], UFCS[0 0 0 0x0], COMMON[6 0 0 0x0 1 0 1 5416 100 0]
09-25 23:04:07.264  9480  9480 I         : [INFO]: OPLUS_CHG[ADSP]([oplus_chg_8350_reg_dump][7390]): sm8450_st_dump: [chg_en=1, suspend=0, pd_svooc=0], subtype=0x01],[oplus_UsbCommCapable=0, oplus_pd_svooc=0, typec_mode=0, cid_status=0x01, usb_in_status=1],[0x2606=0x83, 0x2607=0x19, 0x2608=0x0a, 0x2609=0x02], [0x260a=0x04, 0x260b=0x59, 0x260c=0x0a, 0x260d=0x18], [0x260e=0x0a, 0x260f=0x01, 0x2610=0x00, 0x2640=0x01], [0x2641=0x02, 0x2642=0x05, 0x2646=0x01, 0x2650=0x03], [0x2706=0x0a, 0x2707=0x0a, 0x2708=0x0a, 0x2709=0x0a], [0x270b=0xe2, 0x270c=0x48, 0x2710=0xc0, 0x280c=0x38], [0x2810=0x00, 0x2840=0x01, 0x287f=0x00, 0x2906=0x02], [0x2908=0x0f, 0x290a=0x11, 0x290b=0x01, 0x290c=0x01], [0x2910=0x11, 0x2944=0x80, 0x2950=0x02, 0x2951=0x01], [0x2952=0x0a, 0x2954=0x00, 0x2960=0xe0, 0x2b06=0x08], [0x2b07=0x00, 0x2b08=0x00, 0x2b09=0x63, 0x2b0a=0x19], [0x2b0b=0x29, 0x2b0c=0x00, 0x29a8=0x81, 0x29a9=0x83], [0x29aa=0x00, 0x2aa2=0x00, 0x2aa8=0x87, 0x2aa9=0x00], [0x2aaa=0x00],
09-25 23:04:07.265  1558  1558 W healthd : battery l=77 v=4043 t=31.4 h=2 st=2 c=1481 fc=6000000 cc=217 chg=u
09-25 23:04:07.270   950   950 I logd    : logdr: UID=2000 GID=2000 PID=11783 n tail=60 logMask=99 pid=0 start=0ns deadline=0ns
09-25 23:04:07.753  1097  1097 I [   info] ts_panel_notifier_callback: Notification type:4, early_trigger:1
09-25 23:04:07.753  1097  1097 I [   info] ts_panel_notifier_callback: shashank:Received fps change old fps:60 new fps:120
09-25 23:04:07.757  1097  1097 E         : [LCD][0][ERR][oplus_panel_switch_vid_mode:475] oplus_panel_switch_vid_mode not support
09-25 23:04:07.757  1097  1097 I [drm:dsi_display_set_mode [msm_drm]] [msm-dsi-info]: mdp_transfer_time=6290, hactive=1264, vactive=2780, fps=120, h_skew=0, clk_rate=1012000000, h_sync_width=2,				h_front_porch26, h_back_porch=26, v_back_porch=42, v_sync_width=2, v_front_porch=58
09-25 23:04:07.757  1097  1097 I [ADFR][0][INFO][oplus_adfr_fakeframe_status_update:2140]h_active: 1264,refresh_rate:120,h_skew:0,sw_fps:0,fakeframe:0
09-25 23:04:07.763  1097  1097 I         : [LCD][0][INFO][oplus_panel_cmd_print:120] [A0020] dsi_cmd: qcom,mdss-dsi-timing-switch-command, count=8
09-25 23:04:07.763  1097  1097 I [ADFR][0][INFO][oplus_adfr_fakeframe_status_update:2140]h_active: 1264,refresh_rate:120,h_skew:0,sw_fps:0,fakeframe:1
09-25 23:04:07.763  1097  1097 I         : [ADFR][0][INFO][oplus_adfr_status_reset:1851]sa status reset: auto_mode:0,fakeframe:1,sa_min_fps:120
09-25 23:04:07.781  1097  1097 I [   info] ts_panel_notifier_callback: Notification type:4, early_trigger:0
09-25 23:04:07.782  1097  1097 I [   info] ts_panel_notifier_callback: shashank:Received fps change old fps:60 new fps:120
09-25 23:04:07.951  1097  1097 I [   info] ts_panel_notifier_callback: Notification type:4, early_trigger:1
09-25 23:04:07.951  1097  1097 I [   info] ts_panel_notifier_callback: shashank:Received fps change old fps:120 new fps:60
09-25 23:04:07.952  1097  1097 E         : [LCD][0][ERR][oplus_panel_switch_vid_mode:475] oplus_panel_switch_vid_mode not support
09-25 23:04:07.952  1097  1097 I [drm:dsi_display_set_mode [msm_drm]] [msm-dsi-info]: mdp_transfer_time=6290, hactive=1264, vactive=2780, fps=60, h_skew=1, clk_rate=1012000000, h_sync_width=2,				h_front_porch26, h_back_porch=26, v_back_porch=42, v_sync_width=2, v_front_porch=58
09-25 23:04:07.953  1097  1097 I [ADFR][0][INFO][oplus_adfr_fakeframe_status_update:2140]h_active: 1264,refresh_rate:60,h_skew:1,sw_fps:0,fakeframe:0
09-25 23:04:07.958  1097  1097 I         : [LCD][0][INFO][oplus_panel_cmd_print:120] [A0020] dsi_cmd: qcom,mdss-dsi-timing-switch-command, count=8
09-25 23:04:07.958  1097  1097 I [ADFR][0][INFO][oplus_adfr_fakeframe_status_update:2140]h_active: 1264,refresh_rate:60,h_skew:1,sw_fps:0,fakeframe:0
09-25 23:04:07.958  1097  1097 I         : [ADFR][0][INFO][oplus_adfr_status_reset:1851]sa status reset: auto_mode:0,fakeframe:0,sa_min_fps:60
09-25 23:04:07.975  1097  1097 I [   info] ts_panel_notifier_callback: Notification type:4, early_trigger:0
09-25 23:04:07.975  1097  1097 I [   info] ts_panel_notifier_callback: shashank:Received fps change old fps:120 new fps:60
09-25 23:04:08.232  2463  2463 I         : [OFP][0][INFO][oplus_get_doze_disable_time:3679]oplus_get_doze_disable_time=0
09-25 23:04:08.232  2463  2463 W [drm] [msm-dsi-warn]: dsi_display_check_status,time_gap=-187722713
09-25 23:04:08.529  7138  7138 E gsi soc : qcom,msm_gsi: gsi_stop_channel:3688 chan=1 busy try again
09-25 23:04:08.531  7138  7138 E gsi soc : qcom,msm_gsi: gsi_stop_channel:3688 chan=14 busy try again
09-25 23:04:08.853   950   950 I logd    : logdr: UID=2000 GID=2000 PID=11788 n tail=60 logMask=99 pid=0 start=0ns deadline=0ns
09-25 23:04:10.448   950   950 I logd    : logdr: UID=2000 GID=2000 PID=11793 n tail=60 logMask=99 pid=0 start=0ns deadline=0ns
09-25 23:04:11.560 30787 30787 E iostack : irqs = 17683897, self-block = 0
09-25 23:04:12.033   950   950 I logd    : logdr: UID=2000 GID=2000 PID=11798 n tail=60 logMask=99 pid=0 start=0ns deadline=0ns
09-25 23:04:12.359  6718  6718 I         : [INFO]: OPLUS_CHG[CHG_COMM]([oplus_comm_smooth_to_soc][3416]): soc[0 2 74 74 76 77] avg[3 1 0 0 0] fifo[76 76 76 76]
09-25 23:04:12.372 10711 10711 I         : [INFO]: OPLUS_CHG[TRACK]([oplus_chg_track_cal_no_charging_stats_new][6797]): chg_no_charging_cnt=938s, no_chg_time=963s, delta_time=5s
09-25 23:04:12.380 10711 10711 I OPLUS_CHG[oplus_charge_info]: BATTERY[315 315 4060 4060 1126 74 77 76 3970 5416 1 0x0 4314], CHARGE[4490 600 0 0], WIRED[1 450 4853 500 1 0x0 0 0 0 2 0], WIRELESS[0 0 0 0 0 0x0 0 0 0], VOOC[0 0 0 0 0x0], UFCS[0 0 0 0x0], COMMON[6 0 0 0x0 1 0 1 5416 100 0]
09-25 23:04:12.382 10711 10711 I         : [INFO]: OPLUS_CHG[ADSP]([oplus_chg_8350_reg_dump][7390]): sm8450_st_dump: [chg_en=1, suspend=0, pd_svooc=0], subtype=0x01],[oplus_UsbCommCapable=0, oplus_pd_svooc=0, typec_mode=0, cid_status=0x01, usb_in_status=1],[0x2606=0x83, 0x2607=0x19, 0x2608=0x0a, 0x2609=0x02], [0x260a=0x04, 0x260b=0x59, 0x260c=0x0a, 0x260d=0x18], [0x260e=0x0a, 0x260f=0x01, 0x2610=0x00, 0x2640=0x01], [0x2641=0x02, 0x2642=0x05, 0x2646=0x01, 0x2650=0x03], [0x2706=0x0a, 0x2707=0x0a, 0x2708=0x0a, 0x2709=0x0a], [0x270b=0xe2, 0x270c=0x48, 0x2710=0xc0, 0x280c=0x38], [0x2810=0x00, 0x2840=0x01, 0x287f=0x00, 0x2906=0x02], [0x2908=0x0f, 0x290a=0x11, 0x290b=0x01, 0x290c=0x01], [0x2910=0x11, 0x2944=0x80, 0x2950=0x02, 0x2951=0x01], [0x2952=0x0a, 0x2954=0x00, 0x2960=0xe0, 0x2b06=0x08], [0x2b07=0x00, 0x2b08=0x00, 0x2b09=0x63, 0x2b0a=0x19], [0x2b0b=0x29, 0x2b0c=0x00, 0x29a8=0x81, 0x29a9=0x83], [0x29aa=0x00, 0x2aa2=0x00, 0x2aa8=0x87, 0x2aa9=0x00], [0x2aaa=0x00],
09-25 23:04:13.352 10711 10711 I         : [OFP][0][INFO][oplus_get_doze_disable_time:3679]oplus_get_doze_disable_time=0
09-25 23:04:13.352 10711 10711 W [drm] [msm-dsi-warn]: dsi_display_check_status,time_gap=-182602723
09-25 23:04:13.622   950   950 I logd    : logdr: UID=2000 GID=2000 PID=11803 n tail=60 logMask=99 pid=0 start=0ns deadline=0ns
09-25 23:04:15.216   950   950 I logd    : logdr: UID=2000 GID=2000 PID=11808 n tail=60 logMask=99 pid=0 start=0ns deadline=0ns
09-25 23:04:16.803   950   950 I logd    : logdr: UID=2000 GID=2000 PID=11813 n tail=60 logMask=99 pid=0 start=0ns deadline=0ns
09-25 23:04:16.945   867   867 I servicemanager: Caller(pid=11818,uid=2000,sid=u:r:shell:s0) Found android.hardware.graphics.allocator.IAllocator/default in device VINTF manifest.
09-25 23:04:16.982   867   867 I servicemanager: Caller(pid=11818,uid=2000,sid=u:r:shell:s0) Found android.hardware.graphics.allocator.IAllocator/default in device VINTF manifest.
09-25 23:04:17.476  6718  6718 I         : [INFO]: OPLUS_CHG[CHG_COMM]([oplus_comm_smooth_to_soc][3416]): soc[0 2 74 74 76 77] avg[0 1 0 0 0] fifo[76 76 76 76]
09-25 23:04:17.484  9781  9781 I         : [INFO]: OPLUS_CHG[TRACK]([oplus_chg_track_cal_no_charging_stats_new][6797]): chg_no_charging_cnt=944s, no_chg_time=969s, delta_time=6s
09-25 23:04:17.492  9781  9781 I OPLUS_CHG[oplus_charge_info]: BATTERY[316 316 4062 4062 1129 74 77 76 3968 5416 1 0x0 4312], CHARGE[4490 600 0 0], WIRED[1 453 4858 500 1 0x0 0 0 0 2 0], WIRELESS[0 0 0 0 0 0x0 0 0 0], VOOC[0 0 0 0 0x0], UFCS[0 0 0 0x0], COMMON[6 0 0 0x0 1 0 1 5416 100 0]
09-25 23:04:17.494  9781  9781 I         : [INFO]: OPLUS_CHG[ADSP]([oplus_chg_8350_reg_dump][7390]): sm8450_st_dump: [chg_en=1, suspend=0, pd_svooc=0], subtype=0x01],[oplus_UsbCommCapable=0, oplus_pd_svooc=0, typec_mode=0, cid_status=0x01, usb_in_status=1],[0x2606=0x83, 0x2607=0x19, 0x2608=0x0a, 0x2609=0x02], [0x260a=0x04, 0x260b=0x59, 0x260c=0x0a, 0x260d=0x18], [0x260e=0x0a, 0x260f=0x01, 0x2610=0x00, 0x2640=0x01], [0x2641=0x02, 0x2642=0x05, 0x2646=0x01, 0x2650=0x03], [0x2706=0x0a, 0x2707=0x0a, 0x2708=0x0a, 0x2709=0x0a], [0x270b=0xe2, 0x270c=0x48, 0x2710=0xc0, 0x280c=0x38], [0x2810=0x00, 0x2840=0x01, 0x287f=0x00, 0x2906=0x02], [0x2908=0x0f, 0x290a=0x11, 0x290b=0x01, 0x290c=0x01], [0x2910=0x11, 0x2944=0x80, 0x2950=0x02, 0x2951=0x01], [0x2952=0x0a, 0x2954=0x00, 0x2960=0xe0, 0x2b06=0x08], [0x2b07=0x00, 0x2b08=0x00, 0x2b09=0x63, 0x2b0a=0x19], [0x2b0b=0x29, 0x2b0c=0x00, 0x29a8=0x81, 0x29a9=0x83], [0x29aa=0x00, 0x2aa2=0x00, 0x2aa8=0x87, 0x2aa9=0x00], [0x2aaa=0x00],
09-25 23:04:18.472  9781  9781 I         : [OFP][0][INFO][oplus_get_doze_disable_time:3679]oplus_get_doze_disable_time=0
09-25 23:04:18.472  9781  9781 W [drm] [msm-dsi-warn]: dsi_display_check_status,time_gap=-177482768
09-25 23:04:19.811   950   950 I logd    : logdr: UID=2000 GID=2000 PID=11822 n tail=60 logMask=99 pid=0 start=0ns deadline=0ns
09-25 23:04:21.396   950   950 I logd    : logdr: UID=2000 GID=2000 PID=11827 n tail=60 logMask=99 pid=0 start=0ns deadline=0ns
09-25 23:04:21.804 30787 30787 E iostack : irqs = 17683942, self-block = 0
09-25 23:04:22.355  1558  1558 W healthd : battery l=77 v=4062 t=31.6 h=2 st=2 c=1128 fc=6000000 cc=217 chg=u
09-25 23:04:22.595  6718  6718 I         : [INFO]: OPLUS_CHG[CHG_COMM]([oplus_comm_smooth_to_soc][3416]): soc[0 2 74 74 76 77] avg[1 1 0 0 0] fifo[76 76 76 76]
09-25 23:04:22.602  2463  2463 I         : [INFO]: OPLUS_CHG[TRACK]([oplus_chg_track_cal_no_charging_stats_new][6797]): chg_no_charging_cnt=949s, no_chg_time=974s, delta_time=5s
09-25 23:04:22.609  2463  2463 I OPLUS_CHG[oplus_charge_info]: BATTERY[316 316 4058 4058 1128 74 77 76 3967 5416 1 0x0 4310], CHARGE[4490 600 0 0], WIRED[1 453 4856 500 1 0x0 0 0 0 2 0], WIRELESS[0 0 0 0 0 0x0 0 0 0], VOOC[0 0 0 0 0x0], UFCS[0 0 0 0x0], COMMON[6 0 0 0x0 1 0 1 5416 100 0]
09-25 23:04:22.612  2463  2463 I         : [INFO]: OPLUS_CHG[ADSP]([oplus_chg_8350_reg_dump][7390]): sm8450_st_dump: [chg_en=1, suspend=0, pd_svooc=0], subtype=0x01],[oplus_UsbCommCapable=0, oplus_pd_svooc=0, typec_mode=0, cid_status=0x01, usb_in_status=1],[0x2606=0x83, 0x2607=0x19, 0x2608=0x0a, 0x2609=0x02], [0x260a=0x04, 0x260b=0x59, 0x260c=0x0a, 0x260d=0x18], [0x260e=0x0a, 0x260f=0x01, 0x2610=0x00, 0x2640=0x01], [0x2641=0x02, 0x2642=0x05, 0x2646=0x01, 0x2650=0x03], [0x2706=0x0a, 0x2707=0x0a, 0x2708=0x0a, 0x2709=0x0a], [0x270b=0xe2, 0x270c=0x48, 0x2710=0xc0, 0x280c=0x38], [0x2810=0x00, 0x2840=0x01, 0x287f=0x00, 0x2906=0x02], [0x2908=0x0f, 0x290a=0x11, 0x290b=0x01, 0x290c=0x01], [0x2910=0x11, 0x2944=0x80, 0x2950=0x02, 0x2951=0x01], [0x2952=0x0a, 0x2954=0x00, 0x2960=0xe0, 0x2b06=0x08], [0x2b07=0x00, 0x2b08=0x00, 0x2b09=0x63, 0x2b0a=0x19], [0x2b0b=0x29, 0x2b0c=0x00, 0x29a8=0x81, 0x29a9=0x83], [0x29aa=0x00, 0x2aa2=0x00, 0x2aa8=0x87, 0x2aa9=0x00], [0x2aaa=0x00],
09-25 23:04:22.978   950   950 I logd    : logdr: UID=2000 GID=2000 PID=11832 n tail=60 logMask=99 pid=0 start=0ns deadline=0ns
09-25 23:04:23.592  2463  2463 I         : [OFP][0][INFO][oplus_get_doze_disable_time:3679]oplus_get_doze_disable_time=0
09-25 23:04:23.592  2463  2463 W [drm] [msm-dsi-warn]: dsi_display_check_status,time_gap=-172362772
09-25 23:04:24.561   950   950 I logd    : logdr: UID=2000 GID=2000 PID=11837 n tail=60 logMask=99 pid=0 start=0ns deadline=0ns
09-25 23:04:26.145   950   950 I logd    : logdr: UID=2000 GID=2000 PID=11842 n tail=60 logMask=99 pid=0 start=0ns deadline=0ns
09-25 23:04:27.716  1941  1941 I         : [INFO]: OPLUS_CHG[CHG_COMM]([oplus_comm_smooth_to_soc][3416]): soc[0 2 74 74 76 77] avg[2 1 0 0 0] fifo[76 76 76 76]
09-25 23:04:27.723  9482  9482 I         : [INFO]: OPLUS_CHG[TRACK]([oplus_chg_track_cal_no_charging_stats_new][6797]): chg_no_charging_cnt=954s, no_chg_time=979s, delta_time=5s
09-25 23:04:27.729  9482  9482 I OPLUS_CHG[oplus_charge_info]: BATTERY[317 317 4062 4062 1116 74 77 76 3965 5416 1 0x0 4309], CHARGE[4490 600 0 0], WIRED[1 453 4858 500 1 0x0 0 0 0 2 0], WIRELESS[0 0 0 0 0 0x0 0 0 0], VOOC[0 0 0 0 0x0], UFCS[0 0 0 0x0], COMMON[6 0 0 0x0 1 0 1 5416 100 0]
09-25 23:04:27.731  9482  9482 I         : [INFO]: OPLUS_CHG[ADSP]([oplus_chg_8350_reg_dump][7390]): sm8450_st_dump: [chg_en=1, suspend=0, pd_svooc=0], subtype=0x01],[oplus_UsbCommCapable=0, oplus_pd_svooc=0, typec_mode=0, cid_status=0x01, usb_in_status=1],[0x2606=0x83, 0x2607=0x19, 0x2608=0x0a, 0x2609=0x02], [0x260a=0x04, 0x260b=0x59, 0x260c=0x0a, 0x260d=0x18], [0x260e=0x0a, 0x260f=0x01, 0x2610=0x00, 0x2640=0x01], [0x2641=0x02, 0x2642=0x05, 0x2646=0x01, 0x2650=0x03], [0x2706=0x0a, 0x2707=0x0a, 0x2708=0x0a, 0x2709=0x0a], [0x270b=0xe2, 0x270c=0x48, 0x2710=0xc0, 0x280c=0x38], [0x2810=0x00, 0x2840=0x01, 0x287f=0x00, 0x2906=0x02], [0x2908=0x0f, 0x290a=0x11, 0x290b=0x01, 0x290c=0x01], [0x2910=0x11, 0x2944=0x80, 0x2950=0x02, 0x2951=0x01], [0x2952=0x0a, 0x2954=0x00, 0x2960=0xe0, 0x2b06=0x08], [0x2b07=0x00, 0x2b08=0x00, 0x2b09=0x63, 0x2b0a=0x19], [0x2b0b=0x29, 0x2b0c=0x00, 0x29a8=0x81, 0x29a9=0x83], [0x29aa=0x00, 0x2aa2=0x00, 0x2aa8=0x87, 0x2aa9=0x00], [0x2aaa=0x00],
09-25 23:04:27.737   950   950 I logd    : logdr: UID=2000 GID=2000 PID=11847 n tail=60 logMask=99 pid=0 start=0ns deadline=0ns
09-25 23:04:28.528  7138  7138 E gsi soc : qcom,msm_gsi: gsi_stop_channel:3688 chan=1 busy try again
09-25 23:04:28.529  7138  7138 E gsi soc : qcom,msm_gsi: gsi_stop_channel:3688 chan=14 busy try again
09-25 23:04:28.712  2463  2463 I         : [OFP][0][INFO][oplus_get_doze_disable_time:3679]oplus_get_doze_disable_time=0
09-25 23:04:28.712  2463  2463 W [drm] [msm-dsi-warn]: dsi_display_check_status,time_gap=-167242823
09-25 23:04:29.318   950   950 I logd    : logdr: UID=2000 GID=2000 PID=11852 n tail=60 logMask=99 pid=0 start=0ns deadline=0ns
09-25 23:04:30.902   950   950 I logd    : logdr: UID=2000 GID=2000 PID=11857 n tail=60 logMask=99 pid=0 start=0ns deadline=0ns
09-25 23:04:32.040 30787 30787 E iostack : irqs = 17683943, self-block = 0
09-25 23:04:32.481   950   950 I logd    : logdr: UID=2000 GID=2000 PID=11862 n tail=60 logMask=99 pid=0 start=0ns deadline=0ns
09-25 23:04:32.613   867   867 I servicemanager: Caller(pid=11867,uid=2000,sid=u:r:shell:s0) Found android.hardware.graphics.allocator.IAllocator/default in device VINTF manifest.
09-25 23:04:32.658   867   867 I servicemanager: Caller(pid=11867,uid=2000,sid=u:r:shell:s0) Found android.hardware.graphics.allocator.IAllocator/default in device VINTF manifest.
09-25 23:04:32.836  1941  1941 I         : [INFO]: OPLUS_CHG[CHG_COMM]([oplus_comm_smooth_to_soc][3416]): soc[0 2 74 74 76 77] avg[3 1 0 0 0] fifo[76 76 76 76]
09-25 23:04:32.843 29275 29275 I         : [INFO]: OPLUS_CHG[TRACK]([oplus_chg_track_cal_no_charging_stats_new][6797]): chg_no_charging_cnt=959s, no_chg_time=984s, delta_time=5s
09-25 23:04:32.850 29275 29275 I OPLUS_CHG[oplus_charge_info]: BATTERY[317 317 4062 4062 1120 74 77 76 3963 5416 1 0x0 4307], CHARGE[4490 600 0 0], WIRED[1 453 4859 500 1 0x0 0 0 0 2 0], WIRELESS[0 0 0 0 0 0x0 0 0 0], VOOC[0 0 0 0 0x0], UFCS[0 0 0 0x0], COMMON[6 0 0 0x0 1 0 1 5416 100 0]
09-25 23:04:32.852 29275 29275 I         : [INFO]: OPLUS_CHG[ADSP]([oplus_chg_8350_reg_dump][7390]): sm8450_st_dump: [chg_en=1, suspend=0, pd_svooc=0], subtype=0x01],[oplus_UsbCommCapable=0, oplus_pd_svooc=0, typec_mode=0, cid_status=0x01, usb_in_status=1],[0x2606=0x83, 0x2607=0x19, 0x2608=0x0a, 0x2609=0x02], [0x260a=0x04, 0x260b=0x59, 0x260c=0x0a, 0x260d=0x18], [0x260e=0x0a, 0x260f=0x01, 0x2610=0x00, 0x2640=0x01], [0x2641=0x02, 0x2642=0x05, 0x2646=0x01, 0x2650=0x03], [0x2706=0x0a, 0x2707=0x0a, 0x2708=0x0a, 0x2709=0x0a], [0x270b=0xe2, 0x270c=0x48, 0x2710=0xc0, 0x280c=0x38], [0x2810=0x00, 0x2840=0x01, 0x287f=0x00, 0x2906=0x02], [0x2908=0x0f, 0x290a=0x11, 0x290b=0x01, 0x290c=0x01], [0x2910=0x11, 0x2944=0x80, 0x2950=0x02, 0x2951=0x01], [0x2952=0x0a, 0x2954=0x00, 0x2960=0xe0, 0x2b06=0x08], [0x2b07=0x00, 0x2b08=0x00, 0x2b09=0x63, 0x2b0a=0x19], [0x2b0b=0x29, 0x2b0c=0x00, 0x29a8=0x81, 0x29a9=0x83], [0x29aa=0x00, 0x2aa2=0x00, 0x2aa8=0x87, 0x2aa9=0x00], [0x2aaa=0x00],
09-25 23:04:33.832  2463  2463 I         : [OFP][0][INFO][oplus_get_doze_disable_time:3679]oplus_get_doze_disable_time=0
09-25 23:04:33.832  2463  2463 W [drm] [msm-dsi-warn]: dsi_display_check_status,time_gap=-162122400
09-25 23:04:35.499   950   950 I logd    : logdr: UID=2000 GID=2000 PID=11871 n tail=60 logMask=99 pid=0 start=0ns deadline=0ns
09-25 23:04:37.070   950   950 I logd    : logdr: UID=2000 GID=2000 PID=11876 n tail=60 logMask=99 pid=0 start=0ns deadline=0ns
09-25 23:04:37.957  6718  6718 I         : [INFO]: OPLUS_CHG[CHG_COMM]([oplus_comm_smooth_to_soc][3416]): soc[0 2 74 74 76 77] avg[0 1 0 0 0] fifo[76 76 76 76]
09-25 23:04:37.964 10711 10711 I         : [INFO]: OPLUS_CHG[TRACK]([oplus_chg_track_cal_no_charging_stats_new][6797]): chg_no_charging_cnt=964s, no_chg_time=989s, delta_time=5s
09-25 23:04:37.971 10711 10711 I OPLUS_CHG[oplus_charge_info]: BATTERY[318 318 4060 4060 1140 74 77 76 3962 5416 1 0x0 4306], CHARGE[4490 600 0 0], WIRED[1 450 4848 500 1 0x0 0 0 0 2 0], WIRELESS[0 0 0 0 0 0x0 0 0 0], VOOC[0 0 0 0 0x0], UFCS[0 0 0 0x0], COMMON[6 0 0 0x0 1 0 1 5416 100 0]
09-25 23:04:37.973 10711 10711 I         : [INFO]: OPLUS_CHG[ADSP]([oplus_chg_8350_reg_dump][7390]): sm8450_st_dump: [chg_en=1, suspend=0, pd_svooc=0], subtype=0x01],[oplus_UsbCommCapable=0, oplus_pd_svooc=0, typec_mode=0, cid_status=0x01, usb_in_status=1],[0x2606=0x83, 0x2607=0x19, 0x2608=0x0a, 0x2609=0x02], [0x260a=0x04, 0x260b=0x59, 0x260c=0x0a, 0x260d=0x18], [0x260e=0x0a, 0x260f=0x01, 0x2610=0x00, 0x2640=0x01], [0x2641=0x02, 0x2642=0x05, 0x2646=0x01, 0x2650=0x03], [0x2706=0x0a, 0x2707=0x0a, 0x2708=0x0a, 0x2709=0x0a], [0x270b=0xe2, 0x270c=0x48, 0x2710=0xc0, 0x280c=0x38], [0x2810=0x00, 0x2840=0x01, 0x287f=0x00, 0x2906=0x02], [0x2908=0x0f, 0x290a=0x11, 0x290b=0x01, 0x290c=0x01], [0x2910=0x11, 0x2944=0x80, 0x2950=0x02, 0x2951=0x01], [0x2952=0x0a, 0x2954=0x00, 0x2960=0xe0, 0x2b06=0x08], [0x2b07=0x00, 0x2b08=0x00, 0x2b09=0x63, 0x2b0a=0x19], [0x2b0b=0x29, 0x2b0c=0x00, 0x29a8=0x81, 0x29a9=0x83], [0x29aa=0x00, 0x2aa2=0x00, 0x2aa8=0x87, 0x2aa9=0x00], [0x2aaa=0x00],
09-25 23:04:38.658   950   950 I logd    : logdr: UID=2000 GID=2000 PID=11881 n tail=60 logMask=99 pid=0 start=0ns deadline=0ns
09-25 23:04:38.968 10711 10711 I         : [OFP][0][INFO][oplus_get_doze_disable_time:3679]oplus_get_doze_disable_time=0
09-25 23:04:38.968 10711 10711 W [drm] [msm-dsi-warn]: dsi_display_check_status,time_gap=-156987015
09-25 23:04:40.259   950   950 I logd    : logdr: UID=2000 GID=2000 PID=11888 n tail=60 logMask=99 pid=0 start=0ns deadline=0ns
09-25 23:04:41.844   950   950 I logd    : logdr: UID=2000 GID=2000 PID=11893 n tail=60 logMask=99 pid=0 start=0ns deadline=0ns
09-25 23:04:42.280 30787 30787 E iostack : irqs = 17683986, self-block = 0
09-25 23:04:43.077  6718  6718 I         : [INFO]: OPLUS_CHG[CHG_COMM]([oplus_comm_smooth_to_soc][3416]): soc[0 2 74 74 76 77] avg[1 1 0 0 0] fifo[76 76 76 76]
09-25 23:04:43.093  9781  9781 I         : [INFO]: OPLUS_CHG[TRACK]([oplus_chg_track_cal_no_charging_stats_new][6797]): chg_no_charging_cnt=969s, no_chg_time=994s, delta_time=5s
09-25 23:04:43.101  9781  9781 I OPLUS_CHG[oplus_charge_info]: BATTERY[318 318 4061 4061 1125 74 77 76 3960 5416 1 0x0 4304], CHARGE[4490 600 0 0], WIRED[1 453 4858 500 1 0x0 0 0 0 2 0], WIRELESS[0 0 0 0 0 0x0 0 0 0], VOOC[0 0 0 0 0x0], UFCS[0 0 0 0x0], COMMON[6 0 0 0x0 1 0 1 5416 100 0]
09-25 23:04:43.103  9781  9781 I         : [INFO]: OPLUS_CHG[ADSP]([oplus_chg_8350_reg_dump][7390]): sm8450_st_dump: [chg_en=1, suspend=0, pd_svooc=0], subtype=0x01],[oplus_UsbCommCapable=0, oplus_pd_svooc=0, typec_mode=0, cid_status=0x01, usb_in_status=1],[0x2606=0x83, 0x2607=0x19, 0x2608=0x0a, 0x2609=0x02], [0x260a=0x04, 0x260b=0x59, 0x260c=0x0a, 0x260d=0x18], [0x260e=0x0a, 0x260f=0x01, 0x2610=0x00, 0x2640=0x01], [0x2641=0x02, 0x2642=0x05, 0x2646=0x01, 0x2650=0x03], [0x2706=0x0a, 0x2707=0x0a, 0x2708=0x0a, 0x2709=0x0a], [0x270b=0xe2, 0x270c=0x48, 0x2710=0xc0, 0x280c=0x38], [0x2810=0x00, 0x2840=0x01, 0x287f=0x00, 0x2906=0x02], [0x2908=0x0f, 0x290a=0x11, 0x290b=0x01, 0x290c=0x01], [0x2910=0x11, 0x2944=0x80, 0x2950=0x02, 0x2951=0x01], [0x2952=0x0a, 0x2954=0x00, 0x2960=0xe0, 0x2b06=0x08], [0x2b07=0x00, 0x2b08=0x00, 0x2b09=0x63, 0x2b0a=0x19], [0x2b0b=0x29, 0x2b0c=0x00, 0x29a8=0x81, 0x29a9=0x83], [0x29aa=0x00, 0x2aa2=0x00, 0x2aa8=0x87, 0x2aa9=0x00], [0x2aaa=0x00],
09-25 23:04:43.430   950   950 I logd    : logdr: UID=2000 GID=2000 PID=11898 n tail=60 logMask=99 pid=0 start=0ns deadline=0ns
09-25 23:04:43.986   950   950 I logd    : logdr: UID=2000 GID=2000 PID=11903 n tail=0 logMask=99 pid=0 start=0ns deadline=0ns
09-25 23:04:44.039 11906 11906 W logd    : SocketClient: write error (Connection reset by peer)
09-25 23:04:44.072  2463  2463 I         : [OFP][0][INFO][oplus_get_doze_disable_time:3679]oplus_get_doze_disable_time=0
09-25 23:04:44.072  2463  2463 W [drm] [msm-dsi-warn]: dsi_display_check_status,time_gap=-151882730
09-25 23:04:45.033   950   950 I logd    : logdr: UID=2000 GID=2000 PID=11909 n tail=60 logMask=99 pid=0 start=0ns deadline=0ns
09-25 23:04:46.611   950   950 I logd    : logdr: UID=2000 GID=2000 PID=11914 n tail=60 logMask=99 pid=0 start=0ns deadline=0ns
09-25 23:04:48.196   950   950 I logd    : logdr: UID=2000 GID=2000 PID=11922 n tail=60 logMask=99 pid=0 start=0ns deadline=0ns
09-25 23:04:48.196  1941  1941 I         : [INFO]: OPLUS_CHG[CHG_COMM]([oplus_comm_smooth_to_soc][3416]): soc[0 2 74 74 76 77] avg[2 1 0 0 0] fifo[76 76 76 76]
09-25 23:04:48.205  9480  9480 I         : [INFO]: OPLUS_CHG[TRACK]([oplus_chg_track_cal_no_charging_stats_new][6797]): chg_no_charging_cnt=974s, no_chg_time=999s, delta_time=5s
09-25 23:04:48.212  9480  9480 I OPLUS_CHG[oplus_charge_info]: BATTERY[319 319 4060 4060 1123 74 77 76 3959 5416 1 0x0 4302], CHARGE[4490 600 0 0], WIRED[1 447 4835 500 1 0x0 0 0 0 2 0], WIRELESS[0 0 0 0 0 0x0 0 0 0], VOOC[0 0 0 0 0x0], UFCS[0 0 0 0x0], COMMON[6 0 0 0x0 1 0 1 5416 100 0]
09-25 23:04:48.214  9480  9480 I         : [INFO]: OPLUS_CHG[ADSP]([oplus_chg_8350_reg_dump][7390]): sm8450_st_dump: [chg_en=1, suspend=0, pd_svooc=0], subtype=0x01],[oplus_UsbCommCapable=0, oplus_pd_svooc=0, typec_mode=0, cid_status=0x01, usb_in_status=1],[0x2606=0x83, 0x2607=0x19, 0x2608=0x0a, 0x2609=0x02], [0x260a=0x04, 0x260b=0x59, 0x260c=0x0a, 0x260d=0x18], [0x260e=0x0a, 0x260f=0x01, 0x2610=0x00, 0x2640=0x01], [0x2641=0x02, 0x2642=0x05, 0x2646=0x01, 0x2650=0x03], [0x2706=0x0a, 0x2707=0x0a, 0x2708=0x0a, 0x2709=0x0a], [0x270b=0xe2, 0x270c=0x48, 0x2710=0xc0, 0x280c=0x38], [0x2810=0x00, 0x2840=0x01, 0x287f=0x00, 0x2906=0x02], [0x2908=0x0f, 0x290a=0x11, 0x290b=0x01, 0x290c=0x01], [0x2910=0x11, 0x2944=0x80, 0x2950=0x02, 0x2951=0x01], [0x2952=0x0a, 0x2954=0x00, 0x2960=0xe0, 0x2b06=0x08], [0x2b07=0x00, 0x2b08=0x00, 0x2b09=0x63, 0x2b0a=0x19], [0x2b0b=0x29, 0x2b0c=0x00, 0x29a8=0x81, 0x29a9=0x83], [0x29aa=0x00, 0x2aa2=0x00, 0x2aa8=0x87, 0x2aa9=0x00], [0x2aaa=0x00],
09-25 23:04:48.325   867   867 I servicemanager: Caller(pid=11928,uid=2000,sid=u:r:shell:s0) Found android.hardware.graphics.allocator.IAllocator/default in device VINTF manifest.
09-25 23:04:48.358   867   867 I servicemanager: Caller(pid=11928,uid=2000,sid=u:r:shell:s0) Found android.hardware.graphics.allocator.IAllocator/default in device VINTF manifest.
09-25 23:04:48.529  9581  9581 E gsi soc : qcom,msm_gsi: gsi_stop_channel:3688 chan=1 busy try again
09-25 23:04:48.531  9581  9581 E gsi soc : qcom,msm_gsi: gsi_stop_channel:3688 chan=14 busy try again
09-25 23:04:49.192  2463  2463 I         : [OFP][0][INFO][oplus_get_doze_disable_time:3679]oplus_get_doze_disable_time=0
09-25 23:04:49.192  2463  2463 W [drm] [msm-dsi-warn]: dsi_display_check_status,time_gap=-146762638
09-25 23:04:51.522   950   950 I logd    : logdr: UID=2000 GID=2000 PID=11932 n tail=60 logMask=99 pid=0 start=0ns deadline=0ns
09-25 23:04:52.520 30787 30787 E iostack : irqs = 17684023, self-block = 0
09-25 23:04:53.106   950   950 I logd    : logdr: UID=2000 GID=2000 PID=11937 n tail=60 logMask=99 pid=0 start=0ns deadline=0ns
09-25 23:04:53.314  6718  6718 I         : [INFO]: OPLUS_CHG[CHG_COMM]([oplus_comm_smooth_to_soc][3416]): soc[0 2 74 74 76 77] avg[3 1 0 0 0] fifo[76 76 76 76]
09-25 23:04:53.322  9781  9781 I         : [INFO]: OPLUS_CHG[TRACK]([oplus_chg_track_cal_no_charging_stats_new][6797]): chg_no_charging_cnt=979s, no_chg_time=1004s, delta_time=5s
09-25 23:04:53.329  9781  9781 I OPLUS_CHG[oplus_charge_info]: BATTERY[319 319 4059 4059 1130 74 77 76 3957 5416 1 0x0 4300], CHARGE[4490 600 0 0], WIRED[1 453 4859 500 1 0x0 0 0 0 2 0], WIRELESS[0 0 0 0 0 0x0 0 0 0], VOOC[0 0 0 0 0x0], UFCS[0 0 0 0x0], COMMON[6 0 0 0x0 1 0 1 5416 100 0]
09-25 23:04:53.331  9781  9781 I         : [INFO]: OPLUS_CHG[ADSP]([oplus_chg_8350_reg_dump][7390]): sm8450_st_dump: [chg_en=1, suspend=0, pd_svooc=0], subtype=0x01],[oplus_UsbCommCapable=0, oplus_pd_svooc=0, typec_mode=0, cid_status=0x01, usb_in_status=1],[0x2606=0x83, 0x2607=0x19, 0x2608=0x0a, 0x2609=0x02], [0x260a=0x04, 0x260b=0x59, 0x260c=0x0a, 0x260d=0x18], [0x260e=0x0a, 0x260f=0x01, 0x2610=0x00, 0x2640=0x01], [0x2641=0x02, 0x2642=0x05, 0x2646=0x01, 0x2650=0x03], [0x2706=0x0a, 0x2707=0x0a, 0x2708=0x0a, 0x2709=0x0a], [0x270b=0xe2, 0x270c=0x48, 0x2710=0xc0, 0x280c=0x38], [0x2810=0x00, 0x2840=0x01, 0x287f=0x00, 0x2906=0x02], [0x2908=0x0f, 0x290a=0x11, 0x290b=0x01, 0x290c=0x01], [0x2910=0x11, 0x2944=0x80, 0x2950=0x02, 0x2951=0x01], [0x2952=0x0a, 0x2954=0x00, 0x2960=0xe0, 0x2b06=0x08], [0x2b07=0x00, 0x2b08=0x00, 0x2b09=0x63, 0x2b0a=0x19], [0x2b0b=0x29, 0x2b0c=0x00, 0x29a8=0x81, 0x29a9=0x83], [0x29aa=0x00, 0x2aa2=0x00, 0x2aa8=0x87, 0x2aa9=0x00], [0x2aaa=0x00],
09-25 23:04:54.312  9781  9781 I         : [OFP][0][INFO][oplus_get_doze_disable_time:3679]oplus_get_doze_disable_time=0
09-25 23:04:54.312  9781  9781 W [drm] [msm-dsi-warn]: dsi_display_check_status,time_gap=-141642850
09-25 23:04:54.673   950   950 I logd    : logdr: UID=2000 GID=2000 PID=11942 n tail=60 logMask=99 pid=0 start=0ns deadline=0ns
09-25 23:04:56.284   950   950 I logd    : logdr: UID=2000 GID=2000 PID=11949 n tail=60 logMask=99 pid=0 start=0ns deadline=0ns
09-25 23:04:57.870   950   950 I logd    : logdr: UID=2000 GID=2000 PID=11958 n tail=60 logMask=99 pid=0 start=0ns deadline=0ns
09-25 23:04:58.436  6718  6718 I         : [INFO]: OPLUS_CHG[CHG_COMM]([oplus_comm_smooth_to_soc][3416]): soc[0 2 74 74 76 77] avg[0 1 0 0 0] fifo[76 76 76 76]
09-25 23:04:58.444 10711 10711 I         : [INFO]: OPLUS_CHG[TRACK]([oplus_chg_track_cal_no_charging_stats_new][6797]): chg_no_charging_cnt=985s, no_chg_time=1010s, delta_time=6s
09-25 23:04:58.452 10711 10711 I OPLUS_CHG[oplus_charge_info]: BATTERY[320 320 4059 4059 1133 74 77 76 3955 5416 1 0x0 4299], CHARGE[4490 600 0 0], WIRED[1 450 4857 500 1 0x0 0 0 0 2 0], WIRELESS[0 0 0 0 0 0x0 0 0 0], VOOC[0 0 0 0 0x0], UFCS[0 0 0 0x0], COMMON[6 0 0 0x0 1 0 1 5416 100 0]
09-25 23:04:58.454 10711 10711 I         : [INFO]: OPLUS_CHG[ADSP]([oplus_chg_8350_reg_dump][7390]): sm8450_st_dump: [chg_en=1, suspend=0, pd_svooc=0], subtype=0x01],[oplus_UsbCommCapable=0, oplus_pd_svooc=0, typec_mode=0, cid_status=0x01, usb_in_status=1],[0x2606=0x83, 0x2607=0x19, 0x2608=0x0a, 0x2609=0x02], [0x260a=0x04, 0x260b=0x59, 0x260c=0x0a, 0x260d=0x18], [0x260e=0x0a, 0x260f=0x01, 0x2610=0x00, 0x2640=0x01], [0x2641=0x02, 0x2642=0x05, 0x2646=0x01, 0x2650=0x03], [0x2706=0x0a, 0x2707=0x0a, 0x2708=0x0a, 0x2709=0x0a], [0x270b=0xe2, 0x270c=0x48, 0x2710=0xc0, 0x280c=0x38], [0x2810=0x00, 0x2840=0x01, 0x287f=0x00, 0x2906=0x02], [0x2908=0x0f, 0x290a=0x11, 0x290b=0x01, 0x290c=0x01], [0x2910=0x11, 0x2944=0x80, 0x2950=0x02, 0x2951=0x01], [0x2952=0x0a, 0x2954=0x00, 0x2960=0xe0, 0x2b06=0x08], [0x2b07=0x00, 0x2b08=0x00, 0x2b09=0x63, 0x2b0a=0x19], [0x2b0b=0x29, 0x2b0c=0x00, 0x29a8=0x81, 0x29a9=0x83], [0x29aa=0x00, 0x2aa2=0x00, 0x2aa8=0x87, 0x2aa9=0x00], [0x2aaa=0x00],
09-25 23:04:59.432 10711 10711 I         : [OFP][0][INFO][oplus_get_doze_disable_time:3679]oplus_get_doze_disable_time=0
09-25 23:04:59.432 10711 10711 W [drm] [msm-dsi-warn]: dsi_display_check_status,time_gap=-136522798
09-25 23:04:59.467   950   950 I logd    : logdr: UID=2000 GID=2000 PID=11963 n tail=60 logMask=99 pid=0 start=0ns deadline=0ns
09-25 23:05:01.063   950   950 I logd    : logdr: UID=2000 GID=2000 PID=11971 n tail=60 logMask=99 pid=0 start=0ns deadline=0ns
09-25 23:05:02.645   950   950 I logd    : logdr: UID=2000 GID=2000 PID=11976 n tail=60 logMask=99 pid=0 start=0ns deadline=0ns
09-25 23:05:02.760 30787 30787 E iostack : irqs = 17684069, self-block = 0
09-25 23:05:03.556  1941  1941 I         : [INFO]: OPLUS_CHG[CHG_COMM]([oplus_comm_smooth_to_soc][3416]): soc[0 2 74 73 75 77] avg[1 1 0 0 0] fifo[76 75 76 76]
09-25 23:05:03.556  1941  1941 I         : [INFO]: OPLUS_CHG[CHG_COMM]([oplus_comm_set_smooth_soc][3051]): set smooth_soc=75
09-25 23:05:03.556  1941  1941 I         : [INFO]: OPLUS_CHG[CHG_COMM]([oplus_comm_set_ui_soc][3031]): set ui_soc=76
09-25 23:05:03.557  9337  9337 I         : [INFO]: OPLUS_CHG[MSG]([oplus_msg_queue_update][227]): battery: update, gp=0 ms
09-25 23:05:03.557 10711 10711 I         : [INFO]: OPLUS_CHG[MSG]([oplus_msg_queue_update_work][106]): battery: update delay: 0 ms, update interval: 56320 ms
09-25 23:05:03.560 10711 10711 I         : [INFO]: OPLUS_CHG[ADSP]([oplus_chg_8350_backup_soc][8962]): write battery rtc soc success, rtc_soc=76
09-25 23:05:03.562  9482  9482 I         : [INFO]: OPLUS_CHG[TRACK]([oplus_chg_track_cal_no_charging_stats_new][6797]): chg_no_charging_cnt=990s, no_chg_time=1015s, delta_time=5s
09-25 23:05:03.576  9482  9482 I OPLUS_CHG[oplus_charge_info]: BATTERY[320 320 4061 4061 1122 73 76 75 3953 5416 1 0x0 4297], CHARGE[4490 600 0 0], WIRED[1 453 4861 500 1 0x0 0 0 0 2 0], WIRELESS[0 0 0 0 0 0x0 0 0 0], VOOC[0 0 0 0 0x0], UFCS[0 0 0 0x0], COMMON[6 0 0 0x0 1 0 1 5416 100 0]
09-25 23:05:03.578  9482  9482 I         : [INFO]: OPLUS_CHG[ADSP]([oplus_chg_8350_reg_dump][7390]): sm8450_st_dump: [chg_en=1, suspend=0, pd_svooc=0], subtype=0x01],[oplus_UsbCommCapable=0, oplus_pd_svooc=0, typec_mode=0, cid_status=0x01, usb_in_status=1],[0x2606=0x83, 0x2607=0x19, 0x2608=0x0a, 0x2609=0x02], [0x260a=0x04, 0x260b=0x59, 0x260c=0x0a, 0x260d=0x18], [0x260e=0x0a, 0x260f=0x01, 0x2610=0x00, 0x2640=0x01], [0x2641=0x02, 0x2642=0x05, 0x2646=0x01, 0x2650=0x03], [0x2706=0x0a, 0x2707=0x0a, 0x2708=0x0a, 0x2709=0x0a], [0x270b=0xe2, 0x270c=0x48, 0x2710=0xc0, 0x280c=0x38], [0x2810=0x00, 0x2840=0x01, 0x287f=0x00, 0x2906=0x02], [0x2908=0x0f, 0x290a=0x11, 0x290b=0x01, 0x290c=0x01], [0x2910=0x11, 0x2944=0x80, 0x2950=0x02, 0x2951=0x01], [0x2952=0x0a, 0x2954=0x00, 0x2960=0xe0, 0x2b06=0x08], [0x2b07=0x00, 0x2b08=0x00, 0x2b09=0x63, 0x2b0a=0x19], [0x2b0b=0x29, 0x2b0c=0x00, 0x29a8=0x81, 0x29a9=0x83], [0x29aa=0x00, 0x2aa2=0x00, 0x2aa8=0x87, 0x2aa9=0x00], [0x2aaa=0x00],
09-25 23:05:03.579  1558  1558 W healthd : battery l=76 v=4061 t=32.0 h=2 st=2 c=1122 fc=6000000 cc=217 chg=u
09-25 23:05:04.153   968   968 E logd    : HexToBytes: Invalid size: 35
09-25 23:05:04.410   867   867 I servicemanager: Caller(pid=11989,uid=2000,sid=u:r:shell:s0) Found android.hardware.graphics.allocator.IAllocator/default in device VINTF manifest.
09-25 23:05:04.452   867   867 I servicemanager: Caller(pid=11989,uid=2000,sid=u:r:shell:s0) Found android.hardware.graphics.allocator.IAllocator/default in device VINTF manifest.
09-25 23:05:04.552  2463  2463 I         : [OFP][0][INFO][oplus_get_doze_disable_time:3679]oplus_get_doze_disable_time=0
09-25 23:05:04.552  2463  2463 W [drm] [msm-dsi-warn]: dsi_display_check_status,time_gap=-131402567
09-25 23:05:07.295   950   950 I logd    : logdr: UID=2000 GID=2000 PID=11993 n tail=60 logMask=99 pid=0 start=0ns deadline=0ns
09-25 23:05:07.628 31910 31910 I         : [INFO]: OPLUS_CHG[ADSP]([smbchg_lcm_en][5786]): set lcm to 1
09-25 23:05:07.628 31910 31910 I         : [INFO]: OPLUS_CHG[ADSP]([lcm_frequency_ctrl][5821]): lcm_en_flag:2
09-25 23:05:08.532  6908  6908 E gsi soc : qcom,msm_gsi: gsi_stop_channel:3688 chan=1 busy try again
09-25 23:05:08.534  6908  6908 E gsi soc : qcom,msm_gsi: gsi_stop_channel:3688 chan=14 busy try again
09-25 23:05:08.676  2463  2463 I         : [INFO]: OPLUS_CHG[MSG]([oplus_msg_queue_update][227]): battery: update, gp=5000 ms
09-25 23:05:08.676  6718  6718 I         : [INFO]: OPLUS_CHG[CHG_COMM]([oplus_comm_smooth_to_soc][3416]): soc[0 2 73 73 75 76] avg[2 1 0 0 0] fifo[76 75 75 76]
09-25 23:05:08.677  6718  6718 I         : [INFO]: OPLUS_CHG[MSG]([oplus_msg_queue_update_work][106]): battery: update delay: 0 ms, update interval: 5120 ms
09-25 23:05:08.685 10711 10711 I         : [INFO]: OPLUS_CHG[TRACK]([oplus_chg_track_cal_no_charging_stats_new][6797]): chg_no_charging_cnt=995s, no_chg_time=1020s, delta_time=5s
09-25 23:05:08.702 10711 10711 I OPLUS_CHG[oplus_charge_info]: BATTERY[321 320 4059 4059 1122 73 76 75 3952 5416 1 0x0 4296], CHARGE[4490 600 0 0], WIRED[1 453 4858 500 1 0x0 0 0 0 2 0], WIRELESS[0 0 0 0 0 0x0 0 0 0], VOOC[0 0 0 0 0x0], UFCS[0 0 0 0x0], COMMON[6 0 0 0x0 1 0 1 5416 100 0]
09-25 23:05:08.704  1558  1558 W healthd : battery l=76 v=4059 t=32.1 h=2 st=2 c=1122 fc=6000000 cc=217 chg=u
09-25 23:05:08.704 10711 10711 I         : [INFO]: OPLUS_CHG[ADSP]([oplus_chg_8350_reg_dump][7390]): sm8450_st_dump: [chg_en=1, suspend=0, pd_svooc=0], subtype=0x01],[oplus_UsbCommCapable=0, oplus_pd_svooc=0, typec_mode=0, cid_status=0x01, usb_in_status=1],[0x2606=0x83, 0x2607=0x19, 0x2608=0x0a, 0x2609=0x02], [0x260a=0x04, 0x260b=0x59, 0x260c=0x0a, 0x260d=0x18], [0x260e=0x0a, 0x260f=0x01, 0x2610=0x00, 0x2640=0x01], [0x2641=0x02, 0x2642=0x05, 0x2646=0x01, 0x2650=0x03], [0x2706=0x0a, 0x2707=0x0a, 0x2708=0x0a, 0x2709=0x0a], [0x270b=0xe2, 0x270c=0x48, 0x2710=0xc0, 0x280c=0x38], [0x2810=0x00, 0x2840=0x01, 0x287f=0x00, 0x2906=0x02], [0x2908=0x0f, 0x290a=0x11, 0x290b=0x01, 0x290c=0x01], [0x2910=0x11, 0x2944=0x80, 0x2950=0x02, 0x2951=0x01], [0x2952=0x0a, 0x2954=0x00, 0x2960=0xe0, 0x2b06=0x08], [0x2b07=0x00, 0x2b08=0x00, 0x2b09=0x63, 0x2b0a=0x19], [0x2b0b=0x29, 0x2b0c=0x00, 0x29a8=0x81, 0x29a9=0x83], [0x29aa=0x00, 0x2aa2=0x00, 0x2aa8=0x87, 0x2aa9=0x00], [0x2aaa=0x00],
09-25 23:05:08.882   950   950 I logd    : logdr: UID=2000 GID=2000 PID=12000 n tail=60 logMask=99 pid=0 start=0ns deadline=0ns
09-25 23:05:09.672 10711 10711 I         : [OFP][0][INFO][oplus_get_doze_disable_time:3679]oplus_get_doze_disable_time=0
09-25 23:05:09.672 10711 10711 W [drm] [msm-dsi-warn]: dsi_display_check_status,time_gap=-126282829
09-25 23:05:10.452   950   950 I logd    : logdr: UID=2000 GID=2000 PID=12005 n tail=60 logMask=99 pid=0 start=0ns deadline=0ns
09-25 23:05:12.050   950   950 I logd    : logdr: UID=2000 GID=2000 PID=12010 n tail=60 logMask=99 pid=0 start=0ns deadline=0ns
09-25 23:05:13.000 30787 30787 E iostack : irqs = 17686024, self-block = 0
09-25 23:05:13.658   950   950 I logd    : logdr: UID=2000 GID=2000 PID=12018 n tail=60 logMask=99 pid=0 start=0ns deadline=0ns
09-25 23:05:13.797  2463  2463 I         : [INFO]: OPLUS_CHG[CHG_COMM]([oplus_comm_smooth_to_soc][3416]): soc[0 2 73 73 75 76] avg[3 1 0 0 0] fifo[76 75 75 75]
09-25 23:05:13.804  6718  6718 I         : [INFO]: OPLUS_CHG[TRACK]([oplus_chg_track_cal_no_charging_stats_new][6797]): chg_no_charging_cnt=1000s, no_chg_time=1025s, delta_time=5s
09-25 23:05:13.810  6718  6718 I OPLUS_CHG[oplus_charge_info]: BATTERY[321 321 4060 4060 1118 73 76 75 3950 5416 1 0x0 4294], CHARGE[4490 600 0 0], WIRED[1 450 4857 500 1 0x0 0 0 0 2 0], WIRELESS[0 0 0 0 0 0x0 0 0 0], VOOC[0 0 0 0 0x0], UFCS[0 0 0 0x0], COMMON[6 0 0 0x0 1 0 1 5416 100 0]
09-25 23:05:13.812  6718  6718 I         : [INFO]: OPLUS_CHG[ADSP]([oplus_chg_8350_reg_dump][7390]): sm8450_st_dump: [chg_en=1, suspend=0, pd_svooc=0], subtype=0x01],[oplus_UsbCommCapable=0, oplus_pd_svooc=0, typec_mode=0, cid_status=0x01, usb_in_status=1],[0x2606=0x83, 0x2607=0x19, 0x2608=0x0a, 0x2609=0x02], [0x260a=0x04, 0x260b=0x59, 0x260c=0x0a, 0x260d=0x18], [0x260e=0x0a, 0x260f=0x01, 0x2610=0x00, 0x2640=0x01], [0x2641=0x02, 0x2642=0x05, 0x2646=0x01, 0x2650=0x03], [0x2706=0x0a, 0x2707=0x0a, 0x2708=0x0a, 0x2709=0x0a], [0x270b=0xe2, 0x270c=0x48, 0x2710=0xc0, 0x280c=0x38], [0x2810=0x00, 0x2840=0x01, 0x287f=0x00, 0x2906=0x02], [0x2908=0x0f, 0x290a=0x11, 0x290b=0x01, 0x290c=0x01], [0x2910=0x11, 0x2944=0x80, 0x2950=0x02, 0x2951=0x01], [0x2952=0x0a, 0x2954=0x00, 0x2960=0xe0, 0x2b06=0x08], [0x2b07=0x00, 0x2b08=0x00, 0x2b09=0x63, 0x2b0a=0x19], [0x2b0b=0x29, 0x2b0c=0x00, 0x29a8=0x81, 0x29a9=0x83], [0x29aa=0x00, 0x2aa2=0x00, 0x2aa8=0x87, 0x2aa9=0x00], [0x2aaa=0x00],
09-25 23:05:14.792  6718  6718 I         : [OFP][0][INFO][oplus_get_doze_disable_time:3679]oplus_get_doze_disable_time=0
09-25 23:05:14.792  6718  6718 W [drm] [msm-dsi-warn]: dsi_display_check_status,time_gap=-121162799
09-25 23:05:15.256   950   950 I logd    : logdr: UID=2000 GID=2000 PID=12023 n tail=60 logMask=99 pid=0 start=0ns deadline=0ns
09-25 23:05:16.849   950   950 I logd    : logdr: UID=2000 GID=2000 PID=12028 n tail=60 logMask=99 pid=0 start=0ns deadline=0ns
09-25 23:05:18.439   950   950 I logd    : logdr: UID=2000 GID=2000 PID=12033 n tail=60 logMask=99 pid=0 start=0ns deadline=0ns
09-25 23:05:18.916  2463  2463 I         : [INFO]: OPLUS_CHG[CHG_COMM]([oplus_comm_smooth_to_soc][3416]): soc[0 2 73 73 75 76] avg[0 1 0 0 0] fifo[75 75 75 75]
09-25 23:05:18.923  9781  9781 I         : [INFO]: OPLUS_CHG[TRACK]([oplus_chg_track_cal_no_charging_stats_new][6797]): chg_no_charging_cnt=1005s, no_chg_time=1030s, delta_time=5s
09-25 23:05:18.930  9781  9781 I OPLUS_CHG[oplus_charge_info]: BATTERY[322 321 4060 4060 1097 73 76 75 3949 5416 1 0x0 4293], CHARGE[4490 600 0 0], WIRED[1 447 4836 500 1 0x0 0 0 0 2 0], WIRELESS[0 0 0 0 0 0x0 0 0 0], VOOC[0 0 0 0 0x0], UFCS[0 0 0 0x0], COMMON[6 0 0 0x0 1 0 1 5416 100 0]
09-25 23:05:18.932  9781  9781 I         : [INFO]: OPLUS_CHG[ADSP]([oplus_chg_8350_reg_dump][7390]): sm8450_st_dump: [chg_en=1, suspend=0, pd_svooc=0], subtype=0x01],[oplus_UsbCommCapable=0, oplus_pd_svooc=0, typec_mode=0, cid_status=0x01, usb_in_status=1],[0x2606=0x83, 0x2607=0x19, 0x2608=0x0a, 0x2609=0x02], [0x260a=0x04, 0x260b=0x59, 0x260c=0x0a, 0x260d=0x18], [0x260e=0x0a, 0x260f=0x01, 0x2610=0x00, 0x2640=0x01], [0x2641=0x02, 0x2642=0x05, 0x2646=0x01, 0x2650=0x03], [0x2706=0x0a, 0x2707=0x0a, 0x2708=0x0a, 0x2709=0x0a], [0x270b=0xe2, 0x270c=0x48, 0x2710=0xc0, 0x280c=0x38], [0x2810=0x00, 0x2840=0x01, 0x287f=0x00, 0x2906=0x02], [0x2908=0x0f, 0x290a=0x11, 0x290b=0x01, 0x290c=0x01], [0x2910=0x11, 0x2944=0x80, 0x2950=0x02, 0x2951=0x01], [0x2952=0x0a, 0x2954=0x00, 0x2960=0xe0, 0x2b06=0x08], [0x2b07=0x00, 0x2b08=0x00, 0x2b09=0x63, 0x2b0a=0x19], [0x2b0b=0x29, 0x2b0c=0x00, 0x29a8=0x81, 0x29a9=0x83], [0x29aa=0x00, 0x2aa2=0x00, 0x2aa8=0x87, 0x2aa9=0x00], [0x2aaa=0x00],
09-25 23:05:19.912  9781  9781 I         : [OFP][0][INFO][oplus_get_doze_disable_time:3679]oplus_get_doze_disable_time=0
09-25 23:05:19.912  9781  9781 W [drm] [msm-dsi-warn]: dsi_display_check_status,time_gap=-116042465
09-25 23:05:20.027   950   950 I logd    : logdr: UID=2000 GID=2000 PID=12038 n tail=60 logMask=99 pid=0 start=0ns deadline=0ns
09-25 23:05:20.177   867   867 I servicemanager: Caller(pid=12043,uid=2000,sid=u:r:shell:s0) Found android.hardware.graphics.allocator.IAllocator/default in device VINTF manifest.
09-25 23:05:20.211   867   867 I servicemanager: Caller(pid=12043,uid=2000,sid=u:r:shell:s0) Found android.hardware.graphics.allocator.IAllocator/default in device VINTF manifest.
09-25 23:05:22.354  1558  1558 W healthd : battery l=76 v=4060 t=32.2 h=2 st=2 c=1182 fc=6000000 cc=217 chg=u
09-25 23:05:23.086   950   950 I logd    : logdr: UID=2000 GID=2000 PID=12050 n tail=60 logMask=99 pid=0 start=0ns deadline=0ns
09-25 23:05:23.240 30787 30787 E iostack : irqs = 17686103, self-block = 0
09-25 23:05:24.035  2463  2463 I         : [INFO]: OPLUS_CHG[CHG_COMM]([oplus_comm_smooth_to_soc][3416]): soc[0 2 73 73 75 76] avg[1 1 0 0 0] fifo[75 75 75 75]
09-25 23:05:24.042 10711 10711 I         : [INFO]: OPLUS_CHG[TRACK]([oplus_chg_track_cal_no_charging_stats_new][6797]): chg_no_charging_cnt=1010s, no_chg_time=1035s, delta_time=5s
09-25 23:05:24.050 10711 10711 I OPLUS_CHG[oplus_charge_info]: BATTERY[322 322 4057 4057 1161 73 76 75 3947 5416 1 0x0 4291], CHARGE[4490 600 0 0], WIRED[1 450 4857 500 1 0x0 0 0 0 2 0], WIRELESS[0 0 0 0 0 0x0 0 0 0], VOOC[0 0 0 0 0x0], UFCS[0 0 0 0x0], COMMON[6 0 0 0x0 1 0 1 5416 100 0]
09-25 23:05:24.052 10711 10711 I         : [INFO]: OPLUS_CHG[ADSP]([oplus_chg_8350_reg_dump][7390]): sm8450_st_dump: [chg_en=1, suspend=0, pd_svooc=0], subtype=0x01],[oplus_UsbCommCapable=0, oplus_pd_svooc=0, typec_mode=0, cid_status=0x01, usb_in_status=1],[0x2606=0x83, 0x2607=0x19, 0x2608=0x0a, 0x2609=0x02], [0x260a=0x04, 0x260b=0x59, 0x260c=0x0a, 0x260d=0x18], [0x260e=0x0a, 0x260f=0x01, 0x2610=0x00, 0x2640=0x01], [0x2641=0x02, 0x2642=0x05, 0x2646=0x01, 0x2650=0x03], [0x2706=0x0a, 0x2707=0x0a, 0x2708=0x0a, 0x2709=0x0a], [0x270b=0xe2, 0x270c=0x48, 0x2710=0xc0, 0x280c=0x38], [0x2810=0x00, 0x2840=0x01, 0x287f=0x00, 0x2906=0x02], [0x2908=0x0f, 0x290a=0x11, 0x290b=0x01, 0x290c=0x01], [0x2910=0x11, 0x2944=0x80, 0x2950=0x02, 0x2951=0x01], [0x2952=0x0a, 0x2954=0x00, 0x2960=0xe0, 0x2b06=0x08], [0x2b07=0x00, 0x2b08=0x00, 0x2b09=0x63, 0x2b0a=0x19], [0x2b0b=0x29, 0x2b0c=0x00, 0x29a8=0x81, 0x29a9=0x83], [0x29aa=0x00, 0x2aa2=0x00, 0x2aa8=0x87, 0x2aa9=0x00], [0x2aaa=0x00],
09-25 23:05:24.674   950   950 I logd    : logdr: UID=2000 GID=2000 PID=12055 n tail=60 logMask=99 pid=0 start=0ns deadline=0ns
09-25 23:05:25.032 10711 10711 I         : [OFP][0][INFO][oplus_get_doze_disable_time:3679]oplus_get_doze_disable_time=0
09-25 23:05:25.032 10711 10711 W [drm] [msm-dsi-warn]: dsi_display_check_status,time_gap=-110922758
09-25 23:05:26.267   950   950 I logd    : logdr: UID=2000 GID=2000 PID=12069 n tail=60 logMask=99 pid=0 start=0ns deadline=0ns
09-25 23:05:27.846   950   950 I logd    : logdr: UID=2000 GID=2000 PID=12083 n tail=60 logMask=99 pid=0 start=0ns deadline=0ns
09-25 23:05:28.532  7138  7138 E gsi soc : qcom,msm_gsi: gsi_stop_channel:3688 chan=1 busy try again
09-25 23:05:28.534  7138  7138 E gsi soc : qcom,msm_gsi: gsi_stop_channel:3688 chan=14 busy try again
09-25 23:05:29.155  2463  2463 I         : [INFO]: OPLUS_CHG[CHG_COMM]([oplus_comm_smooth_to_soc][3416]): soc[0 2 73 73 75 76] avg[2 1 0 0 0] fifo[75 75 75 75]
09-25 23:05:29.163  6718  6718 I         : [INFO]: OPLUS_CHG[TRACK]([oplus_chg_track_cal_no_charging_stats_new][6797]): chg_no_charging_cnt=1015s, no_chg_time=1040s, delta_time=5s
09-25 23:05:29.169  6718  6718 I OPLUS_CHG[oplus_charge_info]: BATTERY[322 322 4060 4060 1123 73 76 75 3945 5416 1 0x0 4289], CHARGE[4490 600 0 0], WIRED[1 450 4857 500 1 0x0 0 0 0 2 0], WIRELESS[0 0 0 0 0 0x0 0 0 0], VOOC[0 0 0 0 0x0], UFCS[0 0 0 0x0], COMMON[6 0 0 0x0 1 0 1 5416 100 0]
09-25 23:05:29.171  6718  6718 I         : [INFO]: OPLUS_CHG[ADSP]([oplus_chg_8350_reg_dump][7390]): sm8450_st_dump: [chg_en=1, suspend=0, pd_svooc=0], subtype=0x01],[oplus_UsbCommCapable=0, oplus_pd_svooc=0, typec_mode=0, cid_status=0x01, usb_in_status=1],[0x2606=0x83, 0x2607=0x19, 0x2608=0x0a, 0x2609=0x02], [0x260a=0x04, 0x260b=0x59, 0x260c=0x0a, 0x260d=0x18], [0x260e=0x0a, 0x260f=0x01, 0x2610=0x00, 0x2640=0x01], [0x2641=0x02, 0x2642=0x05, 0x2646=0x01, 0x2650=0x03], [0x2706=0x0a, 0x2707=0x0a, 0x2708=0x0a, 0x2709=0x0a], [0x270b=0xe2, 0x270c=0x48, 0x2710=0xc0, 0x280c=0x38], [0x2810=0x00, 0x2840=0x01, 0x287f=0x00, 0x2906=0x02], [0x2908=0x0f, 0x290a=0x11, 0x290b=0x01, 0x290c=0x01], [0x2910=0x11, 0x2944=0x80, 0x2950=0x02, 0x2951=0x01], [0x2952=0x0a, 0x2954=0x00, 0x2960=0xe0, 0x2b06=0x08], [0x2b07=0x00, 0x2b08=0x00, 0x2b09=0x63, 0x2b0a=0x19], [0x2b0b=0x29, 0x2b0c=0x00, 0x29a8=0x81, 0x29a9=0x83], [0x29aa=0x00, 0x2aa2=0x00, 0x2aa8=0x87, 0x2aa9=0x00], [0x2aaa=0x00],
09-25 23:05:29.457   950   950 I logd    : logdr: UID=2000 GID=2000 PID=12088 n tail=60 logMask=99 pid=0 start=0ns deadline=0ns
09-25 23:05:30.152  6718  6718 I         : [OFP][0][INFO][oplus_get_doze_disable_time:3679]oplus_get_doze_disable_time=0
09-25 23:05:30.152  6718  6718 W [drm] [msm-dsi-warn]: dsi_display_check_status,time_gap=-105802747
09-25 23:05:31.045   950   950 I logd    : logdr: UID=2000 GID=2000 PID=12093 n tail=60 logMask=99 pid=0 start=0ns deadline=0ns
09-25 23:05:32.631   950   950 I logd    : logdr: UID=2000 GID=2000 PID=12098 n tail=60 logMask=99 pid=0 start=0ns deadline=0ns
09-25 23:05:33.480 30787 30787 E iostack : irqs = 17686108, self-block = 0
09-25 23:05:34.220   950   950 I logd    : logdr: UID=2000 GID=2000 PID=12103 n tail=60 logMask=99 pid=0 start=0ns deadline=0ns
09-25 23:05:34.276  1941  1941 I         : [INFO]: OPLUS_CHG[CHG_COMM]([oplus_comm_smooth_to_soc][3416]): soc[0 2 73 73 75 76] avg[3 1 0 0 0] fifo[75 75 75 75]
09-25 23:05:34.286 29275 29275 I         : [INFO]: OPLUS_CHG[TRACK]([oplus_chg_track_cal_no_charging_stats_new][6797]): chg_no_charging_cnt=1020s, no_chg_time=1045s, delta_time=5s
09-25 23:05:34.292 29275 29275 I OPLUS_CHG[oplus_charge_info]: BATTERY[323 322 4058 4058 1114 73 76 75 3944 5416 1 0x0 4288], CHARGE[4490 600 0 0], WIRED[1 450 4856 500 1 0x0 0 0 0 2 0], WIRELESS[0 0 0 0 0 0x0 0 0 0], VOOC[0 0 0 0 0x0], UFCS[0 0 0 0x0], COMMON[6 0 0 0x0 1 0 1 5416 100 0]
09-25 23:05:34.295 29275 29275 I         : [INFO]: OPLUS_CHG[ADSP]([oplus_chg_8350_reg_dump][7390]): sm8450_st_dump: [chg_en=1, suspend=0, pd_svooc=0], subtype=0x01],[oplus_UsbCommCapable=0, oplus_pd_svooc=0, typec_mode=0, cid_status=0x01, usb_in_status=1],[0x2606=0x83, 0x2607=0x19, 0x2608=0x0a, 0x2609=0x02], [0x260a=0x04, 0x260b=0x59, 0x260c=0x0a, 0x260d=0x18], [0x260e=0x0a, 0x260f=0x01, 0x2610=0x00, 0x2640=0x01], [0x2641=0x02, 0x2642=0x05, 0x2646=0x01, 0x2650=0x03], [0x2706=0x0a, 0x2707=0x0a, 0x2708=0x0a, 0x2709=0x0a], [0x270b=0xe2, 0x270c=0x48, 0x2710=0xc0, 0x280c=0x38], [0x2810=0x00, 0x2840=0x01, 0x287f=0x00, 0x2906=0x02], [0x2908=0x0f, 0x290a=0x11, 0x290b=0x01, 0x290c=0x01], [0x2910=0x11, 0x2944=0x80, 0x2950=0x02, 0x2951=0x01], [0x2952=0x0a, 0x2954=0x00, 0x2960=0xe0, 0x2b06=0x08], [0x2b07=0x00, 0x2b08=0x00, 0x2b09=0x63, 0x2b0a=0x19], [0x2b0b=0x29, 0x2b0c=0x00, 0x29a8=0x81, 0x29a9=0x83], [0x29aa=0x00, 0x2aa2=0x00, 0x2aa8=0x87, 0x2aa9=0x00], [0x2aaa=0x00],
09-25 23:05:35.272  6718  6718 I         : [OFP][0][INFO][oplus_get_doze_disable_time:3679]oplus_get_doze_disable_time=0
09-25 23:05:35.272  6718  6718 W [drm] [msm-dsi-warn]: dsi_display_check_status,time_gap=-100682774
09-25 23:05:35.812   950   950 I logd    : logdr: UID=2000 GID=2000 PID=12108 n tail=60 logMask=99 pid=0 start=0ns deadline=0ns
09-25 23:05:35.953   867   867 I servicemanager: Caller(pid=12114,uid=2000,sid=u:r:shell:s0) Found android.hardware.graphics.allocator.IAllocator/default in device VINTF manifest.
09-25 23:05:35.989   867   867 I servicemanager: Caller(pid=12114,uid=2000,sid=u:r:shell:s0) Found android.hardware.graphics.allocator.IAllocator/default in device VINTF manifest.
09-25 23:05:38.908   950   950 I logd    : logdr: UID=2000 GID=2000 PID=12118 n tail=60 logMask=99 pid=0 start=0ns deadline=0ns
09-25 23:05:39.395  2463  2463 I         : [INFO]: OPLUS_CHG[CHG_COMM]([oplus_comm_smooth_to_soc][3416]): soc[0 2 73 73 75 76] avg[0 1 0 0 0] fifo[75 75 75 75]
09-25 23:05:39.405  9781  9781 I         : [INFO]: OPLUS_CHG[TRACK]([oplus_chg_track_cal_no_charging_stats_new][6797]): chg_no_charging_cnt=1025s, no_chg_time=1050s, delta_time=5s
09-25 23:05:39.414  9781  9781 I OPLUS_CHG[oplus_charge_info]: BATTERY[323 323 4058 4058 1115 73 76 75 3942 5416 1 0x0 4286], CHARGE[4490 600 0 0], WIRED[1 450 4853 500 1 0x0 0 0 0 2 0], WIRELESS[0 0 0 0 0 0x0 0 0 0], VOOC[0 0 0 0 0x0], UFCS[0 0 0 0x0], COMMON[6 0 0 0x0 1 0 1 5416 100 0]
09-25 23:05:39.415  9781  9781 I         : [INFO]: OPLUS_CHG[ADSP]([oplus_chg_8350_reg_dump][7390]): sm8450_st_dump: [chg_en=1, suspend=0, pd_svooc=0], subtype=0x01],[oplus_UsbCommCapable=0, oplus_pd_svooc=0, typec_mode=0, cid_status=0x01, usb_in_status=1],[0x2606=0x83, 0x2607=0x19, 0x2608=0x0a, 0x2609=0x02], [0x260a=0x04, 0x260b=0x59, 0x260c=0x0a, 0x260d=0x18], [0x260e=0x0a, 0x260f=0x01, 0x2610=0x00, 0x2640=0x01], [0x2641=0x02, 0x2642=0x05, 0x2646=0x01, 0x2650=0x03], [0x2706=0x0a, 0x2707=0x0a, 0x2708=0x0a, 0x2709=0x0a], [0x270b=0xe2, 0x270c=0x48, 0x2710=0xc0, 0x280c=0x38], [0x2810=0x00, 0x2840=0x01, 0x287f=0x00, 0x2906=0x02], [0x2908=0x0f, 0x290a=0x11, 0x290b=0x01, 0x290c=0x01], [0x2910=0x11, 0x2944=0x80, 0x2950=0x02, 0x2951=0x01], [0x2952=0x0a, 0x2954=0x00, 0x2960=0xe0, 0x2b06=0x08], [0x2b07=0x00, 0x2b08=0x00, 0x2b09=0x63, 0x2b0a=0x19], [0x2b0b=0x29, 0x2b0c=0x00, 0x29a8=0x81, 0x29a9=0x83], [0x29aa=0x00, 0x2aa2=0x00, 0x2aa8=0x87, 0x2aa9=0x00], [0x2aaa=0x00],
09-25 23:05:40.408  9781  9781 I         : [OFP][0][INFO][oplus_get_doze_disable_time:3679]oplus_get_doze_disable_time=0
09-25 23:05:40.408  9781  9781 W [drm] [msm-dsi-warn]: dsi_display_check_status,time_gap=-95546868
09-25 23:05:40.476   950   950 I logd    : logdr: UID=2000 GID=2000 PID=12123 n tail=60 logMask=99 pid=0 start=0ns deadline=0ns
09-25 23:05:42.052   950   950 I logd    : logdr: UID=2000 GID=2000 PID=12129 n tail=60 logMask=99 pid=0 start=0ns deadline=0ns
09-25 23:05:43.627   950   950 I logd    : logdr: UID=2000 GID=2000 PID=12134 n tail=60 logMask=99 pid=0 start=0ns deadline=0ns
09-25 23:05:43.720 30787 30787 E iostack : irqs = 17686112, self-block = 0
09-25 23:05:44.516  2463  2463 I         : [INFO]: OPLUS_CHG[CHG_COMM]([oplus_comm_smooth_to_soc][3416]): soc[0 2 73 73 75 76] avg[1 1 0 0 0] fifo[75 75 75 75]
09-25 23:05:44.524 10711 10711 I         : [INFO]: OPLUS_CHG[TRACK]([oplus_chg_track_cal_no_charging_stats_new][6797]): chg_no_charging_cnt=1031s, no_chg_time=1056s, delta_time=6s
09-25 23:05:44.532 10711 10711 I OPLUS_CHG[oplus_charge_info]: BATTERY[323 323 4059 4059 1108 73 76 75 3940 5416 1 0x0 4284], CHARGE[4490 600 0 0], WIRED[1 453 4859 500 1 0x0 0 0 0 2 0], WIRELESS[0 0 0 0 0 0x0 0 0 0], VOOC[0 0 0 0 0x0], UFCS[0 0 0 0x0], COMMON[6 0 0 0x0 1 0 1 5416 100 0]
09-25 23:05:44.534 10711 10711 I         : [INFO]: OPLUS_CHG[ADSP]([oplus_chg_8350_reg_dump][7390]): sm8450_st_dump: [chg_en=1, suspend=0, pd_svooc=0], subtype=0x01],[oplus_UsbCommCapable=0, oplus_pd_svooc=0, typec_mode=0, cid_status=0x01, usb_in_status=1],[0x2606=0x83, 0x2607=0x19, 0x2608=0x0a, 0x2609=0x02], [0x260a=0x04, 0x260b=0x59, 0x260c=0x0a, 0x260d=0x18], [0x260e=0x0a, 0x260f=0x01, 0x2610=0x00, 0x2640=0x01], [0x2641=0x02, 0x2642=0x05, 0x2646=0x01, 0x2650=0x03], [0x2706=0x0a, 0x2707=0x0a, 0x2708=0x0a, 0x2709=0x0a], [0x270b=0xe2, 0x270c=0x48, 0x2710=0xc0, 0x280c=0x38], [0x2810=0x00, 0x2840=0x01, 0x287f=0x00, 0x2906=0x02], [0x2908=0x0f, 0x290a=0x11, 0x290b=0x01, 0x290c=0x01], [0x2910=0x11, 0x2944=0x80, 0x2950=0x02, 0x2951=0x01], [0x2952=0x0a, 0x2954=0x00, 0x2960=0xe0, 0x2b06=0x08], [0x2b07=0x00, 0x2b08=0x00, 0x2b09=0x63, 0x2b0a=0x19], [0x2b0b=0x29, 0x2b0c=0x00, 0x29a8=0x81, 0x29a9=0x83], [0x29aa=0x00, 0x2aa2=0x00, 0x2aa8=0x87, 0x2aa9=0x00], [0x2aaa=0x00],
09-25 23:05:45.237   950   950 I logd    : logdr: UID=2000 GID=2000 PID=12139 n tail=60 logMask=99 pid=0 start=0ns deadline=0ns
09-25 23:05:45.512 10711 10711 I         : [OFP][0][INFO][oplus_get_doze_disable_time:3679]oplus_get_doze_disable_time=0
09-25 23:05:45.512 10711 10711 W [drm] [msm-dsi-warn]: dsi_display_check_status,time_gap=-90442809
09-25 23:05:46.819   950   950 I logd    : logdr: UID=2000 GID=2000 PID=12144 n tail=60 logMask=99 pid=0 start=0ns deadline=0ns
09-25 23:05:48.405   950   950 I logd    : logdr: UID=2000 GID=2000 PID=12150 n tail=60 logMask=99 pid=0 start=0ns deadline=0ns
09-25 23:05:48.532  7138  7138 E gsi soc : qcom,msm_gsi: gsi_stop_channel:3688 chan=1 busy try again
09-25 23:05:48.534  7138  7138 E gsi soc : qcom,msm_gsi: gsi_stop_channel:3688 chan=14 busy try again
09-25 23:05:49.635  2463  2463 I         : [INFO]: OPLUS_CHG[CHG_COMM]([oplus_comm_smooth_to_soc][3416]): soc[0 2 73 73 75 76] avg[2 1 0 0 0] fifo[75 75 75 75]
09-25 23:05:49.643  6718  6718 I         : [INFO]: OPLUS_CHG[TRACK]([oplus_chg_track_cal_no_charging_stats_new][6797]): chg_no_charging_cnt=1036s, no_chg_time=1061s, delta_time=5s
09-25 23:05:49.650  6718  6718 I OPLUS_CHG[oplus_charge_info]: BATTERY[324 323 4058 4058 1099 73 76 75 3939 5416 1 0x0 4283], CHARGE[4490 600 0 0], WIRED[1 450 4842 500 1 0x0 0 0 0 2 0], WIRELESS[0 0 0 0 0 0x0 0 0 0], VOOC[0 0 0 0 0x0], UFCS[0 0 0 0x0], COMMON[6 0 0 0x0 1 0 1 5416 100 0]
09-25 23:05:49.652  6718  6718 I         : [INFO]: OPLUS_CHG[ADSP]([oplus_chg_8350_reg_dump][7390]): sm8450_st_dump: [chg_en=1, suspend=0, pd_svooc=0], subtype=0x01],[oplus_UsbCommCapable=0, oplus_pd_svooc=0, typec_mode=0, cid_status=0x01, usb_in_status=1],[0x2606=0x83, 0x2607=0x19, 0x2608=0x0a, 0x2609=0x02], [0x260a=0x04, 0x260b=0x59, 0x260c=0x0a, 0x260d=0x18], [0x260e=0x0a, 0x260f=0x01, 0x2610=0x00, 0x2640=0x01], [0x2641=0x02, 0x2642=0x05, 0x2646=0x01, 0x2650=0x03], [0x2706=0x0a, 0x2707=0x0a, 0x2708=0x0a, 0x2709=0x0a], [0x270b=0xe2, 0x270c=0x48, 0x2710=0xc0, 0x280c=0x38], [0x2810=0x00, 0x2840=0x01, 0x287f=0x00, 0x2906=0x02], [0x2908=0x0f, 0x290a=0x11, 0x290b=0x01, 0x290c=0x01], [0x2910=0x11, 0x2944=0x80, 0x2950=0x02, 0x2951=0x01], [0x2952=0x0a, 0x2954=0x00, 0x2960=0xe0, 0x2b06=0x08], [0x2b07=0x00, 0x2b08=0x00, 0x2b09=0x63, 0x2b0a=0x19], [0x2b0b=0x29, 0x2b0c=0x00, 0x29a8=0x81, 0x29a9=0x83], [0x29aa=0x00, 0x2aa2=0x00, 0x2aa8=0x87, 0x2aa9=0x00], [0x2aaa=0x00],
09-25 23:05:49.999   950   950 I logd    : logdr: UID=2000 GID=2000 PID=12156 n tail=60 logMask=99 pid=0 start=0ns deadline=0ns
09-25 23:05:50.632  6718  6718 I         : [OFP][0][INFO][oplus_get_doze_disable_time:3679]oplus_get_doze_disable_time=0
09-25 23:05:50.632  6718  6718 W [drm] [msm-dsi-warn]: dsi_display_check_status,time_gap=-85322837
09-25 23:05:51.583   950   950 I logd    : logdr: UID=2000 GID=2000 PID=12161 n tail=60 logMask=99 pid=0 start=0ns deadline=0ns
09-25 23:05:51.712   867   867 I servicemanager: Caller(pid=12166,uid=2000,sid=u:r:shell:s0) Found android.hardware.graphics.allocator.IAllocator/default in device VINTF manifest.
09-25 23:05:51.757   867   867 I servicemanager: Caller(pid=12166,uid=2000,sid=u:r:shell:s0) Found android.hardware.graphics.allocator.IAllocator/default in device VINTF manifest.
09-25 23:05:53.960 30787 30787 E iostack : irqs = 17686136, self-block = 0
09-25 23:05:54.754  1941  1941 I         : [INFO]: OPLUS_CHG[CHG_COMM]([oplus_comm_smooth_to_soc][3416]): soc[0 2 73 73 75 76] avg[3 1 0 0 0] fifo[75 75 75 75]
09-25 23:05:54.762  9480  9480 I         : [INFO]: OPLUS_CHG[TRACK]([oplus_chg_track_cal_no_charging_stats_new][6797]): chg_no_charging_cnt=1041s, no_chg_time=1066s, delta_time=5s
09-25 23:05:54.769  9480  9480 I OPLUS_CHG[oplus_charge_info]: BATTERY[324 324 4056 4056 1117 73 76 75 3937 5416 1 0x0 4281], CHARGE[4490 600 0 0], WIRED[1 453 4860 500 1 0x0 0 0 0 2 0], WIRELESS[0 0 0 0 0 0x0 0 0 0], VOOC[0 0 0 0 0x0], UFCS[0 0 0 0x0], COMMON[6 0 0 0x0 1 0 1 5416 100 0]
09-25 23:05:54.771  9480  9480 I         : [INFO]: OPLUS_CHG[ADSP]([oplus_chg_8350_reg_dump][7390]): sm8450_st_dump: [chg_en=1, suspend=0, pd_svooc=0], subtype=0x01],[oplus_UsbCommCapable=0, oplus_pd_svooc=0, typec_mode=0, cid_status=0x01, usb_in_status=1],[0x2606=0x83, 0x2607=0x19, 0x2608=0x0a, 0x2609=0x02], [0x260a=0x04, 0x260b=0x59, 0x260c=0x0a, 0x260d=0x18], [0x260e=0x0a, 0x260f=0x01, 0x2610=0x00, 0x2640=0x01], [0x2641=0x02, 0x2642=0x05, 0x2646=0x01, 0x2650=0x03], [0x2706=0x0a, 0x2707=0x0a, 0x2708=0x0a, 0x2709=0x0a], [0x270b=0xe2, 0x270c=0x48, 0x2710=0xc0, 0x280c=0x38], [0x2810=0x00, 0x2840=0x01, 0x287f=0x00, 0x2906=0x02], [0x2908=0x0f, 0x290a=0x11, 0x290b=0x01, 0x290c=0x01], [0x2910=0x11, 0x2944=0x80, 0x2950=0x02, 0x2951=0x01], [0x2952=0x0a, 0x2954=0x00, 0x2960=0xe0, 0x2b06=0x08], [0x2b07=0x00, 0x2b08=0x00, 0x2b09=0x63, 0x2b0a=0x19], [0x2b0b=0x29, 0x2b0c=0x00, 0x29a8=0x81, 0x29a9=0x83], [0x29aa=0x00, 0x2aa2=0x00, 0x2aa8=0x87, 0x2aa9=0x00], [0x2aaa=0x00],
09-25 23:05:55.752  6718  6718 I         : [OFP][0][INFO][oplus_get_doze_disable_time:3679]oplus_get_doze_disable_time=0
09-25 23:05:55.752  6718  6718 W [drm] [msm-dsi-warn]: dsi_display_check_status,time_gap=-80202815
09-25 23:05:59.821   867   867 I servicemanager: Caller(pid=12665,uid=2000,sid=u:r:shell:s0) Found android.hardware.graphics.allocator.IAllocator/default in device VINTF manifest.
09-25 23:05:59.862   867   867 I servicemanager: Caller(pid=12665,uid=2000,sid=u:r:shell:s0) Found android.hardware.graphics.allocator.IAllocator/default in device VINTF manifest.
09-25 23:05:59.875  1941  1941 I         : [INFO]: OPLUS_CHG[CHG_COMM]([oplus_comm_smooth_to_soc][3416]): soc[0 2 73 73 75 76] avg[0 1 0 0 0] fifo[75 75 75 75]
09-25 23:05:59.882  9482  9482 I         : [INFO]: OPLUS_CHG[TRACK]([oplus_chg_track_cal_no_charging_stats_new][6797]): chg_no_charging_cnt=1046s, no_chg_time=1071s, delta_time=5s
09-25 23:05:59.889  9482  9482 I OPLUS_CHG[oplus_charge_info]: BATTERY[325 324 4053 4053 1279 73 76 75 3935 5416 1 0x0 4279], CHARGE[4490 600 0 0], WIRED[1 453 4857 500 1 0x0 0 0 0 2 0], WIRELESS[0 0 0 0 0 0x0 0 0 0], VOOC[0 0 0 0 0x0], UFCS[0 0 0 0x0], COMMON[6 0 0 0x0 1 0 1 5416 100 0]
09-25 23:05:59.892  9482  9482 I         : [INFO]: OPLUS_CHG[ADSP]([oplus_chg_8350_reg_dump][7390]): sm8450_st_dump: [chg_en=1, suspend=0, pd_svooc=0], subtype=0x01],[oplus_UsbCommCapable=0, oplus_pd_svooc=0, typec_mode=0, cid_status=0x01, usb_in_status=1],[0x2606=0x83, 0x2607=0x19, 0x2608=0x0a, 0x2609=0x02], [0x260a=0x04, 0x260b=0x59, 0x260c=0x0a, 0x260d=0x18], [0x260e=0x0a, 0x260f=0x01, 0x2610=0x00, 0x2640=0x01], [0x2641=0x02, 0x2642=0x05, 0x2646=0x01, 0x2650=0x03], [0x2706=0x0a, 0x2707=0x0a, 0x2708=0x0a, 0x2709=0x0a], [0x270b=0xe2, 0x270c=0x48, 0x2710=0xc0, 0x280c=0x38], [0x2810=0x00, 0x2840=0x01, 0x287f=0x00, 0x2906=0x02], [0x2908=0x0f, 0x290a=0x11, 0x290b=0x01, 0x290c=0x01], [0x2910=0x11, 0x2944=0x80, 0x2950=0x02, 0x2951=0x01], [0x2952=0x0a, 0x2954=0x00, 0x2960=0xe0, 0x2b06=0x08], [0x2b07=0x00, 0x2b08=0x00, 0x2b09=0x63, 0x2b0a=0x19], [0x2b0b=0x29, 0x2b0c=0x00, 0x29a8=0x81, 0x29a9=0x83], [0x29aa=0x00, 0x2aa2=0x00, 0x2aa8=0x87, 0x2aa9=0x00], [0x2aaa=0x00],
09-25 23:06:00.872  6718  6718 I         : [OFP][0][INFO][oplus_get_doze_disable_time:3679]oplus_get_doze_disable_time=0
09-25 23:06:00.872  6718  6718 W [drm] [msm-dsi-warn]: dsi_display_check_status,time_gap=-75082732
09-25 23:06:01.715   867   867 I servicemanager: Caller(pid=2866,uid=1000,sid=u:r:system_server:s0) Since 'artd' could not be found trying to start it as a lazy AIDL service. (if it's not configured to be a lazy service, it may be stuck starting or still starting).
09-25 23:06:01.716     1     1 I init    : starting service 'artd'...
09-25 23:06:01.722     1     1 I init    : ... started service 'artd' has pid 12728
09-25 23:06:01.722     1     1 I init    : Control message: Processed ctl.interface_start for 'aidl/artd' from pid: 867 (/system/bin/servicemanager)
09-25 23:06:01.765   867   867 I servicemanager: Notifying artd they do (previously: don't) have clients when service is guaranteed to be in use
09-25 23:06:04.200 30787 30787 E iostack : irqs = 17703698, self-block = 0
09-25 23:06:04.995  1941  1941 I         : [INFO]: OPLUS_CHG[CHG_COMM]([oplus_comm_smooth_to_soc][3416]): soc[0 2 73 73 75 76] avg[1 1 0 0 0] fifo[75 75 75 75]
09-25 23:06:05.006 29275 29275 I         : [INFO]: OPLUS_CHG[TRACK]([oplus_chg_track_cal_no_charging_stats_new][6797]): chg_no_charging_cnt=1051s, no_chg_time=1076s, delta_time=5s
09-25 23:06:05.014 29275 29275 I OPLUS_CHG[oplus_charge_info]: BATTERY[325 325 4024 4024 1765 73 76 75 3933 5416 1 0x0 4277], CHARGE[4490 600 0 0], WIRED[1 453 4857 500 1 0x0 0 0 0 2 0], WIRELESS[0 0 0 0 0 0x0 0 0 0], VOOC[0 0 0 0 0x0], UFCS[0 0 0 0x0], COMMON[6 0 0 0x0 1 0 1 5416 100 0]
09-25 23:06:05.016 29275 29275 I         : [INFO]: OPLUS_CHG[ADSP]([oplus_chg_8350_reg_dump][7390]): sm8450_st_dump: [chg_en=1, suspend=0, pd_svooc=0], subtype=0x01],[oplus_UsbCommCapable=0, oplus_pd_svooc=0, typec_mode=0, cid_status=0x01, usb_in_status=1],[0x2606=0x83, 0x2607=0x19, 0x2608=0x0a, 0x2609=0x02], [0x260a=0x04, 0x260b=0x59, 0x260c=0x0a, 0x260d=0x18], [0x260e=0x0a, 0x260f=0x01, 0x2610=0x00, 0x2640=0x01], [0x2641=0x02, 0x2642=0x05, 0x2646=0x01, 0x2650=0x03], [0x2706=0x0a, 0x2707=0x0a, 0x2708=0x0a, 0x2709=0x0a], [0x270b=0xe2, 0x270c=0x48, 0x2710=0xc0, 0x280c=0x38], [0x2810=0x00, 0x2840=0x01, 0x287f=0x00, 0x2906=0x02], [0x2908=0x0f, 0x290a=0x11, 0x290b=0x01, 0x290c=0x01], [0x2910=0x11, 0x2944=0x80, 0x2950=0x02, 0x2951=0x01], [0x2952=0x0a, 0x2954=0x00, 0x2960=0xe0, 0x2b06=0x08], [0x2b07=0x00, 0x2b08=0x00, 0x2b09=0x63, 0x2b0a=0x19], [0x2b0b=0x29, 0x2b0c=0x00, 0x29a8=0x81, 0x29a9=0x83], [0x29aa=0x00, 0x2aa2=0x00, 0x2aa8=0x87, 0x2aa9=0x00], [0x2aaa=0x00],
09-25 23:06:05.992  6718  6718 I         : [OFP][0][INFO][oplus_get_doze_disable_time:3679]oplus_get_doze_disable_time=0
09-25 23:06:05.992  6718  6718 W [drm] [msm-dsi-warn]: dsi_display_check_status,time_gap=-69962452
09-25 23:06:06.389   950   950 I logd    : logdr: UID=2000 GID=2000 PID=12746 n tail=0 logMask=99 pid=9962 start=0ns deadline=0ns
09-25 23:06:08.536  9581  9581 E gsi soc : qcom,msm_gsi: gsi_stop_channel:3688 chan=1 busy try again
09-25 23:06:08.538  9581  9581 E gsi soc : qcom,msm_gsi: gsi_stop_channel:3688 chan=14 busy try again
09-25 23:06:08.716   950   950 I logd    : logdr: UID=2000 GID=2000 PID=12789 n tail=0 logMask=10 pid=0 start=0ns deadline=0ns
09-25 23:06:08.738   950   950 I logd    : logdr: UID=2000 GID=2000 PID=12792 n tail=5000 logMask=9 pid=0 start=0ns deadline=0ns
09-25 23:06:08.813   950   950 I logd    : logdr: UID=2000 GID=2000 PID=12795 n tail=2000 logMask=4 pid=0 start=0ns deadline=0ns
