[*] Collecting from d30a1726 -> docs/benchmarks/evidence-e07-phase7-8-prod-qualified
[*] Files:
 
activity-state.txt 57K
battery.txt 744
cache-ls.txt 738
cache-RPCSX.log 1.7M
cache-RPCSX.old.log 3.1K
cache-TTY.log 7.7K
device_screen_combat.png 2.5M
device_screen.png 4.3M
dropbox.txt 0
exit-info.txt 5.7K
get-samba-logs.out 96
input-state.txt 114
logcat-crash.log 0
logcat-events.log 273K
logcat-host-stream.log 23M
logcat-kernel.log 75K
logcat-prior-crash-buffer.log 3.5M
logcat-process.log 47K
logcat-sambas3.txt 15K
logcat-tail.log 676K
logs-ls.txt 466
manifest.txt 283
meminfo.txt 3.5K
process-maps.txt 55
proc-meminfo.txt 1.3K
pstore.txt 4
rpcsx_app.log 6.6M
rpcsx_app.log.1 11M
rpcsx_backend.log 11M
rpcsx_backend.log.1 26M
rpcsx_vulkan.log 4.1K
surfaceflinger.txt 82K
thermal.txt 8.9K
threads-affinity.txt 16K
threads-names.txt 2.7K
threads-top.txt 13K
tombstone-anr-ls.txt 300
window-state.txt 61K

--- Current core log: sync, GPU, crash, and boot evidence (not stale app rotations) ---
docs/benchmarks/evidence-e07-phase7-8-prod-qualified/cache-RPCSX.log:1338:·! 0:00:15.002844 {TID: 500297675456} RSX: Vulkan: Renderer initialized on device 'Turnip Adreno (TM) 750'
docs/benchmarks/evidence-e07-phase7-8-prod-qualified/cache-RPCSX.log:17675:·! 0:01:52.626258 {RSX [0x048b614]} RSX: S3VKSYNC domain=host backend=gpu_label reason=android gpu=Turnip Adreno (TM) 750 driver=turnip Mesa driver driver_vendor=0

--- Backend FATAL/Access violation (backend + rotated, last 30) ---
(none)

--- Frontend/JNI errors (app log + rotated, last 20) ---
64567:[09-17 18:21:35.501] I/S3EXIT: event=CLEAN_STOP sessionId=1789649052362-2bad7cba activityInstanceId=1 stopRequestId=1 stopReason=InGameExit finishReason=ExplicitExit activeGame=direct_iso/BCUS98125 nativeState=Stopped journalState=CLEAN_STOP pendingRecovery=none fatalEventId=none timestamp=1789649495501
64568:[09-17 18:21:35.502] I/S3EXIT: event=activeGame-null sessionId=1789649052362-2bad7cba activityInstanceId=1 stopRequestId=1 stopReason=InGameExit finishReason=ExplicitExit activeGame=null nativeState=Stopped journalState=CLEAN_STOP pendingRecovery=none fatalEventId=none timestamp=1789649495502
64571:[09-17 18:21:35.502] I/S3EXIT: event=finish-external-stop sessionId=1789649052362-2bad7cba activityInstanceId=1 stopRequestId=1 stopReason=InGameExit finishReason=ExplicitExit activeGame=null nativeState=Stopped journalState=CLEAN_STOP pendingRecovery=none fatalEventId=none timestamp=1789649495502
64587:[09-17 18:21:36.080] I/S3EXIT: event=host-unregistered sessionId=1789649052362-2bad7cba activityInstanceId=1 stopRequestId=1 stopReason=InGameExit finishReason=ExplicitExit activeGame=null nativeState=Stopped journalState=CLEAN_STOP pendingRecovery=none fatalEventId=none timestamp=1789649496080
89099:[09-23 19:47:42.575] I/S3EXIT: event=requested sessionId=1790172723487-88bfe318 activityInstanceId=1 stopRequestId=1 stopReason=InGameExit finishReason=ExplicitExit activeGame=direct_iso/BCUS98111 nativeState=reading journalState=RUNNING pendingRecovery=none fatalEventId=none timestamp=1790173062575
89104:[09-23 19:47:42.582] I/S3EXIT: event=STOPPING sessionId=1790172723487-88bfe318 activityInstanceId=1 stopRequestId=1 stopReason=InGameExit finishReason=ExplicitExit activeGame=direct_iso/BCUS98111 nativeState=Paused journalState=STOPPING pendingRecovery=none fatalEventId=none timestamp=1790173062582
89142:[09-23 19:47:45.413] I/S3EXIT: event=native-Stopped sessionId=1790172723487-88bfe318 activityInstanceId=1 stopRequestId=1 stopReason=InGameExit finishReason=ExplicitExit activeGame=direct_iso/BCUS98111 nativeState=Stopped journalState=STOPPING pendingRecovery=none fatalEventId=none timestamp=1790173065413
89145:[09-23 19:47:45.488] I/S3EXIT: event=CLEAN_STOP sessionId=1790172723487-88bfe318 activityInstanceId=1 stopRequestId=1 stopReason=InGameExit finishReason=ExplicitExit activeGame=direct_iso/BCUS98111 nativeState=Stopped journalState=CLEAN_STOP pendingRecovery=none fatalEventId=none timestamp=1790173065488
89146:[09-23 19:47:45.489] I/S3EXIT: event=activeGame-null sessionId=1790172723487-88bfe318 activityInstanceId=1 stopRequestId=1 stopReason=InGameExit finishReason=ExplicitExit activeGame=null nativeState=Stopped journalState=CLEAN_STOP pendingRecovery=none fatalEventId=none timestamp=1790173065489
89149:[09-23 19:47:45.489] I/S3EXIT: event=finish-external-stop sessionId=1790172723487-88bfe318 activityInstanceId=1 stopRequestId=1 stopReason=InGameExit finishReason=ExplicitExit activeGame=null nativeState=Stopped journalState=CLEAN_STOP pendingRecovery=none fatalEventId=none timestamp=1790173065489
89164:[09-23 19:47:46.140] I/S3EXIT: event=host-unregistered sessionId=1790172723487-88bfe318 activityInstanceId=1 stopRequestId=1 stopReason=InGameExit finishReason=ExplicitExit activeGame=null nativeState=Stopped journalState=CLEAN_STOP pendingRecovery=none fatalEventId=none timestamp=1790173066140
93731:[09-24 23:26:28.529] I/S3EXIT: event=requested sessionId=1790272444569-3b3299e6 activityInstanceId=2 stopRequestId=1 stopReason=InGameExit finishReason=ExplicitExit activeGame=direct_iso/BCUS98111 nativeState=reading journalState=RUNNING pendingRecovery=none fatalEventId=none timestamp=1790272588529
93736:[09-24 23:26:28.541] I/S3EXIT: event=STOPPING sessionId=1790272444569-3b3299e6 activityInstanceId=2 stopRequestId=1 stopReason=InGameExit finishReason=ExplicitExit activeGame=direct_iso/BCUS98111 nativeState=Paused journalState=STOPPING pendingRecovery=none fatalEventId=none timestamp=1790272588541
110580:[] I/OTHER: ·F 0:00:36.731034 {SPU Worker 1} SIG: Thread terminated due to fatal error: LLVM Emergency Exit Invoked: 'Error while trying to spill X8 from class GPR64: Cannot scavenge register without an emergency spill slot!'
117258:[09-25 09:38:42.575] I/S3EXIT: event=fatal sessionId=1790309039822-940fd0bd activityInstanceId=1 fatalEventId=fatal-1790309322571-1 stopReason=frame-timeout no-produced-frame-for=240729ms presented=7 state=Running surface_gen=1 timestamp=1790309322571
134022:[] I/OTHER: ·F 0:06:44.809850 {SPU Worker 1} SIG: Thread terminated due to fatal error: LLVM Emergency Exit Invoked: 'Error while trying to spill X8 from class GPR64: Cannot scavenge register without an emergency spill slot!'
140214:[09-25 10:00:20.550] I/S3EXIT: event=requested sessionId=1790310537854-bebfbb5c activityInstanceId=1 stopRequestId=1 stopReason=InGameExit finishReason=ExplicitExit activeGame=direct_iso/BCUS98111 nativeState=reading journalState=RUNNING pendingRecovery=none fatalEventId=none timestamp=1790310620550
140220:[09-25 10:00:20.562] I/S3EXIT: event=STOPPING sessionId=1790310537854-bebfbb5c activityInstanceId=1 stopRequestId=1 stopReason=InGameExit finishReason=ExplicitExit activeGame=direct_iso/BCUS98111 nativeState=Paused journalState=STOPPING pendingRecovery=none fatalEventId=none timestamp=1790310620562
140284:[09-25 10:01:20.693] I/S3EXIT: journal=FAILED session=1790310537854-bebfbb5c stopRequestId=1 stopReason=InGameExit fatalEventId=none timestamp=1790310680678
157227:[] I/OTHER: ·F 0:00:38.072839 {SPU Worker 4} SIG: Thread terminated due to fatal error: LLVM Emergency Exit Invoked: 'Error while trying to spill X8 from class GPR64: Cannot scavenge register without an emergency spill slot!'

--- Vulkan errors (vulkan + rotated, last 30) ---
(none)

--- RSX sleepy (last 20) ---
17435:[] I/RPCSX_BACKEND: ·E 0:05:41.358957 {Emulation Join Thread} SIG: Thread [rsx::thread] is too sleepy. Waiting for it 18272.708us already!
17437:[] I/RPCSX_BACKEND: ·E 0:05:41.376084 {Emulation Join Thread} SIG: Thread [rsx::thread] is too sleepy. Waiting for it 35399.062us already!
17439:[] I/RPCSX_BACKEND: ·E 0:05:41.410155 {Emulation Join Thread} SIG: Thread [rsx::thread] is too sleepy. Waiting for it 69470.990us already!
17441:[] I/RPCSX_BACKEND: ·E 0:05:41.479346 {Emulation Join Thread} SIG: Thread [rsx::thread] is too sleepy. Waiting for it 138660.990us already!
17444:[09-25 10:36:53.811] E/RPCS3: Thread [rsx::thread] is too sleepy. Waiting for it 281079.688us already!
17449:[] I/RPCSX_BACKEND: ·E 0:05:41.621767 {Emulation Join Thread} SIG: Thread [rsx::thread] is too sleepy. Waiting for it 281079.688us already!
17454:[09-25 10:36:54.110] E/RPCS3: Thread [rsx::thread] is too sleepy. Waiting for it 580795.469us already!
17472:[] I/RPCSX_BACKEND: ·E 0:05:41.921481 {Emulation Join Thread} SIG: Thread [rsx::thread] is too sleepy. Waiting for it 580795.469us already!
21473:[09-25 10:37:12.302] E/RPCS3: Thread [rsx::thread] is too sleepy. Waiting for it 18078.594us already!
21476:[09-25 10:37:12.320] E/RPCS3: Thread [rsx::thread] is too sleepy. Waiting for it 35737.292us already!
21478:[09-25 10:37:12.358] E/RPCS3: Thread [rsx::thread] is too sleepy. Waiting for it 74384.844us already!
21488:[] I/RPCSX_BACKEND: ·E 0:06:00.113293 {Emulation Join Thread} SIG: Thread [rsx::thread] is too sleepy. Waiting for it 18078.594us already!
21491:[] I/RPCSX_BACKEND: ·E 0:06:00.130952 {Emulation Join Thread} SIG: Thread [rsx::thread] is too sleepy. Waiting for it 35737.292us already!
21493:[] I/RPCSX_BACKEND: ·E 0:06:00.169600 {Emulation Join Thread} SIG: Thread [rsx::thread] is too sleepy. Waiting for it 74384.844us already!
21495:[09-25 10:37:12.428] E/RPCS3: Thread [rsx::thread] is too sleepy. Waiting for it 143516.094us already!
21499:[09-25 10:37:12.567] E/RPCS3: Thread [rsx::thread] is too sleepy. Waiting for it 282930.260us already!
21505:[] I/RPCSX_BACKEND: ·E 0:06:00.238732 {Emulation Join Thread} SIG: Thread [rsx::thread] is too sleepy. Waiting for it 143516.094us already!
21509:[] I/RPCSX_BACKEND: ·E 0:06:00.378147 {Emulation Join Thread} SIG: Thread [rsx::thread] is too sleepy. Waiting for it 282930.260us already!
21516:[09-25 10:37:12.867] E/RPCS3: Thread [rsx::thread] is too sleepy. Waiting for it 582765.990us already!
21524:[] I/RPCSX_BACKEND: ·E 0:06:00.677982 {Emulation Join Thread} SIG: Thread [rsx::thread] is too sleepy. Waiting for it 582765.990us already!

--- Crash buffer (last 20) ---
(empty crash buffer)

--- Exit-info summary ---
          process=com.zenithblue.sambas3 reason=13 (OTHER KILLS BY SYSTEM) subreason=11 (KILL UID) status=0
          importance=100 pss=0.00 rss=367MB description=MANAGE_EXTERNAL_STORAGE changed. state=empty trace=null
        ApplicationExitInfo #1:
          timestamp=2026-09-26 07:20:32.617 pid=14878 realUid=10463 packageUid=10463 definingUid=10463 user=0
          process=com.zenithblue.sambas3 reason=3 (LOW_MEMORY) subreason=0 (UNKNOWN) status=0
          importance=100 pss=0.00 rss=2.1GB description=depends on provider com.android.externalstorage/.ExternalStorageProvider in dying proc com.android.externalstorage (adj -10000) state=empty trace=null
        ApplicationExitInfo #2:
          timestamp=2026-09-26 07:12:24.367 pid=9574 realUid=10463 packageUid=10463 definingUid=10463 user=0
          process=com.zenithblue.sambas3 reason=16 (PACKAGE UPDATED) subreason=0 (UNKNOWN) status=0
          importance=100 pss=0.00 rss=0.00 description=stop com.zenithblue.sambas3 due to installPackageLI state=empty trace=null
        ApplicationExitInfo #3:
          timestamp=2026-09-26 07:01:13.978 pid=9227 realUid=10463 packageUid=10463 definingUid=10463 user=0
          process=com.zenithblue.sambas3 reason=2 (SIGNALED) subreason=0 (UNKNOWN) status=11
          importance=100 pss=0.00 rss=0.98GB description=null state=empty trace=null
        ApplicationExitInfo #4:
          timestamp=2026-09-26 07:00:49.025 pid=6696 realUid=10463 packageUid=10463 definingUid=10463 user=0
          process=com.zenithblue.sambas3 reason=2 (SIGNALED) subreason=0 (UNKNOWN) status=11
          importance=100 pss=0.00 rss=408MB description=null state=empty trace=null
        ApplicationExitInfo #5:
          timestamp=2026-09-26 06:57:35.574 pid=6948 realUid=10463 packageUid=10463 definingUid=10463 user=0
          process=com.zenithblue.sambas3:ppu_compile reason=2 (SIGNALED) subreason=0 (UNKNOWN) status=9
          importance=100 pss=0.00 rss=0.00 description=null state=empty trace=null
        ApplicationExitInfo #6:
          timestamp=2026-09-26 06:57:34.545 pid=6801 realUid=10463 packageUid=10463 definingUid=10463 user=0
          process=com.zenithblue.sambas3:ppu_compile reason=2 (SIGNALED) subreason=0 (UNKNOWN) status=9
          importance=100 pss=0.00 rss=0.00 description=null state=empty trace=null
        ApplicationExitInfo #7:
          timestamp=2026-09-26 02:13:52.477 pid=25399 realUid=10463 packageUid=10463 definingUid=10463 user=0
          process=com.zenithblue.sambas3:ppu_compile reason=16 (PACKAGE UPDATED) subreason=0 (UNKNOWN) status=0
          importance=100 pss=0.00 rss=453MB description=stop com.zenithblue.sambas3 due to installPackageLI state=empty trace=null
        ApplicationExitInfo #8:
          timestamp=2026-09-26 02:13:52.462 pid=18786 realUid=10463 packageUid=10463 definingUid=10463 user=0
          process=com.zenithblue.sambas3 reason=16 (PACKAGE UPDATED) subreason=0 (UNKNOWN) status=0
          importance=100 pss=0.00 rss=1.1GB description=stop com.zenithblue.sambas3 due to installPackageLI state=empty trace=null
        ApplicationExitInfo #9:
          timestamp=2026-09-26 02:13:16.857 pid=24989 realUid=10463 packageUid=10463 definingUid=10463 user=0
          process=com.zenithblue.sambas3:ppu_compile reason=2 (SIGNALED) subreason=0 (UNKNOWN) status=9
          importance=100 pss=0.00 rss=569MB description=null state=empty trace=null
        ApplicationExitInfo #10:
          timestamp=2026-09-26 02:12:19.749 pid=24578 realUid=10463 packageUid=10463 definingUid=10463 user=0

[*] Done: docs/benchmarks/evidence-e07-phase7-8-prod-qualified
