--------- beginning of kernel
09-25 22:13:22.554  1097  1097 I [   info] ts_panel_notifier_callback: Notification type:4, early_trigger:1
09-25 22:13:22.554  1097  1097 I [   info] ts_panel_notifier_callback: shashank:Received fps change old fps:60 new fps:120
09-25 22:13:22.561     0     0 F         : [    C0] kgsl kgsl-3d0: CP: AHB bus error, CP_RL_ERROR_DETAILS_0:0x10008e07 CP_RL_ERROR_DETAILS_1:0x12144
09-25 22:13:22.562  1097  1097 E         : [LCD][0][ERR][oplus_panel_switch_vid_mode:475] oplus_panel_switch_vid_mode not support
09-25 22:13:22.562  1097  1097 I [drm:dsi_display_set_mode [msm_drm]] [msm-dsi-info]: mdp_transfer_time=6290, hactive=1264, vactive=2780, fps=120, h_skew=0, clk_rate=1012000000, h_sync_width=2,				h_front_porch26, h_back_porch=26, v_back_porch=42, v_sync_width=2, v_front_porch=58
09-25 22:13:22.563  1097  1097 I [ADFR][0][INFO][oplus_adfr_fakeframe_status_update:2140]h_active: 1264,refresh_rate:120,h_skew:0,sw_fps:0,fakeframe:0
09-25 22:13:22.566  1097  1097 I         : [LCD][0][INFO][oplus_panel_cmd_print:120] [A0020] dsi_cmd: qcom,mdss-dsi-timing-switch-command, count=8
09-25 22:13:22.567  1097  1097 I [ADFR][0][INFO][oplus_adfr_fakeframe_status_update:2140]h_active: 1264,refresh_rate:120,h_skew:0,sw_fps:0,fakeframe:1
09-25 22:13:22.567  1097  1097 I         : [ADFR][0][INFO][oplus_adfr_status_reset:1851]sa status reset: auto_mode:0,fakeframe:1,sa_min_fps:120
09-25 22:13:22.585  1097  1097 I [   info] ts_panel_notifier_callback: Notification type:4, early_trigger:0
09-25 22:13:22.585  1097  1097 I [   info] ts_panel_notifier_callback: shashank:Received fps change old fps:60 new fps:120
09-25 22:13:22.841   950   950 I logd    : logdr: UID=2000 GID=2000 PID=5221 n tail=60 logMask=99 pid=0 start=0ns deadline=0ns
09-25 22:13:23.955  1097  1097 I [   info] ts_panel_notifier_callback: Notification type:4, early_trigger:1
09-25 22:13:23.955  1097  1097 I [   info] ts_panel_notifier_callback: shashank:Received fps change old fps:120 new fps:60
09-25 22:13:23.960  1097  1097 E         : [LCD][0][ERR][oplus_panel_switch_vid_mode:475] oplus_panel_switch_vid_mode not support
09-25 22:13:23.960  1097  1097 I [drm:dsi_display_set_mode [msm_drm]] [msm-dsi-info]: mdp_transfer_time=6290, hactive=1264, vactive=2780, fps=60, h_skew=1, clk_rate=1012000000, h_sync_width=2,				h_front_porch26, h_back_porch=26, v_back_porch=42, v_sync_width=2, v_front_porch=58
09-25 22:13:23.960  1097  1097 I [ADFR][0][INFO][oplus_adfr_fakeframe_status_update:2140]h_active: 1264,refresh_rate:60,h_skew:1,sw_fps:0,fakeframe:0
09-25 22:13:23.968  1097  1097 I         : [LCD][0][INFO][oplus_panel_cmd_print:120] [A0020] dsi_cmd: qcom,mdss-dsi-timing-switch-command, count=8
09-25 22:13:23.969  1097  1097 I [ADFR][0][INFO][oplus_adfr_fakeframe_status_update:2140]h_active: 1264,refresh_rate:60,h_skew:1,sw_fps:0,fakeframe:0
09-25 22:13:23.969  1097  1097 I         : [ADFR][0][INFO][oplus_adfr_status_reset:1851]sa status reset: auto_mode:0,fakeframe:0,sa_min_fps:60
09-25 22:13:23.985  1097  1097 I [   info] ts_panel_notifier_callback: Notification type:4, early_trigger:0
09-25 22:13:23.985  1097  1097 I [   info] ts_panel_notifier_callback: shashank:Received fps change old fps:120 new fps:60
09-25 22:13:23.996  1097  1097 I [   info] ts_panel_notifier_callback: Notification type:4, early_trigger:1
09-25 22:13:23.996  1097  1097 I [   info] ts_panel_notifier_callback: shashank:Received fps change old fps:60 new fps:120
09-25 22:13:24.010  1097  1097 E         : [LCD][0][ERR][oplus_panel_switch_vid_mode:475] oplus_panel_switch_vid_mode not support
09-25 22:13:24.010  1097  1097 I [drm:dsi_display_set_mode [msm_drm]] [msm-dsi-info]: mdp_transfer_time=6290, hactive=1264, vactive=2780, fps=120, h_skew=0, clk_rate=1012000000, h_sync_width=2,				h_front_porch26, h_back_porch=26, v_back_porch=42, v_sync_width=2, v_front_porch=58
09-25 22:13:24.011  1097  1097 I [ADFR][0][INFO][oplus_adfr_fakeframe_status_update:2140]h_active: 1264,refresh_rate:120,h_skew:0,sw_fps:0,fakeframe:0
09-25 22:13:24.014  1097  1097 I         : [LCD][0][INFO][oplus_panel_cmd_print:120] [A0020] dsi_cmd: qcom,mdss-dsi-timing-switch-command, count=8
09-25 22:13:24.014  1097  1097 I [ADFR][0][INFO][oplus_adfr_fakeframe_status_update:2140]h_active: 1264,refresh_rate:120,h_skew:0,sw_fps:0,fakeframe:1
09-25 22:13:24.014  1097  1097 I         : [ADFR][0][INFO][oplus_adfr_status_reset:1851]sa status reset: auto_mode:0,fakeframe:1,sa_min_fps:120
09-25 22:13:24.033  1097  1097 I [   info] ts_panel_notifier_callback: Notification type:4, early_trigger:0
09-25 22:13:24.033  1097  1097 I [   info] ts_panel_notifier_callback: shashank:Received fps change old fps:60 new fps:120
09-25 22:13:24.412  1097  1097 I [   info] ts_panel_notifier_callback: Notification type:4, early_trigger:1
09-25 22:13:24.412  1097  1097 I [   info] ts_panel_notifier_callback: shashank:Received fps change old fps:120 new fps:60
09-25 22:13:24.415  1097  1097 E         : [LCD][0][ERR][oplus_panel_switch_vid_mode:475] oplus_panel_switch_vid_mode not support
09-25 22:13:24.416  1097  1097 I [drm:dsi_display_set_mode [msm_drm]] [msm-dsi-info]: mdp_transfer_time=6290, hactive=1264, vactive=2780, fps=60, h_skew=1, clk_rate=1012000000, h_sync_width=2,				h_front_porch26, h_back_porch=26, v_back_porch=42, v_sync_width=2, v_front_porch=58
09-25 22:13:24.416  1097  1097 I [ADFR][0][INFO][oplus_adfr_fakeframe_status_update:2140]h_active: 1264,refresh_rate:60,h_skew:1,sw_fps:0,fakeframe:0
09-25 22:13:24.418  1097  1097 I         : [LCD][0][INFO][oplus_panel_cmd_print:120] [A0020] dsi_cmd: qcom,mdss-dsi-timing-switch-command, count=8
09-25 22:13:24.418  1097  1097 I [ADFR][0][INFO][oplus_adfr_fakeframe_status_update:2140]h_active: 1264,refresh_rate:60,h_skew:1,sw_fps:0,fakeframe:0
09-25 22:13:24.418  1097  1097 I         : [ADFR][0][INFO][oplus_adfr_status_reset:1851]sa status reset: auto_mode:0,fakeframe:0,sa_min_fps:60
09-25 22:13:24.434  1097  1097 I [   info] ts_panel_notifier_callback: Notification type:4, early_trigger:0
09-25 22:13:24.434  1097  1097 I [   info] ts_panel_notifier_callback: shashank:Received fps change old fps:120 new fps:60
09-25 22:13:24.445  1097  1097 I [   info] ts_panel_notifier_callback: Notification type:4, early_trigger:1
09-25 22:13:24.445  1097  1097 I [   info] ts_panel_notifier_callback: shashank:Received fps change old fps:60 new fps:120
09-25 22:13:24.459  1097  1097 E         : [LCD][0][ERR][oplus_panel_switch_vid_mode:475] oplus_panel_switch_vid_mode not support
09-25 22:13:24.459  1097  1097 I [drm:dsi_display_set_mode [msm_drm]] [msm-dsi-info]: mdp_transfer_time=6290, hactive=1264, vactive=2780, fps=120, h_skew=0, clk_rate=1012000000, h_sync_width=2,				h_front_porch26, h_back_porch=26, v_back_porch=42, v_sync_width=2, v_front_porch=58
09-25 22:13:24.460  1097  1097 I [ADFR][0][INFO][oplus_adfr_fakeframe_status_update:2140]h_active: 1264,refresh_rate:120,h_skew:0,sw_fps:0,fakeframe:0
09-25 22:13:24.463  1097  1097 I         : [LCD][0][INFO][oplus_panel_cmd_print:120] [A0020] dsi_cmd: qcom,mdss-dsi-timing-switch-command, count=8
09-25 22:13:24.464  1097  1097 I [ADFR][0][INFO][oplus_adfr_fakeframe_status_update:2140]h_active: 1264,refresh_rate:120,h_skew:0,sw_fps:0,fakeframe:1
09-25 22:13:24.464  1097  1097 I         : [ADFR][0][INFO][oplus_adfr_status_reset:1851]sa status reset: auto_mode:0,fakeframe:1,sa_min_fps:120
09-25 22:13:24.482  1097  1097 I [   info] ts_panel_notifier_callback: Notification type:4, early_trigger:0
09-25 22:13:24.482  1097  1097 I [   info] ts_panel_notifier_callback: shashank:Received fps change old fps:60 new fps:120
09-25 22:13:24.588  1097  1097 I [   info] ts_panel_notifier_callback: Notification type:4, early_trigger:1
09-25 22:13:24.588  1097  1097 I [   info] ts_panel_notifier_callback: shashank:Received fps change old fps:120 new fps:60
09-25 22:13:24.592  1097  1097 E         : [LCD][0][ERR][oplus_panel_switch_vid_mode:475] oplus_panel_switch_vid_mode not support
09-25 22:13:24.592  1097  1097 I [drm:dsi_display_set_mode [msm_drm]] [msm-dsi-info]: mdp_transfer_time=6290, hactive=1264, vactive=2780, fps=60, h_skew=1, clk_rate=1012000000, h_sync_width=2,				h_front_porch26, h_back_porch=26, v_back_porch=42, v_sync_width=2, v_front_porch=58
09-25 22:13:24.593  1097  1097 I [ADFR][0][INFO][oplus_adfr_fakeframe_status_update:2140]h_active: 1264,refresh_rate:60,h_skew:1,sw_fps:0,fakeframe:0
09-25 22:13:24.601  1097  1097 I         : [LCD][0][INFO][oplus_panel_cmd_print:120] [A0020] dsi_cmd: qcom,mdss-dsi-timing-switch-command, count=8
09-25 22:13:24.601  1097  1097 I [ADFR][0][INFO][oplus_adfr_fakeframe_status_update:2140]h_active: 1264,refresh_rate:60,h_skew:1,sw_fps:0,fakeframe:0
09-25 22:13:24.601  1097  1097 I         : [ADFR][0][INFO][oplus_adfr_status_reset:1851]sa status reset: auto_mode:0,fakeframe:0,sa_min_fps:60
09-25 22:13:24.617  1097  1097 I [   info] ts_panel_notifier_callback: Notification type:4, early_trigger:0
09-25 22:13:24.617  1097  1097 I [   info] ts_panel_notifier_callback: shashank:Received fps change old fps:120 new fps:60
09-25 22:13:24.632  1097  1097 I [   info] ts_panel_notifier_callback: Notification type:4, early_trigger:1
09-25 22:13:24.632  1097  1097 I [   info] ts_panel_notifier_callback: shashank:Received fps change old fps:60 new fps:120
09-25 22:13:24.643  1097  1097 E         : [LCD][0][ERR][oplus_panel_switch_vid_mode:475] oplus_panel_switch_vid_mode not support
09-25 22:13:24.643  1097  1097 I [drm:dsi_display_set_mode [msm_drm]] [msm-dsi-info]: mdp_transfer_time=6290, hactive=1264, vactive=2780, fps=120, h_skew=0, clk_rate=1012000000, h_sync_width=2,				h_front_porch26, h_back_porch=26, v_back_porch=42, v_sync_width=2, v_front_porch=58
09-25 22:13:24.644  1097  1097 I [ADFR][0][INFO][oplus_adfr_fakeframe_status_update:2140]h_active: 1264,refresh_rate:120,h_skew:0,sw_fps:0,fakeframe:0
09-25 22:13:24.646  1097  1097 I         : [LCD][0][INFO][oplus_panel_cmd_print:120] [A0020] dsi_cmd: qcom,mdss-dsi-timing-switch-command, count=8
09-25 22:13:24.647  1097  1097 I [ADFR][0][INFO][oplus_adfr_fakeframe_status_update:2140]h_active: 1264,refresh_rate:120,h_skew:0,sw_fps:0,fakeframe:1
09-25 22:13:24.647  1097  1097 I         : [ADFR][0][INFO][oplus_adfr_status_reset:1851]sa status reset: auto_mode:0,fakeframe:1,sa_min_fps:120
09-25 22:13:24.666  1097  1097 I [   info] ts_panel_notifier_callback: Notification type:4, early_trigger:0
09-25 22:13:24.666  1097  1097 I [   info] ts_panel_notifier_callback: shashank:Received fps change old fps:60 new fps:120
09-25 22:13:24.711  1097  1097 I [   info] ts_panel_notifier_callback: Notification type:4, early_trigger:1
09-25 22:13:24.711  1097  1097 I [   info] ts_panel_notifier_callback: shashank:Received fps change old fps:120 new fps:60
09-25 22:13:24.713  1097  1097 E         : [LCD][0][ERR][oplus_panel_switch_vid_mode:475] oplus_panel_switch_vid_mode not support
09-25 22:13:24.713  1097  1097 I [drm:dsi_display_set_mode [msm_drm]] [msm-dsi-info]: mdp_transfer_time=6290, hactive=1264, vactive=2780, fps=60, h_skew=1, clk_rate=1012000000, h_sync_width=2,				h_front_porch26, h_back_porch=26, v_back_porch=42, v_sync_width=2, v_front_porch=58
09-25 22:13:24.713  1097  1097 I [ADFR][0][INFO][oplus_adfr_fakeframe_status_update:2140]h_active: 1264,refresh_rate:60,h_skew:1,sw_fps:0,fakeframe:0
09-25 22:13:24.717  1097  1097 I         : [LCD][0][INFO][oplus_panel_cmd_print:120] [A0020] dsi_cmd: qcom,mdss-dsi-timing-switch-command, count=8
09-25 22:13:24.718  1097  1097 I [ADFR][0][INFO][oplus_adfr_fakeframe_status_update:2140]h_active: 1264,refresh_rate:60,h_skew:1,sw_fps:0,fakeframe:0
09-25 22:13:24.718  1097  1097 I         : [ADFR][0][INFO][oplus_adfr_status_reset:1851]sa status reset: auto_mode:0,fakeframe:0,sa_min_fps:60
09-25 22:13:24.734  1097  1097 I [   info] ts_panel_notifier_callback: Notification type:4, early_trigger:0
09-25 22:13:24.734  1097  1097 I [   info] ts_panel_notifier_callback: shashank:Received fps change old fps:120 new fps:60
09-25 22:13:24.743  1097  1097 I [   info] ts_panel_notifier_callback: Notification type:4, early_trigger:1
09-25 22:13:24.743  1097  1097 I [   info] ts_panel_notifier_callback: shashank:Received fps change old fps:60 new fps:120
09-25 22:13:24.759  1097  1097 E         : [LCD][0][ERR][oplus_panel_switch_vid_mode:475] oplus_panel_switch_vid_mode not support
09-25 22:13:24.759  1097  1097 I [drm:dsi_display_set_mode [msm_drm]] [msm-dsi-info]: mdp_transfer_time=6290, hactive=1264, vactive=2780, fps=120, h_skew=0, clk_rate=1012000000, h_sync_width=2,				h_front_porch26, h_back_porch=26, v_back_porch=42, v_sync_width=2, v_front_porch=58
09-25 22:13:24.760  1097  1097 I [ADFR][0][INFO][oplus_adfr_fakeframe_status_update:2140]h_active: 1264,refresh_rate:120,h_skew:0,sw_fps:0,fakeframe:0
09-25 22:13:24.763  1097  1097 I         : [LCD][0][INFO][oplus_panel_cmd_print:120] [A0020] dsi_cmd: qcom,mdss-dsi-timing-switch-command, count=8
09-25 22:13:24.763  1097  1097 I [ADFR][0][INFO][oplus_adfr_fakeframe_status_update:2140]h_active: 1264,refresh_rate:120,h_skew:0,sw_fps:0,fakeframe:1
09-25 22:13:24.763  1097  1097 I         : [ADFR][0][INFO][oplus_adfr_status_reset:1851]sa status reset: auto_mode:0,fakeframe:1,sa_min_fps:120
09-25 22:13:24.782  1097  1097 I [   info] ts_panel_notifier_callback: Notification type:4, early_trigger:0
09-25 22:13:24.782  1097  1097 I [   info] ts_panel_notifier_callback: shashank:Received fps change old fps:60 new fps:120
09-25 22:13:25.643  1097  1097 I [   info] ts_panel_notifier_callback: Notification type:4, early_trigger:1
09-25 22:13:25.643  1097  1097 I [   info] ts_panel_notifier_callback: shashank:Received fps change old fps:120 new fps:60
09-25 22:13:25.647  1097  1097 E         : [LCD][0][ERR][oplus_panel_switch_vid_mode:475] oplus_panel_switch_vid_mode not support
09-25 22:13:25.647  1097  1097 I [drm:dsi_display_set_mode [msm_drm]] [msm-dsi-info]: mdp_transfer_time=6290, hactive=1264, vactive=2780, fps=60, h_skew=1, clk_rate=1012000000, h_sync_width=2,				h_front_porch26, h_back_porch=26, v_back_porch=42, v_sync_width=2, v_front_porch=58
09-25 22:13:25.647  1097  1097 I [ADFR][0][INFO][oplus_adfr_fakeframe_status_update:2140]h_active: 1264,refresh_rate:60,h_skew:1,sw_fps:0,fakeframe:0
09-25 22:13:25.649  1097  1097 I         : [LCD][0][INFO][oplus_panel_cmd_print:120] [A0020] dsi_cmd: qcom,mdss-dsi-timing-switch-command, count=8
09-25 22:13:25.649  1097  1097 I [ADFR][0][INFO][oplus_adfr_fakeframe_status_update:2140]h_active: 1264,refresh_rate:60,h_skew:1,sw_fps:0,fakeframe:0
09-25 22:13:25.649  1097  1097 I         : [ADFR][0][INFO][oplus_adfr_status_reset:1851]sa status reset: auto_mode:0,fakeframe:0,sa_min_fps:60
09-25 22:13:25.666  1097  1097 I [   info] ts_panel_notifier_callback: Notification type:4, early_trigger:0
09-25 22:13:25.666  1097  1097 I [   info] ts_panel_notifier_callback: shashank:Received fps change old fps:120 new fps:60
09-25 22:13:25.675  1097  1097 I [   info] ts_panel_notifier_callback: Notification type:4, early_trigger:1
09-25 22:13:25.675  1097  1097 I [   info] ts_panel_notifier_callback: shashank:Received fps change old fps:60 new fps:120
09-25 22:13:25.691  1097  1097 E         : [LCD][0][ERR][oplus_panel_switch_vid_mode:475] oplus_panel_switch_vid_mode not support
09-25 22:13:25.691  1097  1097 I [drm:dsi_display_set_mode [msm_drm]] [msm-dsi-info]: mdp_transfer_time=6290, hactive=1264, vactive=2780, fps=120, h_skew=0, clk_rate=1012000000, h_sync_width=2,				h_front_porch26, h_back_porch=26, v_back_porch=42, v_sync_width=2, v_front_porch=58
09-25 22:13:25.692  1097  1097 I [ADFR][0][INFO][oplus_adfr_fakeframe_status_update:2140]h_active: 1264,refresh_rate:120,h_skew:0,sw_fps:0,fakeframe:0
09-25 22:13:25.695  1097  1097 I         : [LCD][0][INFO][oplus_panel_cmd_print:120] [A0020] dsi_cmd: qcom,mdss-dsi-timing-switch-command, count=8
09-25 22:13:25.695  1097  1097 I [ADFR][0][INFO][oplus_adfr_fakeframe_status_update:2140]h_active: 1264,refresh_rate:120,h_skew:0,sw_fps:0,fakeframe:1
09-25 22:13:25.695  1097  1097 I         : [ADFR][0][INFO][oplus_adfr_status_reset:1851]sa status reset: auto_mode:0,fakeframe:1,sa_min_fps:120
09-25 22:13:25.714  1097  1097 I [   info] ts_panel_notifier_callback: Notification type:4, early_trigger:0
09-25 22:13:25.714  1097  1097 I [   info] ts_panel_notifier_callback: shashank:Received fps change old fps:60 new fps:120
09-25 22:13:25.955 30324 30324 I         : [INFO]: OPLUS_CHG[CHG_COMM]([oplus_comm_smooth_to_soc][3416]): soc[0 2 73 73 75 76] avg[0 1 0 0 0] fifo[75 75 75 75]
09-25 22:13:25.962 31246 31246 I         : [INFO]: OPLUS_CHG[TRACK]([oplus_chg_track_cal_no_charging_stats_new][6797]): chg_no_charging_cnt=440s, no_chg_time=465s, delta_time=5s
09-25 22:13:25.968 31246 31246 I OPLUS_CHG[oplus_charge_info]: BATTERY[373 373 4042 4042 1614 73 76 75 3926 5416 1 0x0 4269], CHARGE[4470 600 0 0], WIRED[1 450 4928 500 1 0x0 0 0 0 2 0], WIRELESS[0 0 0 0 0 0x0 0 0 0], VOOC[0 0 0 0 0x0], UFCS[0 0 0 0x0], COMMON[7 0 0 0x0 1 0 1 5416 100 0]
09-25 22:13:25.969 31246 31246 I         : [INFO]: OPLUS_CHG[ADSP]([oplus_chg_8350_reg_dump][7390]): sm8450_st_dump: [chg_en=1, suspend=0, pd_svooc=0], subtype=0x01],[oplus_UsbCommCapable=0, oplus_pd_svooc=0, typec_mode=0, cid_status=0x01, usb_in_status=1],[0x2606=0x83, 0x2607=0x19, 0x2608=0x0a, 0x2609=0x02], [0x260a=0x04, 0x260b=0x57, 0x260c=0x0a, 0x260d=0x18], [0x260e=0x0a, 0x260f=0x01, 0x2610=0x00, 0x2640=0x01], [0x2641=0x02, 0x2642=0x05, 0x2646=0x01, 0x2650=0x03], [0x2706=0x0a, 0x2707=0x0a, 0x2708=0x0a, 0x2709=0x0a], [0x270b=0xe2, 0x270c=0x48, 0x2710=0xc0, 0x280c=0x38], [0x2810=0x00, 0x2840=0x01, 0x287f=0x00, 0x2906=0x02], [0x2908=0x0f, 0x290a=0x11, 0x290b=0x01, 0x290c=0x01], [0x2910=0x11, 0x2944=0x80, 0x2950=0x02, 0x2951=0x01], [0x2952=0x0a, 0x2954=0x00, 0x2960=0xe0, 0x2b06=0x08], [0x2b07=0x00, 0x2b08=0x00, 0x2b09=0x63, 0x2b0a=0x39], [0x2b0b=0x29, 0x2b0c=0x00, 0x29a8=0x81, 0x29a9=0x83], [0x29aa=0x00, 0x2aa2=0x00, 0x2aa8=0x87, 0x2aa9=0x00], [0x2aaa=0x00],
09-25 22:13:26.958 31246 31246 I         : [OFP][0][INFO][oplus_get_doze_disable_time:3679]oplus_get_doze_disable_time=0
09-25 22:13:26.958 31246 31246 W [drm] [msm-dsi-warn]: dsi_display_check_status,time_gap=1065970886
09-25 22:13:27.399     0     0 W [    C0] gen7_err_callback: 375 callbacks suppressed
09-25 22:13:27.399     0     0 F         : [    C0] kgsl kgsl-3d0: CP: AHB bus error, CP_RL_ERROR_DETAILS_0:0x10008e07 CP_RL_ERROR_DETAILS_1:0x12144
09-25 22:13:27.400     0     0 F         : [    C0] kgsl kgsl-3d0: CP: AHB bus error, CP_RL_ERROR_DETAILS_0:0x10008e07 CP_RL_ERROR_DETAILS_1:0x12144
09-25 22:13:27.401     0     0 F         : [    C0] kgsl kgsl-3d0: CP: AHB bus error, CP_RL_ERROR_DETAILS_0:0x10008e07 CP_RL_ERROR_DETAILS_1:0x12144
09-25 22:13:27.406     0     0 F         : [    C0] kgsl kgsl-3d0: CP: AHB bus error, CP_RL_ERROR_DETAILS_0:0x10008e07 CP_RL_ERROR_DETAILS_1:0x12144
09-25 22:13:27.436     0     0 F         : [    C0] kgsl kgsl-3d0: CP: AHB bus error, CP_RL_ERROR_DETAILS_0:0x10008e07 CP_RL_ERROR_DETAILS_1:0x12144
09-25 22:13:27.458     0     0 F         : [    C0] kgsl kgsl-3d0: CP: AHB bus error, CP_RL_ERROR_DETAILS_0:0x10008e07 CP_RL_ERROR_DETAILS_1:0x12144
09-25 22:13:27.458     0     0 F         : [    C0] kgsl kgsl-3d0: CP: AHB bus error, CP_RL_ERROR_DETAILS_0:0x10008e07 CP_RL_ERROR_DETAILS_1:0x12144
09-25 22:13:27.460     0     0 F         : [    C0] kgsl kgsl-3d0: CP: AHB bus error, CP_RL_ERROR_DETAILS_0:0x10008e07 CP_RL_ERROR_DETAILS_1:0x12144
09-25 22:13:27.464     0     0 F         : [    C0] kgsl kgsl-3d0: CP: AHB bus error, CP_RL_ERROR_DETAILS_0:0x10008e07 CP_RL_ERROR_DETAILS_1:0x12144
09-25 22:13:27.498     0     0 F         : [    C0] kgsl kgsl-3d0: CP: AHB bus error, CP_RL_ERROR_DETAILS_0:0x10008e07 CP_RL_ERROR_DETAILS_1:0x12144
09-25 22:13:28.114  1097  1097 I [   info] ts_panel_notifier_callback: Notification type:4, early_trigger:1
09-25 22:13:28.114  1097  1097 I [   info] ts_panel_notifier_callback: shashank:Received fps change old fps:120 new fps:60
09-25 22:13:28.118  1097  1097 E         : [LCD][0][ERR][oplus_panel_switch_vid_mode:475] oplus_panel_switch_vid_mode not support
09-25 22:13:28.118  1097  1097 I [drm:dsi_display_set_mode [msm_drm]] [msm-dsi-info]: mdp_transfer_time=6290, hactive=1264, vactive=2780, fps=60, h_skew=1, clk_rate=1012000000, h_sync_width=2,				h_front_porch26, h_back_porch=26, v_back_porch=42, v_sync_width=2, v_front_porch=58
09-25 22:13:28.118  1097  1097 I [ADFR][0][INFO][oplus_adfr_fakeframe_status_update:2140]h_active: 1264,refresh_rate:60,h_skew:1,sw_fps:0,fakeframe:0
09-25 22:13:28.120  1097  1097 I         : [LCD][0][INFO][oplus_panel_cmd_print:120] [A0020] dsi_cmd: qcom,mdss-dsi-timing-switch-command, count=8
09-25 22:13:28.120  1097  1097 I [ADFR][0][INFO][oplus_adfr_fakeframe_status_update:2140]h_active: 1264,refresh_rate:60,h_skew:1,sw_fps:0,fakeframe:0
09-25 22:13:28.120  1097  1097 I         : [ADFR][0][INFO][oplus_adfr_status_reset:1851]sa status reset: auto_mode:0,fakeframe:0,sa_min_fps:60
09-25 22:13:28.132 26582 26582 E gsi soc : qcom,msm_gsi: gsi_stop_channel:3688 chan=1 busy try again
09-25 22:13:28.136 26582 26582 E gsi soc : qcom,msm_gsi: gsi_stop_channel:3688 chan=14 busy try again
09-25 22:13:28.137  1097  1097 I [   info] ts_panel_notifier_callback: Notification type:4, early_trigger:0
09-25 22:13:28.137  1097  1097 I [   info] ts_panel_notifier_callback: shashank:Received fps change old fps:120 new fps:60
09-25 22:13:28.139  1097  1097 I [   info] ts_panel_notifier_callback: Notification type:4, early_trigger:1
09-25 22:13:28.139  1097  1097 I [   info] ts_panel_notifier_callback: shashank:Received fps change old fps:60 new fps:120
09-25 22:13:28.145  1097  1097 E         : [LCD][0][ERR][oplus_panel_switch_vid_mode:475] oplus_panel_switch_vid_mode not support
09-25 22:13:28.145  1097  1097 I [drm:dsi_display_set_mode [msm_drm]] [msm-dsi-info]: mdp_transfer_time=6290, hactive=1264, vactive=2780, fps=120, h_skew=0, clk_rate=1012000000, h_sync_width=2,				h_front_porch26, h_back_porch=26, v_back_porch=42, v_sync_width=2, v_front_porch=58
09-25 22:13:28.146  1097  1097 I [ADFR][0][INFO][oplus_adfr_fakeframe_status_update:2140]h_active: 1264,refresh_rate:120,h_skew:0,sw_fps:0,fakeframe:0
09-25 22:13:28.149  1097  1097 I         : [LCD][0][INFO][oplus_panel_cmd_print:120] [A0020] dsi_cmd: qcom,mdss-dsi-timing-switch-command, count=8
09-25 22:13:28.149  1097  1097 I [ADFR][0][INFO][oplus_adfr_fakeframe_status_update:2140]h_active: 1264,refresh_rate:120,h_skew:0,sw_fps:0,fakeframe:1
09-25 22:13:28.149  1097  1097 I         : [ADFR][0][INFO][oplus_adfr_status_reset:1851]sa status reset: auto_mode:0,fakeframe:1,sa_min_fps:120
09-25 22:13:28.168  1097  1097 I [   info] ts_panel_notifier_callback: Notification type:4, early_trigger:0
09-25 22:13:28.168  1097  1097 I [   info] ts_panel_notifier_callback: shashank:Received fps change old fps:60 new fps:120
09-25 22:13:30.280 29219 29219 E iostack : irqs = 17561987, self-block = 0
09-25 22:13:31.075 29275 29275 I         : [INFO]: OPLUS_CHG[CHG_COMM]([oplus_comm_smooth_to_soc][3416]): soc[0 2 73 73 75 76] avg[1 1 0 0 0] fifo[75 75 75 75]
09-25 22:13:31.082  1941  1941 I         : [INFO]: OPLUS_CHG[TRACK]([oplus_chg_track_cal_no_charging_stats_new][6797]): chg_no_charging_cnt=445s, no_chg_time=470s, delta_time=5s
09-25 22:13:31.089  1941  1941 I OPLUS_CHG[oplus_charge_info]: BATTERY[374 373 4035 4035 1759 73 76 75 3923 5416 1 0x0 4267], CHARGE[4470 600 0 0], WIRED[1 450 4925 500 1 0x0 0 0 0 2 0], WIRELESS[0 0 0 0 0 0x0 0 0 0], VOOC[0 0 0 0 0x0], UFCS[0 0 0 0x0], COMMON[7 0 0 0x0 1 0 1 5416 100 0]
09-25 22:13:31.092  1941  1941 I         : [INFO]: OPLUS_CHG[ADSP]([oplus_chg_8350_reg_dump][7390]): sm8450_st_dump: [chg_en=1, suspend=0, pd_svooc=0], subtype=0x01],[oplus_UsbCommCapable=0, oplus_pd_svooc=0, typec_mode=0, cid_status=0x01, usb_in_status=1],[0x2606=0x83, 0x2607=0x19, 0x2608=0x0a, 0x2609=0x02], [0x260a=0x04, 0x260b=0x57, 0x260c=0x0a, 0x260d=0x18], [0x260e=0x0a, 0x260f=0x01, 0x2610=0x00, 0x2640=0x01], [0x2641=0x02, 0x2642=0x05, 0x2646=0x01, 0x2650=0x03], [0x2706=0x0a, 0x2707=0x0a, 0x2708=0x0a, 0x2709=0x0a], [0x270b=0xe2, 0x270c=0x48, 0x2710=0xc0, 0x280c=0x38], [0x2810=0x00, 0x2840=0x01, 0x287f=0x00, 0x2906=0x02], [0x2908=0x0f, 0x290a=0x11, 0x290b=0x01, 0x290c=0x01], [0x2910=0x11, 0x2944=0x80, 0x2950=0x02, 0x2951=0x01], [0x2952=0x0a, 0x2954=0x00, 0x2960=0xe0, 0x2b06=0x08], [0x2b07=0x00, 0x2b08=0x00, 0x2b09=0x63, 0x2b0a=0x39], [0x2b0b=0x29, 0x2b0c=0x00, 0x29a8=0x81, 0x29a9=0x83], [0x29aa=0x00, 0x2aa2=0x00, 0x2aa8=0x87, 0x2aa9=0x00], [0x2aaa=0x00],
09-25 22:13:31.563   867   867 I servicemanager: Caller(pid=5889,uid=2000,sid=u:r:shell:s0) Found android.hardware.graphics.allocator.IAllocator/default in device VINTF manifest.
09-25 22:13:31.592   867   867 I servicemanager: Caller(pid=5889,uid=2000,sid=u:r:shell:s0) Found android.hardware.graphics.allocator.IAllocator/default in device VINTF manifest.
09-25 22:13:32.072 31246 31246 I         : [OFP][0][INFO][oplus_get_doze_disable_time:3679]oplus_get_doze_disable_time=0
09-25 22:13:32.073 31246 31246 W [drm] [msm-dsi-warn]: dsi_display_check_status,time_gap=1071085003
09-25 22:13:32.448     0     0 W [    C0] gen7_err_callback: 336 callbacks suppressed
09-25 22:13:32.448     0     0 F         : [    C0] kgsl kgsl-3d0: CP: AHB bus error, CP_RL_ERROR_DETAILS_0:0x10008e07 CP_RL_ERROR_DETAILS_1:0x12144
09-25 22:13:32.479     0     0 F         : [    C0] kgsl kgsl-3d0: CP: AHB bus error, CP_RL_ERROR_DETAILS_0:0x10008e07 CP_RL_ERROR_DETAILS_1:0x12144
09-25 22:13:32.479     0     0 F         : [    C0] kgsl kgsl-3d0: CP: AHB bus error, CP_RL_ERROR_DETAILS_0:0x10008e07 CP_RL_ERROR_DETAILS_1:0x12144
09-25 22:13:32.490     0     0 F         : [    C0] kgsl kgsl-3d0: CP: AHB bus error, CP_RL_ERROR_DETAILS_0:0x10008e07 CP_RL_ERROR_DETAILS_1:0x12144
09-25 22:13:32.512     0     0 F         : [    C0] kgsl kgsl-3d0: CP: AHB bus error, CP_RL_ERROR_DETAILS_0:0x10008e07 CP_RL_ERROR_DETAILS_1:0x12144
09-25 22:13:32.532     0     0 F         : [    C0] kgsl kgsl-3d0: CP: AHB bus error, CP_RL_ERROR_DETAILS_0:0x10008e07 CP_RL_ERROR_DETAILS_1:0x12144
09-25 22:13:32.532     0     0 F         : [    C0] kgsl kgsl-3d0: CP: AHB bus error, CP_RL_ERROR_DETAILS_0:0x10008e07 CP_RL_ERROR_DETAILS_1:0x12144
09-25 22:13:32.537     0     0 F         : [    C0] kgsl kgsl-3d0: CP: AHB bus error, CP_RL_ERROR_DETAILS_0:0x10008e07 CP_RL_ERROR_DETAILS_1:0x12144
09-25 22:13:32.563     0     0 F         : [    C0] kgsl kgsl-3d0: CP: AHB bus error, CP_RL_ERROR_DETAILS_0:0x10008e07 CP_RL_ERROR_DETAILS_1:0x12144
09-25 22:13:32.588     0     0 F         : [    C0] kgsl kgsl-3d0: CP: AHB bus error, CP_RL_ERROR_DETAILS_0:0x10008e07 CP_RL_ERROR_DETAILS_1:0x12144
09-25 22:13:34.046  1097  1097 I [   info] ts_panel_notifier_callback: Notification type:4, early_trigger:1
09-25 22:13:34.046  1097  1097 I [   info] ts_panel_notifier_callback: shashank:Received fps change old fps:120 new fps:60
09-25 22:13:34.050  1097  1097 E         : [LCD][0][ERR][oplus_panel_switch_vid_mode:475] oplus_panel_switch_vid_mode not support
09-25 22:13:34.050  1097  1097 I [drm:dsi_display_set_mode [msm_drm]] [msm-dsi-info]: mdp_transfer_time=6290, hactive=1264, vactive=2780, fps=60, h_skew=1, clk_rate=1012000000, h_sync_width=2,				h_front_porch26, h_back_porch=26, v_back_porch=42, v_sync_width=2, v_front_porch=58
09-25 22:13:34.050  1097  1097 I [ADFR][0][INFO][oplus_adfr_fakeframe_status_update:2140]h_active: 1264,refresh_rate:60,h_skew:1,sw_fps:0,fakeframe:0
09-25 22:13:34.053  1097  1097 I         : [LCD][0][INFO][oplus_panel_cmd_print:120] [A0020] dsi_cmd: qcom,mdss-dsi-timing-switch-command, count=8
09-25 22:13:34.053  1097  1097 I [ADFR][0][INFO][oplus_adfr_fakeframe_status_update:2140]h_active: 1264,refresh_rate:60,h_skew:1,sw_fps:0,fakeframe:0
09-25 22:13:34.053  1097  1097 I         : [ADFR][0][INFO][oplus_adfr_status_reset:1851]sa status reset: auto_mode:0,fakeframe:0,sa_min_fps:60
09-25 22:13:34.069  1097  1097 I [   info] ts_panel_notifier_callback: Notification type:4, early_trigger:0
09-25 22:13:34.069  1097  1097 I [   info] ts_panel_notifier_callback: shashank:Received fps change old fps:120 new fps:60
09-25 22:13:34.079  1097  1097 I [   info] ts_panel_notifier_callback: Notification type:4, early_trigger:1
09-25 22:13:34.079  1097  1097 I [   info] ts_panel_notifier_callback: shashank:Received fps change old fps:60 new fps:120
09-25 22:13:34.095  1097  1097 E         : [LCD][0][ERR][oplus_panel_switch_vid_mode:475] oplus_panel_switch_vid_mode not support
09-25 22:13:34.095  1097  1097 I [drm:dsi_display_set_mode [msm_drm]] [msm-dsi-info]: mdp_transfer_time=6290, hactive=1264, vactive=2780, fps=120, h_skew=0, clk_rate=1012000000, h_sync_width=2,				h_front_porch26, h_back_porch=26, v_back_porch=42, v_sync_width=2, v_front_porch=58
09-25 22:13:34.095  1097  1097 I [ADFR][0][INFO][oplus_adfr_fakeframe_status_update:2140]h_active: 1264,refresh_rate:120,h_skew:0,sw_fps:0,fakeframe:0
09-25 22:13:34.098  1097  1097 I         : [LCD][0][INFO][oplus_panel_cmd_print:120] [A0020] dsi_cmd: qcom,mdss-dsi-timing-switch-command, count=8
09-25 22:13:34.098  1097  1097 I [ADFR][0][INFO][oplus_adfr_fakeframe_status_update:2140]h_active: 1264,refresh_rate:120,h_skew:0,sw_fps:0,fakeframe:1
09-25 22:13:34.098  1097  1097 I         : [ADFR][0][INFO][oplus_adfr_status_reset:1851]sa status reset: auto_mode:0,fakeframe:1,sa_min_fps:120
09-25 22:13:34.117  1097  1097 I [   info] ts_panel_notifier_callback: Notification type:4, early_trigger:0
09-25 22:13:34.117  1097  1097 I [   info] ts_panel_notifier_callback: shashank:Received fps change old fps:60 new fps:120
09-25 22:13:34.868   867   867 I servicemanager: Caller(pid=2866,uid=1000,sid=u:r:system_server:s0) Since 'artd' could not be found trying to start it as a lazy AIDL service. (if it's not configured to be a lazy service, it may be stuck starting or still starting).
09-25 22:13:34.873     1     1 I init    : starting service 'artd'...
09-25 22:13:34.880     1     1 I init    : ... started service 'artd' has pid 5956
09-25 22:13:34.880     1     1 I init    : Control message: Processed ctl.interface_start for 'aidl/artd' from pid: 867 (/system/bin/servicemanager)
09-25 22:13:34.965   867   867 I servicemanager: Notifying artd they do (previously: don't) have clients when service is guaranteed to be in use
09-25 22:13:35.280  1495  1495 E gsi soc : qcom,msm_gsi: gsi_stop_channel:3688 chan=1 busy try again
09-25 22:13:35.281  1495  1495 E gsi soc : qcom,msm_gsi: gsi_stop_channel:3688 chan=14 busy try again
09-25 22:13:35.601  1097  1097 I [   info] ts_panel_notifier_callback: Notification type:4, early_trigger:1
09-25 22:13:35.601  1097  1097 I [   info] ts_panel_notifier_callback: shashank:Received fps change old fps:120 new fps:60
09-25 22:13:35.605  1097  1097 E         : [LCD][0][ERR][oplus_panel_switch_vid_mode:475] oplus_panel_switch_vid_mode not support
09-25 22:13:35.605  1097  1097 I [drm:dsi_display_set_mode [msm_drm]] [msm-dsi-info]: mdp_transfer_time=6290, hactive=1264, vactive=2780, fps=60, h_skew=1, clk_rate=1012000000, h_sync_width=2,				h_front_porch26, h_back_porch=26, v_back_porch=42, v_sync_width=2, v_front_porch=58
09-25 22:13:35.606  1097  1097 I [ADFR][0][INFO][oplus_adfr_fakeframe_status_update:2140]h_active: 1264,refresh_rate:60,h_skew:1,sw_fps:0,fakeframe:0
09-25 22:13:35.608  1097  1097 I         : [LCD][0][INFO][oplus_panel_cmd_print:120] [A0020] dsi_cmd: qcom,mdss-dsi-timing-switch-command, count=8
09-25 22:13:35.609  1097  1097 I [ADFR][0][INFO][oplus_adfr_fakeframe_status_update:2140]h_active: 1264,refresh_rate:60,h_skew:1,sw_fps:0,fakeframe:0
09-25 22:13:35.609  1097  1097 I         : [ADFR][0][INFO][oplus_adfr_status_reset:1851]sa status reset: auto_mode:0,fakeframe:0,sa_min_fps:60
09-25 22:13:35.623  1097  1097 I <A0020> len: 900 dsi_display_set_backlight 16:42:53.229:1900,16:42:53.446:1900,16:42:53.479:1900,16:43:21.380:1900,16:43:21.413:1900,16:43:23.452:1900,16:43:23.502:1900,16:43:24.625:1900,16:43:24.675:1900,16:43:25.615:1900,16:43:25.649:1900,16:43:25.865:1900,16:43:25.898:1900,16:43:26.181:1900,16:43:26.231:1900,16:43:26.813:1900,16:43:26.863:1900,16:43:27.820:1900,16:43:27.870:1900,16:43:28.885:1900,16:43:28.935:1900,16:43:29.351:1900,16:43:29.401:1900,16:43:30.649:1900,16:43:30.716:1900,16:43:31.115:1900,16:43:31.165:1900,16:43:31.323:1900,16:43:31.373:1900,16:43:34.943:1900,16:43:35.009:1900,16:43:35.309:1900,16:43:35.342:1900,16:43:35.400:1900,16:43:35.434:1900,16:43:36.831:1900,16:43:36.881:1900,16:43:37.281:1900,16:43:37.331:1900,16:43:37.464:1900,16:43:37.514:1900,16:43:37.580:1900,16:43:37.630:1900,16:43:38.512:1900,16:43:38.562:1900,16:43:40.983:1900,16:43:41.017:1900,16:43:46.916:1900,16:43:46.966:1900,16:43:48.472:1900,
09-25 22:13:35.625  1097  1097 I [   info] ts_panel_notifier_callback: Notification type:4, early_trigger:0
09-25 22:13:35.625  1097  1097 I [   info] ts_panel_notifier_callback: shashank:Received fps change old fps:120 new fps:60
09-25 22:13:35.633  1097  1097 I [   info] ts_panel_notifier_callback: Notification type:4, early_trigger:1
09-25 22:13:35.633  1097  1097 I [   info] ts_panel_notifier_callback: shashank:Received fps change old fps:60 new fps:120
09-25 22:13:35.650  1097  1097 E         : [LCD][0][ERR][oplus_panel_switch_vid_mode:475] oplus_panel_switch_vid_mode not support
09-25 22:13:35.650  1097  1097 I [drm:dsi_display_set_mode [msm_drm]] [msm-dsi-info]: mdp_transfer_time=6290, hactive=1264, vactive=2780, fps=120, h_skew=0, clk_rate=1012000000, h_sync_width=2,				h_front_porch26, h_back_porch=26, v_back_porch=42, v_sync_width=2, v_front_porch=58
09-25 22:13:35.650  1097  1097 I [ADFR][0][INFO][oplus_adfr_fakeframe_status_update:2140]h_active: 1264,refresh_rate:120,h_skew:0,sw_fps:0,fakeframe:0
09-25 22:13:35.654  1097  1097 I         : [LCD][0][INFO][oplus_panel_cmd_print:120] [A0020] dsi_cmd: qcom,mdss-dsi-timing-switch-command, count=8
09-25 22:13:35.654  1097  1097 I [ADFR][0][INFO][oplus_adfr_fakeframe_status_update:2140]h_active: 1264,refresh_rate:120,h_skew:0,sw_fps:0,fakeframe:1
09-25 22:13:35.654  1097  1097 I         : [ADFR][0][INFO][oplus_adfr_status_reset:1851]sa status reset: auto_mode:0,fakeframe:1,sa_min_fps:120
09-25 22:13:35.673  1097  1097 I [   info] ts_panel_notifier_callback: Notification type:4, early_trigger:0
09-25 22:13:35.673  1097  1097 I [   info] ts_panel_notifier_callback: shashank:Received fps change old fps:60 new fps:120
09-25 22:13:36.184  1097  1097 I [   info] ts_panel_notifier_callback: Notification type:4, early_trigger:1
09-25 22:13:36.184  1097  1097 I [   info] ts_panel_notifier_callback: shashank:Received fps change old fps:120 new fps:60
09-25 22:13:36.185  1097  1097 E         : [LCD][0][ERR][oplus_panel_switch_vid_mode:475] oplus_panel_switch_vid_mode not support
09-25 22:13:36.185  1097  1097 I [drm:dsi_display_set_mode [msm_drm]] [msm-dsi-info]: mdp_transfer_time=6290, hactive=1264, vactive=2780, fps=60, h_skew=1, clk_rate=1012000000, h_sync_width=2,				h_front_porch26, h_back_porch=26, v_back_porch=42, v_sync_width=2, v_front_porch=58
09-25 22:13:36.186  1097  1097 I [ADFR][0][INFO][oplus_adfr_fakeframe_status_update:2140]h_active: 1264,refresh_rate:60,h_skew:1,sw_fps:0,fakeframe:0
09-25 22:13:36.191  1097  1097 I         : [LCD][0][INFO][oplus_panel_cmd_print:120] [A0020] dsi_cmd: qcom,mdss-dsi-timing-switch-command, count=8
09-25 22:13:36.191  1097  1097 I [ADFR][0][INFO][oplus_adfr_fakeframe_status_update:2140]h_active: 1264,refresh_rate:60,h_skew:1,sw_fps:0,fakeframe:0
09-25 22:13:36.191  1097  1097 I         : [ADFR][0][INFO][oplus_adfr_status_reset:1851]sa status reset: auto_mode:0,fakeframe:0,sa_min_fps:60
09-25 22:13:36.194 29275 29275 I         : [INFO]: OPLUS_CHG[CHG_COMM]([oplus_comm_smooth_to_soc][3416]): soc[0 2 73 73 75 76] avg[2 1 0 0 0] fifo[75 75 75 75]
09-25 22:13:36.201 25880 25880 I         : [INFO]: OPLUS_CHG[TRACK]([oplus_chg_track_cal_no_charging_stats_new][6797]): chg_no_charging_cnt=450s, no_chg_time=475s, delta_time=5s
09-25 22:13:36.207 25880 25880 I OPLUS_CHG[oplus_charge_info]: BATTERY[374 374 4028 4028 1942 73 76 75 3920 5416 1 0x0 4264], CHARGE[4470 600 0 0], WIRED[1 453 4924 500 1 0x0 0 0 0 2 0], WIRELESS[0 0 0 0 0 0x0 0 0 0], VOOC[0 0 0 0 0x0], UFCS[0 0 0 0x0], COMMON[7 0 0 0x0 1 0 1 5416 100 0]
09-25 22:13:36.208  1097  1097 I [   info] ts_panel_notifier_callback: Notification type:4, early_trigger:0
09-25 22:13:36.208  1097  1097 I [   info] ts_panel_notifier_callback: shashank:Received fps change old fps:120 new fps:60
09-25 22:13:36.208  1097  1097 I [   info] ts_panel_notifier_callback: Notification type:4, early_trigger:1
09-25 22:13:36.208  1097  1097 I [   info] ts_panel_notifier_callback: shashank:Received fps change old fps:60 new fps:120
09-25 22:13:36.209 25880 25880 I         : [INFO]: OPLUS_CHG[ADSP]([oplus_chg_8350_reg_dump][7390]): sm8450_st_dump: [chg_en=1, suspend=0, pd_svooc=0], subtype=0x01],[oplus_UsbCommCapable=0, oplus_pd_svooc=0, typec_mode=0, cid_status=0x01, usb_in_status=1],[0x2606=0x83, 0x2607=0x19, 0x2608=0x0a, 0x2609=0x02], [0x260a=0x04, 0x260b=0x57, 0x260c=0x0a, 0x260d=0x18], [0x260e=0x0a, 0x260f=0x01, 0x2610=0x00, 0x2640=0x01], [0x2641=0x02, 0x2642=0x05, 0x2646=0x01, 0x2650=0x03], [0x2706=0x0a, 0x2707=0x0a, 0x2708=0x0a, 0x2709=0x0a], [0x270b=0xe2, 0x270c=0x48, 0x2710=0xc0, 0x280c=0x38], [0x2810=0x00, 0x2840=0x01, 0x287f=0x00, 0x2906=0x02], [0x2908=0x0f, 0x290a=0x11, 0x290b=0x01, 0x290c=0x01], [0x2910=0x11, 0x2944=0x80, 0x2950=0x02, 0x2951=0x01], [0x2952=0x0a, 0x2954=0x00, 0x2960=0xe0, 0x2b06=0x08], [0x2b07=0x00, 0x2b08=0x00, 0x2b09=0x63, 0x2b0a=0x39], [0x2b0b=0x29, 0x2b0c=0x00, 0x29a8=0x81, 0x29a9=0x83], [0x29aa=0x00, 0x2aa2=0x00, 0x2aa8=0x87, 0x2aa9=0x00], [0x2aaa=0x00],
09-25 22:13:36.216  1097  1097 E         : [LCD][0][ERR][oplus_panel_switch_vid_mode:475] oplus_panel_switch_vid_mode not support
09-25 22:13:36.216  1097  1097 I [drm:dsi_display_set_mode [msm_drm]] [msm-dsi-info]: mdp_transfer_time=6290, hactive=1264, vactive=2780, fps=120, h_skew=0, clk_rate=1012000000, h_sync_width=2,				h_front_porch26, h_back_porch=26, v_back_porch=42, v_sync_width=2, v_front_porch=58
09-25 22:13:36.216  1097  1097 I [ADFR][0][INFO][oplus_adfr_fakeframe_status_update:2140]h_active: 1264,refresh_rate:120,h_skew:0,sw_fps:0,fakeframe:0
09-25 22:13:36.220  1097  1097 I         : [LCD][0][INFO][oplus_panel_cmd_print:120] [A0020] dsi_cmd: qcom,mdss-dsi-timing-switch-command, count=8
09-25 22:13:36.220  1097  1097 I [ADFR][0][INFO][oplus_adfr_fakeframe_status_update:2140]h_active: 1264,refresh_rate:120,h_skew:0,sw_fps:0,fakeframe:1
09-25 22:13:36.220  1097  1097 I         : [ADFR][0][INFO][oplus_adfr_status_reset:1851]sa status reset: auto_mode:0,fakeframe:1,sa_min_fps:120
09-25 22:13:36.239  1097  1097 I [   info] ts_panel_notifier_callback: Notification type:4, early_trigger:0
09-25 22:13:36.239  1097  1097 I [   info] ts_panel_notifier_callback: shashank:Received fps change old fps:60 new fps:120
09-25 22:13:36.721 26582 26582 E gsi soc : qcom,msm_gsi: gsi_stop_channel:3688 chan=1 busy try again
09-25 22:13:36.722 26582 26582 E gsi soc : qcom,msm_gsi: gsi_stop_channel:3688 chan=14 busy try again
09-25 22:13:37.192 31246 31246 I         : [OFP][0][INFO][oplus_get_doze_disable_time:3679]oplus_get_doze_disable_time=0
09-25 22:13:37.192 31246 31246 W [drm] [msm-dsi-warn]: dsi_display_check_status,time_gap=1076204434
09-25 22:13:37.341  1097  1097 I [   info] ts_panel_notifier_callback: Notification type:4, early_trigger:1
09-25 22:13:37.341  1097  1097 I [   info] ts_panel_notifier_callback: shashank:Received fps change old fps:120 new fps:60
09-25 22:13:37.344  1097  1097 E         : [LCD][0][ERR][oplus_panel_switch_vid_mode:475] oplus_panel_switch_vid_mode not support
09-25 22:13:37.344  1097  1097 I [drm:dsi_display_set_mode [msm_drm]] [msm-dsi-info]: mdp_transfer_time=6290, hactive=1264, vactive=2780, fps=60, h_skew=1, clk_rate=1012000000, h_sync_width=2,				h_front_porch26, h_back_porch=26, v_back_porch=42, v_sync_width=2, v_front_porch=58
09-25 22:13:37.345  1097  1097 I [ADFR][0][INFO][oplus_adfr_fakeframe_status_update:2140]h_active: 1264,refresh_rate:60,h_skew:1,sw_fps:0,fakeframe:0
09-25 22:13:37.348  1097  1097 I         : [LCD][0][INFO][oplus_panel_cmd_print:120] [A0020] dsi_cmd: qcom,mdss-dsi-timing-switch-command, count=8
09-25 22:13:37.348  1097  1097 I [ADFR][0][INFO][oplus_adfr_fakeframe_status_update:2140]h_active: 1264,refresh_rate:60,h_skew:1,sw_fps:0,fakeframe:0
09-25 22:13:37.348  1097  1097 I         : [ADFR][0][INFO][oplus_adfr_status_reset:1851]sa status reset: auto_mode:0,fakeframe:0,sa_min_fps:60
09-25 22:13:37.364  1097  1097 I [   info] ts_panel_notifier_callback: Notification type:4, early_trigger:0
09-25 22:13:37.364  1097  1097 I [   info] ts_panel_notifier_callback: shashank:Received fps change old fps:120 new fps:60
09-25 22:13:37.372  1097  1097 I [   info] ts_panel_notifier_callback: Notification type:4, early_trigger:1
09-25 22:13:37.372  1097  1097 I [   info] ts_panel_notifier_callback: shashank:Received fps change old fps:60 new fps:120
09-25 22:13:37.389  1097  1097 E         : [LCD][0][ERR][oplus_panel_switch_vid_mode:475] oplus_panel_switch_vid_mode not support
09-25 22:13:37.389  1097  1097 I [drm:dsi_display_set_mode [msm_drm]] [msm-dsi-info]: mdp_transfer_time=6290, hactive=1264, vactive=2780, fps=120, h_skew=0, clk_rate=1012000000, h_sync_width=2,				h_front_porch26, h_back_porch=26, v_back_porch=42, v_sync_width=2, v_front_porch=58
09-25 22:13:37.390  1097  1097 I [ADFR][0][INFO][oplus_adfr_fakeframe_status_update:2140]h_active: 1264,refresh_rate:120,h_skew:0,sw_fps:0,fakeframe:0
09-25 22:13:37.393  1097  1097 I         : [LCD][0][INFO][oplus_panel_cmd_print:120] [A0020] dsi_cmd: qcom,mdss-dsi-timing-switch-command, count=8
09-25 22:13:37.393  1097  1097 I [ADFR][0][INFO][oplus_adfr_fakeframe_status_update:2140]h_active: 1264,refresh_rate:120,h_skew:0,sw_fps:0,fakeframe:1
09-25 22:13:37.393  1097  1097 I         : [ADFR][0][INFO][oplus_adfr_status_reset:1851]sa status reset: auto_mode:0,fakeframe:1,sa_min_fps:120
09-25 22:13:37.412  1097  1097 I [   info] ts_panel_notifier_callback: Notification type:4, early_trigger:0
09-25 22:13:37.412  1097  1097 I [   info] ts_panel_notifier_callback: shashank:Received fps change old fps:60 new fps:120
09-25 22:13:37.448  1097  1097 I [   info] ts_panel_notifier_callback: Notification type:4, early_trigger:1
09-25 22:13:37.448  1097  1097 I [   info] ts_panel_notifier_callback: shashank:Received fps change old fps:120 new fps:60
09-25 22:13:37.449  1097  1097 E         : [LCD][0][ERR][oplus_panel_switch_vid_mode:475] oplus_panel_switch_vid_mode not support
09-25 22:13:37.449  1097  1097 I [drm:dsi_display_set_mode [msm_drm]] [msm-dsi-info]: mdp_transfer_time=6290, hactive=1264, vactive=2780, fps=60, h_skew=1, clk_rate=1012000000, h_sync_width=2,				h_front_porch26, h_back_porch=26, v_back_porch=42, v_sync_width=2, v_front_porch=58
09-25 22:13:37.450  1097  1097 I [ADFR][0][INFO][oplus_adfr_fakeframe_status_update:2140]h_active: 1264,refresh_rate:60,h_skew:1,sw_fps:0,fakeframe:0
09-25 22:13:37.456  1097  1097 I         : [LCD][0][INFO][oplus_panel_cmd_print:120] [A0020] dsi_cmd: qcom,mdss-dsi-timing-switch-command, count=8
09-25 22:13:37.456  1097  1097 I [ADFR][0][INFO][oplus_adfr_fakeframe_status_update:2140]h_active: 1264,refresh_rate:60,h_skew:1,sw_fps:0,fakeframe:0
09-25 22:13:37.456  1097  1097 I         : [ADFR][0][INFO][oplus_adfr_status_reset:1851]sa status reset: auto_mode:0,fakeframe:0,sa_min_fps:60
09-25 22:13:37.463     0     0 W [    C0] gen7_err_callback: 323 callbacks suppressed
09-25 22:13:37.463     0     0 F         : [    C0] kgsl kgsl-3d0: CP: AHB bus error, CP_RL_ERROR_DETAILS_0:0x10008e07 CP_RL_ERROR_DETAILS_1:0x12144
09-25 22:13:37.472  1097  1097 I [   info] ts_panel_notifier_callback: Notification type:4, early_trigger:0
09-25 22:13:37.472  1097  1097 I [   info] ts_panel_notifier_callback: shashank:Received fps change old fps:120 new fps:60
09-25 22:13:37.480  1097  1097 I [   info] ts_panel_notifier_callback: Notification type:4, early_trigger:1
09-25 22:13:37.480  1097  1097 I [   info] ts_panel_notifier_callback: shashank:Received fps change old fps:60 new fps:120
09-25 22:13:37.497  1097  1097 E         : [LCD][0][ERR][oplus_panel_switch_vid_mode:475] oplus_panel_switch_vid_mode not support
09-25 22:13:37.497  1097  1097 I [drm:dsi_display_set_mode [msm_drm]] [msm-dsi-info]: mdp_transfer_time=6290, hactive=1264, vactive=2780, fps=120, h_skew=0, clk_rate=1012000000, h_sync_width=2,				h_front_porch26, h_back_porch=26, v_back_porch=42, v_sync_width=2, v_front_porch=58
09-25 22:13:37.498  1097  1097 I [ADFR][0][INFO][oplus_adfr_fakeframe_status_update:2140]h_active: 1264,refresh_rate:120,h_skew:0,sw_fps:0,fakeframe:0
09-25 22:13:37.500     0     0 F         : [    C0] kgsl kgsl-3d0: CP: AHB bus error, CP_RL_ERROR_DETAILS_0:0x10008e07 CP_RL_ERROR_DETAILS_1:0x12144
09-25 22:13:37.500     0     0 F         : [    C0] kgsl kgsl-3d0: CP: AHB bus error, CP_RL_ERROR_DETAILS_0:0x10008e07 CP_RL_ERROR_DETAILS_1:0x12144
09-25 22:13:37.501  1097  1097 I         : [LCD][0][INFO][oplus_panel_cmd_print:120] [A0020] dsi_cmd: qcom,mdss-dsi-timing-switch-command, count=8
09-25 22:13:37.502  1097  1097 I [ADFR][0][INFO][oplus_adfr_fakeframe_status_update:2140]h_active: 1264,refresh_rate:120,h_skew:0,sw_fps:0,fakeframe:1
09-25 22:13:37.502  1097  1097 I         : [ADFR][0][INFO][oplus_adfr_status_reset:1851]sa status reset: auto_mode:0,fakeframe:1,sa_min_fps:120
09-25 22:13:37.502     0     0 F         : [    C0] kgsl kgsl-3d0: CP: AHB bus error, CP_RL_ERROR_DETAILS_0:0x10008e07 CP_RL_ERROR_DETAILS_1:0x12144
09-25 22:13:37.509     0     0 F         : [    C0] kgsl kgsl-3d0: CP: AHB bus error, CP_RL_ERROR_DETAILS_0:0x10008e07 CP_RL_ERROR_DETAILS_1:0x12144
09-25 22:13:37.520  1097  1097 I [   info] ts_panel_notifier_callback: Notification type:4, early_trigger:0
09-25 22:13:37.520  1097  1097 I [   info] ts_panel_notifier_callback: shashank:Received fps change old fps:60 new fps:120
09-25 22:13:37.556  1097  1097 I [   info] ts_panel_notifier_callback: Notification type:4, early_trigger:1
09-25 22:13:37.556  1097  1097 I [   info] ts_panel_notifier_callback: shashank:Received fps change old fps:120 new fps:60
09-25 22:13:37.557  1097  1097 E         : [LCD][0][ERR][oplus_panel_switch_vid_mode:475] oplus_panel_switch_vid_mode not support
09-25 22:13:37.557  1097  1097 I [drm:dsi_display_set_mode [msm_drm]] [msm-dsi-info]: mdp_transfer_time=6290, hactive=1264, vactive=2780, fps=60, h_skew=1, clk_rate=1012000000, h_sync_width=2,				h_front_porch26, h_back_porch=26, v_back_porch=42, v_sync_width=2, v_front_porch=58
09-25 22:13:37.557  1097  1097 I [ADFR][0][INFO][oplus_adfr_fakeframe_status_update:2140]h_active: 1264,refresh_rate:60,h_skew:1,sw_fps:0,fakeframe:0
09-25 22:13:37.564  1097  1097 I         : [LCD][0][INFO][oplus_panel_cmd_print:120] [A0020] dsi_cmd: qcom,mdss-dsi-timing-switch-command, count=8
09-25 22:13:37.564  1097  1097 I [ADFR][0][INFO][oplus_adfr_fakeframe_status_update:2140]h_active: 1264,refresh_rate:60,h_skew:1,sw_fps:0,fakeframe:0
09-25 22:13:37.564  1097  1097 I         : [ADFR][0][INFO][oplus_adfr_status_reset:1851]sa status reset: auto_mode:0,fakeframe:0,sa_min_fps:60
09-25 22:13:37.570     0     0 F         : [    C0] kgsl kgsl-3d0: CP: AHB bus error, CP_RL_ERROR_DETAILS_0:0x10008e07 CP_RL_ERROR_DETAILS_1:0x12144
09-25 22:13:37.581  1097  1097 I [   info] ts_panel_notifier_callback: Notification type:4, early_trigger:0
09-25 22:13:37.581  1097  1097 I [   info] ts_panel_notifier_callback: shashank:Received fps change old fps:120 new fps:60
09-25 22:13:37.589  1097  1097 I [   info] ts_panel_notifier_callback: Notification type:4, early_trigger:1
09-25 22:13:37.589  1097  1097 I [   info] ts_panel_notifier_callback: shashank:Received fps change old fps:60 new fps:120
09-25 22:13:37.598     0     0 F         : [    C0] kgsl kgsl-3d0: CP: AHB bus error, CP_RL_ERROR_DETAILS_0:0x10008e07 CP_RL_ERROR_DETAILS_1:0x12144
09-25 22:13:37.598     0     0 F         : [    C0] kgsl kgsl-3d0: CP: AHB bus error, CP_RL_ERROR_DETAILS_0:0x10008e07 CP_RL_ERROR_DETAILS_1:0x12144
09-25 22:13:37.600     0     0 F         : [    C0] kgsl kgsl-3d0: CP: AHB bus error, CP_RL_ERROR_DETAILS_0:0x10008e07 CP_RL_ERROR_DETAILS_1:0x12144
09-25 22:13:37.606  1097  1097 E         : [LCD][0][ERR][oplus_panel_switch_vid_mode:475] oplus_panel_switch_vid_mode not support
09-25 22:13:37.606  1097  1097 I [drm:dsi_display_set_mode [msm_drm]] [msm-dsi-info]: mdp_transfer_time=6290, hactive=1264, vactive=2780, fps=120, h_skew=0, clk_rate=1012000000, h_sync_width=2,				h_front_porch26, h_back_porch=26, v_back_porch=42, v_sync_width=2, v_front_porch=58
09-25 22:13:37.606  1097  1097 I [ADFR][0][INFO][oplus_adfr_fakeframe_status_update:2140]h_active: 1264,refresh_rate:120,h_skew:0,sw_fps:0,fakeframe:0
09-25 22:13:37.610  1097  1097 I         : [LCD][0][INFO][oplus_panel_cmd_print:120] [A0020] dsi_cmd: qcom,mdss-dsi-timing-switch-command, count=8
09-25 22:13:37.610  1097  1097 I [ADFR][0][INFO][oplus_adfr_fakeframe_status_update:2140]h_active: 1264,refresh_rate:120,h_skew:0,sw_fps:0,fakeframe:1
09-25 22:13:37.610  1097  1097 I         : [ADFR][0][INFO][oplus_adfr_status_reset:1851]sa status reset: auto_mode:0,fakeframe:1,sa_min_fps:120
09-25 22:13:37.625     0     0 F         : [    C0] kgsl kgsl-3d0: CP: AHB bus error, CP_RL_ERROR_DETAILS_0:0x10008e07 CP_RL_ERROR_DETAILS_1:0x12144
09-25 22:13:37.628  1097  1097 I [   info] ts_panel_notifier_callback: Notification type:4, early_trigger:0
09-25 22:13:37.628  1097  1097 I [   info] ts_panel_notifier_callback: shashank:Received fps change old fps:60 new fps:120
09-25 22:13:37.673  1097  1097 I [   info] ts_panel_notifier_callback: Notification type:4, early_trigger:1
09-25 22:13:37.673  1097  1097 I [   info] ts_panel_notifier_callback: shashank:Received fps change old fps:120 new fps:60
09-25 22:13:37.674  1097  1097 E         : [LCD][0][ERR][oplus_panel_switch_vid_mode:475] oplus_panel_switch_vid_mode not support
09-25 22:13:37.674  1097  1097 I [drm:dsi_display_set_mode [msm_drm]] [msm-dsi-info]: mdp_transfer_time=6290, hactive=1264, vactive=2780, fps=60, h_skew=1, clk_rate=1012000000, h_sync_width=2,				h_front_porch26, h_back_porch=26, v_back_porch=42, v_sync_width=2, v_front_porch=58
09-25 22:13:37.675  1097  1097 I [ADFR][0][INFO][oplus_adfr_fakeframe_status_update:2140]h_active: 1264,refresh_rate:60,h_skew:1,sw_fps:0,fakeframe:0
09-25 22:13:37.680  1097  1097 I         : [LCD][0][INFO][oplus_panel_cmd_print:120] [A0020] dsi_cmd: qcom,mdss-dsi-timing-switch-command, count=8
09-25 22:13:37.680  1097  1097 I [ADFR][0][INFO][oplus_adfr_fakeframe_status_update:2140]h_active: 1264,refresh_rate:60,h_skew:1,sw_fps:0,fakeframe:0
09-25 22:13:37.680  1097  1097 I         : [ADFR][0][INFO][oplus_adfr_status_reset:1851]sa status reset: auto_mode:0,fakeframe:0,sa_min_fps:60
09-25 22:13:37.697  1097  1097 I [   info] ts_panel_notifier_callback: Notification type:4, early_trigger:0
09-25 22:13:37.697  1097  1097 I [   info] ts_panel_notifier_callback: shashank:Received fps change old fps:120 new fps:60
09-25 22:13:37.697  1097  1097 I [   info] ts_panel_notifier_callback: Notification type:4, early_trigger:1
09-25 22:13:37.697  1097  1097 I [   info] ts_panel_notifier_callback: shashank:Received fps change old fps:60 new fps:120
09-25 22:13:37.705  1097  1097 E         : [LCD][0][ERR][oplus_panel_switch_vid_mode:475] oplus_panel_switch_vid_mode not support
09-25 22:13:37.705  1097  1097 I [drm:dsi_display_set_mode [msm_drm]] [msm-dsi-info]: mdp_transfer_time=6290, hactive=1264, vactive=2780, fps=120, h_skew=0, clk_rate=1012000000, h_sync_width=2,				h_front_porch26, h_back_porch=26, v_back_porch=42, v_sync_width=2, v_front_porch=58
09-25 22:13:37.706  1097  1097 I [ADFR][0][INFO][oplus_adfr_fakeframe_status_update:2140]h_active: 1264,refresh_rate:120,h_skew:0,sw_fps:0,fakeframe:0
09-25 22:13:37.709  1097  1097 I         : [LCD][0][INFO][oplus_panel_cmd_print:120] [A0020] dsi_cmd: qcom,mdss-dsi-timing-switch-command, count=8
09-25 22:13:37.710  1097  1097 I [ADFR][0][INFO][oplus_adfr_fakeframe_status_update:2140]h_active: 1264,refresh_rate:120,h_skew:0,sw_fps:0,fakeframe:1
09-25 22:13:37.710  1097  1097 I         : [ADFR][0][INFO][oplus_adfr_status_reset:1851]sa status reset: auto_mode:0,fakeframe:1,sa_min_fps:120
09-25 22:13:37.728  1097  1097 I [   info] ts_panel_notifier_callback: Notification type:4, early_trigger:0
09-25 22:13:37.728  1097  1097 I [   info] ts_panel_notifier_callback: shashank:Received fps change old fps:60 new fps:120
09-25 22:13:38.389  1097  1097 I [   info] ts_panel_notifier_callback: Notification type:4, early_trigger:1
09-25 22:13:38.389  1097  1097 I [   info] ts_panel_notifier_callback: shashank:Received fps change old fps:120 new fps:60
09-25 22:13:38.393  1097  1097 E         : [LCD][0][ERR][oplus_panel_switch_vid_mode:475] oplus_panel_switch_vid_mode not support
09-25 22:13:38.393  1097  1097 I [drm:dsi_display_set_mode [msm_drm]] [msm-dsi-info]: mdp_transfer_time=6290, hactive=1264, vactive=2780, fps=60, h_skew=1, clk_rate=1012000000, h_sync_width=2,				h_front_porch26, h_back_porch=26, v_back_porch=42, v_sync_width=2, v_front_porch=58
09-25 22:13:38.393  1097  1097 I [ADFR][0][INFO][oplus_adfr_fakeframe_status_update:2140]h_active: 1264,refresh_rate:60,h_skew:1,sw_fps:0,fakeframe:0
09-25 22:13:38.396  1097  1097 I         : [LCD][0][INFO][oplus_panel_cmd_print:120] [A0020] dsi_cmd: qcom,mdss-dsi-timing-switch-command, count=8
09-25 22:13:38.396  1097  1097 I [ADFR][0][INFO][oplus_adfr_fakeframe_status_update:2140]h_active: 1264,refresh_rate:60,h_skew:1,sw_fps:0,fakeframe:0
09-25 22:13:38.396  1097  1097 I         : [ADFR][0][INFO][oplus_adfr_status_reset:1851]sa status reset: auto_mode:0,fakeframe:0,sa_min_fps:60
09-25 22:13:38.413  1097  1097 I [   info] ts_panel_notifier_callback: Notification type:4, early_trigger:0
09-25 22:13:38.413  1097  1097 I [   info] ts_panel_notifier_callback: shashank:Received fps change old fps:120 new fps:60
09-25 22:13:38.430  1097  1097 I [   info] ts_panel_notifier_callback: Notification type:4, early_trigger:1
09-25 22:13:38.430  1097  1097 I [   info] ts_panel_notifier_callback: shashank:Received fps change old fps:60 new fps:120
09-25 22:13:38.438  1097  1097 E         : [LCD][0][ERR][oplus_panel_switch_vid_mode:475] oplus_panel_switch_vid_mode not support
09-25 22:13:38.438  1097  1097 I [drm:dsi_display_set_mode [msm_drm]] [msm-dsi-info]: mdp_transfer_time=6290, hactive=1264, vactive=2780, fps=120, h_skew=0, clk_rate=1012000000, h_sync_width=2,				h_front_porch26, h_back_porch=26, v_back_porch=42, v_sync_width=2, v_front_porch=58
09-25 22:13:38.438  1097  1097 I [ADFR][0][INFO][oplus_adfr_fakeframe_status_update:2140]h_active: 1264,refresh_rate:120,h_skew:0,sw_fps:0,fakeframe:0
09-25 22:13:38.442  1097  1097 I         : [LCD][0][INFO][oplus_panel_cmd_print:120] [A0020] dsi_cmd: qcom,mdss-dsi-timing-switch-command, count=8
09-25 22:13:38.442  1097  1097 I [ADFR][0][INFO][oplus_adfr_fakeframe_status_update:2140]h_active: 1264,refresh_rate:120,h_skew:0,sw_fps:0,fakeframe:1
09-25 22:13:38.442  1097  1097 I         : [ADFR][0][INFO][oplus_adfr_status_reset:1851]sa status reset: auto_mode:0,fakeframe:1,sa_min_fps:120
09-25 22:13:38.460  1097  1097 I [   info] ts_panel_notifier_callback: Notification type:4, early_trigger:0
09-25 22:13:38.460  1097  1097 I [   info] ts_panel_notifier_callback: shashank:Received fps change old fps:60 new fps:120
09-25 22:13:38.713  1097  1097 I [   info] ts_panel_notifier_callback: Notification type:4, early_trigger:1
09-25 22:13:38.713  1097  1097 I [   info] ts_panel_notifier_callback: shashank:Received fps change old fps:120 new fps:60
09-25 22:13:38.717  1097  1097 E         : [LCD][0][ERR][oplus_panel_switch_vid_mode:475] oplus_panel_switch_vid_mode not support
09-25 22:13:38.717  1097  1097 I [drm:dsi_display_set_mode [msm_drm]] [msm-dsi-info]: mdp_transfer_time=6290, hactive=1264, vactive=2780, fps=60, h_skew=1, clk_rate=1012000000, h_sync_width=2,				h_front_porch26, h_back_porch=26, v_back_porch=42, v_sync_width=2, v_front_porch=58
09-25 22:13:38.717  1097  1097 I [ADFR][0][INFO][oplus_adfr_fakeframe_status_update:2140]h_active: 1264,refresh_rate:60,h_skew:1,sw_fps:0,fakeframe:0
09-25 22:13:38.720  1097  1097 I         : [LCD][0][INFO][oplus_panel_cmd_print:120] [A0020] dsi_cmd: qcom,mdss-dsi-timing-switch-command, count=8
09-25 22:13:38.720  1097  1097 I [ADFR][0][INFO][oplus_adfr_fakeframe_status_update:2140]h_active: 1264,refresh_rate:60,h_skew:1,sw_fps:0,fakeframe:0
09-25 22:13:38.720  1097  1097 I         : [ADFR][0][INFO][oplus_adfr_status_reset:1851]sa status reset: auto_mode:0,fakeframe:0,sa_min_fps:60
09-25 22:13:38.737  1097  1097 I [   info] ts_panel_notifier_callback: Notification type:4, early_trigger:0
09-25 22:13:38.737  1097  1097 I [   info] ts_panel_notifier_callback: shashank:Received fps change old fps:120 new fps:60
09-25 22:13:38.771  1097  1097 I [   info] ts_panel_notifier_callback: Notification type:4, early_trigger:1
09-25 22:13:38.771  1097  1097 I [   info] ts_panel_notifier_callback: shashank:Received fps change old fps:60 new fps:120
09-25 22:13:38.779  1097  1097 E         : [LCD][0][ERR][oplus_panel_switch_vid_mode:475] oplus_panel_switch_vid_mode not support
09-25 22:13:38.779  1097  1097 I [drm:dsi_display_set_mode [msm_drm]] [msm-dsi-info]: mdp_transfer_time=6290, hactive=1264, vactive=2780, fps=120, h_skew=0, clk_rate=1012000000, h_sync_width=2,				h_front_porch26, h_back_porch=26, v_back_porch=42, v_sync_width=2, v_front_porch=58
09-25 22:13:38.779  1097  1097 I [ADFR][0][INFO][oplus_adfr_fakeframe_status_update:2140]h_active: 1264,refresh_rate:120,h_skew:0,sw_fps:0,fakeframe:0
09-25 22:13:38.783  1097  1097 I         : [LCD][0][INFO][oplus_panel_cmd_print:120] [A0020] dsi_cmd: qcom,mdss-dsi-timing-switch-command, count=8
09-25 22:13:38.783  1097  1097 I [ADFR][0][INFO][oplus_adfr_fakeframe_status_update:2140]h_active: 1264,refresh_rate:120,h_skew:0,sw_fps:0,fakeframe:1
09-25 22:13:38.783  1097  1097 I         : [ADFR][0][INFO][oplus_adfr_status_reset:1851]sa status reset: auto_mode:0,fakeframe:1,sa_min_fps:120
09-25 22:13:38.802  1097  1097 I [   info] ts_panel_notifier_callback: Notification type:4, early_trigger:0
09-25 22:13:38.802  1097  1097 I [   info] ts_panel_notifier_callback: shashank:Received fps change old fps:60 new fps:120
09-25 22:13:38.888  1097  1097 I [   info] ts_panel_notifier_callback: Notification type:4, early_trigger:1
09-25 22:13:38.888  1097  1097 I [   info] ts_panel_notifier_callback: shashank:Received fps change old fps:120 new fps:60
09-25 22:13:38.892  1097  1097 E         : [LCD][0][ERR][oplus_panel_switch_vid_mode:475] oplus_panel_switch_vid_mode not support
09-25 22:13:38.892  1097  1097 I [drm:dsi_display_set_mode [msm_drm]] [msm-dsi-info]: mdp_transfer_time=6290, hactive=1264, vactive=2780, fps=60, h_skew=1, clk_rate=1012000000, h_sync_width=2,				h_front_porch26, h_back_porch=26, v_back_porch=42, v_sync_width=2, v_front_porch=58
09-25 22:13:38.893  1097  1097 I [ADFR][0][INFO][oplus_adfr_fakeframe_status_update:2140]h_active: 1264,refresh_rate:60,h_skew:1,sw_fps:0,fakeframe:0
09-25 22:13:38.895  1097  1097 I         : [LCD][0][INFO][oplus_panel_cmd_print:120] [A0020] dsi_cmd: qcom,mdss-dsi-timing-switch-command, count=8
09-25 22:13:38.895  1097  1097 I [ADFR][0][INFO][oplus_adfr_fakeframe_status_update:2140]h_active: 1264,refresh_rate:60,h_skew:1,sw_fps:0,fakeframe:0
09-25 22:13:38.895  1097  1097 I         : [ADFR][0][INFO][oplus_adfr_status_reset:1851]sa status reset: auto_mode:0,fakeframe:0,sa_min_fps:60
09-25 22:13:38.912  1097  1097 I [   info] ts_panel_notifier_callback: Notification type:4, early_trigger:0
09-25 22:13:38.912  1097  1097 I [   info] ts_panel_notifier_callback: shashank:Received fps change old fps:120 new fps:60
09-25 22:13:38.929  1097  1097 I [   info] ts_panel_notifier_callback: Notification type:4, early_trigger:1
09-25 22:13:38.929  1097  1097 I [   info] ts_panel_notifier_callback: shashank:Received fps change old fps:60 new fps:120
09-25 22:13:38.937  1097  1097 E         : [LCD][0][ERR][oplus_panel_switch_vid_mode:475] oplus_panel_switch_vid_mode not support
09-25 22:13:38.937  1097  1097 I [drm:dsi_display_set_mode [msm_drm]] [msm-dsi-info]: mdp_transfer_time=6290, hactive=1264, vactive=2780, fps=120, h_skew=0, clk_rate=1012000000, h_sync_width=2,				h_front_porch26, h_back_porch=26, v_back_porch=42, v_sync_width=2, v_front_porch=58
09-25 22:13:38.937  1097  1097 I [ADFR][0][INFO][oplus_adfr_fakeframe_status_update:2140]h_active: 1264,refresh_rate:120,h_skew:0,sw_fps:0,fakeframe:0
09-25 22:13:38.941  1097  1097 I         : [LCD][0][INFO][oplus_panel_cmd_print:120] [A0020] dsi_cmd: qcom,mdss-dsi-timing-switch-command, count=8
09-25 22:13:38.941  1097  1097 I [ADFR][0][INFO][oplus_adfr_fakeframe_status_update:2140]h_active: 1264,refresh_rate:120,h_skew:0,sw_fps:0,fakeframe:1
09-25 22:13:38.941  1097  1097 I         : [ADFR][0][INFO][oplus_adfr_status_reset:1851]sa status reset: auto_mode:0,fakeframe:1,sa_min_fps:120
09-25 22:13:38.960  1097  1097 I [   info] ts_panel_notifier_callback: Notification type:4, early_trigger:0
09-25 22:13:38.960  1097  1097 I [   info] ts_panel_notifier_callback: shashank:Received fps change old fps:60 new fps:120
09-25 22:13:39.388  1097  1097 I [   info] ts_panel_notifier_callback: Notification type:4, early_trigger:1
09-25 22:13:39.388  1097  1097 I [   info] ts_panel_notifier_callback: shashank:Received fps change old fps:120 new fps:60
09-25 22:13:39.391  1097  1097 E         : [LCD][0][ERR][oplus_panel_switch_vid_mode:475] oplus_panel_switch_vid_mode not support
09-25 22:13:39.391  1097  1097 I [drm:dsi_display_set_mode [msm_drm]] [msm-dsi-info]: mdp_transfer_time=6290, hactive=1264, vactive=2780, fps=60, h_skew=1, clk_rate=1012000000, h_sync_width=2,				h_front_porch26, h_back_porch=26, v_back_porch=42, v_sync_width=2, v_front_porch=58
09-25 22:13:39.392  1097  1097 I [ADFR][0][INFO][oplus_adfr_fakeframe_status_update:2140]h_active: 1264,refresh_rate:60,h_skew:1,sw_fps:0,fakeframe:0
09-25 22:13:39.394  1097  1097 I         : [LCD][0][INFO][oplus_panel_cmd_print:120] [A0020] dsi_cmd: qcom,mdss-dsi-timing-switch-command, count=8
09-25 22:13:39.394  1097  1097 I [ADFR][0][INFO][oplus_adfr_fakeframe_status_update:2140]h_active: 1264,refresh_rate:60,h_skew:1,sw_fps:0,fakeframe:0
09-25 22:13:39.394  1097  1097 I         : [ADFR][0][INFO][oplus_adfr_status_reset:1851]sa status reset: auto_mode:0,fakeframe:0,sa_min_fps:60
09-25 22:13:39.411  1097  1097 I [   info] ts_panel_notifier_callback: Notification type:4, early_trigger:0
09-25 22:13:39.411  1097  1097 I [   info] ts_panel_notifier_callback: shashank:Received fps change old fps:120 new fps:60
09-25 22:13:39.418  1097  1097 I [   info] ts_panel_notifier_callback: Notification type:4, early_trigger:1
09-25 22:13:39.419  1097  1097 I [   info] ts_panel_notifier_callback: shashank:Received fps change old fps:60 new fps:120
09-25 22:13:39.436  1097  1097 E         : [LCD][0][ERR][oplus_panel_switch_vid_mode:475] oplus_panel_switch_vid_mode not support
09-25 22:13:39.436  1097  1097 I [drm:dsi_display_set_mode [msm_drm]] [msm-dsi-info]: mdp_transfer_time=6290, hactive=1264, vactive=2780, fps=120, h_skew=0, clk_rate=1012000000, h_sync_width=2,				h_front_porch26, h_back_porch=26, v_back_porch=42, v_sync_width=2, v_front_porch=58
09-25 22:13:39.437  1097  1097 I [ADFR][0][INFO][oplus_adfr_fakeframe_status_update:2140]h_active: 1264,refresh_rate:120,h_skew:0,sw_fps:0,fakeframe:0
09-25 22:13:39.440  1097  1097 I         : [LCD][0][INFO][oplus_panel_cmd_print:120] [A0020] dsi_cmd: qcom,mdss-dsi-timing-switch-command, count=8
09-25 22:13:39.440  1097  1097 I [ADFR][0][INFO][oplus_adfr_fakeframe_status_update:2140]h_active: 1264,refresh_rate:120,h_skew:0,sw_fps:0,fakeframe:1
09-25 22:13:39.440  1097  1097 I         : [ADFR][0][INFO][oplus_adfr_status_reset:1851]sa status reset: auto_mode:0,fakeframe:1,sa_min_fps:120
09-25 22:13:39.459  1097  1097 I [   info] ts_panel_notifier_callback: Notification type:4, early_trigger:0
09-25 22:13:39.459  1097  1097 I [   info] ts_panel_notifier_callback: shashank:Received fps change old fps:60 new fps:120
09-25 22:13:39.487  1097  1097 I [   info] ts_panel_notifier_callback: Notification type:4, early_trigger:1
09-25 22:13:39.487  1097  1097 I [   info] ts_panel_notifier_callback: shashank:Received fps change old fps:120 new fps:60
09-25 22:13:39.489  1097  1097 E         : [LCD][0][ERR][oplus_panel_switch_vid_mode:475] oplus_panel_switch_vid_mode not support
09-25 22:13:39.489  1097  1097 I [drm:dsi_display_set_mode [msm_drm]] [msm-dsi-info]: mdp_transfer_time=6290, hactive=1264, vactive=2780, fps=60, h_skew=1, clk_rate=1012000000, h_sync_width=2,				h_front_porch26, h_back_porch=26, v_back_porch=42, v_sync_width=2, v_front_porch=58
09-25 22:13:39.489  1097  1097 I [ADFR][0][INFO][oplus_adfr_fakeframe_status_update:2140]h_active: 1264,refresh_rate:60,h_skew:1,sw_fps:0,fakeframe:0
09-25 22:13:39.494  1097  1097 I         : [LCD][0][INFO][oplus_panel_cmd_print:120] [A0020] dsi_cmd: qcom,mdss-dsi-timing-switch-command, count=8
09-25 22:13:39.494  1097  1097 I [ADFR][0][INFO][oplus_adfr_fakeframe_status_update:2140]h_active: 1264,refresh_rate:60,h_skew:1,sw_fps:0,fakeframe:0
09-25 22:13:39.494  1097  1097 I         : [ADFR][0][INFO][oplus_adfr_status_reset:1851]sa status reset: auto_mode:0,fakeframe:0,sa_min_fps:60
09-25 22:13:39.511  1097  1097 I [   info] ts_panel_notifier_callback: Notification type:4, early_trigger:0
09-25 22:13:39.511  1097  1097 I [   info] ts_panel_notifier_callback: shashank:Received fps change old fps:120 new fps:60
09-25 22:13:39.518  1097  1097 I [   info] ts_panel_notifier_callback: Notification type:4, early_trigger:1
09-25 22:13:39.518  1097  1097 I [   info] ts_panel_notifier_callback: shashank:Received fps change old fps:60 new fps:120
09-25 22:13:39.536  1097  1097 E         : [LCD][0][ERR][oplus_panel_switch_vid_mode:475] oplus_panel_switch_vid_mode not support
09-25 22:13:39.536  1097  1097 I [drm:dsi_display_set_mode [msm_drm]] [msm-dsi-info]: mdp_transfer_time=6290, hactive=1264, vactive=2780, fps=120, h_skew=0, clk_rate=1012000000, h_sync_width=2,				h_front_porch26, h_back_porch=26, v_back_porch=42, v_sync_width=2, v_front_porch=58
09-25 22:13:39.536  1097  1097 I [ADFR][0][INFO][oplus_adfr_fakeframe_status_update:2140]h_active: 1264,refresh_rate:120,h_skew:0,sw_fps:0,fakeframe:0
09-25 22:13:39.540  1097  1097 I         : [LCD][0][INFO][oplus_panel_cmd_print:120] [A0020] dsi_cmd: qcom,mdss-dsi-timing-switch-command, count=8
09-25 22:13:39.540  1097  1097 I [ADFR][0][INFO][oplus_adfr_fakeframe_status_update:2140]h_active: 1264,refresh_rate:120,h_skew:0,sw_fps:0,fakeframe:1
09-25 22:13:39.540  1097  1097 I         : [ADFR][0][INFO][oplus_adfr_status_reset:1851]sa status reset: auto_mode:0,fakeframe:1,sa_min_fps:120
09-25 22:13:39.559  1097  1097 I [   info] ts_panel_notifier_callback: Notification type:4, early_trigger:0
09-25 22:13:39.559  1097  1097 I [   info] ts_panel_notifier_callback: shashank:Received fps change old fps:60 new fps:120
09-25 22:13:39.946  1097  1097 I [   info] ts_panel_notifier_callback: Notification type:4, early_trigger:1
09-25 22:13:39.946  1097  1097 I [   info] ts_panel_notifier_callback: shashank:Received fps change old fps:120 new fps:60
09-25 22:13:39.950  1097  1097 E         : [LCD][0][ERR][oplus_panel_switch_vid_mode:475] oplus_panel_switch_vid_mode not support
09-25 22:13:39.950  1097  1097 I [drm:dsi_display_set_mode [msm_drm]] [msm-dsi-info]: mdp_transfer_time=6290, hactive=1264, vactive=2780, fps=60, h_skew=1, clk_rate=1012000000, h_sync_width=2,				h_front_porch26, h_back_porch=26, v_back_porch=42, v_sync_width=2, v_front_porch=58
09-25 22:13:39.951  1097  1097 I [ADFR][0][INFO][oplus_adfr_fakeframe_status_update:2140]h_active: 1264,refresh_rate:60,h_skew:1,sw_fps:0,fakeframe:0
09-25 22:13:39.952  1097  1097 I         : [LCD][0][INFO][oplus_panel_cmd_print:120] [A0020] dsi_cmd: qcom,mdss-dsi-timing-switch-command, count=8
09-25 22:13:39.952  1097  1097 I [ADFR][0][INFO][oplus_adfr_fakeframe_status_update:2140]h_active: 1264,refresh_rate:60,h_skew:1,sw_fps:0,fakeframe:0
09-25 22:13:39.952  1097  1097 I         : [ADFR][0][INFO][oplus_adfr_status_reset:1851]sa status reset: auto_mode:0,fakeframe:0,sa_min_fps:60
09-25 22:13:39.968  1097  1097 I [   info] ts_panel_notifier_callback: Notification type:4, early_trigger:0
09-25 22:13:39.968  1097  1097 I [   info] ts_panel_notifier_callback: shashank:Received fps change old fps:120 new fps:60
09-25 22:13:39.988  1097  1097 I [   info] ts_panel_notifier_callback: Notification type:4, early_trigger:1
09-25 22:13:39.988  1097  1097 I [   info] ts_panel_notifier_callback: shashank:Received fps change old fps:60 new fps:120
09-25 22:13:39.993  1097  1097 E         : [LCD][0][ERR][oplus_panel_switch_vid_mode:475] oplus_panel_switch_vid_mode not support
09-25 22:13:39.994  1097  1097 I [drm:dsi_display_set_mode [msm_drm]] [msm-dsi-info]: mdp_transfer_time=6290, hactive=1264, vactive=2780, fps=120, h_skew=0, clk_rate=1012000000, h_sync_width=2,				h_front_porch26, h_back_porch=26, v_back_porch=42, v_sync_width=2, v_front_porch=58
09-25 22:13:39.994  1097  1097 I [ADFR][0][INFO][oplus_adfr_fakeframe_status_update:2140]h_active: 1264,refresh_rate:120,h_skew:0,sw_fps:0,fakeframe:0
09-25 22:13:39.997  1097  1097 I         : [LCD][0][INFO][oplus_panel_cmd_print:120] [A0020] dsi_cmd: qcom,mdss-dsi-timing-switch-command, count=8
09-25 22:13:39.998  1097  1097 I [ADFR][0][INFO][oplus_adfr_fakeframe_status_update:2140]h_active: 1264,refresh_rate:120,h_skew:0,sw_fps:0,fakeframe:1
09-25 22:13:39.998  1097  1097 I         : [ADFR][0][INFO][oplus_adfr_status_reset:1851]sa status reset: auto_mode:0,fakeframe:1,sa_min_fps:120
09-25 22:13:40.017  1097  1097 I [   info] ts_panel_notifier_callback: Notification type:4, early_trigger:0
09-25 22:13:40.017  1097  1097 I [   info] ts_panel_notifier_callback: shashank:Received fps change old fps:60 new fps:120
09-25 22:13:40.520 29219 29219 E iostack : irqs = 17582383, self-block = 0
09-25 22:13:40.695  1097  1097 I [   info] ts_panel_notifier_callback: Notification type:4, early_trigger:1
09-25 22:13:40.695  1097  1097 I [   info] ts_panel_notifier_callback: shashank:Received fps change old fps:120 new fps:60
09-25 22:13:40.697  1097  1097 E         : [LCD][0][ERR][oplus_panel_switch_vid_mode:475] oplus_panel_switch_vid_mode not support
09-25 22:13:40.697  1097  1097 I [drm:dsi_display_set_mode [msm_drm]] [msm-dsi-info]: mdp_transfer_time=6290, hactive=1264, vactive=2780, fps=60, h_skew=1, clk_rate=1012000000, h_sync_width=2,				h_front_porch26, h_back_porch=26, v_back_porch=42, v_sync_width=2, v_front_porch=58
09-25 22:13:40.697  1097  1097 I [ADFR][0][INFO][oplus_adfr_fakeframe_status_update:2140]h_active: 1264,refresh_rate:60,h_skew:1,sw_fps:0,fakeframe:0
09-25 22:13:40.701  1097  1097 I         : [LCD][0][INFO][oplus_panel_cmd_print:120] [A0020] dsi_cmd: qcom,mdss-dsi-timing-switch-command, count=8
09-25 22:13:40.701  1097  1097 I [ADFR][0][INFO][oplus_adfr_fakeframe_status_update:2140]h_active: 1264,refresh_rate:60,h_skew:1,sw_fps:0,fakeframe:0
09-25 22:13:40.701  1097  1097 I         : [ADFR][0][INFO][oplus_adfr_status_reset:1851]sa status reset: auto_mode:0,fakeframe:0,sa_min_fps:60
09-25 22:13:40.717  1097  1097 I [   info] ts_panel_notifier_callback: Notification type:4, early_trigger:0
09-25 22:13:40.717  1097  1097 I [   info] ts_panel_notifier_callback: shashank:Received fps change old fps:120 new fps:60
09-25 22:13:40.729  1097  1097 I [   info] ts_panel_notifier_callback: Notification type:4, early_trigger:1
09-25 22:13:40.729  1097  1097 I [   info] ts_panel_notifier_callback: shashank:Received fps change old fps:60 new fps:120
09-25 22:13:40.742  1097  1097 E         : [LCD][0][ERR][oplus_panel_switch_vid_mode:475] oplus_panel_switch_vid_mode not support
09-25 22:13:40.742  1097  1097 I [drm:dsi_display_set_mode [msm_drm]] [msm-dsi-info]: mdp_transfer_time=6290, hactive=1264, vactive=2780, fps=120, h_skew=0, clk_rate=1012000000, h_sync_width=2,				h_front_porch26, h_back_porch=26, v_back_porch=42, v_sync_width=2, v_front_porch=58
09-25 22:13:40.742  1097  1097 I [ADFR][0][INFO][oplus_adfr_fakeframe_status_update:2140]h_active: 1264,refresh_rate:120,h_skew:0,sw_fps:0,fakeframe:0
09-25 22:13:40.746  1097  1097 I         : [LCD][0][INFO][oplus_panel_cmd_print:120] [A0020] dsi_cmd: qcom,mdss-dsi-timing-switch-command, count=8
09-25 22:13:40.746  1097  1097 I [ADFR][0][INFO][oplus_adfr_fakeframe_status_update:2140]h_active: 1264,refresh_rate:120,h_skew:0,sw_fps:0,fakeframe:1
09-25 22:13:40.746  1097  1097 I         : [ADFR][0][INFO][oplus_adfr_status_reset:1851]sa status reset: auto_mode:0,fakeframe:1,sa_min_fps:120
09-25 22:13:40.765  1097  1097 I [   info] ts_panel_notifier_callback: Notification type:4, early_trigger:0
09-25 22:13:40.765  1097  1097 I [   info] ts_panel_notifier_callback: shashank:Received fps change old fps:60 new fps:120
09-25 22:13:40.972   950   950 I logd    : logdr: UID=2000 GID=2000 PID=5993 n tail=0 logMask=99 pid=32326 start=0ns deadline=0ns
09-25 22:13:41.315 29275 29275 I         : [INFO]: OPLUS_CHG[CHG_COMM]([oplus_comm_smooth_to_soc][3416]): soc[0 2 73 73 75 76] avg[3 1 0 0 0] fifo[75 75 75 75]
09-25 22:13:41.321 26480 26480 I         : [INFO]: OPLUS_CHG[TRACK]([oplus_chg_track_cal_no_charging_stats_new][6797]): chg_no_charging_cnt=455s, no_chg_time=480s, delta_time=5s
09-25 22:13:41.327 26480 26480 I OPLUS_CHG[oplus_charge_info]: BATTERY[375 374 4034 4034 1627 73 76 75 3918 5416 1 0x0 4261], CHARGE[4470 600 0 0], WIRED[1 453 4929 500 1 0x0 0 0 0 2 0], WIRELESS[0 0 0 0 0 0x0 0 0 0], VOOC[0 0 0 0 0x0], UFCS[0 0 0 0x0], COMMON[7 0 0 0x0 1 0 1 5416 100 0]
09-25 22:13:41.329 26480 26480 I         : [INFO]: OPLUS_CHG[ADSP]([oplus_chg_8350_reg_dump][7390]): sm8450_st_dump: [chg_en=1, suspend=0, pd_svooc=0], subtype=0x01],[oplus_UsbCommCapable=0, oplus_pd_svooc=0, typec_mode=0, cid_status=0x01, usb_in_status=1],[0x2606=0x83, 0x2607=0x19, 0x2608=0x0a, 0x2609=0x02], [0x260a=0x04, 0x260b=0x57, 0x260c=0x0a, 0x260d=0x18], [0x260e=0x0a, 0x260f=0x01, 0x2610=0x00, 0x2640=0x01], [0x2641=0x02, 0x2642=0x05, 0x2646=0x01, 0x2650=0x03], [0x2706=0x0a, 0x2707=0x0a, 0x2708=0x0a, 0x2709=0x0a], [0x270b=0xe2, 0x270c=0x48, 0x2710=0xc0, 0x280c=0x38], [0x2810=0x00, 0x2840=0x01, 0x287f=0x00, 0x2906=0x02], [0x2908=0x0f, 0x290a=0x11, 0x290b=0x01, 0x290c=0x01], [0x2910=0x11, 0x2944=0x80, 0x2950=0x02, 0x2951=0x01], [0x2952=0x0a, 0x2954=0x00, 0x2960=0xe0, 0x2b06=0x08], [0x2b07=0x00, 0x2b08=0x00, 0x2b09=0x63, 0x2b0a=0x39], [0x2b0b=0x29, 0x2b0c=0x00, 0x29a8=0x81, 0x29a9=0x83], [0x29aa=0x00, 0x2aa2=0x00, 0x2aa8=0x87, 0x2aa9=0x00], [0x2aaa=0x00],
09-25 22:13:42.312 31246 31246 I         : [OFP][0][INFO][oplus_get_doze_disable_time:3679]oplus_get_doze_disable_time=0
09-25 22:13:42.312 31246 31246 W [drm] [msm-dsi-warn]: dsi_display_check_status,time_gap=1081324426
09-25 22:13:42.464     0     0 W [    C0] gen7_err_callback: 304 callbacks suppressed
09-25 22:13:42.464     0     0 F         : [    C0] kgsl kgsl-3d0: CP: AHB bus error, CP_RL_ERROR_DETAILS_0:0x10008e07 CP_RL_ERROR_DETAILS_1:0x12144
09-25 22:13:42.471     0     0 F         : [    C0] kgsl kgsl-3d0: CP: AHB bus error, CP_RL_ERROR_DETAILS_0:0x10008e07 CP_RL_ERROR_DETAILS_1:0x12144
09-25 22:13:42.487     0     0 F         : [    C0] kgsl kgsl-3d0: CP: AHB bus error, CP_RL_ERROR_DETAILS_0:0x10008e07 CP_RL_ERROR_DETAILS_1:0x12144
09-25 22:13:42.506     0     0 F         : [    C0] kgsl kgsl-3d0: CP: AHB bus error, CP_RL_ERROR_DETAILS_0:0x10008e07 CP_RL_ERROR_DETAILS_1:0x12144
09-25 22:13:42.506     0     0 F         : [    C0] kgsl kgsl-3d0: CP: AHB bus error, CP_RL_ERROR_DETAILS_0:0x10008e07 CP_RL_ERROR_DETAILS_1:0x12144
09-25 22:13:42.508     0     0 F         : [    C0] kgsl kgsl-3d0: CP: AHB bus error, CP_RL_ERROR_DETAILS_0:0x10008e07 CP_RL_ERROR_DETAILS_1:0x12144
09-25 22:13:42.513     0     0 F         : [    C0] kgsl kgsl-3d0: CP: AHB bus error, CP_RL_ERROR_DETAILS_0:0x10008e07 CP_RL_ERROR_DETAILS_1:0x12144
09-25 22:13:42.540     0     0 F         : [    C0] kgsl kgsl-3d0: CP: AHB bus error, CP_RL_ERROR_DETAILS_0:0x10008e07 CP_RL_ERROR_DETAILS_1:0x12144
09-25 22:13:42.560     0     0 F         : [    C0] kgsl kgsl-3d0: CP: AHB bus error, CP_RL_ERROR_DETAILS_0:0x10008e07 CP_RL_ERROR_DETAILS_1:0x12144
09-25 22:13:42.561     0     0 F         : [    C0] kgsl kgsl-3d0: CP: AHB bus error, CP_RL_ERROR_DETAILS_0:0x10008e07 CP_RL_ERROR_DETAILS_1:0x12144
09-25 22:13:43.414   950   950 I logd    : logdr: UID=2000 GID=2000 PID=6033 n tail=0 logMask=10 pid=0 start=0ns deadline=0ns
09-25 22:13:43.449   950   950 I logd    : logdr: UID=2000 GID=2000 PID=6036 n tail=5000 logMask=9 pid=0 start=0ns deadline=0ns
09-25 22:13:43.563   950   950 I logd    : logdr: UID=2000 GID=2000 PID=6039 n tail=2000 logMask=4 pid=0 start=0ns deadline=0ns
