--------- beginning of kernel
09-26 11:43:31.096 15002 15002 E audit   : rate limit exceeded
09-26 11:43:31.556 18931 18931 I         : [INFO]: OPLUS_CHG[CHG_COMM]([oplus_comm_smooth_to_soc][3416]): soc[0 2 67 67 68 68] avg[3 1 0 0 0] fifo[68 68 68 68]
09-26 11:43:31.566 17151 17151 I         : [INFO]: OPLUS_CHG[TRACK]([oplus_chg_track_cal_no_charging_stats_new][6797]): chg_no_charging_cnt=25s, no_chg_time=42s, delta_time=5s
09-26 11:43:31.573 17151 17151 I OPLUS_CHG[oplus_charge_info]: BATTERY[329 329 4003 4003 1406 67 68 68 3614 5416 1 0x0 3960], CHARGE[4490 600 0 0], WIRED[1 453 4930 500 1 0x0 0 0 0 2 0], WIRELESS[0 0 0 0 0 0x0 0 0 0], VOOC[0 0 0 0 0x0], UFCS[0 0 0 0x0], COMMON[6 0 0 0x0 1 0 1 5416 100 0]
09-26 11:43:31.575 17151 17151 I         : [INFO]: OPLUS_CHG[ADSP]([oplus_chg_8350_reg_dump][7390]): sm8450_st_dump: [chg_en=1, suspend=0, pd_svooc=0], subtype=0x01],[oplus_UsbCommCapable=0, oplus_pd_svooc=0, typec_mode=0, cid_status=0x01, usb_in_status=1],[0x2606=0x83, 0x2607=0x19, 0x2608=0x0a, 0x2609=0x02], [0x260a=0x04, 0x260b=0x59, 0x260c=0x0a, 0x260d=0x18], [0x260e=0x0a, 0x260f=0x01, 0x2610=0x00, 0x2640=0x01], [0x2641=0x02, 0x2642=0x05, 0x2646=0x01, 0x2650=0x03], [0x2706=0x0a, 0x2707=0x0a, 0x2708=0x0a, 0x2709=0x0a], [0x270b=0xe2, 0x270c=0x48, 0x2710=0xc0, 0x280c=0x38], [0x2810=0x00, 0x2840=0x01, 0x287f=0x00, 0x2906=0x02], [0x2908=0x0f, 0x290a=0x11, 0x290b=0x01, 0x290c=0x01], [0x2910=0x11, 0x2944=0x80, 0x2950=0x02, 0x2951=0x01], [0x2952=0x0a, 0x2954=0x00, 0x2960=0xe0, 0x2b06=0x08], [0x2b07=0x00, 0x2b08=0x00, 0x2b09=0x63, 0x2b0a=0x39], [0x2b0b=0x29, 0x2b0c=0x00, 0x29a8=0x81, 0x29a9=0x83], [0x29aa=0x00, 0x2aa2=0x00, 0x2aa8=0x87, 0x2aa9=0x00], [0x2aaa=0x00],
09-26 11:43:34.148  9181  9181 E ipa_pm_handle_suspend: 1280 Client IPA_CLIENT_APPS_WAN_CONS woke up the system
09-26 11:43:34.448 18422 18422 E gsi soc : qcom,msm_gsi: gsi_stop_channel:3688 chan=1 busy try again
09-26 11:43:34.451 18422 18422 E gsi soc : qcom,msm_gsi: gsi_stop_channel:3688 chan=14 busy try again
09-26 11:43:34.856  7805  7805 I         : [OFP][0][INFO][oplus_get_doze_disable_time:3679]oplus_get_doze_disable_time=0
09-26 11:43:34.856  7805  7805 W [drm] [msm-dsi-warn]: dsi_display_check_status,time_gap=-1949098853
09-26 11:43:35.384 16701 16701 E gsi soc : qcom,msm_gsi: gsi_stop_channel:3688 chan=1 busy try again
09-26 11:43:35.386 16701 16701 E gsi soc : qcom,msm_gsi: gsi_stop_channel:3688 chan=14 busy try again
09-26 11:43:36.674 18931 18931 I         : [INFO]: OPLUS_CHG[CHG_COMM]([oplus_comm_smooth_to_soc][3416]): soc[0 2 67 67 68 68] avg[0 1 0 0 0] fifo[68 68 68 68]
09-26 11:43:36.681 17616 17616 I         : [INFO]: OPLUS_CHG[TRACK]([oplus_chg_track_cal_no_charging_stats_new][6797]): chg_no_charging_cnt=30s, no_chg_time=47s, delta_time=5s
09-26 11:43:36.688 17616 17616 I OPLUS_CHG[oplus_charge_info]: BATTERY[329 329 3999 3999 1423 67 68 68 3612 5416 1 0x0 3958], CHARGE[4490 600 0 0], WIRED[1 450 4927 500 1 0x0 0 0 0 2 0], WIRELESS[0 0 0 0 0 0x0 0 0 0], VOOC[0 0 0 0 0x0], UFCS[0 0 0 0x0], COMMON[6 0 0 0x0 1 0 1 5416 100 0]
09-26 11:43:36.689 17616 17616 I         : [INFO]: OPLUS_CHG[ADSP]([oplus_chg_8350_reg_dump][7390]): sm8450_st_dump: [chg_en=1, suspend=0, pd_svooc=0], subtype=0x01],[oplus_UsbCommCapable=0, oplus_pd_svooc=0, typec_mode=0, cid_status=0x01, usb_in_status=1],[0x2606=0x83, 0x2607=0x19, 0x2608=0x0a, 0x2609=0x02], [0x260a=0x04, 0x260b=0x59, 0x260c=0x0a, 0x260d=0x18], [0x260e=0x0a, 0x260f=0x01, 0x2610=0x00, 0x2640=0x01], [0x2641=0x02, 0x2642=0x05, 0x2646=0x01, 0x2650=0x03], [0x2706=0x0a, 0x2707=0x0a, 0x2708=0x0a, 0x2709=0x0a], [0x270b=0xe2, 0x270c=0x48, 0x2710=0xc0, 0x280c=0x38], [0x2810=0x00, 0x2840=0x01, 0x287f=0x00, 0x2906=0x02], [0x2908=0x0f, 0x290a=0x11, 0x290b=0x01, 0x290c=0x01], [0x2910=0x11, 0x2944=0x80, 0x2950=0x02, 0x2951=0x01], [0x2952=0x0a, 0x2954=0x00, 0x2960=0xe0, 0x2b06=0x08], [0x2b07=0x00, 0x2b08=0x00, 0x2b09=0x63, 0x2b0a=0x39], [0x2b0b=0x29, 0x2b0c=0x00, 0x29a8=0x81, 0x29a9=0x83], [0x29aa=0x00, 0x2aa2=0x00, 0x2aa8=0x87, 0x2aa9=0x00], [0x2aaa=0x00],
09-26 11:43:37.566   950   950 I logd    : logdr: UID=2000 GID=2000 PID=20951 b tail=20 logMask=99 pid=0 start=0ns deadline=0ns
09-26 11:43:39.313 16701 16701 E gsi soc : qcom,msm_gsi: gsi_stop_channel:3688 chan=1 busy try again
09-26 11:43:39.315 16701 16701 E gsi soc : qcom,msm_gsi: gsi_stop_channel:3688 chan=14 busy try again
09-26 11:43:39.976  7805  7805 I         : [OFP][0][INFO][oplus_get_doze_disable_time:3679]oplus_get_doze_disable_time=0
09-26 11:43:39.976  7805  7805 W [drm] [msm-dsi-warn]: dsi_display_check_status,time_gap=-1943979078
09-26 11:43:40.058  5304  5304 W audit   : audit_lost=5666013 audit_rate_limit=5 audit_backlog_limit=64
09-26 11:43:40.058  5304  5304 E audit   : rate limit exceeded
09-26 11:43:41.000 18787 18787 E iostack : irqs = 19454224, self-block = 0
09-26 11:43:41.795 17565 17565 I         : [INFO]: OPLUS_CHG[CHG_COMM]([oplus_comm_smooth_to_soc][3416]): soc[0 2 67 67 68 68] avg[1 1 0 0 0] fifo[68 68 68 68]
09-26 11:43:41.803 17560 17560 I         : [INFO]: OPLUS_CHG[TRACK]([oplus_chg_track_cal_no_charging_stats_new][6797]): chg_no_charging_cnt=36s, no_chg_time=53s, delta_time=6s
09-26 11:43:41.810 17560 17560 I OPLUS_CHG[oplus_charge_info]: BATTERY[329 329 4000 4000 1386 67 68 68 3610 5416 1 0x0 3956], CHARGE[4490 600 0 0], WIRED[1 453 4929 500 1 0x0 0 0 0 2 0], WIRELESS[0 0 0 0 0 0x0 0 0 0], VOOC[0 0 0 0 0x0], UFCS[0 0 0 0x0], COMMON[6 0 0 0x0 1 0 1 5416 100 0]
09-26 11:43:41.811 17560 17560 I         : [INFO]: OPLUS_CHG[ADSP]([oplus_chg_8350_reg_dump][7390]): sm8450_st_dump: [chg_en=1, suspend=0, pd_svooc=0], subtype=0x01],[oplus_UsbCommCapable=0, oplus_pd_svooc=0, typec_mode=0, cid_status=0x01, usb_in_status=1],[0x2606=0x83, 0x2607=0x19, 0x2608=0x0a, 0x2609=0x02], [0x260a=0x04, 0x260b=0x59, 0x260c=0x0a, 0x260d=0x18], [0x260e=0x0a, 0x260f=0x01, 0x2610=0x00, 0x2640=0x01], [0x2641=0x02, 0x2642=0x05, 0x2646=0x01, 0x2650=0x03], [0x2706=0x0a, 0x2707=0x0a, 0x2708=0x0a, 0x2709=0x0a], [0x270b=0xe2, 0x270c=0x48, 0x2710=0xc0, 0x280c=0x38], [0x2810=0x00, 0x2840=0x01, 0x287f=0x00, 0x2906=0x02], [0x2908=0x0f, 0x290a=0x11, 0x290b=0x01, 0x290c=0x01], [0x2910=0x11, 0x2944=0x80, 0x2950=0x02, 0x2951=0x01], [0x2952=0x0a, 0x2954=0x00, 0x2960=0xe0, 0x2b06=0x08], [0x2b07=0x00, 0x2b08=0x00, 0x2b09=0x63, 0x2b0a=0x39], [0x2b0b=0x29, 0x2b0c=0x00, 0x29a8=0x81, 0x29a9=0x83], [0x29aa=0x00, 0x2aa2=0x00, 0x2aa8=0x87, 0x2aa9=0x00], [0x2aaa=0x00],
09-26 11:43:45.097 17560 17560 I         : [OFP][0][INFO][oplus_get_doze_disable_time:3679]oplus_get_doze_disable_time=0
09-26 11:43:45.097 17560 17560 W [drm] [msm-dsi-warn]: dsi_display_check_status,time_gap=-1938857945
09-26 11:43:46.919 17565 17565 I         : [INFO]: OPLUS_CHG[CHG_COMM]([oplus_comm_smooth_to_soc][3416]): soc[0 2 67 67 68 68] avg[2 1 0 0 0] fifo[68 68 68 68]
09-26 11:43:46.926 17131 17131 I         : [INFO]: OPLUS_CHG[TRACK]([oplus_chg_track_cal_no_charging_stats_new][6797]): chg_no_charging_cnt=41s, no_chg_time=58s, delta_time=5s
09-26 11:43:46.933 17131 17131 I OPLUS_CHG[oplus_charge_info]: BATTERY[329 329 4000 4000 1362 67 68 68 3608 5416 1 0x0 3955], CHARGE[4490 600 0 0], WIRED[1 450 4929 500 1 0x0 0 0 0 2 0], WIRELESS[0 0 0 0 0 0x0 0 0 0], VOOC[0 0 0 0 0x0], UFCS[0 0 0 0x0], COMMON[6 0 0 0x0 1 0 1 5416 100 0]
09-26 11:43:46.936 17131 17131 I         : [INFO]: OPLUS_CHG[ADSP]([oplus_chg_8350_reg_dump][7390]): sm8450_st_dump: [chg_en=1, suspend=0, pd_svooc=0], subtype=0x01],[oplus_UsbCommCapable=0, oplus_pd_svooc=0, typec_mode=0, cid_status=0x01, usb_in_status=1],[0x2606=0x83, 0x2607=0x19, 0x2608=0x0a, 0x2609=0x02], [0x260a=0x04, 0x260b=0x59, 0x260c=0x0a, 0x260d=0x18], [0x260e=0x0a, 0x260f=0x01, 0x2610=0x00, 0x2640=0x01], [0x2641=0x02, 0x2642=0x05, 0x2646=0x01, 0x2650=0x03], [0x2706=0x0a, 0x2707=0x0a, 0x2708=0x0a, 0x2709=0x0a], [0x270b=0xe2, 0x270c=0x48, 0x2710=0xc0, 0x280c=0x38], [0x2810=0x00, 0x2840=0x01, 0x287f=0x00, 0x2906=0x02], [0x2908=0x0f, 0x290a=0x11, 0x290b=0x01, 0x290c=0x01], [0x2910=0x11, 0x2944=0x80, 0x2950=0x02, 0x2951=0x01], [0x2952=0x0a, 0x2954=0x00, 0x2960=0xe0, 0x2b06=0x08], [0x2b07=0x00, 0x2b08=0x00, 0x2b09=0x63, 0x2b0a=0x39], [0x2b0b=0x29, 0x2b0c=0x00, 0x29a8=0x81, 0x29a9=0x83], [0x29aa=0x00, 0x2aa2=0x00, 0x2aa8=0x87, 0x2aa9=0x00], [0x2aaa=0x00],
09-26 11:43:48.188 15002 15002 W audit   : audit_lost=5666015 audit_rate_limit=5 audit_backlog_limit=64
09-26 11:43:48.188 15002 15002 E audit   : rate limit exceeded
09-26 11:43:50.216 17131 17131 I         : [OFP][0][INFO][oplus_get_doze_disable_time:3679]oplus_get_doze_disable_time=0
09-26 11:43:50.216 17131 17131 W [drm] [msm-dsi-warn]: dsi_display_check_status,time_gap=-1933739110
09-26 11:43:51.240 18787 18787 E iostack : irqs = 19454227, self-block = 0
09-26 11:43:52.035 20950 20950 I         : [INFO]: OPLUS_CHG[CHG_COMM]([oplus_comm_smooth_to_soc][3416]): soc[0 2 67 67 68 68] avg[3 1 0 0 0] fifo[68 68 68 68]
09-26 11:43:52.042 17618 17618 I         : [INFO]: OPLUS_CHG[TRACK]([oplus_chg_track_cal_no_charging_stats_new][6797]): chg_no_charging_cnt=46s, no_chg_time=63s, delta_time=5s
09-26 11:43:52.048 17618 17618 I OPLUS_CHG[oplus_charge_info]: BATTERY[330 329 3999 3999 1351 67 68 68 3607 5416 1 0x0 3953], CHARGE[4490 600 0 0], WIRED[1 450 4930 500 1 0x0 0 0 0 2 0], WIRELESS[0 0 0 0 0 0x0 0 0 0], VOOC[0 0 0 0 0x0], UFCS[0 0 0 0x0], COMMON[6 0 0 0x0 1 0 1 5416 100 0]
09-26 11:43:52.052 17618 17618 I         : [INFO]: OPLUS_CHG[ADSP]([oplus_chg_8350_reg_dump][7390]): sm8450_st_dump: [chg_en=1, suspend=0, pd_svooc=0], subtype=0x01],[oplus_UsbCommCapable=0, oplus_pd_svooc=0, typec_mode=0, cid_status=0x01, usb_in_status=1],[0x2606=0x83, 0x2607=0x19, 0x2608=0x0a, 0x2609=0x02], [0x260a=0x04, 0x260b=0x59, 0x260c=0x0a, 0x260d=0x18], [0x260e=0x0a, 0x260f=0x01, 0x2610=0x00, 0x2640=0x01], [0x2641=0x02, 0x2642=0x05, 0x2646=0x01, 0x2650=0x03], [0x2706=0x0a, 0x2707=0x0a, 0x2708=0x0a, 0x2709=0x0a], [0x270b=0xe2, 0x270c=0x48, 0x2710=0xc0, 0x280c=0x38], [0x2810=0x00, 0x2840=0x01, 0x287f=0x00, 0x2906=0x02], [0x2908=0x0f, 0x290a=0x11, 0x290b=0x01, 0x290c=0x01], [0x2910=0x11, 0x2944=0x80, 0x2950=0x02, 0x2951=0x01], [0x2952=0x0a, 0x2954=0x00, 0x2960=0xe0, 0x2b06=0x08], [0x2b07=0x00, 0x2b08=0x00, 0x2b09=0x63, 0x2b0a=0x39], [0x2b0b=0x29, 0x2b0c=0x00, 0x29a8=0x81, 0x29a9=0x83], [0x29aa=0x00, 0x2aa2=0x00, 0x2aa8=0x87, 0x2aa9=0x00], [0x2aaa=0x00],
09-26 11:43:54.136  1097  1097 I [   info] ts_panel_notifier_callback: Notification type:4, early_trigger:1
09-26 11:43:54.136  1097  1097 I [   info] ts_panel_notifier_callback: shashank:Received fps change old fps:60 new fps:120
09-26 11:43:54.144  1097  1097 E         : [LCD][0][ERR][oplus_panel_switch_vid_mode:475] oplus_panel_switch_vid_mode not support
09-26 11:43:54.144  1097  1097 I [drm:dsi_display_set_mode [msm_drm]] [msm-dsi-info]: mdp_transfer_time=6290, hactive=1264, vactive=2780, fps=120, h_skew=0, clk_rate=1012000000, h_sync_width=2,				h_front_porch26, h_back_porch=26, v_back_porch=42, v_sync_width=2, v_front_porch=58
09-26 11:43:54.145  1097  1097 I [ADFR][0][INFO][oplus_adfr_fakeframe_status_update:2140]h_active: 1264,refresh_rate:120,h_skew:0,sw_fps:0,fakeframe:0
09-26 11:43:54.148  1097  1097 I         : [LCD][0][INFO][oplus_panel_cmd_print:120] [A0020] dsi_cmd: qcom,mdss-dsi-timing-switch-command, count=8
09-26 11:43:54.148  1097  1097 I [ADFR][0][INFO][oplus_adfr_fakeframe_status_update:2140]h_active: 1264,refresh_rate:120,h_skew:0,sw_fps:0,fakeframe:1
09-26 11:43:54.148  1097  1097 I         : [ADFR][0][INFO][oplus_adfr_status_reset:1851]sa status reset: auto_mode:0,fakeframe:1,sa_min_fps:120
09-26 11:43:54.167  1097  1097 I         : <A0020> dsi_display_set_backlight time:06:14:07.021,bl_lvl:2063
09-26 11:43:54.167  1097  1097 I [   info] ts_panel_notifier_callback: Notification type:4, early_trigger:0
09-26 11:43:54.167  1097  1097 I [   info] ts_panel_notifier_callback: shashank:Received fps change old fps:60 new fps:120
09-26 11:43:54.346  1097  1097 I [   info] ts_panel_notifier_callback: Notification type:4, early_trigger:1
09-26 11:43:54.346  1097  1097 I [   info] ts_panel_notifier_callback: shashank:Received fps change old fps:120 new fps:60
09-26 11:43:54.349  1097  1097 E         : [LCD][0][ERR][oplus_panel_switch_vid_mode:475] oplus_panel_switch_vid_mode not support
09-26 11:43:54.349  1097  1097 I [drm:dsi_display_set_mode [msm_drm]] [msm-dsi-info]: mdp_transfer_time=6290, hactive=1264, vactive=2780, fps=60, h_skew=1, clk_rate=1012000000, h_sync_width=2,				h_front_porch26, h_back_porch=26, v_back_porch=42, v_sync_width=2, v_front_porch=58
09-26 11:43:54.349  1097  1097 I [ADFR][0][INFO][oplus_adfr_fakeframe_status_update:2140]h_active: 1264,refresh_rate:60,h_skew:1,sw_fps:0,fakeframe:0
09-26 11:43:54.352  1097  1097 I         : [LCD][0][INFO][oplus_panel_cmd_print:120] [A0020] dsi_cmd: qcom,mdss-dsi-timing-switch-command, count=8
09-26 11:43:54.352  1097  1097 I [ADFR][0][INFO][oplus_adfr_fakeframe_status_update:2140]h_active: 1264,refresh_rate:60,h_skew:1,sw_fps:0,fakeframe:0
09-26 11:43:54.352  1097  1097 I         : [ADFR][0][INFO][oplus_adfr_status_reset:1851]sa status reset: auto_mode:0,fakeframe:0,sa_min_fps:60
09-26 11:43:54.369  1097  1097 I [   info] ts_panel_notifier_callback: Notification type:4, early_trigger:0
09-26 11:43:54.369  1097  1097 I [   info] ts_panel_notifier_callback: shashank:Received fps change old fps:120 new fps:60
09-26 11:43:54.450     0     0 W [    C0] gen7_err_callback: 48 callbacks suppressed
09-26 11:43:54.451     0     0 F         : [    C0] kgsl kgsl-3d0: CP: AHB bus error, CP_RL_ERROR_DETAILS_0:0x10008e07 CP_RL_ERROR_DETAILS_1:0x12144
09-26 11:43:54.451  1097  1097 I [   info] ts_panel_notifier_callback: Notification type:4, early_trigger:1
09-26 11:43:54.451  1097  1097 I [   info] ts_panel_notifier_callback: shashank:Received fps change old fps:60 new fps:120
09-26 11:43:54.454  1097  1097 E         : [LCD][0][ERR][oplus_panel_switch_vid_mode:475] oplus_panel_switch_vid_mode not support
09-26 11:43:54.454  1097  1097 I [drm:dsi_display_set_mode [msm_drm]] [msm-dsi-info]: mdp_transfer_time=6290, hactive=1264, vactive=2780, fps=120, h_skew=0, clk_rate=1012000000, h_sync_width=2,				h_front_porch26, h_back_porch=26, v_back_porch=42, v_sync_width=2, v_front_porch=58
09-26 11:43:54.454  1097  1097 I [ADFR][0][INFO][oplus_adfr_fakeframe_status_update:2140]h_active: 1264,refresh_rate:120,h_skew:0,sw_fps:0,fakeframe:0
09-26 11:43:54.456  1097  1097 I         : [LCD][0][INFO][oplus_panel_cmd_print:120] [A0020] dsi_cmd: qcom,mdss-dsi-timing-switch-command, count=8
09-26 11:43:54.456  1097  1097 I [ADFR][0][INFO][oplus_adfr_fakeframe_status_update:2140]h_active: 1264,refresh_rate:120,h_skew:0,sw_fps:0,fakeframe:1
09-26 11:43:54.456  1097  1097 I         : [ADFR][0][INFO][oplus_adfr_status_reset:1851]sa status reset: auto_mode:0,fakeframe:1,sa_min_fps:120
09-26 11:43:54.467  1097  1097 I [   info] ts_panel_notifier_callback: Notification type:4, early_trigger:0
09-26 11:43:54.467  1097  1097 I [   info] ts_panel_notifier_callback: shashank:Received fps change old fps:60 new fps:120
09-26 11:43:54.730     0     0 F         : [    C1] kgsl kgsl-3d0: CP: AHB bus error, CP_RL_ERROR_DETAILS_0:0x10008e07 CP_RL_ERROR_DETAILS_1:0x12144
09-26 11:43:54.731     0     0 F         : [    C1] kgsl kgsl-3d0: CP: AHB bus error, CP_RL_ERROR_DETAILS_0:0x10008e07 CP_RL_ERROR_DETAILS_1:0x12144
09-26 11:43:54.748     0     0 F         : [    C0] kgsl kgsl-3d0: CP: AHB bus error, CP_RL_ERROR_DETAILS_0:0x10008e07 CP_RL_ERROR_DETAILS_1:0x12144
09-26 11:43:54.765     0     0 F         : [    C0] kgsl kgsl-3d0: CP: AHB bus error, CP_RL_ERROR_DETAILS_0:0x10008e07 CP_RL_ERROR_DETAILS_1:0x12144
09-26 11:43:54.781     0     0 F         : [    C1] kgsl kgsl-3d0: CP: AHB bus error, CP_RL_ERROR_DETAILS_0:0x10008e07 CP_RL_ERROR_DETAILS_1:0x12144
09-26 11:43:54.798     0     0 F         : [    C0] kgsl kgsl-3d0: CP: AHB bus error, CP_RL_ERROR_DETAILS_0:0x10008e07 CP_RL_ERROR_DETAILS_1:0x12144
09-26 11:43:54.839     0     0 F         : [    C1] kgsl kgsl-3d0: CP: AHB bus error, CP_RL_ERROR_DETAILS_0:0x10008e07 CP_RL_ERROR_DETAILS_1:0x12144
09-26 11:43:54.855     0     0 F         : [    C0] kgsl kgsl-3d0: CP: AHB bus error, CP_RL_ERROR_DETAILS_0:0x10008e07 CP_RL_ERROR_DETAILS_1:0x12144
09-26 11:43:54.872     0     0 F         : [    C0] kgsl kgsl-3d0: CP: AHB bus error, CP_RL_ERROR_DETAILS_0:0x10008e07 CP_RL_ERROR_DETAILS_1:0x12144
09-26 11:43:55.336 17131 17131 I         : [OFP][0][INFO][oplus_get_doze_disable_time:3679]oplus_get_doze_disable_time=0
09-26 11:43:55.336 17131 17131 W [drm] [msm-dsi-warn]: dsi_display_check_status,time_gap=-1928619103
09-26 11:43:57.159 17565 17565 I         : [INFO]: OPLUS_CHG[CHG_COMM]([oplus_comm_smooth_to_soc][3416]): soc[0 2 67 67 68 68] avg[0 1 0 0 0] fifo[68 68 68 68]
09-26 11:43:57.168  7805  7805 I         : [INFO]: OPLUS_CHG[TRACK]([oplus_chg_track_cal_no_charging_stats_new][6797]): chg_no_charging_cnt=51s, no_chg_time=68s, delta_time=5s
09-26 11:43:57.174  7805  7805 I OPLUS_CHG[oplus_charge_info]: BATTERY[330 330 3973 3973 2024 67 68 68 3604 5416 1 0x0 3950], CHARGE[4490 600 0 0], WIRED[1 450 4933 500 1 0x0 0 0 0 2 0], WIRELESS[0 0 0 0 0 0x0 0 0 0], VOOC[0 0 0 0 0x0], UFCS[0 0 0 0x0], COMMON[6 0 0 0x0 1 0 1 5416 100 0]
09-26 11:43:57.176  7805  7805 I         : [INFO]: OPLUS_CHG[ADSP]([oplus_chg_8350_reg_dump][7390]): sm8450_st_dump: [chg_en=1, suspend=0, pd_svooc=0], subtype=0x01],[oplus_UsbCommCapable=0, oplus_pd_svooc=0, typec_mode=0, cid_status=0x01, usb_in_status=1],[0x2606=0x83, 0x2607=0x19, 0x2608=0x0a, 0x2609=0x02], [0x260a=0x04, 0x260b=0x59, 0x260c=0x0a, 0x260d=0x18], [0x260e=0x0a, 0x260f=0x01, 0x2610=0x00, 0x2640=0x01], [0x2641=0x02, 0x2642=0x05, 0x2646=0x01, 0x2650=0x03], [0x2706=0x0a, 0x2707=0x0a, 0x2708=0x0a, 0x2709=0x0a], [0x270b=0xe2, 0x270c=0x48, 0x2710=0xc0, 0x280c=0x38], [0x2810=0x00, 0x2840=0x01, 0x287f=0x00, 0x2906=0x02], [0x2908=0x0f, 0x290a=0x11, 0x290b=0x01, 0x290c=0x01], [0x2910=0x11, 0x2944=0x80, 0x2950=0x02, 0x2951=0x01], [0x2952=0x0a, 0x2954=0x00, 0x2960=0xe0, 0x2b06=0x08], [0x2b07=0x00, 0x2b08=0x00, 0x2b09=0x63, 0x2b0a=0x39], [0x2b0b=0x29, 0x2b0c=0x00, 0x29a8=0x81, 0x29a9=0x83], [0x29aa=0x00, 0x2aa2=0x00, 0x2aa8=0x87, 0x2aa9=0x00], [0x2aaa=0x00],
09-26 11:43:57.323  5304  5304 W audit   : audit_lost=5666017 audit_rate_limit=5 audit_backlog_limit=64
09-26 11:43:57.323  5304  5304 E audit   : rate limit exceeded
09-26 11:43:57.997   950   950 I logd    : logdr: UID=2000 GID=2000 PID=21017 b tail=20 logMask=99 pid=0 start=0ns deadline=0ns
09-26 11:43:59.312 16701 16701 E gsi soc : qcom,msm_gsi: gsi_stop_channel:3688 chan=1 busy try again
09-26 11:43:59.314 16701 16701 E gsi soc : qcom,msm_gsi: gsi_stop_channel:3688 chan=14 busy try again
09-26 11:43:59.456     0     0 W [    C1] gen7_err_callback: 274 callbacks suppressed
09-26 11:43:59.456     0     0 F         : [    C1] kgsl kgsl-3d0: CP: AHB bus error, CP_RL_ERROR_DETAILS_0:0x10008e07 CP_RL_ERROR_DETAILS_1:0x12144
09-26 11:43:59.472     0     0 F         : [    C1] kgsl kgsl-3d0: CP: AHB bus error, CP_RL_ERROR_DETAILS_0:0x10008e07 CP_RL_ERROR_DETAILS_1:0x12144
09-26 11:43:59.489     0     0 F         : [    C1] kgsl kgsl-3d0: CP: AHB bus error, CP_RL_ERROR_DETAILS_0:0x10008e07 CP_RL_ERROR_DETAILS_1:0x12144
09-26 11:43:59.506     0     0 F         : [    C1] kgsl kgsl-3d0: CP: AHB bus error, CP_RL_ERROR_DETAILS_0:0x10008e07 CP_RL_ERROR_DETAILS_1:0x12144
09-26 11:43:59.522     0     0 F         : [    C1] kgsl kgsl-3d0: CP: AHB bus error, CP_RL_ERROR_DETAILS_0:0x10008e07 CP_RL_ERROR_DETAILS_1:0x12144
09-26 11:43:59.539     0     0 F         : [    C1] kgsl kgsl-3d0: CP: AHB bus error, CP_RL_ERROR_DETAILS_0:0x10008e07 CP_RL_ERROR_DETAILS_1:0x12144
09-26 11:43:59.556     0     0 F         : [    C1] kgsl kgsl-3d0: CP: AHB bus error, CP_RL_ERROR_DETAILS_0:0x10008e07 CP_RL_ERROR_DETAILS_1:0x12144
09-26 11:43:59.572     0     0 F         : [    C1] kgsl kgsl-3d0: CP: AHB bus error, CP_RL_ERROR_DETAILS_0:0x10008e07 CP_RL_ERROR_DETAILS_1:0x12144
09-26 11:43:59.589     0     0 F         : [    C1] kgsl kgsl-3d0: CP: AHB bus error, CP_RL_ERROR_DETAILS_0:0x10008e07 CP_RL_ERROR_DETAILS_1:0x12144
09-26 11:43:59.606     0     0 F         : [    C1] kgsl kgsl-3d0: CP: AHB bus error, CP_RL_ERROR_DETAILS_0:0x10008e07 CP_RL_ERROR_DETAILS_1:0x12144
09-26 11:44:00.456  7805  7805 I         : [OFP][0][INFO][oplus_get_doze_disable_time:3679]oplus_get_doze_disable_time=0
09-26 11:44:00.456  7805  7805 W [drm] [msm-dsi-warn]: dsi_display_check_status,time_gap=-1923499084
09-26 11:44:01.480 18787 18787 E iostack : irqs = 19455286, self-block = 0
09-26 11:44:02.275 17565 17565 I         : [INFO]: OPLUS_CHG[CHG_COMM]([oplus_comm_smooth_to_soc][3416]): soc[0 2 67 67 68 68] avg[1 1 0 0 0] fifo[68 68 68 68]
09-26 11:44:02.282 17560 17560 I         : [INFO]: OPLUS_CHG[TRACK]([oplus_chg_track_cal_no_charging_stats_new][6797]): chg_no_charging_cnt=56s, no_chg_time=73s, delta_time=5s
09-26 11:44:02.289 17560 17560 I OPLUS_CHG[oplus_charge_info]: BATTERY[330 330 4056 4056 -13 67 68 68 3604 5416 1 0x0 3950], CHARGE[4490 600 0 0], WIRED[1 450 4929 500 1 0x0 0 0 0 2 0], WIRELESS[0 0 0 0 0 0x0 0 0 0], VOOC[0 0 0 0 0x0], UFCS[0 0 0 0x0], COMMON[6 0 0 0x0 1 0 1 5416 100 0]
09-26 11:44:02.291 17560 17560 I         : [INFO]: OPLUS_CHG[ADSP]([oplus_chg_8350_reg_dump][7390]): sm8450_st_dump: [chg_en=1, suspend=0, pd_svooc=0], subtype=0x01],[oplus_UsbCommCapable=0, oplus_pd_svooc=0, typec_mode=0, cid_status=0x01, usb_in_status=1],[0x2606=0x83, 0x2607=0x19, 0x2608=0x0a, 0x2609=0x02], [0x260a=0x04, 0x260b=0x59, 0x260c=0x0a, 0x260d=0x18], [0x260e=0x0a, 0x260f=0x01, 0x2610=0x00, 0x2640=0x01], [0x2641=0x02, 0x2642=0x05, 0x2646=0x01, 0x2650=0x03], [0x2706=0x0a, 0x2707=0x0a, 0x2708=0x0a, 0x2709=0x0a], [0x270b=0xe2, 0x270c=0x48, 0x2710=0xc0, 0x280c=0x38], [0x2810=0x00, 0x2840=0x01, 0x287f=0x00, 0x2906=0x02], [0x2908=0x0f, 0x290a=0x11, 0x290b=0x01, 0x290c=0x01], [0x2910=0x11, 0x2944=0x80, 0x2950=0x02, 0x2951=0x01], [0x2952=0x0a, 0x2954=0x00, 0x2960=0xe0, 0x2b06=0x08], [0x2b07=0x00, 0x2b08=0x00, 0x2b09=0x63, 0x2b0a=0x39], [0x2b0b=0x29, 0x2b0c=0x00, 0x29a8=0x81, 0x29a9=0x83], [0x29aa=0x00, 0x2aa2=0x00, 0x2aa8=0x87, 0x2aa9=0x00], [0x2aaa=0x00],
09-26 11:44:04.472     0     0 W [    C1] gen7_err_callback: 291 callbacks suppressed
09-26 11:44:04.472     0     0 F         : [    C1] kgsl kgsl-3d0: CP: AHB bus error, CP_RL_ERROR_DETAILS_0:0x10008e07 CP_RL_ERROR_DETAILS_1:0x12144
09-26 11:44:04.489     0     0 F         : [    C1] kgsl kgsl-3d0: CP: AHB bus error, CP_RL_ERROR_DETAILS_0:0x10008e07 CP_RL_ERROR_DETAILS_1:0x12144
09-26 11:44:04.505     0     0 F         : [    C1] kgsl kgsl-3d0: CP: AHB bus error, CP_RL_ERROR_DETAILS_0:0x10008e07 CP_RL_ERROR_DETAILS_1:0x12144
09-26 11:44:04.522     0     0 F         : [    C1] kgsl kgsl-3d0: CP: AHB bus error, CP_RL_ERROR_DETAILS_0:0x10008e07 CP_RL_ERROR_DETAILS_1:0x12144
09-26 11:44:04.539     0     0 F         : [    C1] kgsl kgsl-3d0: CP: AHB bus error, CP_RL_ERROR_DETAILS_0:0x10008e07 CP_RL_ERROR_DETAILS_1:0x12144
09-26 11:44:04.555     0     0 F         : [    C1] kgsl kgsl-3d0: CP: AHB bus error, CP_RL_ERROR_DETAILS_0:0x10008e07 CP_RL_ERROR_DETAILS_1:0x12144
09-26 11:44:04.572     0     0 F         : [    C1] kgsl kgsl-3d0: CP: AHB bus error, CP_RL_ERROR_DETAILS_0:0x10008e07 CP_RL_ERROR_DETAILS_1:0x12144
09-26 11:44:04.589     0     0 F         : [    C1] kgsl kgsl-3d0: CP: AHB bus error, CP_RL_ERROR_DETAILS_0:0x10008e07 CP_RL_ERROR_DETAILS_1:0x12144
09-26 11:44:04.605     0     0 F         : [    C1] kgsl kgsl-3d0: CP: AHB bus error, CP_RL_ERROR_DETAILS_0:0x10008e07 CP_RL_ERROR_DETAILS_1:0x12144
09-26 11:44:04.622     0     0 F         : [    C1] kgsl kgsl-3d0: CP: AHB bus error, CP_RL_ERROR_DETAILS_0:0x10008e07 CP_RL_ERROR_DETAILS_1:0x12144
09-26 11:44:05.537  5304  5304 W audit   : audit_lost=5666019 audit_rate_limit=5 audit_backlog_limit=64
09-26 11:44:05.537  5304  5304 E audit   : rate limit exceeded
09-26 11:44:05.576 17560 17560 I         : [OFP][0][INFO][oplus_get_doze_disable_time:3679]oplus_get_doze_disable_time=0
09-26 11:44:05.576 17560 17560 W [drm] [msm-dsi-warn]: dsi_display_check_status,time_gap=-1918378880
09-26 11:44:07.396 17565 17565 I         : [INFO]: OPLUS_CHG[CHG_COMM]([oplus_comm_smooth_to_soc][3416]): soc[0 2 67 67 68 68] avg[2 1 0 0 0] fifo[68 68 68 68]
09-26 11:44:07.417 17131 17131 I OPLUS_CHG[oplus_charge_info]: BATTERY[331 330 4060 4060 -51 67 68 68 3604 5416 1 0x0 3950], CHARGE[4490 600 0 0], WIRED[1 453 4934 500 1 0x0 0 0 0 2 0], WIRELESS[0 0 0 0 0 0x0 0 0 0], VOOC[0 0 0 0 0x0], UFCS[0 0 0 0x0], COMMON[6 0 0 0x0 1 0 1 5416 100 0]
09-26 11:44:07.419 17131 17131 I         : [INFO]: OPLUS_CHG[ADSP]([oplus_chg_8350_reg_dump][7390]): sm8450_st_dump: [chg_en=1, suspend=0, pd_svooc=0], subtype=0x01],[oplus_UsbCommCapable=0, oplus_pd_svooc=0, typec_mode=0, cid_status=0x01, usb_in_status=1],[0x2606=0x83, 0x2607=0x19, 0x2608=0x0a, 0x2609=0x02], [0x260a=0x04, 0x260b=0x59, 0x260c=0x0a, 0x260d=0x18], [0x260e=0x0a, 0x260f=0x01, 0x2610=0x00, 0x2640=0x01], [0x2641=0x02, 0x2642=0x05, 0x2646=0x01, 0x2650=0x03], [0x2706=0x0a, 0x2707=0x0a, 0x2708=0x0a, 0x2709=0x0a], [0x270b=0xe2, 0x270c=0x48, 0x2710=0xc0, 0x280c=0x38], [0x2810=0x00, 0x2840=0x01, 0x287f=0x00, 0x2906=0x02], [0x2908=0x0f, 0x290a=0x11, 0x290b=0x01, 0x290c=0x01], [0x2910=0x11, 0x2944=0x80, 0x2950=0x02, 0x2951=0x01], [0x2952=0x0a, 0x2954=0x00, 0x2960=0xe0, 0x2b06=0x08], [0x2b07=0x00, 0x2b08=0x00, 0x2b09=0x63, 0x2b0a=0x39], [0x2b0b=0x29, 0x2b0c=0x00, 0x29a8=0x81, 0x29a9=0x83], [0x29aa=0x00, 0x2aa2=0x00, 0x2aa8=0x87, 0x2aa9=0x00], [0x2aaa=0x00],
09-26 11:44:07.823  1097  1097 I [   info] ts_panel_notifier_callback: Notification type:4, early_trigger:1
09-26 11:44:07.823  1097  1097 I [   info] ts_panel_notifier_callback: shashank:Received fps change old fps:120 new fps:60
09-26 11:44:07.827  1097  1097 E         : [LCD][0][ERR][oplus_panel_switch_vid_mode:475] oplus_panel_switch_vid_mode not support
09-26 11:44:07.827  1097  1097 I [drm:dsi_display_set_mode [msm_drm]] [msm-dsi-info]: mdp_transfer_time=6290, hactive=1264, vactive=2780, fps=60, h_skew=1, clk_rate=1012000000, h_sync_width=2,				h_front_porch26, h_back_porch=26, v_back_porch=42, v_sync_width=2, v_front_porch=58
09-26 11:44:07.827  1097  1097 I [ADFR][0][INFO][oplus_adfr_fakeframe_status_update:2140]h_active: 1264,refresh_rate:60,h_skew:1,sw_fps:0,fakeframe:0
09-26 11:44:07.829  1097  1097 I         : [LCD][0][INFO][oplus_panel_cmd_print:120] [A0020] dsi_cmd: qcom,mdss-dsi-timing-switch-command, count=8
09-26 11:44:07.829  1097  1097 I [ADFR][0][INFO][oplus_adfr_fakeframe_status_update:2140]h_active: 1264,refresh_rate:60,h_skew:1,sw_fps:0,fakeframe:0
09-26 11:44:07.829  1097  1097 I         : [ADFR][0][INFO][oplus_adfr_status_reset:1851]sa status reset: auto_mode:0,fakeframe:0,sa_min_fps:60
09-26 11:44:07.846  1097  1097 I [   info] ts_panel_notifier_callback: Notification type:4, early_trigger:0
09-26 11:44:07.846  1097  1097 I [   info] ts_panel_notifier_callback: shashank:Received fps change old fps:120 new fps:60
09-26 11:44:08.013  1097  1097 I [   info] ts_panel_notifier_callback: Notification type:4, early_trigger:1
09-26 11:44:08.013  1097  1097 I [   info] ts_panel_notifier_callback: shashank:Received fps change old fps:60 new fps:120
09-26 11:44:08.017  1097  1097 E         : [LCD][0][ERR][oplus_panel_switch_vid_mode:475] oplus_panel_switch_vid_mode not support
09-26 11:44:08.017  1097  1097 I [drm:dsi_display_set_mode [msm_drm]] [msm-dsi-info]: mdp_transfer_time=6290, hactive=1264, vactive=2780, fps=120, h_skew=0, clk_rate=1012000000, h_sync_width=2,				h_front_porch26, h_back_porch=26, v_back_porch=42, v_sync_width=2, v_front_porch=58
09-26 11:44:08.018  1097  1097 I [ADFR][0][INFO][oplus_adfr_fakeframe_status_update:2140]h_active: 1264,refresh_rate:120,h_skew:0,sw_fps:0,fakeframe:0
09-26 11:44:08.018  1097  1097 I         : [LCD][0][INFO][oplus_panel_cmd_print:120] [A0020] dsi_cmd: qcom,mdss-dsi-timing-switch-command, count=8
09-26 11:44:08.018  1097  1097 I [ADFR][0][INFO][oplus_adfr_fakeframe_status_update:2140]h_active: 1264,refresh_rate:120,h_skew:0,sw_fps:0,fakeframe:1
09-26 11:44:08.018  1097  1097 I         : [ADFR][0][INFO][oplus_adfr_status_reset:1851]sa status reset: auto_mode:0,fakeframe:1,sa_min_fps:120
09-26 11:44:08.027  1097  1097 I [   info] ts_panel_notifier_callback: Notification type:4, early_trigger:0
09-26 11:44:08.027  1097  1097 I [   info] ts_panel_notifier_callback: shashank:Received fps change old fps:60 new fps:120
09-26 11:44:09.485     0     0 W [    C1] gen7_err_callback: 375 callbacks suppressed
09-26 11:44:09.486     0     0 F         : [    C1] kgsl kgsl-3d0: CP: AHB bus error, CP_RL_ERROR_DETAILS_0:0x10008e07 CP_RL_ERROR_DETAILS_1:0x12144
09-26 11:44:09.490     0     0 F         : [    C1] kgsl kgsl-3d0: CP: AHB bus error, CP_RL_ERROR_DETAILS_0:0x10008e07 CP_RL_ERROR_DETAILS_1:0x12144
09-26 11:44:09.502     0     0 F         : [    C0] kgsl kgsl-3d0: CP: AHB bus error, CP_RL_ERROR_DETAILS_0:0x10008e07 CP_RL_ERROR_DETAILS_1:0x12144
09-26 11:44:09.508     0     0 F         : [    C1] kgsl kgsl-3d0: CP: AHB bus error, CP_RL_ERROR_DETAILS_0:0x10008e07 CP_RL_ERROR_DETAILS_1:0x12144
09-26 11:44:09.519     0     0 F         : [    C0] kgsl kgsl-3d0: CP: AHB bus error, CP_RL_ERROR_DETAILS_0:0x10008e07 CP_RL_ERROR_DETAILS_1:0x12144
09-26 11:44:09.523     0     0 F         : [    C0] kgsl kgsl-3d0: CP: AHB bus error, CP_RL_ERROR_DETAILS_0:0x10008e07 CP_RL_ERROR_DETAILS_1:0x12144
09-26 11:44:09.535     0     0 F         : [    C0] kgsl kgsl-3d0: CP: AHB bus error, CP_RL_ERROR_DETAILS_0:0x10008e07 CP_RL_ERROR_DETAILS_1:0x12144
09-26 11:44:09.541     0     0 F         : [    C0] kgsl kgsl-3d0: CP: AHB bus error, CP_RL_ERROR_DETAILS_0:0x10008e07 CP_RL_ERROR_DETAILS_1:0x12144
09-26 11:44:09.552     0     0 F         : [    C0] kgsl kgsl-3d0: CP: AHB bus error, CP_RL_ERROR_DETAILS_0:0x10008e07 CP_RL_ERROR_DETAILS_1:0x12144
09-26 11:44:09.556     0     0 F         : [    C0] kgsl kgsl-3d0: CP: AHB bus error, CP_RL_ERROR_DETAILS_0:0x10008e07 CP_RL_ERROR_DETAILS_1:0x12144
09-26 11:44:10.696 17131 17131 I         : [OFP][0][INFO][oplus_get_doze_disable_time:3679]oplus_get_doze_disable_time=0
09-26 11:44:10.696 17131 17131 W [drm] [msm-dsi-warn]: dsi_display_check_status,time_gap=-1913259038
09-26 11:44:11.720 18787 18787 E iostack : irqs = 19456509, self-block = 0
09-26 11:44:12.517 17565 17565 I         : [INFO]: OPLUS_CHG[CHG_COMM]([oplus_comm_smooth_to_soc][3416]): soc[0 2 67 67 68 68] avg[3 1 0 0 0] fifo[68 68 68 68]
09-26 11:44:12.525  7805  7805 I         : [INFO]: OPLUS_CHG[TRACK]([oplus_chg_track_cal_no_charging_stats_new][6797]): chg_no_charging_cnt=5s, no_chg_time=78s, delta_time=5s
09-26 11:44:12.532  7805  7805 I OPLUS_CHG[oplus_charge_info]: BATTERY[331 331 4028 4028 612 67 68 68 3603 5416 1 0x0 3949], CHARGE[4490 600 0 0], WIRED[1 453 4928 500 1 0x0 0 0 0 2 0], WIRELESS[0 0 0 0 0 0x0 0 0 0], VOOC[0 0 0 0 0x0], UFCS[0 0 0 0x0], COMMON[6 0 0 0x0 1 0 1 5416 100 0]
09-26 11:44:12.536  7805  7805 I         : [INFO]: OPLUS_CHG[ADSP]([oplus_chg_8350_reg_dump][7390]): sm8450_st_dump: [chg_en=1, suspend=0, pd_svooc=0], subtype=0x01],[oplus_UsbCommCapable=0, oplus_pd_svooc=0, typec_mode=0, cid_status=0x01, usb_in_status=1],[0x2606=0x83, 0x2607=0x19, 0x2608=0x0a, 0x2609=0x02], [0x260a=0x04, 0x260b=0x59, 0x260c=0x0a, 0x260d=0x18], [0x260e=0x0a, 0x260f=0x01, 0x2610=0x00, 0x2640=0x01], [0x2641=0x02, 0x2642=0x05, 0x2646=0x01, 0x2650=0x03], [0x2706=0x0a, 0x2707=0x0a, 0x2708=0x0a, 0x2709=0x0a], [0x270b=0xe2, 0x270c=0x48, 0x2710=0xc0, 0x280c=0x38], [0x2810=0x00, 0x2840=0x01, 0x287f=0x00, 0x2906=0x02], [0x2908=0x0f, 0x290a=0x11, 0x290b=0x01, 0x290c=0x01], [0x2910=0x11, 0x2944=0x80, 0x2950=0x02, 0x2951=0x01], [0x2952=0x0a, 0x2954=0x00, 0x2960=0xe0, 0x2b06=0x08], [0x2b07=0x00, 0x2b08=0x00, 0x2b09=0x63, 0x2b0a=0x39], [0x2b0b=0x29, 0x2b0c=0x00, 0x29a8=0x81, 0x29a9=0x83], [0x29aa=0x00, 0x2aa2=0x00, 0x2aa8=0x87, 0x2aa9=0x00], [0x2aaa=0x00],
09-26 11:44:14.490     0     0 W [    C0] gen7_err_callback: 591 callbacks suppressed
09-26 11:44:14.490     0     0 F         : [    C0] kgsl kgsl-3d0: CP: AHB bus error, CP_RL_ERROR_DETAILS_0:0x10008e07 CP_RL_ERROR_DETAILS_1:0x12144
09-26 11:44:14.502     0     0 F         : [    C0] kgsl kgsl-3d0: CP: AHB bus error, CP_RL_ERROR_DETAILS_0:0x10008e07 CP_RL_ERROR_DETAILS_1:0x12144
09-26 11:44:14.507     0     0 F         : [    C0] kgsl kgsl-3d0: CP: AHB bus error, CP_RL_ERROR_DETAILS_0:0x10008e07 CP_RL_ERROR_DETAILS_1:0x12144
09-26 11:44:14.519     0     0 F         : [    C0] kgsl kgsl-3d0: CP: AHB bus error, CP_RL_ERROR_DETAILS_0:0x10008e07 CP_RL_ERROR_DETAILS_1:0x12144
09-26 11:44:14.523     0     0 F         : [    C0] kgsl kgsl-3d0: CP: AHB bus error, CP_RL_ERROR_DETAILS_0:0x10008e07 CP_RL_ERROR_DETAILS_1:0x12144
09-26 11:44:14.535     0     0 F         : [    C0] kgsl kgsl-3d0: CP: AHB bus error, CP_RL_ERROR_DETAILS_0:0x10008e07 CP_RL_ERROR_DETAILS_1:0x12144
09-26 11:44:14.543     0     0 F         : [    C0] kgsl kgsl-3d0: CP: AHB bus error, CP_RL_ERROR_DETAILS_0:0x10008e07 CP_RL_ERROR_DETAILS_1:0x12144
09-26 11:44:14.552     0     0 F         : [    C0] kgsl kgsl-3d0: CP: AHB bus error, CP_RL_ERROR_DETAILS_0:0x10008e07 CP_RL_ERROR_DETAILS_1:0x12144
09-26 11:44:14.558     0     0 F         : [    C0] kgsl kgsl-3d0: CP: AHB bus error, CP_RL_ERROR_DETAILS_0:0x10008e07 CP_RL_ERROR_DETAILS_1:0x12144
09-26 11:44:14.569     0     0 F         : [    C0] kgsl kgsl-3d0: CP: AHB bus error, CP_RL_ERROR_DETAILS_0:0x10008e07 CP_RL_ERROR_DETAILS_1:0x12144
09-26 11:44:15.281  1558  1558 W healthd : battery l=68 v=4028 t=33.1 h=2 st=2 c=507 fc=6000000 cc=217 chg=u
09-26 11:44:15.816  7805  7805 I         : [OFP][0][INFO][oplus_get_doze_disable_time:3679]oplus_get_doze_disable_time=0
09-26 11:44:15.816  7805  7805 W [drm] [msm-dsi-warn]: dsi_display_check_status,time_gap=-1908138862
09-26 11:44:17.635 17565 17565 I         : [INFO]: OPLUS_CHG[CHG_COMM]([oplus_comm_smooth_to_soc][3416]): soc[0 2 67 67 68 68] avg[0 1 0 0 0] fifo[68 68 68 68]
09-26 11:44:17.642 17560 17560 I         : [INFO]: OPLUS_CHG[TRACK]([oplus_chg_track_cal_no_charging_stats_new][6797]): chg_no_charging_cnt=10s, no_chg_time=83s, delta_time=5s
09-26 11:44:17.653 17560 17560 I OPLUS_CHG[oplus_charge_info]: BATTERY[331 331 4038 4038 412 67 68 68 3602 5416 1 0x0 3949], CHARGE[4490 600 0 0], WIRED[1 450 4927 500 1 0x0 0 0 0 2 0], WIRELESS[0 0 0 0 0 0x0 0 0 0], VOOC[0 0 0 0 0x0], UFCS[0 0 0 0x0], COMMON[6 0 0 0x0 1 0 1 5416 100 0]
09-26 11:44:17.655 17560 17560 I         : [INFO]: OPLUS_CHG[ADSP]([oplus_chg_8350_reg_dump][7390]): sm8450_st_dump: [chg_en=1, suspend=0, pd_svooc=0], subtype=0x01],[oplus_UsbCommCapable=0, oplus_pd_svooc=0, typec_mode=0, cid_status=0x01, usb_in_status=1],[0x2606=0x83, 0x2607=0x19, 0x2608=0x0a, 0x2609=0x02], [0x260a=0x04, 0x260b=0x59, 0x260c=0x0a, 0x260d=0x18], [0x260e=0x0a, 0x260f=0x01, 0x2610=0x00, 0x2640=0x01], [0x2641=0x02, 0x2642=0x05, 0x2646=0x01, 0x2650=0x03], [0x2706=0x0a, 0x2707=0x0a, 0x2708=0x0a, 0x2709=0x0a], [0x270b=0xe2, 0x270c=0x48, 0x2710=0xc0, 0x280c=0x38], [0x2810=0x00, 0x2840=0x01, 0x287f=0x00, 0x2906=0x02], [0x2908=0x0f, 0x290a=0x11, 0x290b=0x01, 0x290c=0x01], [0x2910=0x11, 0x2944=0x80, 0x2950=0x02, 0x2951=0x01], [0x2952=0x0a, 0x2954=0x00, 0x2960=0xe0, 0x2b06=0x08], [0x2b07=0x00, 0x2b08=0x00, 0x2b09=0x63, 0x2b0a=0x39], [0x2b0b=0x29, 0x2b0c=0x00, 0x29a8=0x81, 0x29a9=0x83], [0x29aa=0x00, 0x2aa2=0x00, 0x2aa8=0x87, 0x2aa9=0x00], [0x2aaa=0x00],
09-26 11:44:19.316 18421 18421 E gsi soc : qcom,msm_gsi: gsi_stop_channel:3688 chan=1 busy try again
09-26 11:44:19.318 18421 18421 E gsi soc : qcom,msm_gsi: gsi_stop_channel:3688 chan=14 busy try again
09-26 11:44:19.493     0     0 W [    C1] gen7_err_callback: 598 callbacks suppressed
09-26 11:44:19.493     0     0 F         : [    C1] kgsl kgsl-3d0: CP: AHB bus error, CP_RL_ERROR_DETAILS_0:0x10008e07 CP_RL_ERROR_DETAILS_1:0x12144
09-26 11:44:19.503     0     0 F         : [    C1] kgsl kgsl-3d0: CP: AHB bus error, CP_RL_ERROR_DETAILS_0:0x10008e07 CP_RL_ERROR_DETAILS_1:0x12144
09-26 11:44:19.512     0     0 F         : [    C1] kgsl kgsl-3d0: CP: AHB bus error, CP_RL_ERROR_DETAILS_0:0x10008e07 CP_RL_ERROR_DETAILS_1:0x12144
09-26 11:44:19.513     0     0 F         : [    C1] kgsl kgsl-3d0: CP: AHB bus error, CP_RL_ERROR_DETAILS_0:0x10008e07 CP_RL_ERROR_DETAILS_1:0x12144
09-26 11:44:19.516     0     0 F         : [    C1] kgsl kgsl-3d0: CP: AHB bus error, CP_RL_ERROR_DETAILS_0:0x10008e07 CP_RL_ERROR_DETAILS_1:0x12144
09-26 11:44:19.527     0     0 F         : [    C1] kgsl kgsl-3d0: CP: AHB bus error, CP_RL_ERROR_DETAILS_0:0x10008e07 CP_RL_ERROR_DETAILS_1:0x12144
09-26 11:44:19.537     0     0 F         : [    C1] kgsl kgsl-3d0: CP: AHB bus error, CP_RL_ERROR_DETAILS_0:0x10008e07 CP_RL_ERROR_DETAILS_1:0x12144
09-26 11:44:19.538     0     0 F         : [    C1] kgsl kgsl-3d0: CP: AHB bus error, CP_RL_ERROR_DETAILS_0:0x10008e07 CP_RL_ERROR_DETAILS_1:0x12144
09-26 11:44:19.540     0     0 F         : [    C1] kgsl kgsl-3d0: CP: AHB bus error, CP_RL_ERROR_DETAILS_0:0x10008e07 CP_RL_ERROR_DETAILS_1:0x12144
09-26 11:44:19.551     0     0 F         : [    C1] kgsl kgsl-3d0: CP: AHB bus error, CP_RL_ERROR_DETAILS_0:0x10008e07 CP_RL_ERROR_DETAILS_1:0x12144
09-26 11:44:20.936 17560 17560 I         : [OFP][0][INFO][oplus_get_doze_disable_time:3679]oplus_get_doze_disable_time=0
09-26 11:44:20.936 17560 17560 W [drm] [msm-dsi-warn]: dsi_display_check_status,time_gap=-1903018628
09-26 11:44:21.960 18787 18787 E iostack : irqs = 19456646, self-block = 0
09-26 11:44:22.731 14734 14734 I         : [INFO]: OPLUS_CHG[ADSP]([smbchg_lcm_en][5786]): set lcm to 1
09-26 11:44:22.731 14734 14734 I         : [INFO]: OPLUS_CHG[ADSP]([lcm_frequency_ctrl][5821]): lcm_en_flag:2
09-26 11:44:22.755 17565 17565 I         : [INFO]: OPLUS_CHG[CHG_COMM]([oplus_comm_smooth_to_soc][3416]): soc[0 2 67 67 68 68] avg[1 1 0 0 0] fifo[68 68 68 68]
09-26 11:44:22.763 17131 17131 I         : [INFO]: OPLUS_CHG[TRACK]([oplus_chg_track_cal_no_charging_stats_new][6797]): chg_no_charging_cnt=15s, no_chg_time=88s, delta_time=5s
09-26 11:44:22.771 17131 17131 I OPLUS_CHG[oplus_charge_info]: BATTERY[332 331 4045 4045 355 67 68 68 3602 5416 1 0x0 3948], CHARGE[4490 600 0 0], WIRED[1 450 4927 500 1 0x0 0 0 0 2 0], WIRELESS[0 0 0 0 0 0x0 0 0 0], VOOC[0 0 0 0 0x0], UFCS[0 0 0 0x0], COMMON[6 0 0 0x0 1 0 1 5416 100 0]
09-26 11:44:22.774 17131 17131 I         : [INFO]: OPLUS_CHG[ADSP]([oplus_chg_8350_reg_dump][7390]): sm8450_st_dump: [chg_en=1, suspend=0, pd_svooc=0], subtype=0x01],[oplus_UsbCommCapable=0, oplus_pd_svooc=0, typec_mode=0, cid_status=0x01, usb_in_status=1],[0x2606=0x83, 0x2607=0x19, 0x2608=0x0a, 0x2609=0x02], [0x260a=0x04, 0x260b=0x59, 0x260c=0x0a, 0x260d=0x18], [0x260e=0x0a, 0x260f=0x01, 0x2610=0x00, 0x2640=0x01], [0x2641=0x02, 0x2642=0x05, 0x2646=0x01, 0x2650=0x03], [0x2706=0x0a, 0x2707=0x0a, 0x2708=0x0a, 0x2709=0x0a], [0x270b=0xe2, 0x270c=0x48, 0x2710=0xc0, 0x280c=0x38], [0x2810=0x00, 0x2840=0x01, 0x287f=0x00, 0x2906=0x02], [0x2908=0x0f, 0x290a=0x11, 0x290b=0x01, 0x290c=0x01], [0x2910=0x11, 0x2944=0x80, 0x2950=0x02, 0x2951=0x01], [0x2952=0x0a, 0x2954=0x00, 0x2960=0xe0, 0x2b06=0x08], [0x2b07=0x00, 0x2b08=0x00, 0x2b09=0x63, 0x2b0a=0x39], [0x2b0b=0x29, 0x2b0c=0x00, 0x29a8=0x81, 0x29a9=0x83], [0x29aa=0x00, 0x2aa2=0x00, 0x2aa8=0x87, 0x2aa9=0x00], [0x2aaa=0x00],
09-26 11:44:24.503     0     0 W [    C1] gen7_err_callback: 296 callbacks suppressed
09-26 11:44:24.503     0     0 F         : [    C1] kgsl kgsl-3d0: CP: AHB bus error, CP_RL_ERROR_DETAILS_0:0x10008e07 CP_RL_ERROR_DETAILS_1:0x12144
09-26 11:44:24.518     0     0 F         : [    C1] kgsl kgsl-3d0: CP: AHB bus error, CP_RL_ERROR_DETAILS_0:0x10008e07 CP_RL_ERROR_DETAILS_1:0x12144
09-26 11:44:24.536     0     0 F         : [    C1] kgsl kgsl-3d0: CP: AHB bus error, CP_RL_ERROR_DETAILS_0:0x10008e07 CP_RL_ERROR_DETAILS_1:0x12144
09-26 11:44:24.552     0     0 F         : [    C1] kgsl kgsl-3d0: CP: AHB bus error, CP_RL_ERROR_DETAILS_0:0x10008e07 CP_RL_ERROR_DETAILS_1:0x12144
09-26 11:44:24.569     0     0 F         : [    C0] kgsl kgsl-3d0: CP: AHB bus error, CP_RL_ERROR_DETAILS_0:0x10008e07 CP_RL_ERROR_DETAILS_1:0x12144
09-26 11:44:24.585     0     0 F         : [    C0] kgsl kgsl-3d0: CP: AHB bus error, CP_RL_ERROR_DETAILS_0:0x10008e07 CP_RL_ERROR_DETAILS_1:0x12144
09-26 11:44:24.602     0     0 F         : [    C0] kgsl kgsl-3d0: CP: AHB bus error, CP_RL_ERROR_DETAILS_0:0x10008e07 CP_RL_ERROR_DETAILS_1:0x12144
09-26 11:44:24.618     0     0 F         : [    C1] kgsl kgsl-3d0: CP: AHB bus error, CP_RL_ERROR_DETAILS_0:0x10008e07 CP_RL_ERROR_DETAILS_1:0x12144
09-26 11:44:24.636     0     0 F         : [    C0] kgsl kgsl-3d0: CP: AHB bus error, CP_RL_ERROR_DETAILS_0:0x10008e07 CP_RL_ERROR_DETAILS_1:0x12144
09-26 11:44:24.653     0     0 F         : [    C1] kgsl kgsl-3d0: CP: AHB bus error, CP_RL_ERROR_DETAILS_0:0x10008e07 CP_RL_ERROR_DETAILS_1:0x12144
09-26 11:44:26.056 17131 17131 I         : [OFP][0][INFO][oplus_get_doze_disable_time:3679]oplus_get_doze_disable_time=0
09-26 11:44:26.056 17131 17131 W [drm] [msm-dsi-warn]: dsi_display_check_status,time_gap=-1897899035
09-26 11:44:27.877 17131 17131 I         : [INFO]: OPLUS_CHG[MSG]([oplus_msg_queue_update][227]): battery: update, gp=5000 ms
09-26 11:44:27.877 17565 17565 I         : [INFO]: OPLUS_CHG[CHG_COMM]([oplus_comm_smooth_to_soc][3416]): soc[0 2 67 67 68 68] avg[2 1 0 0 0] fifo[68 68 68 68]
09-26 11:44:27.878 17565 17565 I         : [INFO]: OPLUS_CHG[MSG]([oplus_msg_queue_update_work][106]): battery: update delay: 0 ms, update interval: 61444 ms
09-26 11:44:27.888  7805  7805 I         : [INFO]: OPLUS_CHG[TRACK]([oplus_chg_track_cal_no_charging_stats_new][6797]): chg_no_charging_cnt=21s, no_chg_time=94s, delta_time=6s
09-26 11:44:27.902  7805  7805 I OPLUS_CHG[oplus_charge_info]: BATTERY[333 332 4046 4046 323 67 68 68 3601 5416 1 0x0 3948], CHARGE[4490 600 0 0], WIRED[1 450 4930 500 1 0x0 0 0 0 2 0], WIRELESS[0 0 0 0 0 0x0 0 0 0], VOOC[0 0 0 0 0x0], UFCS[0 0 0 0x0], COMMON[6 0 0 0x0 1 0 1 5416 100 0]
09-26 11:44:27.903  1558  1558 W healthd : battery l=68 v=4046 t=33.3 h=2 st=2 c=323 fc=6000000 cc=217 chg=u
09-26 11:44:27.905  7805  7805 I         : [INFO]: OPLUS_CHG[ADSP]([oplus_chg_8350_reg_dump][7390]): sm8450_st_dump: [chg_en=1, suspend=0, pd_svooc=0], subtype=0x01],[oplus_UsbCommCapable=0, oplus_pd_svooc=0, typec_mode=0, cid_status=0x01, usb_in_status=1],[0x2606=0x83, 0x2607=0x19, 0x2608=0x0a, 0x2609=0x02], [0x260a=0x04, 0x260b=0x59, 0x260c=0x0a, 0x260d=0x18], [0x260e=0x0a, 0x260f=0x01, 0x2610=0x00, 0x2640=0x01], [0x2641=0x02, 0x2642=0x05, 0x2646=0x01, 0x2650=0x03], [0x2706=0x0a, 0x2707=0x0a, 0x2708=0x0a, 0x2709=0x0a], [0x270b=0xe2, 0x270c=0x48, 0x2710=0xc0, 0x280c=0x38], [0x2810=0x00, 0x2840=0x01, 0x287f=0x00, 0x2906=0x02], [0x2908=0x0f, 0x290a=0x11, 0x290b=0x01, 0x290c=0x01], [0x2910=0x11, 0x2944=0x80, 0x2950=0x02, 0x2951=0x01], [0x2952=0x0a, 0x2954=0x00, 0x2960=0xe0, 0x2b06=0x08], [0x2b07=0x00, 0x2b08=0x00, 0x2b09=0x63, 0x2b0a=0x39], [0x2b0b=0x29, 0x2b0c=0x00, 0x29a8=0x81, 0x29a9=0x83], [0x29aa=0x00, 0x2aa2=0x00, 0x2aa8=0x87, 0x2aa9=0x00], [0x2aaa=0x00],
09-26 11:44:28.473   950   950 I logd    : logdr: UID=2000 GID=2000 PID=21029 b tail=20 logMask=99 pid=0 start=0ns deadline=0ns
09-26 11:44:29.505     0     0 W [    C1] gen7_err_callback: 357 callbacks suppressed
09-26 11:44:29.505     0     0 F         : [    C1] kgsl kgsl-3d0: CP: AHB bus error, CP_RL_ERROR_DETAILS_0:0x10008e07 CP_RL_ERROR_DETAILS_1:0x12144
09-26 11:44:29.512     0     0 F         : [    C0] kgsl kgsl-3d0: CP: AHB bus error, CP_RL_ERROR_DETAILS_0:0x10008e07 CP_RL_ERROR_DETAILS_1:0x12144
09-26 11:44:29.522     0     0 F         : [    C0] kgsl kgsl-3d0: CP: AHB bus error, CP_RL_ERROR_DETAILS_0:0x10008e07 CP_RL_ERROR_DETAILS_1:0x12144
09-26 11:44:29.522     0     0 F         : [    C0] kgsl kgsl-3d0: CP: AHB bus error, CP_RL_ERROR_DETAILS_0:0x10008e07 CP_RL_ERROR_DETAILS_1:0x12144
09-26 11:44:29.525     0     0 F         : [    C0] kgsl kgsl-3d0: CP: AHB bus error, CP_RL_ERROR_DETAILS_0:0x10008e07 CP_RL_ERROR_DETAILS_1:0x12144
09-26 11:44:29.535     0     0 F         : [    C1] kgsl kgsl-3d0: CP: AHB bus error, CP_RL_ERROR_DETAILS_0:0x10008e07 CP_RL_ERROR_DETAILS_1:0x12144
09-26 11:44:29.541     0     0 F         : [    C1] kgsl kgsl-3d0: CP: AHB bus error, CP_RL_ERROR_DETAILS_0:0x10008e07 CP_RL_ERROR_DETAILS_1:0x12144
09-26 11:44:29.542     0     0 F         : [    C1] kgsl kgsl-3d0: CP: AHB bus error, CP_RL_ERROR_DETAILS_0:0x10008e07 CP_RL_ERROR_DETAILS_1:0x12144
09-26 11:44:29.544     0     0 F         : [    C1] kgsl kgsl-3d0: CP: AHB bus error, CP_RL_ERROR_DETAILS_0:0x10008e07 CP_RL_ERROR_DETAILS_1:0x12144
09-26 11:44:29.551     0     0 F         : [    C1] kgsl kgsl-3d0: CP: AHB bus error, CP_RL_ERROR_DETAILS_0:0x10008e07 CP_RL_ERROR_DETAILS_1:0x12144
09-26 11:44:30.832  1097  1097 I [   info] ts_panel_notifier_callback: Notification type:4, early_trigger:1
09-26 11:44:30.832  1097  1097 I [   info] ts_panel_notifier_callback: shashank:Received fps change old fps:120 new fps:60
09-26 11:44:30.833  1097  1097 E         : [LCD][0][ERR][oplus_panel_switch_vid_mode:475] oplus_panel_switch_vid_mode not support
09-26 11:44:30.833  1097  1097 I [drm:dsi_display_set_mode [msm_drm]] [msm-dsi-info]: mdp_transfer_time=6290, hactive=1264, vactive=2780, fps=60, h_skew=1, clk_rate=1012000000, h_sync_width=2,				h_front_porch26, h_back_porch=26, v_back_porch=42, v_sync_width=2, v_front_porch=58
09-26 11:44:30.834  1097  1097 I [ADFR][0][INFO][oplus_adfr_fakeframe_status_update:2140]h_active: 1264,refresh_rate:60,h_skew:1,sw_fps:0,fakeframe:0
09-26 11:44:30.840  1097  1097 I         : [LCD][0][INFO][oplus_panel_cmd_print:120] [A0020] dsi_cmd: qcom,mdss-dsi-timing-switch-command, count=8
09-26 11:44:30.840  1097  1097 I [ADFR][0][INFO][oplus_adfr_fakeframe_status_update:2140]h_active: 1264,refresh_rate:60,h_skew:1,sw_fps:0,fakeframe:0
09-26 11:44:30.840  1097  1097 I         : [ADFR][0][INFO][oplus_adfr_status_reset:1851]sa status reset: auto_mode:0,fakeframe:0,sa_min_fps:60
09-26 11:44:30.857  1097  1097 I [   info] ts_panel_notifier_callback: Notification type:4, early_trigger:0
09-26 11:44:30.857  1097  1097 I [   info] ts_panel_notifier_callback: shashank:Received fps change old fps:120 new fps:60
09-26 11:44:30.908  1097  1097 I [   info] ts_panel_notifier_callback: Notification type:4, early_trigger:1
09-26 11:44:30.908  1097  1097 I [   info] ts_panel_notifier_callback: shashank:Received fps change old fps:60 new fps:120
09-26 11:44:30.915  1097  1097 E         : [LCD][0][ERR][oplus_panel_switch_vid_mode:475] oplus_panel_switch_vid_mode not support
09-26 11:44:30.916  1097  1097 I [drm:dsi_display_set_mode [msm_drm]] [msm-dsi-info]: mdp_transfer_time=6290, hactive=1264, vactive=2780, fps=120, h_skew=0, clk_rate=1012000000, h_sync_width=2,				h_front_porch26, h_back_porch=26, v_back_porch=42, v_sync_width=2, v_front_porch=58
09-26 11:44:30.917  1097  1097 I [ADFR][0][INFO][oplus_adfr_fakeframe_status_update:2140]h_active: 1264,refresh_rate:120,h_skew:0,sw_fps:0,fakeframe:0
09-26 11:44:30.919  1097  1097 I         : [LCD][0][INFO][oplus_panel_cmd_print:120] [A0020] dsi_cmd: qcom,mdss-dsi-timing-switch-command, count=8
09-26 11:44:30.920  1097  1097 I [ADFR][0][INFO][oplus_adfr_fakeframe_status_update:2140]h_active: 1264,refresh_rate:120,h_skew:0,sw_fps:0,fakeframe:1
09-26 11:44:30.920  1097  1097 I         : [ADFR][0][INFO][oplus_adfr_status_reset:1851]sa status reset: auto_mode:0,fakeframe:1,sa_min_fps:120
09-26 11:44:30.938  1097  1097 I <A0020> len: 900 dsi_display_set_backlight 06:13:20.850:2063,06:13:20.967:2063,06:13:21.033:2063,06:13:21.100:2063,06:13:21.225:2063,06:13:21.358:2063,06:13:21.458:2063,06:13:21.558:2063,06:13:21.624:2063,06:13:21.707:2063,06:13:21.815:2063,06:13:21.932:2063,06:13:22.065:2063,06:13:22.148:2063,06:13:22.215:2063,06:13:22.298:2063,06:13:22.415:2063,06:13:22.531:2063,06:13:22.672:2063,06:13:22.739:2063,06:13:22.806:2063,06:13:22.905:2063,06:13:23.014:2063,06:13:23.113:2063,06:13:23.280:2063,06:13:23.330:2063,06:13:23.388:2063,06:13:23.504:2063,06:13:23.588:2063,06:13:36.964:2063,06:13:37.047:2063,06:13:37.114:2063,06:13:37.180:2063,06:13:37.230:2063,06:13:37.322:2063,06:13:37.388:2063,06:13:37.771:2063,06:13:37.804:2063,06:13:37.921:2063,06:13:38.137:2063,06:13:38.220:2063,06:13:38.420:2063,06:13:38.503:2063,06:14:07.021:2063,06:14:07.221:2063,06:14:07.321:2063,06:14:20.698:2063,06:14:20.881:2063,06:14:43.709:2063,06:14:43.792:2063,
09-26 11:44:30.938  1097  1097 I [   info] ts_panel_notifier_callback: Notification type:4, early_trigger:0
09-26 11:44:30.938  1097  1097 I [   info] ts_panel_notifier_callback: shashank:Received fps change old fps:60 new fps:120
09-26 11:44:31.176  7805  7805 I         : [OFP][0][INFO][oplus_get_doze_disable_time:3679]oplus_get_doze_disable_time=0
09-26 11:44:31.176  7805  7805 W [drm] [msm-dsi-warn]: dsi_display_check_status,time_gap=-1892779070
09-26 11:44:32.200 18787 18787 E iostack : irqs = 19458002, self-block = 0
09-26 11:44:32.994 20950 20950 I         : [INFO]: OPLUS_CHG[CHG_COMM]([oplus_comm_smooth_to_soc][3416]): soc[0 2 67 67 68 68] avg[3 1 0 0 0] fifo[68 68 68 68]
09-26 11:44:33.002 17151 17151 I         : [INFO]: OPLUS_CHG[TRACK]([oplus_chg_track_cal_no_charging_stats_new][6797]): chg_no_charging_cnt=26s, no_chg_time=99s, delta_time=5s
09-26 11:44:33.008 17151 17151 I OPLUS_CHG[oplus_charge_info]: BATTERY[333 333 3971 3971 2236 67 68 68 3599 5416 1 0x0 3945], CHARGE[4490 600 0 0], WIRED[1 450 4924 500 1 0x0 0 0 0 2 0], WIRELESS[0 0 0 0 0 0x0 0 0 0], VOOC[0 0 0 0 0x0], UFCS[0 0 0 0x0], COMMON[6 0 0 0x0 1 0 1 5416 100 0]
09-26 11:44:33.009 17151 17151 I         : [INFO]: OPLUS_CHG[ADSP]([oplus_chg_8350_reg_dump][7390]): sm8450_st_dump: [chg_en=1, suspend=0, pd_svooc=0], subtype=0x01],[oplus_UsbCommCapable=0, oplus_pd_svooc=0, typec_mode=0, cid_status=0x01, usb_in_status=1],[0x2606=0x83, 0x2607=0x19, 0x2608=0x0a, 0x2609=0x02], [0x260a=0x04, 0x260b=0x59, 0x260c=0x0a, 0x260d=0x18], [0x260e=0x0a, 0x260f=0x01, 0x2610=0x00, 0x2640=0x01], [0x2641=0x02, 0x2642=0x05, 0x2646=0x01, 0x2650=0x03], [0x2706=0x0a, 0x2707=0x0a, 0x2708=0x0a, 0x2709=0x0a], [0x270b=0xe2, 0x270c=0x48, 0x2710=0xc0, 0x280c=0x38], [0x2810=0x00, 0x2840=0x01, 0x287f=0x00, 0x2906=0x02], [0x2908=0x0f, 0x290a=0x11, 0x290b=0x01, 0x290c=0x01], [0x2910=0x11, 0x2944=0x80, 0x2950=0x02, 0x2951=0x01], [0x2952=0x0a, 0x2954=0x00, 0x2960=0xe0, 0x2b06=0x08], [0x2b07=0x00, 0x2b08=0x00, 0x2b09=0x63, 0x2b0a=0x39], [0x2b0b=0x29, 0x2b0c=0x00, 0x29a8=0x81, 0x29a9=0x83], [0x29aa=0x00, 0x2aa2=0x00, 0x2aa8=0x87, 0x2aa9=0x00], [0x2aaa=0x00],
09-26 11:44:34.128   867   867 I servicemanager: Caller(pid=21048,uid=2000,sid=u:r:shell:s0) Found android.hardware.graphics.allocator.IAllocator/default in device VINTF manifest.
09-26 11:44:34.163   867   867 I servicemanager: Caller(pid=21048,uid=2000,sid=u:r:shell:s0) Found android.hardware.graphics.allocator.IAllocator/default in device VINTF manifest.
09-26 11:44:34.545     0     0 W [    C1] gen7_err_callback: 655 callbacks suppressed
09-26 11:44:34.545     0     0 F         : [    C1] kgsl kgsl-3d0: CP: AHB bus error, CP_RL_ERROR_DETAILS_0:0x10008e07 CP_RL_ERROR_DETAILS_1:0x12144
09-26 11:44:34.546     0     0 F         : [    C1] kgsl kgsl-3d0: CP: AHB bus error, CP_RL_ERROR_DETAILS_0:0x10008e07 CP_RL_ERROR_DETAILS_1:0x12144
09-26 11:44:34.549     0     0 F         : [    C1] kgsl kgsl-3d0: CP: AHB bus error, CP_RL_ERROR_DETAILS_0:0x10008e07 CP_RL_ERROR_DETAILS_1:0x12144
09-26 11:44:34.562     0     0 F         : [    C0] kgsl kgsl-3d0: CP: AHB bus error, CP_RL_ERROR_DETAILS_0:0x10008e07 CP_RL_ERROR_DETAILS_1:0x12144
09-26 11:44:34.590     0     0 F         : [    C1] kgsl kgsl-3d0: CP: AHB bus error, CP_RL_ERROR_DETAILS_0:0x10008e07 CP_RL_ERROR_DETAILS_1:0x12144
09-26 11:44:34.590     0     0 F         : [    C0] kgsl kgsl-3d0: CP: AHB bus error, CP_RL_ERROR_DETAILS_0:0x10008e07 CP_RL_ERROR_DETAILS_1:0x12144
09-26 11:44:34.591     0     0 F         : [    C0] kgsl kgsl-3d0: CP: AHB bus error, CP_RL_ERROR_DETAILS_0:0x10008e07 CP_RL_ERROR_DETAILS_1:0x12144
09-26 11:44:34.594     0     0 F         : [    C0] kgsl kgsl-3d0: CP: AHB bus error, CP_RL_ERROR_DETAILS_0:0x10008e07 CP_RL_ERROR_DETAILS_1:0x12144
09-26 11:44:34.601     0     0 F         : [    C1] kgsl kgsl-3d0: CP: AHB bus error, CP_RL_ERROR_DETAILS_0:0x10008e07 CP_RL_ERROR_DETAILS_1:0x12144
09-26 11:44:34.611     0     0 F         : [    C1] kgsl kgsl-3d0: CP: AHB bus error, CP_RL_ERROR_DETAILS_0:0x10008e07 CP_RL_ERROR_DETAILS_1:0x12144
09-26 11:44:36.296 17565 17565 I         : [OFP][0][INFO][oplus_get_doze_disable_time:3679]oplus_get_doze_disable_time=0
09-26 11:44:36.296 17565 17565 W [drm] [msm-dsi-warn]: dsi_display_check_status,time_gap=-1887659084
09-26 11:44:37.388 18421 18421 E gsi soc : qcom,msm_gsi: gsi_stop_channel:3688 chan=1 busy try again
09-26 11:44:37.389 18421 18421 E gsi soc : qcom,msm_gsi: gsi_stop_channel:3688 chan=14 busy try again
09-26 11:44:37.547  9181  9181 E ipa_pm_handle_suspend: 1280 Client IPA_CLIENT_APPS_WAN_CONS woke up the system
09-26 11:44:37.748 18417 18417 E gsi soc : qcom,msm_gsi: gsi_stop_channel:3688 chan=1 busy try again
09-26 11:44:37.750 18417 18417 E gsi soc : qcom,msm_gsi: gsi_stop_channel:3688 chan=14 busy try again
09-26 11:44:37.789 16972 16972 E ipa_pm_handle_suspend: 1280 Client IPA_CLIENT_TEST_CONS woke up the system
09-26 11:44:37.988 18421 18421 E gsi soc : qcom,msm_gsi: gsi_stop_channel:3688 chan=1 busy try again
09-26 11:44:37.989 18421 18421 E gsi soc : qcom,msm_gsi: gsi_stop_channel:3688 chan=14 busy try again
09-26 11:44:38.113 20950 20950 I         : [INFO]: OPLUS_CHG[CHG_COMM]([oplus_comm_smooth_to_soc][3416]): soc[0 2 67 67 68 68] avg[0 1 0 0 0] fifo[68 68 68 68]
09-26 11:44:38.122 17616 17616 I         : [INFO]: OPLUS_CHG[TRACK]([oplus_chg_track_cal_no_charging_stats_new][6797]): chg_no_charging_cnt=31s, no_chg_time=104s, delta_time=5s
09-26 11:44:38.128 17616 17616 I OPLUS_CHG[oplus_charge_info]: BATTERY[334 333 3955 3955 2481 67 68 68 3595 5416 1 0x0 3942], CHARGE[4490 600 0 0], WIRED[1 453 4937 500 1 0x0 0 0 0 2 0], WIRELESS[0 0 0 0 0 0x0 0 0 0], VOOC[0 0 0 0 0x0], UFCS[0 0 0 0x0], COMMON[6 0 0 0x0 1 0 1 5416 100 0]
09-26 11:44:38.130 17616 17616 I         : [INFO]: OPLUS_CHG[ADSP]([oplus_chg_8350_reg_dump][7390]): sm8450_st_dump: [chg_en=1, suspend=0, pd_svooc=0], subtype=0x01],[oplus_UsbCommCapable=0, oplus_pd_svooc=0, typec_mode=0, cid_status=0x01, usb_in_status=1],[0x2606=0x83, 0x2607=0x19, 0x2608=0x0a, 0x2609=0x02], [0x260a=0x04, 0x260b=0x59, 0x260c=0x0a, 0x260d=0x18], [0x260e=0x0a, 0x260f=0x01, 0x2610=0x00, 0x2640=0x01], [0x2641=0x02, 0x2642=0x05, 0x2646=0x01, 0x2650=0x03], [0x2706=0x0a, 0x2707=0x0a, 0x2708=0x0a, 0x2709=0x0a], [0x270b=0xe2, 0x270c=0x48, 0x2710=0xc0, 0x280c=0x38], [0x2810=0x00, 0x2840=0x01, 0x287f=0x00, 0x2906=0x02], [0x2908=0x0f, 0x290a=0x11, 0x290b=0x01, 0x290c=0x01], [0x2910=0x11, 0x2944=0x80, 0x2950=0x02, 0x2951=0x01], [0x2952=0x0a, 0x2954=0x00, 0x2960=0xe0, 0x2b06=0x08], [0x2b07=0x00, 0x2b08=0x00, 0x2b09=0x63, 0x2b0a=0x39], [0x2b0b=0x29, 0x2b0c=0x00, 0x29a8=0x81, 0x29a9=0x83], [0x29aa=0x00, 0x2aa2=0x00, 0x2aa8=0x87, 0x2aa9=0x00], [0x2aaa=0x00],
09-26 11:44:39.026 16342 16342 E gsi soc : qcom,msm_gsi: gsi_stop_channel:3688 chan=1 busy try again
09-26 11:44:39.029 16342 16342 E gsi soc : qcom,msm_gsi: gsi_stop_channel:3688 chan=14 busy try again
09-26 11:44:39.316 16701 16701 E gsi soc : qcom,msm_gsi: gsi_stop_channel:3688 chan=1 busy try again
09-26 11:44:39.318 16701 16701 E gsi soc : qcom,msm_gsi: gsi_stop_channel:3688 chan=14 busy try again
09-26 11:44:39.549     0     0 W [    C1] gen7_err_callback: 635 callbacks suppressed
09-26 11:44:39.549     0     0 F         : [    C1] kgsl kgsl-3d0: CP: AHB bus error, CP_RL_ERROR_DETAILS_0:0x10008e07 CP_RL_ERROR_DETAILS_1:0x12144
09-26 11:44:39.559     0     0 F         : [    C0] kgsl kgsl-3d0: CP: AHB bus error, CP_RL_ERROR_DETAILS_0:0x10008e07 CP_RL_ERROR_DETAILS_1:0x12144
09-26 11:44:39.560     0     0 F         : [    C0] kgsl kgsl-3d0: CP: AHB bus error, CP_RL_ERROR_DETAILS_0:0x10008e07 CP_RL_ERROR_DETAILS_1:0x12144
09-26 11:44:39.563     0     0 F         : [    C1] kgsl kgsl-3d0: CP: AHB bus error, CP_RL_ERROR_DETAILS_0:0x10008e07 CP_RL_ERROR_DETAILS_1:0x12144
09-26 11:44:39.571     0     0 F         : [    C1] kgsl kgsl-3d0: CP: AHB bus error, CP_RL_ERROR_DETAILS_0:0x10008e07 CP_RL_ERROR_DETAILS_1:0x12144
09-26 11:44:39.581     0     0 F         : [    C0] kgsl kgsl-3d0: CP: AHB bus error, CP_RL_ERROR_DETAILS_0:0x10008e07 CP_RL_ERROR_DETAILS_1:0x12144
09-26 11:44:39.582     0     0 F         : [    C0] kgsl kgsl-3d0: CP: AHB bus error, CP_RL_ERROR_DETAILS_0:0x10008e07 CP_RL_ERROR_DETAILS_1:0x12144
09-26 11:44:39.594     0     0 F         : [    C0] kgsl kgsl-3d0: CP: AHB bus error, CP_RL_ERROR_DETAILS_0:0x10008e07 CP_RL_ERROR_DETAILS_1:0x12144
09-26 11:44:39.600     0     0 F         : [    C0] kgsl kgsl-3d0: CP: AHB bus error, CP_RL_ERROR_DETAILS_0:0x10008e07 CP_RL_ERROR_DETAILS_1:0x12144
09-26 11:44:39.625     0     0 F         : [    C0] kgsl kgsl-3d0: CP: AHB bus error, CP_RL_ERROR_DETAILS_0:0x10008e07 CP_RL_ERROR_DETAILS_1:0x12144
09-26 11:44:41.416  7805  7805 I         : [OFP][0][INFO][oplus_get_doze_disable_time:3679]oplus_get_doze_disable_time=0
09-26 11:44:41.416  7805  7805 W [drm] [msm-dsi-warn]: dsi_display_check_status,time_gap=-1882539108
09-26 11:44:42.032   950   950 I logd    : logdr: UID=2000 GID=2000 PID=21113 b tail=20 logMask=99 pid=0 start=0ns deadline=0ns
09-26 11:44:42.440 18787 18787 E iostack : irqs = 19465606, self-block = 0
09-26 11:44:43.236 17151 17151 I         : [INFO]: OPLUS_CHG[CHG_COMM]([oplus_comm_smooth_to_soc][3416]): soc[0 2 67 67 68 68] avg[1 1 0 0 0] fifo[68 68 68 68]
09-26 11:44:43.244 17616 17616 I         : [INFO]: OPLUS_CHG[TRACK]([oplus_chg_track_cal_no_charging_stats_new][6797]): chg_no_charging_cnt=36s, no_chg_time=109s, delta_time=5s
09-26 11:44:43.250 17616 17616 I OPLUS_CHG[oplus_charge_info]: BATTERY[334 334 3965 3965 2097 67 68 68 3592 5416 1 0x0 3939], CHARGE[4490 600 0 0], WIRED[1 450 4925 500 1 0x0 0 0 0 2 0], WIRELESS[0 0 0 0 0 0x0 0 0 0], VOOC[0 0 0 0 0x0], UFCS[0 0 0 0x0], COMMON[6 0 0 0x0 1 0 1 5416 100 0]
09-26 11:44:43.252 17616 17616 I         : [INFO]: OPLUS_CHG[ADSP]([oplus_chg_8350_reg_dump][7390]): sm8450_st_dump: [chg_en=1, suspend=0, pd_svooc=0], subtype=0x01],[oplus_UsbCommCapable=0, oplus_pd_svooc=0, typec_mode=0, cid_status=0x01, usb_in_status=1],[0x2606=0x83, 0x2607=0x19, 0x2608=0x0a, 0x2609=0x02], [0x260a=0x04, 0x260b=0x59, 0x260c=0x0a, 0x260d=0x18], [0x260e=0x0a, 0x260f=0x01, 0x2610=0x00, 0x2640=0x01], [0x2641=0x02, 0x2642=0x05, 0x2646=0x01, 0x2650=0x03], [0x2706=0x0a, 0x2707=0x0a, 0x2708=0x0a, 0x2709=0x0a], [0x270b=0xe2, 0x270c=0x48, 0x2710=0xc0, 0x280c=0x38], [0x2810=0x00, 0x2840=0x01, 0x287f=0x00, 0x2906=0x02], [0x2908=0x0f, 0x290a=0x11, 0x290b=0x01, 0x290c=0x01], [0x2910=0x11, 0x2944=0x80, 0x2950=0x02, 0x2951=0x01], [0x2952=0x0a, 0x2954=0x00, 0x2960=0xe0, 0x2b06=0x08], [0x2b07=0x00, 0x2b08=0x00, 0x2b09=0x63, 0x2b0a=0x39], [0x2b0b=0x29, 0x2b0c=0x00, 0x29a8=0x81, 0x29a9=0x83], [0x29aa=0x00, 0x2aa2=0x00, 0x2aa8=0x87, 0x2aa9=0x00], [0x2aaa=0x00],
09-26 11:44:43.752 16342 16342 E gsi soc : qcom,msm_gsi: gsi_stop_channel:3688 chan=1 busy try again
09-26 11:44:43.754 16342 16342 E gsi soc : qcom,msm_gsi: gsi_stop_channel:3688 chan=14 busy try again
09-26 11:44:44.555     0     0 W [    C1] gen7_err_callback: 655 callbacks suppressed
09-26 11:44:44.555     0     0 F         : [    C1] kgsl kgsl-3d0: CP: AHB bus error, CP_RL_ERROR_DETAILS_0:0x10008e07 CP_RL_ERROR_DETAILS_1:0x12144
09-26 11:44:44.575     0     0 F         : [    C1] kgsl kgsl-3d0: CP: AHB bus error, CP_RL_ERROR_DETAILS_0:0x10008e07 CP_RL_ERROR_DETAILS_1:0x12144
09-26 11:44:44.576     0     0 F         : [    C1] kgsl kgsl-3d0: CP: AHB bus error, CP_RL_ERROR_DETAILS_0:0x10008e07 CP_RL_ERROR_DETAILS_1:0x12144
09-26 11:44:44.579     0     0 F         : [    C1] kgsl kgsl-3d0: CP: AHB bus error, CP_RL_ERROR_DETAILS_0:0x10008e07 CP_RL_ERROR_DETAILS_1:0x12144
09-26 11:44:44.583     0     0 F         : [    C1] kgsl kgsl-3d0: CP: AHB bus error, CP_RL_ERROR_DETAILS_0:0x10008e07 CP_RL_ERROR_DETAILS_1:0x12144
09-26 11:44:44.599     0     0 F         : [    C1] kgsl kgsl-3d0: CP: AHB bus error, CP_RL_ERROR_DETAILS_0:0x10008e07 CP_RL_ERROR_DETAILS_1:0x12144
09-26 11:44:44.599     0     0 F         : [    C1] kgsl kgsl-3d0: CP: AHB bus error, CP_RL_ERROR_DETAILS_0:0x10008e07 CP_RL_ERROR_DETAILS_1:0x12144
09-26 11:44:44.605     0     0 F         : [    C1] kgsl kgsl-3d0: CP: AHB bus error, CP_RL_ERROR_DETAILS_0:0x10008e07 CP_RL_ERROR_DETAILS_1:0x12144
09-26 11:44:44.609     0     0 F         : [    C1] kgsl kgsl-3d0: CP: AHB bus error, CP_RL_ERROR_DETAILS_0:0x10008e07 CP_RL_ERROR_DETAILS_1:0x12144
09-26 11:44:44.621     0     0 F         : [    C1] kgsl kgsl-3d0: CP: AHB bus error, CP_RL_ERROR_DETAILS_0:0x10008e07 CP_RL_ERROR_DETAILS_1:0x12144
09-26 11:44:45.685 18417 18417 E gsi soc : qcom,msm_gsi: gsi_stop_channel:3688 chan=1 busy try again
09-26 11:44:45.687 18417 18417 E gsi soc : qcom,msm_gsi: gsi_stop_channel:3688 chan=14 busy try again
09-26 11:44:46.536  7805  7805 I         : [OFP][0][INFO][oplus_get_doze_disable_time:3679]oplus_get_doze_disable_time=0
09-26 11:44:46.536  7805  7805 W [drm] [msm-dsi-warn]: dsi_display_check_status,time_gap=-1877419126
09-26 11:44:47.449   867   867 I servicemanager: Caller(pid=21151,uid=2000,sid=u:r:shell:s0) Found android.hardware.graphics.allocator.IAllocator/default in device VINTF manifest.
09-26 11:44:47.475   867   867 I servicemanager: Caller(pid=21151,uid=2000,sid=u:r:shell:s0) Found android.hardware.graphics.allocator.IAllocator/default in device VINTF manifest.
09-26 11:44:48.353 20950 20950 I         : [INFO]: OPLUS_CHG[CHG_COMM]([oplus_comm_smooth_to_soc][3416]): soc[0 2 67 67 68 68] avg[2 1 0 0 0] fifo[68 68 68 68]
09-26 11:44:48.360 17618 17618 I         : [INFO]: OPLUS_CHG[TRACK]([oplus_chg_track_cal_no_charging_stats_new][6797]): chg_no_charging_cnt=41s, no_chg_time=114s, delta_time=5s
09-26 11:44:48.367 17618 17618 I OPLUS_CHG[oplus_charge_info]: BATTERY[335 334 3969 3969 1962 67 68 68 3590 5416 1 0x0 3936], CHARGE[4490 600 0 0], WIRED[1 453 4929 500 1 0x0 0 0 0 2 0], WIRELESS[0 0 0 0 0 0x0 0 0 0], VOOC[0 0 0 0 0x0], UFCS[0 0 0 0x0], COMMON[6 0 0 0x0 1 0 1 5416 100 0]
09-26 11:44:48.368 17618 17618 I         : [INFO]: OPLUS_CHG[ADSP]([oplus_chg_8350_reg_dump][7390]): sm8450_st_dump: [chg_en=1, suspend=0, pd_svooc=0], subtype=0x01],[oplus_UsbCommCapable=0, oplus_pd_svooc=0, typec_mode=0, cid_status=0x01, usb_in_status=1],[0x2606=0x83, 0x2607=0x19, 0x2608=0x0a, 0x2609=0x02], [0x260a=0x04, 0x260b=0x59, 0x260c=0x0a, 0x260d=0x18], [0x260e=0x0a, 0x260f=0x01, 0x2610=0x00, 0x2640=0x01], [0x2641=0x02, 0x2642=0x05, 0x2646=0x01, 0x2650=0x03], [0x2706=0x0a, 0x2707=0x0a, 0x2708=0x0a, 0x2709=0x0a], [0x270b=0xe2, 0x270c=0x48, 0x2710=0xc0, 0x280c=0x38], [0x2810=0x00, 0x2840=0x01, 0x287f=0x00, 0x2906=0x02], [0x2908=0x0f, 0x290a=0x11, 0x290b=0x01, 0x290c=0x01], [0x2910=0x11, 0x2944=0x80, 0x2950=0x02, 0x2951=0x01], [0x2952=0x0a, 0x2954=0x00, 0x2960=0xe0, 0x2b06=0x08], [0x2b07=0x00, 0x2b08=0x00, 0x2b09=0x63, 0x2b0a=0x39], [0x2b0b=0x29, 0x2b0c=0x00, 0x29a8=0x81, 0x29a9=0x83], [0x29aa=0x00, 0x2aa2=0x00, 0x2aa8=0x87, 0x2aa9=0x00], [0x2aaa=0x00],
09-26 11:44:48.747  1097  1097 I [   info] ts_panel_notifier_callback: Notification type:4, early_trigger:1
09-26 11:44:48.747  1097  1097 I [   info] ts_panel_notifier_callback: shashank:Received fps change old fps:120 new fps:60
09-26 11:44:48.750  1097  1097 E         : [LCD][0][ERR][oplus_panel_switch_vid_mode:475] oplus_panel_switch_vid_mode not support
09-26 11:44:48.750  1097  1097 I [drm:dsi_display_set_mode [msm_drm]] [msm-dsi-info]: mdp_transfer_time=6290, hactive=1264, vactive=2780, fps=60, h_skew=1, clk_rate=1012000000, h_sync_width=2,				h_front_porch26, h_back_porch=26, v_back_porch=42, v_sync_width=2, v_front_porch=58
09-26 11:44:48.751  1097  1097 I [ADFR][0][INFO][oplus_adfr_fakeframe_status_update:2140]h_active: 1264,refresh_rate:60,h_skew:1,sw_fps:0,fakeframe:0
09-26 11:44:48.752  1097  1097 I         : [LCD][0][INFO][oplus_panel_cmd_print:120] [A0020] dsi_cmd: qcom,mdss-dsi-timing-switch-command, count=8
09-26 11:44:48.752  1097  1097 I [ADFR][0][INFO][oplus_adfr_fakeframe_status_update:2140]h_active: 1264,refresh_rate:60,h_skew:1,sw_fps:0,fakeframe:0
09-26 11:44:48.752  1097  1097 I         : [ADFR][0][INFO][oplus_adfr_status_reset:1851]sa status reset: auto_mode:0,fakeframe:0,sa_min_fps:60
09-26 11:44:48.769  1097  1097 I [   info] ts_panel_notifier_callback: Notification type:4, early_trigger:0
09-26 11:44:48.769  1097  1097 I [   info] ts_panel_notifier_callback: shashank:Received fps change old fps:120 new fps:60
09-26 11:44:48.787  1097  1097 I [   info] ts_panel_notifier_callback: Notification type:4, early_trigger:1
09-26 11:44:48.787  1097  1097 I [   info] ts_panel_notifier_callback: shashank:Received fps change old fps:60 new fps:120
09-26 11:44:48.794  1097  1097 E         : [LCD][0][ERR][oplus_panel_switch_vid_mode:475] oplus_panel_switch_vid_mode not support
09-26 11:44:48.794  1097  1097 I [drm:dsi_display_set_mode [msm_drm]] [msm-dsi-info]: mdp_transfer_time=6290, hactive=1264, vactive=2780, fps=120, h_skew=0, clk_rate=1012000000, h_sync_width=2,				h_front_porch26, h_back_porch=26, v_back_porch=42, v_sync_width=2, v_front_porch=58
09-26 11:44:48.794  1097  1097 I [ADFR][0][INFO][oplus_adfr_fakeframe_status_update:2140]h_active: 1264,refresh_rate:120,h_skew:0,sw_fps:0,fakeframe:0
09-26 11:44:48.798  1097  1097 I         : [LCD][0][INFO][oplus_panel_cmd_print:120] [A0020] dsi_cmd: qcom,mdss-dsi-timing-switch-command, count=8
09-26 11:44:48.798  1097  1097 I [ADFR][0][INFO][oplus_adfr_fakeframe_status_update:2140]h_active: 1264,refresh_rate:120,h_skew:0,sw_fps:0,fakeframe:1
09-26 11:44:48.798  1097  1097 I         : [ADFR][0][INFO][oplus_adfr_status_reset:1851]sa status reset: auto_mode:0,fakeframe:1,sa_min_fps:120
09-26 11:44:48.817  1097  1097 I [   info] ts_panel_notifier_callback: Notification type:4, early_trigger:0
09-26 11:44:48.817  1097  1097 I [   info] ts_panel_notifier_callback: shashank:Received fps change old fps:60 new fps:120
09-26 11:44:48.912  1097  1097 I [   info] ts_panel_notifier_callback: Notification type:4, early_trigger:1
09-26 11:44:48.912  1097  1097 I [   info] ts_panel_notifier_callback: shashank:Received fps change old fps:120 new fps:60
09-26 11:44:48.915  1097  1097 E         : [LCD][0][ERR][oplus_panel_switch_vid_mode:475] oplus_panel_switch_vid_mode not support
09-26 11:44:48.916  1097  1097 I [drm:dsi_display_set_mode [msm_drm]] [msm-dsi-info]: mdp_transfer_time=6290, hactive=1264, vactive=2780, fps=60, h_skew=1, clk_rate=1012000000, h_sync_width=2,				h_front_porch26, h_back_porch=26, v_back_porch=42, v_sync_width=2, v_front_porch=58
09-26 11:44:48.916  1097  1097 I [ADFR][0][INFO][oplus_adfr_fakeframe_status_update:2140]h_active: 1264,refresh_rate:60,h_skew:1,sw_fps:0,fakeframe:0
09-26 11:44:48.918  1097  1097 I         : [LCD][0][INFO][oplus_panel_cmd_print:120] [A0020] dsi_cmd: qcom,mdss-dsi-timing-switch-command, count=8
09-26 11:44:48.919  1097  1097 I [ADFR][0][INFO][oplus_adfr_fakeframe_status_update:2140]h_active: 1264,refresh_rate:60,h_skew:1,sw_fps:0,fakeframe:0
09-26 11:44:48.919  1097  1097 I         : [ADFR][0][INFO][oplus_adfr_status_reset:1851]sa status reset: auto_mode:0,fakeframe:0,sa_min_fps:60
09-26 11:44:48.935  1097  1097 I [   info] ts_panel_notifier_callback: Notification type:4, early_trigger:0
09-26 11:44:48.935  1097  1097 I [   info] ts_panel_notifier_callback: shashank:Received fps change old fps:120 new fps:60
09-26 11:44:48.944  1097  1097 I [   info] ts_panel_notifier_callback: Notification type:4, early_trigger:1
09-26 11:44:48.944  1097  1097 I [   info] ts_panel_notifier_callback: shashank:Received fps change old fps:60 new fps:120
09-26 11:44:48.960  1097  1097 E         : [LCD][0][ERR][oplus_panel_switch_vid_mode:475] oplus_panel_switch_vid_mode not support
09-26 11:44:48.960  1097  1097 I [drm:dsi_display_set_mode [msm_drm]] [msm-dsi-info]: mdp_transfer_time=6290, hactive=1264, vactive=2780, fps=120, h_skew=0, clk_rate=1012000000, h_sync_width=2,				h_front_porch26, h_back_porch=26, v_back_porch=42, v_sync_width=2, v_front_porch=58
09-26 11:44:48.961  1097  1097 I [ADFR][0][INFO][oplus_adfr_fakeframe_status_update:2140]h_active: 1264,refresh_rate:120,h_skew:0,sw_fps:0,fakeframe:0
09-26 11:44:48.964  1097  1097 I         : [LCD][0][INFO][oplus_panel_cmd_print:120] [A0020] dsi_cmd: qcom,mdss-dsi-timing-switch-command, count=8
09-26 11:44:48.964  1097  1097 I [ADFR][0][INFO][oplus_adfr_fakeframe_status_update:2140]h_active: 1264,refresh_rate:120,h_skew:0,sw_fps:0,fakeframe:1
09-26 11:44:48.964  1097  1097 I         : [ADFR][0][INFO][oplus_adfr_status_reset:1851]sa status reset: auto_mode:0,fakeframe:1,sa_min_fps:120
09-26 11:44:48.983  1097  1097 I [   info] ts_panel_notifier_callback: Notification type:4, early_trigger:0
09-26 11:44:48.983  1097  1097 I [   info] ts_panel_notifier_callback: shashank:Received fps change old fps:60 new fps:120
09-26 11:44:49.560     0     0 W [    C1] gen7_err_callback: 562 callbacks suppressed
09-26 11:44:49.560     0     0 F         : [    C1] kgsl kgsl-3d0: CP: AHB bus error, CP_RL_ERROR_DETAILS_0:0x10008e07 CP_RL_ERROR_DETAILS_1:0x12144
09-26 11:44:49.561     0     0 F         : [    C1] kgsl kgsl-3d0: CP: AHB bus error, CP_RL_ERROR_DETAILS_0:0x10008e07 CP_RL_ERROR_DETAILS_1:0x12144
09-26 11:44:49.597     0     0 F         : [    C1] kgsl kgsl-3d0: CP: AHB bus error, CP_RL_ERROR_DETAILS_0:0x10008e07 CP_RL_ERROR_DETAILS_1:0x12144
09-26 11:44:49.604     0     0 F         : [    C0] kgsl kgsl-3d0: CP: AHB bus error, CP_RL_ERROR_DETAILS_0:0x10008e07 CP_RL_ERROR_DETAILS_1:0x12144
09-26 11:44:49.614     0     0 F         : [    C1] kgsl kgsl-3d0: CP: AHB bus error, CP_RL_ERROR_DETAILS_0:0x10008e07 CP_RL_ERROR_DETAILS_1:0x12144
09-26 11:44:49.615     0     0 F         : [    C0] kgsl kgsl-3d0: CP: AHB bus error, CP_RL_ERROR_DETAILS_0:0x10008e07 CP_RL_ERROR_DETAILS_1:0x12144
09-26 11:44:49.617     0     0 F         : [    C0] kgsl kgsl-3d0: CP: AHB bus error, CP_RL_ERROR_DETAILS_0:0x10008e07 CP_RL_ERROR_DETAILS_1:0x12144
09-26 11:44:49.626     0     0 F         : [    C0] kgsl kgsl-3d0: CP: AHB bus error, CP_RL_ERROR_DETAILS_0:0x10008e07 CP_RL_ERROR_DETAILS_1:0x12144
09-26 11:44:49.636     0     0 F         : [    C0] kgsl kgsl-3d0: CP: AHB bus error, CP_RL_ERROR_DETAILS_0:0x10008e07 CP_RL_ERROR_DETAILS_1:0x12144
09-26 11:44:49.637     0     0 F         : [    C1] kgsl kgsl-3d0: CP: AHB bus error, CP_RL_ERROR_DETAILS_0:0x10008e07 CP_RL_ERROR_DETAILS_1:0x12144
09-26 11:44:50.417  1097  1097 I [   info] ts_panel_notifier_callback: Notification type:4, early_trigger:1
09-26 11:44:50.417  1097  1097 I [   info] ts_panel_notifier_callback: shashank:Received fps change old fps:120 new fps:60
09-26 11:44:50.421  1097  1097 E         : [LCD][0][ERR][oplus_panel_switch_vid_mode:475] oplus_panel_switch_vid_mode not support
09-26 11:44:50.421  1097  1097 I [drm:dsi_display_set_mode [msm_drm]] [msm-dsi-info]: mdp_transfer_time=6290, hactive=1264, vactive=2780, fps=60, h_skew=1, clk_rate=1012000000, h_sync_width=2,				h_front_porch26, h_back_porch=26, v_back_porch=42, v_sync_width=2, v_front_porch=58
09-26 11:44:50.421  1097  1097 I [ADFR][0][INFO][oplus_adfr_fakeframe_status_update:2140]h_active: 1264,refresh_rate:60,h_skew:1,sw_fps:0,fakeframe:0
09-26 11:44:50.424  1097  1097 I         : [LCD][0][INFO][oplus_panel_cmd_print:120] [A0020] dsi_cmd: qcom,mdss-dsi-timing-switch-command, count=8
09-26 11:44:50.424  1097  1097 I [ADFR][0][INFO][oplus_adfr_fakeframe_status_update:2140]h_active: 1264,refresh_rate:60,h_skew:1,sw_fps:0,fakeframe:0
09-26 11:44:50.424  1097  1097 I         : [ADFR][0][INFO][oplus_adfr_status_reset:1851]sa status reset: auto_mode:0,fakeframe:0,sa_min_fps:60
09-26 11:44:50.441  1097  1097 I [   info] ts_panel_notifier_callback: Notification type:4, early_trigger:0
09-26 11:44:50.441  1097  1097 I [   info] ts_panel_notifier_callback: shashank:Received fps change old fps:120 new fps:60
09-26 11:44:50.451  1097  1097 I [   info] ts_panel_notifier_callback: Notification type:4, early_trigger:1
09-26 11:44:50.451  1097  1097 I [   info] ts_panel_notifier_callback: shashank:Received fps change old fps:60 new fps:120
09-26 11:44:50.466  1097  1097 E         : [LCD][0][ERR][oplus_panel_switch_vid_mode:475] oplus_panel_switch_vid_mode not support
09-26 11:44:50.466  1097  1097 I [drm:dsi_display_set_mode [msm_drm]] [msm-dsi-info]: mdp_transfer_time=6290, hactive=1264, vactive=2780, fps=120, h_skew=0, clk_rate=1012000000, h_sync_width=2,				h_front_porch26, h_back_porch=26, v_back_porch=42, v_sync_width=2, v_front_porch=58
09-26 11:44:50.466  1097  1097 I [ADFR][0][INFO][oplus_adfr_fakeframe_status_update:2140]h_active: 1264,refresh_rate:120,h_skew:0,sw_fps:0,fakeframe:0
09-26 11:44:50.470  1097  1097 I         : [LCD][0][INFO][oplus_panel_cmd_print:120] [A0020] dsi_cmd: qcom,mdss-dsi-timing-switch-command, count=8
09-26 11:44:50.470  1097  1097 I [ADFR][0][INFO][oplus_adfr_fakeframe_status_update:2140]h_active: 1264,refresh_rate:120,h_skew:0,sw_fps:0,fakeframe:1
09-26 11:44:50.470  1097  1097 I         : [ADFR][0][INFO][oplus_adfr_status_reset:1851]sa status reset: auto_mode:0,fakeframe:1,sa_min_fps:120
09-26 11:44:50.489  1097  1097 I [   info] ts_panel_notifier_callback: Notification type:4, early_trigger:0
09-26 11:44:50.489  1097  1097 I [   info] ts_panel_notifier_callback: shashank:Received fps change old fps:60 new fps:120
09-26 11:44:51.056   950   950 I logd    : logdr: UID=2000 GID=2000 PID=21153 b tail=20 logMask=99 pid=0 start=0ns deadline=0ns
09-26 11:44:51.656  7805  7805 I         : [OFP][0][INFO][oplus_get_doze_disable_time:3679]oplus_get_doze_disable_time=0
09-26 11:44:51.656  7805  7805 W [drm] [msm-dsi-warn]: dsi_display_check_status,time_gap=-1872298880
09-26 11:44:52.680 18787 18787 E iostack : irqs = 19472030, self-block = 0
09-26 11:44:53.475 20950 20950 I         : [INFO]: OPLUS_CHG[CHG_COMM]([oplus_comm_smooth_to_soc][3416]): soc[0 2 67 67 68 68] avg[3 1 0 0 0] fifo[68 68 68 68]
09-26 11:44:53.483 17151 17151 I         : [INFO]: OPLUS_CHG[TRACK]([oplus_chg_track_cal_no_charging_stats_new][6797]): chg_no_charging_cnt=46s, no_chg_time=119s, delta_time=5s
09-26 11:44:53.489 17151 17151 I OPLUS_CHG[oplus_charge_info]: BATTERY[335 335 3967 3967 1934 67 68 68 3587 5416 1 0x0 3933], CHARGE[4490 600 0 0], WIRED[1 453 4926 500 1 0x0 0 0 0 2 0], WIRELESS[0 0 0 0 0 0x0 0 0 0], VOOC[0 0 0 0 0x0], UFCS[0 0 0 0x0], COMMON[6 0 0 0x0 1 0 1 5416 100 0]
09-26 11:44:53.494 17151 17151 I         : [INFO]: OPLUS_CHG[ADSP]([oplus_chg_8350_reg_dump][7390]): sm8450_st_dump: [chg_en=1, suspend=0, pd_svooc=0], subtype=0x01],[oplus_UsbCommCapable=0, oplus_pd_svooc=0, typec_mode=0, cid_status=0x01, usb_in_status=1],[0x2606=0x83, 0x2607=0x19, 0x2608=0x0a, 0x2609=0x02], [0x260a=0x04, 0x260b=0x59, 0x260c=0x0a, 0x260d=0x18], [0x260e=0x0a, 0x260f=0x01, 0x2610=0x00, 0x2640=0x01], [0x2641=0x02, 0x2642=0x05, 0x2646=0x01, 0x2650=0x03], [0x2706=0x0a, 0x2707=0x0a, 0x2708=0x0a, 0x2709=0x0a], [0x270b=0xe2, 0x270c=0x48, 0x2710=0xc0, 0x280c=0x38], [0x2810=0x00, 0x2840=0x01, 0x287f=0x00, 0x2906=0x02], [0x2908=0x0f, 0x290a=0x11, 0x290b=0x01, 0x290c=0x01], [0x2910=0x11, 0x2944=0x80, 0x2950=0x02, 0x2951=0x01], [0x2952=0x0a, 0x2954=0x00, 0x2960=0xe0, 0x2b06=0x08], [0x2b07=0x00, 0x2b08=0x00, 0x2b09=0x63, 0x2b0a=0x39], [0x2b0b=0x29, 0x2b0c=0x00, 0x29a8=0x81, 0x29a9=0x83], [0x29aa=0x00, 0x2aa2=0x00, 0x2aa8=0x87, 0x2aa9=0x00], [0x2aaa=0x00],
09-26 11:44:54.578     0     0 W [    C0] gen7_err_callback: 622 callbacks suppressed
09-26 11:44:54.578     0     0 F         : [    C0] kgsl kgsl-3d0: CP: AHB bus error, CP_RL_ERROR_DETAILS_0:0x10008e07 CP_RL_ERROR_DETAILS_1:0x12144
09-26 11:44:54.579     0     0 F         : [    C1] kgsl kgsl-3d0: CP: AHB bus error, CP_RL_ERROR_DETAILS_0:0x10008e07 CP_RL_ERROR_DETAILS_1:0x12144
09-26 11:44:54.579     0     0 F         : [    C1] kgsl kgsl-3d0: CP: AHB bus error, CP_RL_ERROR_DETAILS_0:0x10008e07 CP_RL_ERROR_DETAILS_1:0x12144
09-26 11:44:54.580     0     0 F         : [    C1] kgsl kgsl-3d0: CP: AHB bus error, CP_RL_ERROR_DETAILS_0:0x10008e07 CP_RL_ERROR_DETAILS_1:0x12144
09-26 11:44:54.585     0     0 F         : [    C1] kgsl kgsl-3d0: CP: AHB bus error, CP_RL_ERROR_DETAILS_0:0x10008e07 CP_RL_ERROR_DETAILS_1:0x12144
09-26 11:44:54.592     0     0 F         : [    C1] kgsl kgsl-3d0: CP: AHB bus error, CP_RL_ERROR_DETAILS_0:0x10008e07 CP_RL_ERROR_DETAILS_1:0x12144
09-26 11:44:54.603     0     0 F         : [    C1] kgsl kgsl-3d0: CP: AHB bus error, CP_RL_ERROR_DETAILS_0:0x10008e07 CP_RL_ERROR_DETAILS_1:0x12144
09-26 11:44:54.603     0     0 F         : [    C1] kgsl kgsl-3d0: CP: AHB bus error, CP_RL_ERROR_DETAILS_0:0x10008e07 CP_RL_ERROR_DETAILS_1:0x12144
09-26 11:44:54.621     0     0 F         : [    C1] kgsl kgsl-3d0: CP: AHB bus error, CP_RL_ERROR_DETAILS_0:0x10008e07 CP_RL_ERROR_DETAILS_1:0x12144
09-26 11:44:54.629     0     0 F         : [    C1] kgsl kgsl-3d0: CP: AHB bus error, CP_RL_ERROR_DETAILS_0:0x10008e07 CP_RL_ERROR_DETAILS_1:0x12144
09-26 11:44:56.776  7805  7805 I         : [OFP][0][INFO][oplus_get_doze_disable_time:3679]oplus_get_doze_disable_time=0
09-26 11:44:56.776  7805  7805 W [drm] [msm-dsi-warn]: dsi_display_check_status,time_gap=-1867179094
09-26 11:44:58.596 17131 17131 I         : [INFO]: OPLUS_CHG[CHG_COMM]([oplus_comm_smooth_to_soc][3416]): soc[0 2 67 67 68 68] avg[0 1 0 0 0] fifo[68 68 68 68]
09-26 11:44:58.603 17565 17565 I         : [INFO]: OPLUS_CHG[TRACK]([oplus_chg_track_cal_no_charging_stats_new][6797]): chg_no_charging_cnt=51s, no_chg_time=124s, delta_time=5s
09-26 11:44:58.611 17565 17565 I OPLUS_CHG[oplus_charge_info]: BATTERY[336 335 3960 3960 2137 67 68 68 3584 5416 1 0x0 3930], CHARGE[4490 600 0 0], WIRED[1 450 4928 500 1 0x0 0 0 0 2 0], WIRELESS[0 0 0 0 0 0x0 0 0 0], VOOC[0 0 0 0 0x0], UFCS[0 0 0 0x0], COMMON[6 0 0 0x0 1 0 1 5416 100 0]
09-26 11:44:58.612 17565 17565 I         : [INFO]: OPLUS_CHG[ADSP]([oplus_chg_8350_reg_dump][7390]): sm8450_st_dump: [chg_en=1, suspend=0, pd_svooc=0], subtype=0x01],[oplus_UsbCommCapable=0, oplus_pd_svooc=0, typec_mode=0, cid_status=0x01, usb_in_status=1],[0x2606=0x83, 0x2607=0x19, 0x2608=0x0a, 0x2609=0x02], [0x260a=0x04, 0x260b=0x59, 0x260c=0x0a, 0x260d=0x18], [0x260e=0x0a, 0x260f=0x01, 0x2610=0x00, 0x2640=0x01], [0x2641=0x02, 0x2642=0x05, 0x2646=0x01, 0x2650=0x03], [0x2706=0x0a, 0x2707=0x0a, 0x2708=0x0a, 0x2709=0x0a], [0x270b=0xe2, 0x270c=0x48, 0x2710=0xc0, 0x280c=0x38], [0x2810=0x00, 0x2840=0x01, 0x287f=0x00, 0x2906=0x02], [0x2908=0x0f, 0x290a=0x11, 0x290b=0x01, 0x290c=0x01], [0x2910=0x11, 0x2944=0x80, 0x2950=0x02, 0x2951=0x01], [0x2952=0x0a, 0x2954=0x00, 0x2960=0xe0, 0x2b06=0x08], [0x2b07=0x00, 0x2b08=0x00, 0x2b09=0x63, 0x2b0a=0x39], [0x2b0b=0x29, 0x2b0c=0x00, 0x29a8=0x81, 0x29a9=0x83], [0x29aa=0x00, 0x2aa2=0x00, 0x2aa8=0x87, 0x2aa9=0x00], [0x2aaa=0x00],
09-26 11:44:59.316 18421 18421 E gsi soc : qcom,msm_gsi: gsi_stop_channel:3688 chan=1 busy try again
09-26 11:44:59.318 18421 18421 E gsi soc : qcom,msm_gsi: gsi_stop_channel:3688 chan=14 busy try again
09-26 11:44:59.580     0     0 W [    C0] gen7_err_callback: 627 callbacks suppressed
09-26 11:44:59.580     0     0 F         : [    C0] kgsl kgsl-3d0: CP: AHB bus error, CP_RL_ERROR_DETAILS_0:0x10008e07 CP_RL_ERROR_DETAILS_1:0x12144
09-26 11:44:59.590     0     0 F         : [    C0] kgsl kgsl-3d0: CP: AHB bus error, CP_RL_ERROR_DETAILS_0:0x10008e07 CP_RL_ERROR_DETAILS_1:0x12144
09-26 11:44:59.591     0     0 F         : [    C0] kgsl kgsl-3d0: CP: AHB bus error, CP_RL_ERROR_DETAILS_0:0x10008e07 CP_RL_ERROR_DETAILS_1:0x12144
09-26 11:44:59.592     0     0 F         : [    C0] kgsl kgsl-3d0: CP: AHB bus error, CP_RL_ERROR_DETAILS_0:0x10008e07 CP_RL_ERROR_DETAILS_1:0x12144
09-26 11:44:59.600     0     0 F         : [    C0] kgsl kgsl-3d0: CP: AHB bus error, CP_RL_ERROR_DETAILS_0:0x10008e07 CP_RL_ERROR_DETAILS_1:0x12144
09-26 11:44:59.610     0     0 F         : [    C0] kgsl kgsl-3d0: CP: AHB bus error, CP_RL_ERROR_DETAILS_0:0x10008e07 CP_RL_ERROR_DETAILS_1:0x12144
09-26 11:44:59.611     0     0 F         : [    C0] kgsl kgsl-3d0: CP: AHB bus error, CP_RL_ERROR_DETAILS_0:0x10008e07 CP_RL_ERROR_DETAILS_1:0x12144
09-26 11:44:59.619     0     0 F         : [    C0] kgsl kgsl-3d0: CP: AHB bus error, CP_RL_ERROR_DETAILS_0:0x10008e07 CP_RL_ERROR_DETAILS_1:0x12144
09-26 11:44:59.626     0     0 F         : [    C0] kgsl kgsl-3d0: CP: AHB bus error, CP_RL_ERROR_DETAILS_0:0x10008e07 CP_RL_ERROR_DETAILS_1:0x12144
09-26 11:44:59.637     0     0 F         : [    C0] kgsl kgsl-3d0: CP: AHB bus error, CP_RL_ERROR_DETAILS_0:0x10008e07 CP_RL_ERROR_DETAILS_1:0x12144
09-26 11:45:01.896 17565 17565 I         : [OFP][0][INFO][oplus_get_doze_disable_time:3679]oplus_get_doze_disable_time=0
09-26 11:45:01.896 17565 17565 W [drm] [msm-dsi-warn]: dsi_display_check_status,time_gap=-1862059104
09-26 11:45:02.920 18787 18787 E iostack : irqs = 19476118, self-block = 0
09-26 11:45:03.215   867   867 I servicemanager: Caller(pid=21665,uid=2000,sid=u:r:shell:s0) Found android.hardware.graphics.allocator.IAllocator/default in device VINTF manifest.
09-26 11:45:03.246   867   867 I servicemanager: Caller(pid=21665,uid=2000,sid=u:r:shell:s0) Found android.hardware.graphics.allocator.IAllocator/default in device VINTF manifest.
09-26 11:45:03.720 17618 17618 I         : [INFO]: OPLUS_CHG[CHG_COMM]([oplus_comm_smooth_to_soc][3416]): soc[0 2 67 67 68 68] avg[1 1 0 0 0] fifo[68 68 68 68]
09-26 11:45:03.727 17616 17616 I         : [INFO]: OPLUS_CHG[TRACK]([oplus_chg_track_cal_no_charging_stats_new][6797]): chg_no_charging_cnt=56s, no_chg_time=129s, delta_time=5s
09-26 11:45:03.736 17616 17616 I OPLUS_CHG[oplus_charge_info]: BATTERY[337 336 3970 3970 1821 67 68 68 3581 5416 1 0x0 3927], CHARGE[4490 600 0 0], WIRED[1 453 4929 500 1 0x0 0 0 0 2 0], WIRELESS[0 0 0 0 0 0x0 0 0 0], VOOC[0 0 0 0 0x0], UFCS[0 0 0 0x0], COMMON[6 0 0 0x0 1 0 1 5416 100 0]
09-26 11:45:03.738 17616 17616 I         : [INFO]: OPLUS_CHG[ADSP]([oplus_chg_8350_reg_dump][7390]): sm8450_st_dump: [chg_en=1, suspend=0, pd_svooc=0], subtype=0x01],[oplus_UsbCommCapable=0, oplus_pd_svooc=0, typec_mode=0, cid_status=0x01, usb_in_status=1],[0x2606=0x83, 0x2607=0x19, 0x2608=0x0a, 0x2609=0x02], [0x260a=0x04, 0x260b=0x59, 0x260c=0x0a, 0x260d=0x18], [0x260e=0x0a, 0x260f=0x01, 0x2610=0x00, 0x2640=0x01], [0x2641=0x02, 0x2642=0x05, 0x2646=0x01, 0x2650=0x03], [0x2706=0x0a, 0x2707=0x0a, 0x2708=0x0a, 0x2709=0x0a], [0x270b=0xe2, 0x270c=0x48, 0x2710=0xc0, 0x280c=0x38], [0x2810=0x00, 0x2840=0x01, 0x287f=0x00, 0x2906=0x02], [0x2908=0x0f, 0x290a=0x11, 0x290b=0x01, 0x290c=0x01], [0x2910=0x11, 0x2944=0x80, 0x2950=0x02, 0x2951=0x01], [0x2952=0x0a, 0x2954=0x00, 0x2960=0xe0, 0x2b06=0x08], [0x2b07=0x00, 0x2b08=0x00, 0x2b09=0x63, 0x2b0a=0x39], [0x2b0b=0x29, 0x2b0c=0x00, 0x29a8=0x81, 0x29a9=0x83], [0x29aa=0x00, 0x2aa2=0x00, 0x2aa8=0x87, 0x2aa9=0x00], [0x2aaa=0x00],
09-26 11:45:04.586     0     0 W [    C0] gen7_err_callback: 816 callbacks suppressed
09-26 11:45:04.586     0     0 F         : [    C0] kgsl kgsl-3d0: CP: AHB bus error, CP_RL_ERROR_DETAILS_0:0x10008e07 CP_RL_ERROR_DETAILS_1:0x12144
09-26 11:45:04.591     0     0 F         : [    C0] kgsl kgsl-3d0: CP: AHB bus error, CP_RL_ERROR_DETAILS_0:0x10008e07 CP_RL_ERROR_DETAILS_1:0x12144
09-26 11:45:04.601     0     0 F         : [    C0] kgsl kgsl-3d0: CP: AHB bus error, CP_RL_ERROR_DETAILS_0:0x10008e07 CP_RL_ERROR_DETAILS_1:0x12144
09-26 11:45:04.602     0     0 F         : [    C0] kgsl kgsl-3d0: CP: AHB bus error, CP_RL_ERROR_DETAILS_0:0x10008e07 CP_RL_ERROR_DETAILS_1:0x12144
09-26 11:45:04.604     0     0 F         : [    C0] kgsl kgsl-3d0: CP: AHB bus error, CP_RL_ERROR_DETAILS_0:0x10008e07 CP_RL_ERROR_DETAILS_1:0x12144
09-26 11:45:04.614     0     0 F         : [    C0] kgsl kgsl-3d0: CP: AHB bus error, CP_RL_ERROR_DETAILS_0:0x10008e07 CP_RL_ERROR_DETAILS_1:0x12144
09-26 11:45:04.624     0     0 F         : [    C0] kgsl kgsl-3d0: CP: AHB bus error, CP_RL_ERROR_DETAILS_0:0x10008e07 CP_RL_ERROR_DETAILS_1:0x12144
09-26 11:45:04.624     0     0 F         : [    C0] kgsl kgsl-3d0: CP: AHB bus error, CP_RL_ERROR_DETAILS_0:0x10008e07 CP_RL_ERROR_DETAILS_1:0x12144
09-26 11:45:04.627     0     0 F         : [    C0] kgsl kgsl-3d0: CP: AHB bus error, CP_RL_ERROR_DETAILS_0:0x10008e07 CP_RL_ERROR_DETAILS_1:0x12144
09-26 11:45:04.636     0     0 F         : [    C0] kgsl kgsl-3d0: CP: AHB bus error, CP_RL_ERROR_DETAILS_0:0x10008e07 CP_RL_ERROR_DETAILS_1:0x12144
09-26 11:45:07.016 17565 17565 I         : [OFP][0][INFO][oplus_get_doze_disable_time:3679]oplus_get_doze_disable_time=0
09-26 11:45:07.016 17565 17565 W [drm] [msm-dsi-warn]: dsi_display_check_status,time_gap=-1856939137
09-26 11:45:08.834 20950 20950 I         : [INFO]: OPLUS_CHG[CHG_COMM]([oplus_comm_smooth_to_soc][3416]): soc[0 2 67 67 68 68] avg[2 1 0 0 0] fifo[68 68 68 68]
09-26 11:45:08.841 17151 17151 I         : [INFO]: OPLUS_CHG[TRACK]([oplus_chg_track_cal_no_charging_stats_new][6797]): chg_no_charging_cnt=62s, no_chg_time=135s, delta_time=6s
09-26 11:45:08.841 17151 17151 I         : [INFO]: OPLUS_CHG[TRACK]([oplus_chg_track_cal_no_charging_stats_new][6800]): first upload log
09-26 11:45:08.841 17151 17151 I         : [INFO]: OPLUS_CHG[OLC]([chg_exception_report][332]): reason: UploadNoChgLog, receive type:8, flag:102,for olc type
09-26 11:45:08.841 17151 17151 I         : [INFO]: OPLUS_CHG[OLC]([oplus_chg_olc_get_excep_reason][317]): excep_value = 1793, diff = 1
09-26 11:45:08.841 17151 17151 E [ERROR] : OPLUS_CHG[OLC]([chg_exception_report][342]): not allow upload olc type
09-26 11:45:08.848 17151 17151 I OPLUS_CHG[oplus_charge_info]: BATTERY[337 337 3959 3959 2099 67 68 68 3578 5416 1 0x0 3925], CHARGE[4490 600 0 0], WIRED[1 453 4926 500 1 0x0 0 0 0 2 0], WIRELESS[0 0 0 0 0 0x0 0 0 0], VOOC[0 0 0 0 0x0], UFCS[0 0 0 0x0], COMMON[6 0 0 0x0 1 0 1 5416 100 0]
09-26 11:45:08.850 17151 17151 I         : [INFO]: OPLUS_CHG[ADSP]([oplus_chg_8350_reg_dump][7390]): sm8450_st_dump: [chg_en=1, suspend=0, pd_svooc=0], subtype=0x01],[oplus_UsbCommCapable=0, oplus_pd_svooc=0, typec_mode=0, cid_status=0x01, usb_in_status=1],[0x2606=0x83, 0x2607=0x19, 0x2608=0x0a, 0x2609=0x02], [0x260a=0x04, 0x260b=0x59, 0x260c=0x0a, 0x260d=0x18], [0x260e=0x0a, 0x260f=0x01, 0x2610=0x00, 0x2640=0x01], [0x2641=0x02, 0x2642=0x05, 0x2646=0x01, 0x2650=0x03], [0x2706=0x0a, 0x2707=0x0a, 0x2708=0x0a, 0x2709=0x0a], [0x270b=0xe2, 0x270c=0x48, 0x2710=0xc0, 0x280c=0x38], [0x2810=0x00, 0x2840=0x01, 0x287f=0x00, 0x2906=0x02], [0x2908=0x0f, 0x290a=0x11, 0x290b=0x01, 0x290c=0x01], [0x2910=0x11, 0x2944=0x80, 0x2950=0x02, 0x2951=0x01], [0x2952=0x0a, 0x2954=0x00, 0x2960=0xe0, 0x2b06=0x08], [0x2b07=0x00, 0x2b08=0x00, 0x2b09=0x63, 0x2b0a=0x39], [0x2b0b=0x29, 0x2b0c=0x00, 0x29a8=0x81, 0x29a9=0x83], [0x29aa=0x00, 0x2aa2=0x00, 0x2aa8=0x87, 0x2aa9=0x00], [0x2aaa=0x00],
09-26 11:45:09.596     0     0 W [    C0] gen7_err_callback: 651 callbacks suppressed
09-26 11:45:09.596     0     0 F         : [    C0] kgsl kgsl-3d0: CP: AHB bus error, CP_RL_ERROR_DETAILS_0:0x10008e07 CP_RL_ERROR_DETAILS_1:0x12144
09-26 11:45:09.596     0     0 F         : [    C0] kgsl kgsl-3d0: CP: AHB bus error, CP_RL_ERROR_DETAILS_0:0x10008e07 CP_RL_ERROR_DETAILS_1:0x12144
09-26 11:45:09.598     0     0 F         : [    C0] kgsl kgsl-3d0: CP: AHB bus error, CP_RL_ERROR_DETAILS_0:0x10008e07 CP_RL_ERROR_DETAILS_1:0x12144
09-26 11:45:09.604     0     0 F         : [    C0] kgsl kgsl-3d0: CP: AHB bus error, CP_RL_ERROR_DETAILS_0:0x10008e07 CP_RL_ERROR_DETAILS_1:0x12144
09-26 11:45:09.629     0     0 F         : [    C0] kgsl kgsl-3d0: CP: AHB bus error, CP_RL_ERROR_DETAILS_0:0x10008e07 CP_RL_ERROR_DETAILS_1:0x12144
09-26 11:45:09.630     0     0 F         : [    C0] kgsl kgsl-3d0: CP: AHB bus error, CP_RL_ERROR_DETAILS_0:0x10008e07 CP_RL_ERROR_DETAILS_1:0x12144
09-26 11:45:09.634     0     0 F         : [    C0] kgsl kgsl-3d0: CP: AHB bus error, CP_RL_ERROR_DETAILS_0:0x10008e07 CP_RL_ERROR_DETAILS_1:0x12144
09-26 11:45:09.642     0     0 F         : [    C0] kgsl kgsl-3d0: CP: AHB bus error, CP_RL_ERROR_DETAILS_0:0x10008e07 CP_RL_ERROR_DETAILS_1:0x12144
09-26 11:45:09.653     0     0 F         : [    C0] kgsl kgsl-3d0: CP: AHB bus error, CP_RL_ERROR_DETAILS_0:0x10008e07 CP_RL_ERROR_DETAILS_1:0x12144
09-26 11:45:09.653     0     0 F         : [    C0] kgsl kgsl-3d0: CP: AHB bus error, CP_RL_ERROR_DETAILS_0:0x10008e07 CP_RL_ERROR_DETAILS_1:0x12144
09-26 11:45:10.659   950   950 I logd    : logdr: UID=2000 GID=2000 PID=21723 n tail=0 logMask=99 pid=14961 start=0ns deadline=0ns
09-26 11:45:12.137 17565 17565 I         : [OFP][0][INFO][oplus_get_doze_disable_time:3679]oplus_get_doze_disable_time=0
09-26 11:45:12.137 17565 17565 W [drm] [msm-dsi-warn]: dsi_display_check_status,time_gap=-1851817875
09-26 11:45:13.164 18787 18787 E iostack : irqs = 19491371, self-block = 0
09-26 11:45:13.215   950   950 I logd    : logdr: UID=2000 GID=2000 PID=21763 n tail=0 logMask=10 pid=0 start=0ns deadline=0ns
09-26 11:45:13.263   950   950 I logd    : logdr: UID=2000 GID=2000 PID=21766 n tail=5000 logMask=9 pid=0 start=0ns deadline=0ns
09-26 11:45:13.390   950   950 I logd    : logdr: UID=2000 GID=2000 PID=21769 n tail=2000 logMask=4 pid=0 start=0ns deadline=0ns
