[*] Collecting from d30a1726 -> /home/abhaybyte/repos/samba-s3/docs/benchmarks/evidence-e00-baseline-pin
[*] Files:
 
activity-state.txt 37K
battery.txt 743
cache-ls.txt 738
cache-RPCSX.log 2.1M
cache-RPCSX.old.log 3.0K
cache-TTY.log 12K
dropbox.txt 0
exit-info.txt 5.7K
get-samba-logs.out 116
input-state.txt 49K
logcat-crash.log 0
logcat-events.log 210K
logcat-kernel.log 73K
logcat-process.log 111K
logcat-sambas3.txt 18K
logcat-tail.log 695K
logs-ls.txt 310
manifest.txt 282
meminfo.txt 3.5K
process-maps.txt 55
proc-meminfo.txt 1.3K
pstore.txt 4
rpcsx_app.log 3.2M
rpcsx_backend.log 12M
rpcsx_vulkan.log 1.1K
surfaceflinger.txt 83K
thermal.txt 8.9K
threads-names.txt 2.6K
threads-top.txt 13K
tombstone-anr-ls.txt 300
window-state.txt 59K

--- Current core log: sync, GPU, crash, and boot evidence (not stale app rotations) ---
/home/abhaybyte/repos/samba-s3/docs/benchmarks/evidence-e00-baseline-pin/cache-RPCSX.log:1335:·! 0:00:02.476969 {TID: 500306064064} RSX: Vulkan: Renderer initialized on device 'Turnip Adreno (TM) 750'
/home/abhaybyte/repos/samba-s3/docs/benchmarks/evidence-e00-baseline-pin/cache-RPCSX.log:20522:·! 0:00:42.546091 {RSX [0x0150280]} RSX: S3VKSYNC domain=host backend=gpu_label reason=android gpu=Turnip Adreno (TM) 750 driver=turnip Mesa driver driver_vendor=0

--- Backend FATAL/Access violation (backend + rotated, last 30) ---
(none)

--- Frontend/JNI errors (app log + rotated, last 20) ---
4505:[09-17 18:21:34.403] I/S3EXIT: event=requested sessionId=1789649052362-2bad7cba activityInstanceId=1 stopRequestId=1 stopReason=InGameExit finishReason=ExplicitExit activeGame=direct_iso/BCUS98125 nativeState=reading journalState=RUNNING pendingRecovery=none fatalEventId=none timestamp=1789649494402
4510:[09-17 18:21:34.408] I/S3EXIT: event=STOPPING sessionId=1789649052362-2bad7cba activityInstanceId=1 stopRequestId=1 stopReason=InGameExit finishReason=ExplicitExit activeGame=direct_iso/BCUS98125 nativeState=Paused journalState=STOPPING pendingRecovery=none fatalEventId=none timestamp=1789649494408
4524:[09-17 18:21:35.431] I/S3EXIT: event=native-Stopped sessionId=1789649052362-2bad7cba activityInstanceId=1 stopRequestId=1 stopReason=InGameExit finishReason=ExplicitExit activeGame=direct_iso/BCUS98125 nativeState=Stopped journalState=STOPPING pendingRecovery=none fatalEventId=none timestamp=1789649495431
4527:[09-17 18:21:35.501] I/S3EXIT: event=CLEAN_STOP sessionId=1789649052362-2bad7cba activityInstanceId=1 stopRequestId=1 stopReason=InGameExit finishReason=ExplicitExit activeGame=direct_iso/BCUS98125 nativeState=Stopped journalState=CLEAN_STOP pendingRecovery=none fatalEventId=none timestamp=1789649495501
4528:[09-17 18:21:35.502] I/S3EXIT: event=activeGame-null sessionId=1789649052362-2bad7cba activityInstanceId=1 stopRequestId=1 stopReason=InGameExit finishReason=ExplicitExit activeGame=null nativeState=Stopped journalState=CLEAN_STOP pendingRecovery=none fatalEventId=none timestamp=1789649495502
4531:[09-17 18:21:35.502] I/S3EXIT: event=finish-external-stop sessionId=1789649052362-2bad7cba activityInstanceId=1 stopRequestId=1 stopReason=InGameExit finishReason=ExplicitExit activeGame=null nativeState=Stopped journalState=CLEAN_STOP pendingRecovery=none fatalEventId=none timestamp=1789649495502
4547:[09-17 18:21:36.080] I/S3EXIT: event=host-unregistered sessionId=1789649052362-2bad7cba activityInstanceId=1 stopRequestId=1 stopReason=InGameExit finishReason=ExplicitExit activeGame=null nativeState=Stopped journalState=CLEAN_STOP pendingRecovery=none fatalEventId=none timestamp=1789649496080
29059:[09-23 19:47:42.575] I/S3EXIT: event=requested sessionId=1790172723487-88bfe318 activityInstanceId=1 stopRequestId=1 stopReason=InGameExit finishReason=ExplicitExit activeGame=direct_iso/BCUS98111 nativeState=reading journalState=RUNNING pendingRecovery=none fatalEventId=none timestamp=1790173062575
29064:[09-23 19:47:42.582] I/S3EXIT: event=STOPPING sessionId=1790172723487-88bfe318 activityInstanceId=1 stopRequestId=1 stopReason=InGameExit finishReason=ExplicitExit activeGame=direct_iso/BCUS98111 nativeState=Paused journalState=STOPPING pendingRecovery=none fatalEventId=none timestamp=1790173062582
29102:[09-23 19:47:45.413] I/S3EXIT: event=native-Stopped sessionId=1790172723487-88bfe318 activityInstanceId=1 stopRequestId=1 stopReason=InGameExit finishReason=ExplicitExit activeGame=direct_iso/BCUS98111 nativeState=Stopped journalState=STOPPING pendingRecovery=none fatalEventId=none timestamp=1790173065413
29105:[09-23 19:47:45.488] I/S3EXIT: event=CLEAN_STOP sessionId=1790172723487-88bfe318 activityInstanceId=1 stopRequestId=1 stopReason=InGameExit finishReason=ExplicitExit activeGame=direct_iso/BCUS98111 nativeState=Stopped journalState=CLEAN_STOP pendingRecovery=none fatalEventId=none timestamp=1790173065488
29106:[09-23 19:47:45.489] I/S3EXIT: event=activeGame-null sessionId=1790172723487-88bfe318 activityInstanceId=1 stopRequestId=1 stopReason=InGameExit finishReason=ExplicitExit activeGame=null nativeState=Stopped journalState=CLEAN_STOP pendingRecovery=none fatalEventId=none timestamp=1790173065489
29109:[09-23 19:47:45.489] I/S3EXIT: event=finish-external-stop sessionId=1790172723487-88bfe318 activityInstanceId=1 stopRequestId=1 stopReason=InGameExit finishReason=ExplicitExit activeGame=null nativeState=Stopped journalState=CLEAN_STOP pendingRecovery=none fatalEventId=none timestamp=1790173065489
29124:[09-23 19:47:46.140] I/S3EXIT: event=host-unregistered sessionId=1790172723487-88bfe318 activityInstanceId=1 stopRequestId=1 stopReason=InGameExit finishReason=ExplicitExit activeGame=null nativeState=Stopped journalState=CLEAN_STOP pendingRecovery=none fatalEventId=none timestamp=1790173066140
33691:[09-24 23:26:28.529] I/S3EXIT: event=requested sessionId=1790272444569-3b3299e6 activityInstanceId=2 stopRequestId=1 stopReason=InGameExit finishReason=ExplicitExit activeGame=direct_iso/BCUS98111 nativeState=reading journalState=RUNNING pendingRecovery=none fatalEventId=none timestamp=1790272588529
33696:[09-24 23:26:28.541] I/S3EXIT: event=STOPPING sessionId=1790272444569-3b3299e6 activityInstanceId=2 stopRequestId=1 stopReason=InGameExit finishReason=ExplicitExit activeGame=direct_iso/BCUS98111 nativeState=Paused journalState=STOPPING pendingRecovery=none fatalEventId=none timestamp=1790272588541

--- Vulkan errors (vulkan + rotated, last 30) ---
(none)

--- RSX sleepy (last 20) ---
(none)

--- Crash buffer (last 20) ---
(empty crash buffer)

--- Exit-info summary ---
          process=com.zenithblue.sambas3 reason=10 (USER REQUESTED) subreason=22 (REMOVE TASK) status=0
          importance=400 pss=0.00 rss=170MB description=remove task state=empty trace=null
        ApplicationExitInfo #1:
          timestamp=2026-09-24 23:26:31.481 pid=4475 realUid=10463 packageUid=10463 definingUid=10463 user=0
          process=com.zenithblue.sambas3 reason=2 (SIGNALED) subreason=0 (UNKNOWN) status=6
          importance=100 pss=0.00 rss=1.9GB description=null state=empty trace=null
        ApplicationExitInfo #2:
          timestamp=2026-09-24 23:24:02.592 pid=5586 realUid=10463 packageUid=10463 definingUid=10463 user=0
          process=com.zenithblue.sambas3:ppu_compile reason=2 (SIGNALED) subreason=0 (UNKNOWN) status=9
          importance=100 pss=0.00 rss=0.00 description=null state=empty trace=null
        ApplicationExitInfo #3:
          timestamp=2026-09-24 23:24:00.804 pid=5477 realUid=10463 packageUid=10463 definingUid=10463 user=0
          process=com.zenithblue.sambas3:ppu_compile reason=2 (SIGNALED) subreason=0 (UNKNOWN) status=9
          importance=100 pss=0.00 rss=0.00 description=null state=empty trace=null
        ApplicationExitInfo #4:
          timestamp=2026-09-24 23:23:09.090 pid=32654 realUid=10463 packageUid=10463 definingUid=10463 user=0
          process=com.zenithblue.sambas3 reason=2 (SIGNALED) subreason=0 (UNKNOWN) status=9
          importance=100 pss=0.00 rss=3.2GB description=null state=empty trace=null
        ApplicationExitInfo #5:
          timestamp=2026-09-24 23:20:01.801 pid=791 realUid=10463 packageUid=10463 definingUid=10463 user=0
          process=com.zenithblue.sambas3:ppu_compile reason=2 (SIGNALED) subreason=0 (UNKNOWN) status=9
          importance=100 pss=0.00 rss=0.00 description=null state=empty trace=null
        ApplicationExitInfo #6:
          timestamp=2026-09-24 23:20:00.103 pid=692 realUid=10463 packageUid=10463 definingUid=10463 user=0
          process=com.zenithblue.sambas3:ppu_compile reason=2 (SIGNALED) subreason=0 (UNKNOWN) status=9
          importance=100 pss=0.00 rss=0.00 description=null state=empty trace=null
        ApplicationExitInfo #7:
          timestamp=2026-09-24 23:18:51.746 pid=12741 realUid=10463 packageUid=10463 definingUid=10463 user=0
          process=com.zenithblue.sambas3 reason=16 (PACKAGE UPDATED) subreason=0 (UNKNOWN) status=0
          importance=400 pss=0.00 rss=161MB description=stop com.zenithblue.sambas3 due to installPackageLI state=empty trace=null
        ApplicationExitInfo #8:
          timestamp=2026-09-24 22:16:25.609 pid=5454 realUid=10463 packageUid=10463 definingUid=10463 user=0
          process=com.zenithblue.sambas3 reason=10 (USER REQUESTED) subreason=21 (FORCE STOP) status=0
          importance=400 pss=0.00 rss=4.4GB description=stop com.zenithblue.sambas3 due to from pid 12700 state=empty trace=null
        ApplicationExitInfo #9:
          timestamp=2026-09-24 22:00:39.286 pid=28329 realUid=10463 packageUid=10463 definingUid=10463 user=0
          process=com.zenithblue.sambas3 reason=10 (USER REQUESTED) subreason=22 (REMOVE TASK) status=0
          importance=400 pss=0.00 rss=2.8GB description=remove task state=empty trace=null
        ApplicationExitInfo #10:
          timestamp=2026-09-24 21:00:14.536 pid=26771 realUid=10463 packageUid=10463 definingUid=10463 user=0

[*] Done: /home/abhaybyte/repos/samba-s3/docs/benchmarks/evidence-e00-baseline-pin
