--------- beginning of kernel
09-25 08:17:34.277  1097  1097 I [   info] ts_panel_notifier_callback: shashank:Received fps change old fps:60 new fps:120
09-25 08:17:34.285  1097  1097 E         : [LCD][0][ERR][oplus_panel_switch_vid_mode:475] oplus_panel_switch_vid_mode not support
09-25 08:17:34.285  1097  1097 I [drm:dsi_display_set_mode [msm_drm]] [msm-dsi-info]: mdp_transfer_time=6290, hactive=1264, vactive=2780, fps=120, h_skew=0, clk_rate=1012000000, h_sync_width=2,				h_front_porch26, h_back_porch=26, v_back_porch=42, v_sync_width=2, v_front_porch=58
09-25 08:17:34.285  1097  1097 I [ADFR][0][INFO][oplus_adfr_fakeframe_status_update:2140]h_active: 1264,refresh_rate:120,h_skew:0,sw_fps:0,fakeframe:0
09-25 08:17:34.289  1097  1097 I         : [LCD][0][INFO][oplus_panel_cmd_print:120] [A0020] dsi_cmd: qcom,mdss-dsi-timing-switch-command, count=8
09-25 08:17:34.289  1097  1097 I [ADFR][0][INFO][oplus_adfr_fakeframe_status_update:2140]h_active: 1264,refresh_rate:120,h_skew:0,sw_fps:0,fakeframe:1
09-25 08:17:34.289  1097  1097 I         : [ADFR][0][INFO][oplus_adfr_status_reset:1851]sa status reset: auto_mode:0,fakeframe:1,sa_min_fps:120
09-25 08:17:34.308  1097  1097 I [   info] ts_panel_notifier_callback: Notification type:4, early_trigger:0
09-25 08:17:34.308  1097  1097 I [   info] ts_panel_notifier_callback: shashank:Received fps change old fps:60 new fps:120
09-25 08:17:34.387  1097  1097 I [   info] ts_panel_notifier_callback: Notification type:4, early_trigger:1
09-25 08:17:34.387  1097  1097 I [   info] ts_panel_notifier_callback: shashank:Received fps change old fps:120 new fps:60
09-25 08:17:34.390  1097  1097 E         : [LCD][0][ERR][oplus_panel_switch_vid_mode:475] oplus_panel_switch_vid_mode not support
09-25 08:17:34.390  1097  1097 I [drm:dsi_display_set_mode [msm_drm]] [msm-dsi-info]: mdp_transfer_time=6290, hactive=1264, vactive=2780, fps=60, h_skew=1, clk_rate=1012000000, h_sync_width=2,				h_front_porch26, h_back_porch=26, v_back_porch=42, v_sync_width=2, v_front_porch=58
09-25 08:17:34.391  1097  1097 I [ADFR][0][INFO][oplus_adfr_fakeframe_status_update:2140]h_active: 1264,refresh_rate:60,h_skew:1,sw_fps:0,fakeframe:0
09-25 08:17:34.393  1097  1097 I         : [LCD][0][INFO][oplus_panel_cmd_print:120] [A0020] dsi_cmd: qcom,mdss-dsi-timing-switch-command, count=8
09-25 08:17:34.393  1097  1097 I [ADFR][0][INFO][oplus_adfr_fakeframe_status_update:2140]h_active: 1264,refresh_rate:60,h_skew:1,sw_fps:0,fakeframe:0
09-25 08:17:34.393  1097  1097 I         : [ADFR][0][INFO][oplus_adfr_status_reset:1851]sa status reset: auto_mode:0,fakeframe:0,sa_min_fps:60
09-25 08:17:34.410  1097  1097 I [   info] ts_panel_notifier_callback: Notification type:4, early_trigger:0
09-25 08:17:34.410  1097  1097 I [   info] ts_panel_notifier_callback: shashank:Received fps change old fps:120 new fps:60
09-25 08:17:34.512  1097  1097 I [   info] ts_panel_notifier_callback: Notification type:4, early_trigger:1
09-25 08:17:34.512  1097  1097 I [   info] ts_panel_notifier_callback: shashank:Received fps change old fps:60 new fps:120
09-25 08:17:34.516  1097  1097 E         : [LCD][0][ERR][oplus_panel_switch_vid_mode:475] oplus_panel_switch_vid_mode not support
09-25 08:17:34.516  1097  1097 I [drm:dsi_display_set_mode [msm_drm]] [msm-dsi-info]: mdp_transfer_time=6290, hactive=1264, vactive=2780, fps=120, h_skew=0, clk_rate=1012000000, h_sync_width=2,				h_front_porch26, h_back_porch=26, v_back_porch=42, v_sync_width=2, v_front_porch=58
09-25 08:17:34.517  1097  1097 I [ADFR][0][INFO][oplus_adfr_fakeframe_status_update:2140]h_active: 1264,refresh_rate:120,h_skew:0,sw_fps:0,fakeframe:0
09-25 08:17:34.522  1097  1097 I         : [LCD][0][INFO][oplus_panel_cmd_print:120] [A0020] dsi_cmd: qcom,mdss-dsi-timing-switch-command, count=8
09-25 08:17:34.522  1097  1097 I [ADFR][0][INFO][oplus_adfr_fakeframe_status_update:2140]h_active: 1264,refresh_rate:120,h_skew:0,sw_fps:0,fakeframe:1
09-25 08:17:34.522  1097  1097 I         : [ADFR][0][INFO][oplus_adfr_status_reset:1851]sa status reset: auto_mode:0,fakeframe:1,sa_min_fps:120
09-25 08:17:34.541  1097  1097 I [   info] ts_panel_notifier_callback: Notification type:4, early_trigger:0
09-25 08:17:34.541  1097  1097 I [   info] ts_panel_notifier_callback: shashank:Received fps change old fps:60 new fps:120
09-25 08:17:34.654  1097  1097 I [   info] ts_panel_notifier_callback: Notification type:4, early_trigger:1
09-25 08:17:34.654  1097  1097 I [   info] ts_panel_notifier_callback: shashank:Received fps change old fps:120 new fps:60
09-25 08:17:34.658  1097  1097 E         : [LCD][0][ERR][oplus_panel_switch_vid_mode:475] oplus_panel_switch_vid_mode not support
09-25 08:17:34.658  1097  1097 I [drm:dsi_display_set_mode [msm_drm]] [msm-dsi-info]: mdp_transfer_time=6290, hactive=1264, vactive=2780, fps=60, h_skew=1, clk_rate=1012000000, h_sync_width=2,				h_front_porch26, h_back_porch=26, v_back_porch=42, v_sync_width=2, v_front_porch=58
09-25 08:17:34.659  1097  1097 I [ADFR][0][INFO][oplus_adfr_fakeframe_status_update:2140]h_active: 1264,refresh_rate:60,h_skew:1,sw_fps:0,fakeframe:0
09-25 08:17:34.668  1097  1097 I         : [LCD][0][INFO][oplus_panel_cmd_print:120] [A0020] dsi_cmd: qcom,mdss-dsi-timing-switch-command, count=8
09-25 08:17:34.668  1097  1097 I [ADFR][0][INFO][oplus_adfr_fakeframe_status_update:2140]h_active: 1264,refresh_rate:60,h_skew:1,sw_fps:0,fakeframe:0
09-25 08:17:34.668  1097  1097 I         : [ADFR][0][INFO][oplus_adfr_status_reset:1851]sa status reset: auto_mode:0,fakeframe:0,sa_min_fps:60
09-25 08:17:34.685  1097  1097 I [   info] ts_panel_notifier_callback: Notification type:4, early_trigger:0
09-25 08:17:34.685  1097  1097 I [   info] ts_panel_notifier_callback: shashank:Received fps change old fps:120 new fps:60
09-25 08:17:34.717  1097  1097 I [   info] ts_panel_notifier_callback: Notification type:4, early_trigger:1
09-25 08:17:34.717  1097  1097 I [   info] ts_panel_notifier_callback: shashank:Received fps change old fps:60 new fps:120
09-25 08:17:34.726  1097  1097 E         : [LCD][0][ERR][oplus_panel_switch_vid_mode:475] oplus_panel_switch_vid_mode not support
09-25 08:17:34.726  1097  1097 I [drm:dsi_display_set_mode [msm_drm]] [msm-dsi-info]: mdp_transfer_time=6290, hactive=1264, vactive=2780, fps=120, h_skew=0, clk_rate=1012000000, h_sync_width=2,				h_front_porch26, h_back_porch=26, v_back_porch=42, v_sync_width=2, v_front_porch=58
09-25 08:17:34.728  1097  1097 I [ADFR][0][INFO][oplus_adfr_fakeframe_status_update:2140]h_active: 1264,refresh_rate:120,h_skew:0,sw_fps:0,fakeframe:0
09-25 08:17:34.730  1097  1097 I         : [LCD][0][INFO][oplus_panel_cmd_print:120] [A0020] dsi_cmd: qcom,mdss-dsi-timing-switch-command, count=8
09-25 08:17:34.730  1097  1097 I [ADFR][0][INFO][oplus_adfr_fakeframe_status_update:2140]h_active: 1264,refresh_rate:120,h_skew:0,sw_fps:0,fakeframe:1
09-25 08:17:34.730  1097  1097 I         : [ADFR][0][INFO][oplus_adfr_status_reset:1851]sa status reset: auto_mode:0,fakeframe:1,sa_min_fps:120
09-25 08:17:34.749  1097  1097 I [   info] ts_panel_notifier_callback: Notification type:4, early_trigger:0
09-25 08:17:34.749  1097  1097 I [   info] ts_panel_notifier_callback: shashank:Received fps change old fps:60 new fps:120
09-25 08:17:34.794  1097  1097 I [   info] ts_panel_notifier_callback: Notification type:4, early_trigger:1
09-25 08:17:34.794  1097  1097 I [   info] ts_panel_notifier_callback: shashank:Received fps change old fps:120 new fps:60
09-25 08:17:34.795  1097  1097 E         : [LCD][0][ERR][oplus_panel_switch_vid_mode:475] oplus_panel_switch_vid_mode not support
09-25 08:17:34.795  1097  1097 I [drm:dsi_display_set_mode [msm_drm]] [msm-dsi-info]: mdp_transfer_time=6290, hactive=1264, vactive=2780, fps=60, h_skew=1, clk_rate=1012000000, h_sync_width=2,				h_front_porch26, h_back_porch=26, v_back_porch=42, v_sync_width=2, v_front_porch=58
09-25 08:17:34.796  1097  1097 I [ADFR][0][INFO][oplus_adfr_fakeframe_status_update:2140]h_active: 1264,refresh_rate:60,h_skew:1,sw_fps:0,fakeframe:0
09-25 08:17:34.801  1097  1097 I         : [LCD][0][INFO][oplus_panel_cmd_print:120] [A0020] dsi_cmd: qcom,mdss-dsi-timing-switch-command, count=8
09-25 08:17:34.801  1097  1097 I [ADFR][0][INFO][oplus_adfr_fakeframe_status_update:2140]h_active: 1264,refresh_rate:60,h_skew:1,sw_fps:0,fakeframe:0
09-25 08:17:34.801  1097  1097 I         : [ADFR][0][INFO][oplus_adfr_status_reset:1851]sa status reset: auto_mode:0,fakeframe:0,sa_min_fps:60
09-25 08:17:34.818  1097  1097 I [   info] ts_panel_notifier_callback: Notification type:4, early_trigger:0
09-25 08:17:34.818  1097  1097 I [   info] ts_panel_notifier_callback: shashank:Received fps change old fps:120 new fps:60
09-25 08:17:34.865 31987 31987 I         : [OFP][0][INFO][oplus_get_doze_disable_time:3679]oplus_get_doze_disable_time=0
09-25 08:17:34.866 31987 31987 W [drm] [msm-dsi-warn]: dsi_display_check_status,time_gap=-607667273
09-25 08:17:34.886  1097  1097 I [   info] ts_panel_notifier_callback: Notification type:4, early_trigger:1
09-25 08:17:34.886  1097  1097 I [   info] ts_panel_notifier_callback: shashank:Received fps change old fps:60 new fps:120
09-25 08:17:34.892  1097  1097 E         : [LCD][0][ERR][oplus_panel_switch_vid_mode:475] oplus_panel_switch_vid_mode not support
09-25 08:17:34.892  1097  1097 I [drm:dsi_display_set_mode [msm_drm]] [msm-dsi-info]: mdp_transfer_time=6290, hactive=1264, vactive=2780, fps=120, h_skew=0, clk_rate=1012000000, h_sync_width=2,				h_front_porch26, h_back_porch=26, v_back_porch=42, v_sync_width=2, v_front_porch=58
09-25 08:17:34.894  1097  1097 I [ADFR][0][INFO][oplus_adfr_fakeframe_status_update:2140]h_active: 1264,refresh_rate:120,h_skew:0,sw_fps:0,fakeframe:0
09-25 08:17:34.896  1097  1097 I         : [LCD][0][INFO][oplus_panel_cmd_print:120] [A0020] dsi_cmd: qcom,mdss-dsi-timing-switch-command, count=8
09-25 08:17:34.897  1097  1097 I [ADFR][0][INFO][oplus_adfr_fakeframe_status_update:2140]h_active: 1264,refresh_rate:120,h_skew:0,sw_fps:0,fakeframe:1
09-25 08:17:34.897  1097  1097 I         : [ADFR][0][INFO][oplus_adfr_status_reset:1851]sa status reset: auto_mode:0,fakeframe:1,sa_min_fps:120
09-25 08:17:34.915  1097  1097 I [   info] ts_panel_notifier_callback: Notification type:4, early_trigger:0
09-25 08:17:34.915  1097  1097 I [   info] ts_panel_notifier_callback: shashank:Received fps change old fps:60 new fps:120
09-25 08:17:34.995  1097  1097 I [   info] ts_panel_notifier_callback: Notification type:4, early_trigger:1
09-25 08:17:34.995  1097  1097 I [   info] ts_panel_notifier_callback: shashank:Received fps change old fps:120 new fps:60
09-25 08:17:34.999  1097  1097 E         : [LCD][0][ERR][oplus_panel_switch_vid_mode:475] oplus_panel_switch_vid_mode not support
09-25 08:17:34.999  1097  1097 I [drm:dsi_display_set_mode [msm_drm]] [msm-dsi-info]: mdp_transfer_time=6290, hactive=1264, vactive=2780, fps=60, h_skew=1, clk_rate=1012000000, h_sync_width=2,				h_front_porch26, h_back_porch=26, v_back_porch=42, v_sync_width=2, v_front_porch=58
09-25 08:17:35.001  1097  1097 I [ADFR][0][INFO][oplus_adfr_fakeframe_status_update:2140]h_active: 1264,refresh_rate:60,h_skew:1,sw_fps:0,fakeframe:0
09-25 08:17:35.009  1097  1097 I         : [LCD][0][INFO][oplus_panel_cmd_print:120] [A0020] dsi_cmd: qcom,mdss-dsi-timing-switch-command, count=8
09-25 08:17:35.009  1097  1097 I [ADFR][0][INFO][oplus_adfr_fakeframe_status_update:2140]h_active: 1264,refresh_rate:60,h_skew:1,sw_fps:0,fakeframe:0
09-25 08:17:35.009  1097  1097 I         : [ADFR][0][INFO][oplus_adfr_status_reset:1851]sa status reset: auto_mode:0,fakeframe:0,sa_min_fps:60
09-25 08:17:35.026  1097  1097 I [   info] ts_panel_notifier_callback: Notification type:4, early_trigger:0
09-25 08:17:35.026  1097  1097 I [   info] ts_panel_notifier_callback: shashank:Received fps change old fps:120 new fps:60
09-25 08:17:35.112  1097  1097 I [   info] ts_panel_notifier_callback: Notification type:4, early_trigger:1
09-25 08:17:35.112  1097  1097 I [   info] ts_panel_notifier_callback: shashank:Received fps change old fps:60 new fps:120
09-25 08:17:35.115  1097  1097 E         : [LCD][0][ERR][oplus_panel_switch_vid_mode:475] oplus_panel_switch_vid_mode not support
09-25 08:17:35.115  1097  1097 I [drm:dsi_display_set_mode [msm_drm]] [msm-dsi-info]: mdp_transfer_time=6290, hactive=1264, vactive=2780, fps=120, h_skew=0, clk_rate=1012000000, h_sync_width=2,				h_front_porch26, h_back_porch=26, v_back_porch=42, v_sync_width=2, v_front_porch=58
09-25 08:17:35.117  1097  1097 I [ADFR][0][INFO][oplus_adfr_fakeframe_status_update:2140]h_active: 1264,refresh_rate:120,h_skew:0,sw_fps:0,fakeframe:0
09-25 08:17:35.121  1097  1097 I         : [LCD][0][INFO][oplus_panel_cmd_print:120] [A0020] dsi_cmd: qcom,mdss-dsi-timing-switch-command, count=8
09-25 08:17:35.121  1097  1097 I [ADFR][0][INFO][oplus_adfr_fakeframe_status_update:2140]h_active: 1264,refresh_rate:120,h_skew:0,sw_fps:0,fakeframe:1
09-25 08:17:35.121  1097  1097 I         : [ADFR][0][INFO][oplus_adfr_status_reset:1851]sa status reset: auto_mode:0,fakeframe:1,sa_min_fps:120
09-25 08:17:35.140  1097  1097 I [   info] ts_panel_notifier_callback: Notification type:4, early_trigger:0
09-25 08:17:35.140  1097  1097 I [   info] ts_panel_notifier_callback: shashank:Received fps change old fps:60 new fps:120
09-25 08:17:35.267  1097  1097 I [   info] ts_panel_notifier_callback: Notification type:4, early_trigger:1
09-25 08:17:35.267  1097  1097 I [   info] ts_panel_notifier_callback: shashank:Received fps change old fps:120 new fps:60
09-25 08:17:35.270  1097  1097 E         : [LCD][0][ERR][oplus_panel_switch_vid_mode:475] oplus_panel_switch_vid_mode not support
09-25 08:17:35.270  1097  1097 I [drm:dsi_display_set_mode [msm_drm]] [msm-dsi-info]: mdp_transfer_time=6290, hactive=1264, vactive=2780, fps=60, h_skew=1, clk_rate=1012000000, h_sync_width=2,				h_front_porch26, h_back_porch=26, v_back_porch=42, v_sync_width=2, v_front_porch=58
09-25 08:17:35.271  1097  1097 I [ADFR][0][INFO][oplus_adfr_fakeframe_status_update:2140]h_active: 1264,refresh_rate:60,h_skew:1,sw_fps:0,fakeframe:0
09-25 08:17:35.275  1097  1097 I         : [LCD][0][INFO][oplus_panel_cmd_print:120] [A0020] dsi_cmd: qcom,mdss-dsi-timing-switch-command, count=8
09-25 08:17:35.275  1097  1097 I [ADFR][0][INFO][oplus_adfr_fakeframe_status_update:2140]h_active: 1264,refresh_rate:60,h_skew:1,sw_fps:0,fakeframe:0
09-25 08:17:35.275  1097  1097 I         : [ADFR][0][INFO][oplus_adfr_status_reset:1851]sa status reset: auto_mode:0,fakeframe:0,sa_min_fps:60
09-25 08:17:35.292  1097  1097 I [   info] ts_panel_notifier_callback: Notification type:4, early_trigger:0
09-25 08:17:35.292  1097  1097 I [   info] ts_panel_notifier_callback: shashank:Received fps change old fps:120 new fps:60
09-25 08:17:35.308  1097  1097 I [   info] ts_panel_notifier_callback: Notification type:4, early_trigger:1
09-25 08:17:35.308  1097  1097 I [   info] ts_panel_notifier_callback: shashank:Received fps change old fps:60 new fps:120
09-25 08:17:35.316  1097  1097 E         : [LCD][0][ERR][oplus_panel_switch_vid_mode:475] oplus_panel_switch_vid_mode not support
09-25 08:17:35.317  1097  1097 I [drm:dsi_display_set_mode [msm_drm]] [msm-dsi-info]: mdp_transfer_time=6290, hactive=1264, vactive=2780, fps=120, h_skew=0, clk_rate=1012000000, h_sync_width=2,				h_front_porch26, h_back_porch=26, v_back_porch=42, v_sync_width=2, v_front_porch=58
09-25 08:17:35.318  1097  1097 I [ADFR][0][INFO][oplus_adfr_fakeframe_status_update:2140]h_active: 1264,refresh_rate:120,h_skew:0,sw_fps:0,fakeframe:0
09-25 08:17:35.321  1097  1097 I         : [LCD][0][INFO][oplus_panel_cmd_print:120] [A0020] dsi_cmd: qcom,mdss-dsi-timing-switch-command, count=8
09-25 08:17:35.321  1097  1097 I [ADFR][0][INFO][oplus_adfr_fakeframe_status_update:2140]h_active: 1264,refresh_rate:120,h_skew:0,sw_fps:0,fakeframe:1
09-25 08:17:35.321  1097  1097 I         : [ADFR][0][INFO][oplus_adfr_status_reset:1851]sa status reset: auto_mode:0,fakeframe:1,sa_min_fps:120
09-25 08:17:35.340  1097  1097 I [   info] ts_panel_notifier_callback: Notification type:4, early_trigger:0
09-25 08:17:35.340  1097  1097 I [   info] ts_panel_notifier_callback: shashank:Received fps change old fps:60 new fps:120
09-25 08:17:35.382  1097  1097 I [   info] ts_panel_notifier_callback: Notification type:4, early_trigger:1
09-25 08:17:35.382  1097  1097 I [   info] ts_panel_notifier_callback: shashank:Received fps change old fps:120 new fps:60
09-25 08:17:35.383  1097  1097 E         : [LCD][0][ERR][oplus_panel_switch_vid_mode:475] oplus_panel_switch_vid_mode not support
09-25 08:17:35.383  1097  1097 I [drm:dsi_display_set_mode [msm_drm]] [msm-dsi-info]: mdp_transfer_time=6290, hactive=1264, vactive=2780, fps=60, h_skew=1, clk_rate=1012000000, h_sync_width=2,				h_front_porch26, h_back_porch=26, v_back_porch=42, v_sync_width=2, v_front_porch=58
09-25 08:17:35.384  1097  1097 I [ADFR][0][INFO][oplus_adfr_fakeframe_status_update:2140]h_active: 1264,refresh_rate:60,h_skew:1,sw_fps:0,fakeframe:0
09-25 08:17:35.391  1097  1097 I         : [LCD][0][INFO][oplus_panel_cmd_print:120] [A0020] dsi_cmd: qcom,mdss-dsi-timing-switch-command, count=8
09-25 08:17:35.392  1097  1097 I [ADFR][0][INFO][oplus_adfr_fakeframe_status_update:2140]h_active: 1264,refresh_rate:60,h_skew:1,sw_fps:0,fakeframe:0
09-25 08:17:35.392  1097  1097 I         : [ADFR][0][INFO][oplus_adfr_status_reset:1851]sa status reset: auto_mode:0,fakeframe:0,sa_min_fps:60
09-25 08:17:35.408  1097  1097 I [   info] ts_panel_notifier_callback: Notification type:4, early_trigger:0
09-25 08:17:35.408  1097  1097 I [   info] ts_panel_notifier_callback: shashank:Received fps change old fps:120 new fps:60
09-25 08:17:35.511  1097  1097 I [   info] ts_panel_notifier_callback: Notification type:4, early_trigger:1
09-25 08:17:35.511  1097  1097 I [   info] ts_panel_notifier_callback: shashank:Received fps change old fps:60 new fps:120
09-25 08:17:35.515  1097  1097 E         : [LCD][0][ERR][oplus_panel_switch_vid_mode:475] oplus_panel_switch_vid_mode not support
09-25 08:17:35.515  1097  1097 I [drm:dsi_display_set_mode [msm_drm]] [msm-dsi-info]: mdp_transfer_time=6290, hactive=1264, vactive=2780, fps=120, h_skew=0, clk_rate=1012000000, h_sync_width=2,				h_front_porch26, h_back_porch=26, v_back_porch=42, v_sync_width=2, v_front_porch=58
09-25 08:17:35.516  1097  1097 I [ADFR][0][INFO][oplus_adfr_fakeframe_status_update:2140]h_active: 1264,refresh_rate:120,h_skew:0,sw_fps:0,fakeframe:0
09-25 08:17:35.520  1097  1097 I         : [LCD][0][INFO][oplus_panel_cmd_print:120] [A0020] dsi_cmd: qcom,mdss-dsi-timing-switch-command, count=8
09-25 08:17:35.521  1097  1097 I [ADFR][0][INFO][oplus_adfr_fakeframe_status_update:2140]h_active: 1264,refresh_rate:120,h_skew:0,sw_fps:0,fakeframe:1
09-25 08:17:35.521  1097  1097 I         : [ADFR][0][INFO][oplus_adfr_status_reset:1851]sa status reset: auto_mode:0,fakeframe:1,sa_min_fps:120
09-25 08:17:35.539  1097  1097 I [   info] ts_panel_notifier_callback: Notification type:4, early_trigger:0
09-25 08:17:35.539  1097  1097 I [   info] ts_panel_notifier_callback: shashank:Received fps change old fps:60 new fps:120
09-25 08:17:35.582  1097  1097 I [   info] ts_panel_notifier_callback: Notification type:4, early_trigger:1
09-25 08:17:35.582  1097  1097 I [   info] ts_panel_notifier_callback: shashank:Received fps change old fps:120 new fps:60
09-25 08:17:35.582  1097  1097 E         : [LCD][0][ERR][oplus_panel_switch_vid_mode:475] oplus_panel_switch_vid_mode not support
09-25 08:17:35.582  1097  1097 I [drm:dsi_display_set_mode [msm_drm]] [msm-dsi-info]: mdp_transfer_time=6290, hactive=1264, vactive=2780, fps=60, h_skew=1, clk_rate=1012000000, h_sync_width=2,				h_front_porch26, h_back_porch=26, v_back_porch=42, v_sync_width=2, v_front_porch=58
09-25 08:17:35.583  1097  1097 I [ADFR][0][INFO][oplus_adfr_fakeframe_status_update:2140]h_active: 1264,refresh_rate:60,h_skew:1,sw_fps:0,fakeframe:0
09-25 08:17:35.591  1097  1097 I         : [LCD][0][INFO][oplus_panel_cmd_print:120] [A0020] dsi_cmd: qcom,mdss-dsi-timing-switch-command, count=8
09-25 08:17:35.591  1097  1097 I [ADFR][0][INFO][oplus_adfr_fakeframe_status_update:2140]h_active: 1264,refresh_rate:60,h_skew:1,sw_fps:0,fakeframe:0
09-25 08:17:35.591  1097  1097 I         : [ADFR][0][INFO][oplus_adfr_status_reset:1851]sa status reset: auto_mode:0,fakeframe:0,sa_min_fps:60
09-25 08:17:35.608  1097  1097 I [   info] ts_panel_notifier_callback: Notification type:4, early_trigger:0
09-25 08:17:35.608  1097  1097 I [   info] ts_panel_notifier_callback: shashank:Received fps change old fps:120 new fps:60
09-25 08:17:35.660  5706  5706 I         : [INFO]: OPLUS_CHG[VOOC]([oplus_vooc_fastchg_allow_or_enable_check][1335]): temp:325, temp_range:5
09-25 08:17:35.660  6748  6748 I         : [INFO]: OPLUS_CHG[CHG_COMM]([oplus_comm_smooth_to_soc][3416]): soc[0 2 77 77 79 79] avg[2 1 0 0 0] fifo[79 79 79 79]
09-25 08:17:35.676 32316 32316 I OPLUS_CHG[oplus_charge_info]: BATTERY[325 325 4063 4063 2513 77 79 79 4145 5416 1 0x0 4492], CHARGE[4490 500 1 1], WIRED[1 450 4809 500 1 0x0 0 0 0 2 0], WIRELESS[0 0 0 0 0 0x0 0 0 0], VOOC[0 0 0 0 0x0], UFCS[0 0 0 0x0], COMMON[6 0 0 0x0 1 0 1 5416 100 0]
09-25 08:17:35.679 32316 32316 I         : [INFO]: OPLUS_CHG[ADSP]([oplus_chg_8350_reg_dump][7390]): sm8450_st_dump: [chg_en=0, suspend=0, pd_svooc=0], subtype=0x01],[oplus_UsbCommCapable=0, oplus_pd_svooc=0, typec_mode=0, cid_status=0x01, usb_in_status=1],[0x2606=0x87, 0x2607=0x00, 0x2608=0x0a, 0x2609=0x02], [0x260a=0x05, 0x260b=0x59, 0x260c=0x00, 0x260d=0x18], [0x260e=0x00, 0x260f=0x01, 0x2610=0x00, 0x2640=0x01], [0x2641=0x02, 0x2642=0x05, 0x2646=0x00, 0x2650=0x03], [0x2706=0x0a, 0x2707=0x0a, 0x2708=0x0a, 0x2709=0x0a], [0x270b=0xe2, 0x270c=0x48, 0x2710=0xc0, 0x280c=0x38], [0x2810=0x00, 0x2840=0x03, 0x287f=0x00, 0x2906=0x02], [0x2908=0x0f, 0x290a=0x11, 0x290b=0x01, 0x290c=0x01], [0x2910=0x11, 0x2944=0x80, 0x2950=0x02, 0x2951=0x01], [0x2952=0x0a, 0x2954=0x00, 0x2960=0xe0, 0x2b06=0x08], [0x2b07=0x00, 0x2b08=0x00, 0x2b09=0x63, 0x2b0a=0x19], [0x2b0b=0x29, 0x2b0c=0x00, 0x29a8=0x81, 0x29a9=0x83], [0x29aa=0x00, 0x2aa2=0x00, 0x2aa8=0x87, 0x2aa9=0x00], [0x2aaa=0x00],
09-25 08:17:39.985  3172  3172 E iostack : irqs = 16786030, self-block = 0
09-25 08:17:39.986 32316 32316 I         : [OFP][0][INFO][oplus_get_doze_disable_time:3679]oplus_get_doze_disable_time=0
09-25 08:17:39.986 32316 32316 W [drm] [msm-dsi-warn]: dsi_display_check_status,time_gap=-602547139
09-25 08:17:40.784 31987 31987 I         : [INFO]: OPLUS_CHG[VOOC]([oplus_vooc_fastchg_allow_or_enable_check][1335]): temp:325, temp_range:5
09-25 08:17:40.784  6748  6748 I         : [INFO]: OPLUS_CHG[CHG_COMM]([oplus_comm_smooth_to_soc][3416]): soc[0 2 77 77 79 79] avg[3 1 0 0 0] fifo[79 79 79 79]
09-25 08:17:40.803  7321  7321 I OPLUS_CHG[oplus_charge_info]: BATTERY[326 325 4072 4072 2033 77 79 79 4142 5416 1 0x0 4489], CHARGE[4490 500 1 1], WIRED[1 450 4826 500 1 0x0 0 0 0 2 0], WIRELESS[0 0 0 0 0 0x0 0 0 0], VOOC[0 0 0 0 0x0], UFCS[0 0 0 0x0], COMMON[6 0 0 0x0 1 0 1 5416 100 0]
09-25 08:17:40.805  7321  7321 I         : [INFO]: OPLUS_CHG[ADSP]([oplus_chg_8350_reg_dump][7390]): sm8450_st_dump: [chg_en=0, suspend=0, pd_svooc=0], subtype=0x01],[oplus_UsbCommCapable=0, oplus_pd_svooc=0, typec_mode=0, cid_status=0x01, usb_in_status=1],[0x2606=0x87, 0x2607=0x00, 0x2608=0x0a, 0x2609=0x02], [0x260a=0x05, 0x260b=0x59, 0x260c=0x00, 0x260d=0x18], [0x260e=0x00, 0x260f=0x01, 0x2610=0x00, 0x2640=0x01], [0x2641=0x02, 0x2642=0x05, 0x2646=0x00, 0x2650=0x03], [0x2706=0x0a, 0x2707=0x0a, 0x2708=0x0a, 0x2709=0x0a], [0x270b=0xe2, 0x270c=0x48, 0x2710=0xc0, 0x280c=0x38], [0x2810=0x00, 0x2840=0x03, 0x287f=0x00, 0x2906=0x02], [0x2908=0x0f, 0x290a=0x11, 0x290b=0x01, 0x290c=0x01], [0x2910=0x11, 0x2944=0x80, 0x2950=0x02, 0x2951=0x01], [0x2952=0x0a, 0x2954=0x00, 0x2960=0xe0, 0x2b06=0x08], [0x2b07=0x00, 0x2b08=0x00, 0x2b09=0x63, 0x2b0a=0x19], [0x2b0b=0x29, 0x2b0c=0x00, 0x29a8=0x81, 0x29a9=0x83], [0x29aa=0x00, 0x2aa2=0x00, 0x2aa8=0x87, 0x2aa9=0x00], [0x2aaa=0x00],
09-25 08:17:40.987  5303  5303 W audit   : audit_lost=5534938 audit_rate_limit=5 audit_backlog_limit=64
09-25 08:17:40.987  5303  5303 E audit   : rate limit exceeded
09-25 08:17:45.105  7321  7321 I         : [OFP][0][INFO][oplus_get_doze_disable_time:3679]oplus_get_doze_disable_time=0
09-25 08:17:45.106  7321  7321 W [drm] [msm-dsi-warn]: dsi_display_check_status,time_gap=-597427269
09-25 08:17:45.906 32316 32316 I         : [INFO]: OPLUS_CHG[VOOC]([oplus_vooc_fastchg_allow_or_enable_check][1335]): temp:326, temp_range:5
09-25 08:17:45.906  6748  6748 I         : [INFO]: OPLUS_CHG[CHG_COMM]([oplus_comm_smooth_to_soc][3416]): soc[0 2 77 77 79 79] avg[0 1 0 0 0] fifo[79 79 79 79]
09-25 08:17:45.920  5706  5706 I OPLUS_CHG[oplus_charge_info]: BATTERY[326 326 4075 4075 1933 77 79 79 4140 5416 1 0x0 4486], CHARGE[4490 500 1 1], WIRED[1 450 4827 500 1 0x0 0 0 0 2 0], WIRELESS[0 0 0 0 0 0x0 0 0 0], VOOC[0 0 0 0 0x0], UFCS[0 0 0 0x0], COMMON[6 0 0 0x0 1 0 1 5416 100 0]
09-25 08:17:45.922  5706  5706 I         : [INFO]: OPLUS_CHG[ADSP]([oplus_chg_8350_reg_dump][7390]): sm8450_st_dump: [chg_en=0, suspend=0, pd_svooc=0], subtype=0x01],[oplus_UsbCommCapable=0, oplus_pd_svooc=0, typec_mode=0, cid_status=0x01, usb_in_status=1],[0x2606=0x87, 0x2607=0x00, 0x2608=0x0a, 0x2609=0x02], [0x260a=0x05, 0x260b=0x59, 0x260c=0x00, 0x260d=0x18], [0x260e=0x00, 0x260f=0x01, 0x2610=0x00, 0x2640=0x01], [0x2641=0x02, 0x2642=0x05, 0x2646=0x00, 0x2650=0x03], [0x2706=0x0a, 0x2707=0x0a, 0x2708=0x0a, 0x2709=0x0a], [0x270b=0xe2, 0x270c=0x48, 0x2710=0xc0, 0x280c=0x38], [0x2810=0x00, 0x2840=0x03, 0x287f=0x00, 0x2906=0x02], [0x2908=0x0f, 0x290a=0x11, 0x290b=0x01, 0x290c=0x01], [0x2910=0x11, 0x2944=0x80, 0x2950=0x02, 0x2951=0x01], [0x2952=0x0a, 0x2954=0x00, 0x2960=0xe0, 0x2b06=0x08], [0x2b07=0x00, 0x2b08=0x00, 0x2b09=0x63, 0x2b0a=0x19], [0x2b0b=0x29, 0x2b0c=0x00, 0x29a8=0x81, 0x29a9=0x83], [0x29aa=0x00, 0x2aa2=0x00, 0x2aa8=0x87, 0x2aa9=0x00], [0x2aaa=0x00],
09-25 08:17:46.414   508   508 E gsi soc : qcom,msm_gsi: gsi_stop_channel:3688 chan=1 busy try again
09-25 08:17:46.416   508   508 E gsi soc : qcom,msm_gsi: gsi_stop_channel:3688 chan=14 busy try again
09-25 08:17:48.154  1097  1097 I [   info] ts_panel_notifier_callback: Notification type:4, early_trigger:1
09-25 08:17:48.154  1097  1097 I [   info] ts_panel_notifier_callback: shashank:Received fps change old fps:60 new fps:120
09-25 08:17:48.162  1097  1097 E         : [LCD][0][ERR][oplus_panel_switch_vid_mode:475] oplus_panel_switch_vid_mode not support
09-25 08:17:48.162  1097  1097 I [drm:dsi_display_set_mode [msm_drm]] [msm-dsi-info]: mdp_transfer_time=6290, hactive=1264, vactive=2780, fps=120, h_skew=0, clk_rate=1012000000, h_sync_width=2,				h_front_porch26, h_back_porch=26, v_back_porch=42, v_sync_width=2, v_front_porch=58
09-25 08:17:48.162  1097  1097 I [ADFR][0][INFO][oplus_adfr_fakeframe_status_update:2140]h_active: 1264,refresh_rate:120,h_skew:0,sw_fps:0,fakeframe:0
09-25 08:17:48.166  1097  1097 I         : [LCD][0][INFO][oplus_panel_cmd_print:120] [A0020] dsi_cmd: qcom,mdss-dsi-timing-switch-command, count=8
09-25 08:17:48.166  1097  1097 I [ADFR][0][INFO][oplus_adfr_fakeframe_status_update:2140]h_active: 1264,refresh_rate:120,h_skew:0,sw_fps:0,fakeframe:1
09-25 08:17:48.166  1097  1097 I         : [ADFR][0][INFO][oplus_adfr_status_reset:1851]sa status reset: auto_mode:0,fakeframe:1,sa_min_fps:120
09-25 08:17:48.185  1097  1097 I         : <A0020> dsi_display_set_backlight time:02:48:01.002,bl_lvl:2729
09-25 08:17:48.185  1097  1097 I [   info] ts_panel_notifier_callback: Notification type:4, early_trigger:0
09-25 08:17:48.185  1097  1097 I [   info] ts_panel_notifier_callback: shashank:Received fps change old fps:60 new fps:120
09-25 08:17:48.496  1097  1097 I [   info] ts_panel_notifier_callback: Notification type:4, early_trigger:1
09-25 08:17:48.496  1097  1097 I [   info] ts_panel_notifier_callback: shashank:Received fps change old fps:120 new fps:60
09-25 08:17:48.501  1097  1097 E         : [LCD][0][ERR][oplus_panel_switch_vid_mode:475] oplus_panel_switch_vid_mode not support
09-25 08:17:48.501  1097  1097 I [drm:dsi_display_set_mode [msm_drm]] [msm-dsi-info]: mdp_transfer_time=6290, hactive=1264, vactive=2780, fps=60, h_skew=1, clk_rate=1012000000, h_sync_width=2,				h_front_porch26, h_back_porch=26, v_back_porch=42, v_sync_width=2, v_front_porch=58
09-25 08:17:48.504  1097  1097 I [ADFR][0][INFO][oplus_adfr_fakeframe_status_update:2140]h_active: 1264,refresh_rate:60,h_skew:1,sw_fps:0,fakeframe:0
09-25 08:17:48.513  1097  1097 I         : [LCD][0][INFO][oplus_panel_cmd_print:120] [A0020] dsi_cmd: qcom,mdss-dsi-timing-switch-command, count=8
09-25 08:17:48.513  1097  1097 I [ADFR][0][INFO][oplus_adfr_fakeframe_status_update:2140]h_active: 1264,refresh_rate:60,h_skew:1,sw_fps:0,fakeframe:0
09-25 08:17:48.513  1097  1097 I         : [ADFR][0][INFO][oplus_adfr_status_reset:1851]sa status reset: auto_mode:0,fakeframe:0,sa_min_fps:60
09-25 08:17:48.528  1097  1097 I [   info] ts_panel_notifier_callback: Notification type:4, early_trigger:0
09-25 08:17:48.528  1097  1097 I [   info] ts_panel_notifier_callback: shashank:Received fps change old fps:120 new fps:60
09-25 08:17:48.545  1097  1097 I [   info] ts_panel_notifier_callback: Notification type:4, early_trigger:1
09-25 08:17:48.545  1097  1097 I [   info] ts_panel_notifier_callback: shashank:Received fps change old fps:60 new fps:120
09-25 08:17:48.553  1097  1097 E         : [LCD][0][ERR][oplus_panel_switch_vid_mode:475] oplus_panel_switch_vid_mode not support
09-25 08:17:48.553  1097  1097 I [drm:dsi_display_set_mode [msm_drm]] [msm-dsi-info]: mdp_transfer_time=6290, hactive=1264, vactive=2780, fps=120, h_skew=0, clk_rate=1012000000, h_sync_width=2,				h_front_porch26, h_back_porch=26, v_back_porch=42, v_sync_width=2, v_front_porch=58
09-25 08:17:48.554  1097  1097 I [ADFR][0][INFO][oplus_adfr_fakeframe_status_update:2140]h_active: 1264,refresh_rate:120,h_skew:0,sw_fps:0,fakeframe:0
09-25 08:17:48.557  1097  1097 I         : [LCD][0][INFO][oplus_panel_cmd_print:120] [A0020] dsi_cmd: qcom,mdss-dsi-timing-switch-command, count=8
09-25 08:17:48.557  1097  1097 I [ADFR][0][INFO][oplus_adfr_fakeframe_status_update:2140]h_active: 1264,refresh_rate:120,h_skew:0,sw_fps:0,fakeframe:1
09-25 08:17:48.557  1097  1097 I         : [ADFR][0][INFO][oplus_adfr_status_reset:1851]sa status reset: auto_mode:0,fakeframe:1,sa_min_fps:120
09-25 08:17:48.576  1097  1097 I <A0020> len: 900 dsi_display_set_backlight 02:42:07.963:2729,02:42:27.930:2729,02:42:28.013:2729,02:42:29.943:2729,02:42:30.018:2729,02:43:00.069:2729,02:43:00.153:2729,02:44:00.070:2729,02:44:00.153:2729,02:45:00.076:2729,02:45:00.160:2729,02:46:00.070:2729,02:46:00.162:2729,02:47:00.085:2729,02:47:00.160:2729,02:47:33.358:2729,02:47:33.482:2729,02:47:44.879:2729,02:47:45.670:2729,02:47:45.753:2729,02:47:45.819:2729,02:47:45.919:2729,02:47:46.019:2729,02:47:46.152:2729,02:47:46.285:2729,02:47:46.368:2729,02:47:46.435:2729,02:47:46.518:2729,02:47:46.643:2729,02:47:46.759:2729,02:47:46.892:2729,02:47:46.959:2729,02:47:47.026:2729,02:47:47.125:2729,02:47:47.225:2729,02:47:47.358:2729,02:47:47.500:2729,02:47:47.566:2729,02:47:47.633:2729,02:47:47.733:2729,02:47:47.841:2729,02:47:47.957:2729,02:47:48.107:2729,02:47:48.157:2729,02:47:48.223:2729,02:47:48.356:2729,02:47:48.423:2729,02:48:01.002:2729,02:48:01.343:2729,02:48:01.393:2729,
09-25 08:17:48.576  1097  1097 I [   info] ts_panel_notifier_callback: Notification type:4, early_trigger:0
09-25 08:17:48.576  1097  1097 I [   info] ts_panel_notifier_callback: shashank:Received fps change old fps:60 new fps:120
09-25 08:17:48.664  1097  1097 I [   info] ts_panel_notifier_callback: Notification type:4, early_trigger:1
09-25 08:17:48.664  1097  1097 I [   info] ts_panel_notifier_callback: shashank:Received fps change old fps:120 new fps:60
09-25 08:17:48.668  1097  1097 E         : [LCD][0][ERR][oplus_panel_switch_vid_mode:475] oplus_panel_switch_vid_mode not support
09-25 08:17:48.668  1097  1097 I [drm:dsi_display_set_mode [msm_drm]] [msm-dsi-info]: mdp_transfer_time=6290, hactive=1264, vactive=2780, fps=60, h_skew=1, clk_rate=1012000000, h_sync_width=2,				h_front_porch26, h_back_porch=26, v_back_porch=42, v_sync_width=2, v_front_porch=58
09-25 08:17:48.670  1097  1097 I [ADFR][0][INFO][oplus_adfr_fakeframe_status_update:2140]h_active: 1264,refresh_rate:60,h_skew:1,sw_fps:0,fakeframe:0
09-25 08:17:48.679  1097  1097 I         : [LCD][0][INFO][oplus_panel_cmd_print:120] [A0020] dsi_cmd: qcom,mdss-dsi-timing-switch-command, count=8
09-25 08:17:48.679  1097  1097 I [ADFR][0][INFO][oplus_adfr_fakeframe_status_update:2140]h_active: 1264,refresh_rate:60,h_skew:1,sw_fps:0,fakeframe:0
09-25 08:17:48.679  1097  1097 I         : [ADFR][0][INFO][oplus_adfr_status_reset:1851]sa status reset: auto_mode:0,fakeframe:0,sa_min_fps:60
09-25 08:17:48.695  1097  1097 I [   info] ts_panel_notifier_callback: Notification type:4, early_trigger:0
09-25 08:17:48.695  1097  1097 I [   info] ts_panel_notifier_callback: shashank:Received fps change old fps:120 new fps:60
09-25 08:17:48.695  1097  1097 I [   info] ts_panel_notifier_callback: Notification type:4, early_trigger:1
09-25 08:17:48.695  1097  1097 I [   info] ts_panel_notifier_callback: shashank:Received fps change old fps:60 new fps:120
09-25 08:17:48.703  1097  1097 E         : [LCD][0][ERR][oplus_panel_switch_vid_mode:475] oplus_panel_switch_vid_mode not support
09-25 08:17:48.703  1097  1097 I [drm:dsi_display_set_mode [msm_drm]] [msm-dsi-info]: mdp_transfer_time=6290, hactive=1264, vactive=2780, fps=120, h_skew=0, clk_rate=1012000000, h_sync_width=2,				h_front_porch26, h_back_porch=26, v_back_porch=42, v_sync_width=2, v_front_porch=58
09-25 08:17:48.704  1097  1097 I [ADFR][0][INFO][oplus_adfr_fakeframe_status_update:2140]h_active: 1264,refresh_rate:120,h_skew:0,sw_fps:0,fakeframe:0
09-25 08:17:48.707  1097  1097 I         : [LCD][0][INFO][oplus_panel_cmd_print:120] [A0020] dsi_cmd: qcom,mdss-dsi-timing-switch-command, count=8
09-25 08:17:48.707  1097  1097 I [ADFR][0][INFO][oplus_adfr_fakeframe_status_update:2140]h_active: 1264,refresh_rate:120,h_skew:0,sw_fps:0,fakeframe:1
09-25 08:17:48.707  1097  1097 I         : [ADFR][0][INFO][oplus_adfr_status_reset:1851]sa status reset: auto_mode:0,fakeframe:1,sa_min_fps:120
09-25 08:17:48.726  1097  1097 I [   info] ts_panel_notifier_callback: Notification type:4, early_trigger:0
09-25 08:17:48.726  1097  1097 I [   info] ts_panel_notifier_callback: shashank:Received fps change old fps:60 new fps:120
09-25 08:17:49.210  5303  5303 W audit   : audit_lost=5534940 audit_rate_limit=5 audit_backlog_limit=64
09-25 08:17:49.210  5303  5303 E audit   : rate limit exceeded
09-25 08:17:50.225  5706  5706 I         : [OFP][0][INFO][oplus_get_doze_disable_time:3679]oplus_get_doze_disable_time=0
09-25 08:17:50.225  3172  3172 E iostack : irqs = 16786035, self-block = 0
09-25 08:17:50.226  5706  5706 W [drm] [msm-dsi-warn]: dsi_display_check_status,time_gap=-592307328
09-25 08:17:51.021  7497  7497 I         : [INFO]: OPLUS_CHG[VOOC]([oplus_vooc_fastchg_allow_or_enable_check][1335]): temp:326, temp_range:5
09-25 08:17:51.021  7498  7498 I         : [INFO]: OPLUS_CHG[CHG_COMM]([oplus_comm_smooth_to_soc][3416]): soc[0 2 77 77 79 79] avg[1 1 0 0 0] fifo[79 79 79 79]
09-25 08:17:51.043  5778  5778 I OPLUS_CHG[oplus_charge_info]: BATTERY[326 326 4064 4064 2180 77 79 79 4137 5416 1 0x0 4484], CHARGE[4490 500 1 1], WIRED[1 450 4823 500 1 0x0 0 0 0 2 0], WIRELESS[0 0 0 0 0 0x0 0 0 0], VOOC[0 0 0 0 0x0], UFCS[0 0 0 0x0], COMMON[6 0 0 0x0 1 0 1 5416 100 0]
09-25 08:17:51.045  5778  5778 I         : [INFO]: OPLUS_CHG[ADSP]([oplus_chg_8350_reg_dump][7390]): sm8450_st_dump: [chg_en=0, suspend=0, pd_svooc=0], subtype=0x01],[oplus_UsbCommCapable=0, oplus_pd_svooc=0, typec_mode=0, cid_status=0x01, usb_in_status=1],[0x2606=0x87, 0x2607=0x00, 0x2608=0x0a, 0x2609=0x02], [0x260a=0x05, 0x260b=0x59, 0x260c=0x00, 0x260d=0x18], [0x260e=0x00, 0x260f=0x01, 0x2610=0x00, 0x2640=0x01], [0x2641=0x02, 0x2642=0x05, 0x2646=0x00, 0x2650=0x03], [0x2706=0x0a, 0x2707=0x0a, 0x2708=0x0a, 0x2709=0x0a], [0x270b=0xe2, 0x270c=0x48, 0x2710=0xc0, 0x280c=0x38], [0x2810=0x00, 0x2840=0x03, 0x287f=0x00, 0x2906=0x02], [0x2908=0x0f, 0x290a=0x11, 0x290b=0x01, 0x290c=0x01], [0x2910=0x11, 0x2944=0x80, 0x2950=0x02, 0x2951=0x01], [0x2952=0x0a, 0x2954=0x00, 0x2960=0xe0, 0x2b06=0x08], [0x2b07=0x00, 0x2b08=0x00, 0x2b09=0x63, 0x2b0a=0x19], [0x2b0b=0x29, 0x2b0c=0x00, 0x29a8=0x81, 0x29a9=0x83], [0x29aa=0x00, 0x2aa2=0x00, 0x2aa8=0x87, 0x2aa9=0x00], [0x2aaa=0x00],
09-25 08:17:55.349  5706  5706 I         : [OFP][0][INFO][oplus_get_doze_disable_time:3679]oplus_get_doze_disable_time=0
09-25 08:17:55.349  5706  5706 W [drm] [msm-dsi-warn]: dsi_display_check_status,time_gap=-587183319
09-25 08:17:56.145  7510  7510 I         : [INFO]: OPLUS_CHG[VOOC]([oplus_vooc_fastchg_allow_or_enable_check][1335]): temp:326, temp_range:5
09-25 08:17:56.146  7511  7511 I         : [INFO]: OPLUS_CHG[CHG_COMM]([oplus_comm_smooth_to_soc][3416]): soc[0 2 77 77 79 79] avg[2 1 0 0 0] fifo[79 79 79 79]
09-25 08:17:56.160  7509  7509 I OPLUS_CHG[oplus_charge_info]: BATTERY[326 326 4074 4074 1886 77 79 79 4135 5416 1 0x0 4481], CHARGE[4490 500 1 1], WIRED[1 450 4829 500 1 0x0 0 0 0 2 0], WIRELESS[0 0 0 0 0 0x0 0 0 0], VOOC[0 0 0 0 0x0], UFCS[0 0 0 0x0], COMMON[6 0 0 0x0 1 0 1 5416 100 0]
09-25 08:17:56.161  7509  7509 I         : [INFO]: OPLUS_CHG[ADSP]([oplus_chg_8350_reg_dump][7390]): sm8450_st_dump: [chg_en=0, suspend=0, pd_svooc=0], subtype=0x01],[oplus_UsbCommCapable=0, oplus_pd_svooc=0, typec_mode=0, cid_status=0x01, usb_in_status=1],[0x2606=0x87, 0x2607=0x00, 0x2608=0x0a, 0x2609=0x02], [0x260a=0x05, 0x260b=0x59, 0x260c=0x00, 0x260d=0x18], [0x260e=0x00, 0x260f=0x01, 0x2610=0x00, 0x2640=0x01], [0x2641=0x02, 0x2642=0x05, 0x2646=0x00, 0x2650=0x03], [0x2706=0x0a, 0x2707=0x0a, 0x2708=0x0a, 0x2709=0x0a], [0x270b=0xe2, 0x270c=0x48, 0x2710=0xc0, 0x280c=0x38], [0x2810=0x00, 0x2840=0x03, 0x287f=0x00, 0x2906=0x02], [0x2908=0x0f, 0x290a=0x11, 0x290b=0x01, 0x290c=0x01], [0x2910=0x11, 0x2944=0x80, 0x2950=0x02, 0x2951=0x01], [0x2952=0x0a, 0x2954=0x00, 0x2960=0xe0, 0x2b06=0x08], [0x2b07=0x00, 0x2b08=0x00, 0x2b09=0x63, 0x2b0a=0x19], [0x2b0b=0x29, 0x2b0c=0x00, 0x29a8=0x81, 0x29a9=0x83], [0x29aa=0x00, 0x2aa2=0x00, 0x2aa8=0x87, 0x2aa9=0x00], [0x2aaa=0x00],
09-25 08:17:58.395  5303  5303 W audit   : audit_lost=5534942 audit_rate_limit=5 audit_backlog_limit=64
09-25 08:17:58.395  5303  5303 E audit   : rate limit exceeded
09-25 08:18:00.465  7509  7509 E iostack : irqs = 16786046, self-block = 0
09-25 08:18:00.469  5706  5706 I         : [OFP][0][INFO][oplus_get_doze_disable_time:3679]oplus_get_doze_disable_time=0
09-25 08:18:00.469  5706  5706 W [drm] [msm-dsi-warn]: dsi_display_check_status,time_gap=-582063328
09-25 08:18:01.262  7499  7499 I         : [INFO]: OPLUS_CHG[VOOC]([oplus_vooc_fastchg_allow_or_enable_check][1335]): temp:326, temp_range:5
09-25 08:18:01.262  7350  7350 I         : [INFO]: OPLUS_CHG[CHG_COMM]([oplus_comm_smooth_to_soc][3416]): soc[0 2 77 77 79 79] avg[3 1 0 0 0] fifo[79 79 79 79]
09-25 08:18:01.282 32142 32142 I OPLUS_CHG[oplus_charge_info]: BATTERY[327 326 4067 4067 1930 77 79 79 4132 5416 1 0x0 4479], CHARGE[4490 500 1 1], WIRED[1 450 4820 500 1 0x0 0 0 0 2 0], WIRELESS[0 0 0 0 0 0x0 0 0 0], VOOC[0 0 0 0 0x0], UFCS[0 0 0 0x0], COMMON[6 0 0 0x0 1 0 1 5416 100 0]
09-25 08:18:01.284 32142 32142 I         : [INFO]: OPLUS_CHG[ADSP]([oplus_chg_8350_reg_dump][7390]): sm8450_st_dump: [chg_en=0, suspend=0, pd_svooc=0], subtype=0x01],[oplus_UsbCommCapable=0, oplus_pd_svooc=0, typec_mode=0, cid_status=0x01, usb_in_status=1],[0x2606=0x87, 0x2607=0x00, 0x2608=0x0a, 0x2609=0x02], [0x260a=0x05, 0x260b=0x59, 0x260c=0x00, 0x260d=0x18], [0x260e=0x00, 0x260f=0x01, 0x2610=0x00, 0x2640=0x01], [0x2641=0x02, 0x2642=0x05, 0x2646=0x00, 0x2650=0x03], [0x2706=0x0a, 0x2707=0x0a, 0x2708=0x0a, 0x2709=0x0a], [0x270b=0xe2, 0x270c=0x48, 0x2710=0xc0, 0x280c=0x38], [0x2810=0x00, 0x2840=0x03, 0x287f=0x00, 0x2906=0x02], [0x2908=0x0f, 0x290a=0x11, 0x290b=0x01, 0x290c=0x01], [0x2910=0x11, 0x2944=0x80, 0x2950=0x02, 0x2951=0x01], [0x2952=0x0a, 0x2954=0x00, 0x2960=0xe0, 0x2b06=0x08], [0x2b07=0x00, 0x2b08=0x00, 0x2b09=0x63, 0x2b0a=0x19], [0x2b0b=0x29, 0x2b0c=0x00, 0x29a8=0x81, 0x29a9=0x83], [0x29aa=0x00, 0x2aa2=0x00, 0x2aa8=0x87, 0x2aa9=0x00], [0x2aaa=0x00],
09-25 08:18:05.586  5706  5706 I         : [OFP][0][INFO][oplus_get_doze_disable_time:3679]oplus_get_doze_disable_time=0
09-25 08:18:05.586  5706  5706 W [drm] [msm-dsi-warn]: dsi_display_check_status,time_gap=-576947226
09-25 08:18:06.384  7321  7321 I         : [INFO]: OPLUS_CHG[VOOC]([oplus_vooc_fastchg_allow_or_enable_check][1335]): temp:327, temp_range:5
09-25 08:18:06.384  6748  6748 I         : [INFO]: OPLUS_CHG[CHG_COMM]([oplus_comm_smooth_to_soc][3416]): soc[0 2 77 77 79 79] avg[0 1 0 0 0] fifo[79 79 79 79]
09-25 08:18:06.397 31987 31987 I OPLUS_CHG[oplus_charge_info]: BATTERY[327 327 4075 4075 1744 77 79 79 4129 5416 1 0x0 4476], CHARGE[4490 500 1 1], WIRED[1 453 4809 500 1 0x0 0 0 0 2 0], WIRELESS[0 0 0 0 0 0x0 0 0 0], VOOC[0 0 0 0 0x0], UFCS[0 0 0 0x0], COMMON[6 0 0 0x0 1 0 1 5416 100 0]
09-25 08:18:06.399 31987 31987 I         : [INFO]: OPLUS_CHG[ADSP]([oplus_chg_8350_reg_dump][7390]): sm8450_st_dump: [chg_en=0, suspend=0, pd_svooc=0], subtype=0x01],[oplus_UsbCommCapable=0, oplus_pd_svooc=0, typec_mode=0, cid_status=0x01, usb_in_status=1],[0x2606=0x87, 0x2607=0x00, 0x2608=0x0a, 0x2609=0x02], [0x260a=0x05, 0x260b=0x59, 0x260c=0x00, 0x260d=0x18], [0x260e=0x00, 0x260f=0x01, 0x2610=0x00, 0x2640=0x01], [0x2641=0x02, 0x2642=0x05, 0x2646=0x00, 0x2650=0x03], [0x2706=0x0a, 0x2707=0x0a, 0x2708=0x0a, 0x2709=0x0a], [0x270b=0xe2, 0x270c=0x48, 0x2710=0xc0, 0x280c=0x38], [0x2810=0x00, 0x2840=0x03, 0x287f=0x00, 0x2906=0x02], [0x2908=0x0f, 0x290a=0x11, 0x290b=0x01, 0x290c=0x01], [0x2910=0x11, 0x2944=0x80, 0x2950=0x02, 0x2951=0x01], [0x2952=0x0a, 0x2954=0x00, 0x2960=0xe0, 0x2b06=0x08], [0x2b07=0x00, 0x2b08=0x00, 0x2b09=0x63, 0x2b0a=0x19], [0x2b0b=0x29, 0x2b0c=0x00, 0x29a8=0x81, 0x29a9=0x83], [0x29aa=0x00, 0x2aa2=0x00, 0x2aa8=0x87, 0x2aa9=0x00], [0x2aaa=0x00],
09-25 08:18:06.415   508   508 E gsi soc : qcom,msm_gsi: gsi_stop_channel:3688 chan=1 busy try again
09-25 08:18:06.417   508   508 E gsi soc : qcom,msm_gsi: gsi_stop_channel:3688 chan=14 busy try again
09-25 08:18:06.621  6535  6535 W audit   : audit_lost=5534944 audit_rate_limit=5 audit_backlog_limit=64
09-25 08:18:06.621  6535  6535 E audit   : rate limit exceeded
09-25 08:18:09.192  1097  1097 I [   info] ts_panel_notifier_callback: Notification type:4, early_trigger:1
09-25 08:18:09.192  1097  1097 I [   info] ts_panel_notifier_callback: shashank:Received fps change old fps:120 new fps:60
09-25 08:18:09.196  1097  1097 E         : [LCD][0][ERR][oplus_panel_switch_vid_mode:475] oplus_panel_switch_vid_mode not support
09-25 08:18:09.196  1097  1097 I [drm:dsi_display_set_mode [msm_drm]] [msm-dsi-info]: mdp_transfer_time=6290, hactive=1264, vactive=2780, fps=60, h_skew=1, clk_rate=1012000000, h_sync_width=2,				h_front_porch26, h_back_porch=26, v_back_porch=42, v_sync_width=2, v_front_porch=58
09-25 08:18:09.197  1097  1097 I [ADFR][0][INFO][oplus_adfr_fakeframe_status_update:2140]h_active: 1264,refresh_rate:60,h_skew:1,sw_fps:0,fakeframe:0
09-25 08:18:09.204  1097  1097 I         : [LCD][0][INFO][oplus_panel_cmd_print:120] [A0020] dsi_cmd: qcom,mdss-dsi-timing-switch-command, count=8
09-25 08:18:09.204  1097  1097 I [ADFR][0][INFO][oplus_adfr_fakeframe_status_update:2140]h_active: 1264,refresh_rate:60,h_skew:1,sw_fps:0,fakeframe:0
09-25 08:18:09.204  1097  1097 I         : [ADFR][0][INFO][oplus_adfr_status_reset:1851]sa status reset: auto_mode:0,fakeframe:0,sa_min_fps:60
09-25 08:18:09.221  1097  1097 I [   info] ts_panel_notifier_callback: Notification type:4, early_trigger:0
09-25 08:18:09.221  1097  1097 I [   info] ts_panel_notifier_callback: shashank:Received fps change old fps:120 new fps:60
09-25 08:18:09.408  1097  1097 I [   info] ts_panel_notifier_callback: Notification type:4, early_trigger:1
09-25 08:18:09.408  1097  1097 I [   info] ts_panel_notifier_callback: shashank:Received fps change old fps:60 new fps:120
09-25 08:18:09.412  1097  1097 E         : [LCD][0][ERR][oplus_panel_switch_vid_mode:475] oplus_panel_switch_vid_mode not support
09-25 08:18:09.412  1097  1097 I [drm:dsi_display_set_mode [msm_drm]] [msm-dsi-info]: mdp_transfer_time=6290, hactive=1264, vactive=2780, fps=120, h_skew=0, clk_rate=1012000000, h_sync_width=2,				h_front_porch26, h_back_porch=26, v_back_porch=42, v_sync_width=2, v_front_porch=58
09-25 08:18:09.414  1097  1097 I [ADFR][0][INFO][oplus_adfr_fakeframe_status_update:2140]h_active: 1264,refresh_rate:120,h_skew:0,sw_fps:0,fakeframe:0
09-25 08:18:09.416  1097  1097 I         : [LCD][0][INFO][oplus_panel_cmd_print:120] [A0020] dsi_cmd: qcom,mdss-dsi-timing-switch-command, count=8
09-25 08:18:09.416  1097  1097 I [ADFR][0][INFO][oplus_adfr_fakeframe_status_update:2140]h_active: 1264,refresh_rate:120,h_skew:0,sw_fps:0,fakeframe:1
09-25 08:18:09.416  1097  1097 I         : [ADFR][0][INFO][oplus_adfr_status_reset:1851]sa status reset: auto_mode:0,fakeframe:1,sa_min_fps:120
09-25 08:18:09.435  1097  1097 I [   info] ts_panel_notifier_callback: Notification type:4, early_trigger:0
09-25 08:18:09.435  1097  1097 I [   info] ts_panel_notifier_callback: shashank:Received fps change old fps:60 new fps:120
09-25 08:18:09.489  1097  1097 I [   info] ts_panel_notifier_callback: Notification type:4, early_trigger:1
09-25 08:18:09.489  1097  1097 I [   info] ts_panel_notifier_callback: shashank:Received fps change old fps:120 new fps:60
09-25 08:18:09.490  1097  1097 E         : [LCD][0][ERR][oplus_panel_switch_vid_mode:475] oplus_panel_switch_vid_mode not support
09-25 08:18:09.490  1097  1097 I [drm:dsi_display_set_mode [msm_drm]] [msm-dsi-info]: mdp_transfer_time=6290, hactive=1264, vactive=2780, fps=60, h_skew=1, clk_rate=1012000000, h_sync_width=2,				h_front_porch26, h_back_porch=26, v_back_porch=42, v_sync_width=2, v_front_porch=58
09-25 08:18:09.491  1097  1097 I [ADFR][0][INFO][oplus_adfr_fakeframe_status_update:2140]h_active: 1264,refresh_rate:60,h_skew:1,sw_fps:0,fakeframe:0
09-25 08:18:09.495  1097  1097 I         : [LCD][0][INFO][oplus_panel_cmd_print:120] [A0020] dsi_cmd: qcom,mdss-dsi-timing-switch-command, count=8
09-25 08:18:09.496  1097  1097 I [ADFR][0][INFO][oplus_adfr_fakeframe_status_update:2140]h_active: 1264,refresh_rate:60,h_skew:1,sw_fps:0,fakeframe:0
09-25 08:18:09.496  1097  1097 I         : [ADFR][0][INFO][oplus_adfr_status_reset:1851]sa status reset: auto_mode:0,fakeframe:0,sa_min_fps:60
09-25 08:18:09.512  1097  1097 I [   info] ts_panel_notifier_callback: Notification type:4, early_trigger:0
09-25 08:18:09.512  1097  1097 I [   info] ts_panel_notifier_callback: shashank:Received fps change old fps:120 new fps:60
09-25 08:18:09.714  1097  1097 I [   info] ts_panel_notifier_callback: Notification type:4, early_trigger:1
09-25 08:18:09.714  1097  1097 I [   info] ts_panel_notifier_callback: shashank:Received fps change old fps:60 new fps:120
09-25 08:18:09.718  1097  1097 E         : [LCD][0][ERR][oplus_panel_switch_vid_mode:475] oplus_panel_switch_vid_mode not support
09-25 08:18:09.718  1097  1097 I [drm:dsi_display_set_mode [msm_drm]] [msm-dsi-info]: mdp_transfer_time=6290, hactive=1264, vactive=2780, fps=120, h_skew=0, clk_rate=1012000000, h_sync_width=2,				h_front_porch26, h_back_porch=26, v_back_porch=42, v_sync_width=2, v_front_porch=58
09-25 08:18:09.720  1097  1097 I [ADFR][0][INFO][oplus_adfr_fakeframe_status_update:2140]h_active: 1264,refresh_rate:120,h_skew:0,sw_fps:0,fakeframe:0
09-25 08:18:09.724  1097  1097 I         : [LCD][0][INFO][oplus_panel_cmd_print:120] [A0020] dsi_cmd: qcom,mdss-dsi-timing-switch-command, count=8
09-25 08:18:09.724  1097  1097 I [ADFR][0][INFO][oplus_adfr_fakeframe_status_update:2140]h_active: 1264,refresh_rate:120,h_skew:0,sw_fps:0,fakeframe:1
09-25 08:18:09.724  1097  1097 I         : [ADFR][0][INFO][oplus_adfr_status_reset:1851]sa status reset: auto_mode:0,fakeframe:1,sa_min_fps:120
09-25 08:18:09.743  1097  1097 I [   info] ts_panel_notifier_callback: Notification type:4, early_trigger:0
09-25 08:18:09.743  1097  1097 I [   info] ts_panel_notifier_callback: shashank:Received fps change old fps:60 new fps:120
09-25 08:18:09.796  1097  1097 I [   info] ts_panel_notifier_callback: Notification type:4, early_trigger:1
09-25 08:18:09.796  1097  1097 I [   info] ts_panel_notifier_callback: shashank:Received fps change old fps:120 new fps:60
09-25 08:18:09.798  1097  1097 E         : [LCD][0][ERR][oplus_panel_switch_vid_mode:475] oplus_panel_switch_vid_mode not support
09-25 08:18:09.798  1097  1097 I [drm:dsi_display_set_mode [msm_drm]] [msm-dsi-info]: mdp_transfer_time=6290, hactive=1264, vactive=2780, fps=60, h_skew=1, clk_rate=1012000000, h_sync_width=2,				h_front_porch26, h_back_porch=26, v_back_porch=42, v_sync_width=2, v_front_porch=58
09-25 08:18:09.800  1097  1097 I [ADFR][0][INFO][oplus_adfr_fakeframe_status_update:2140]h_active: 1264,refresh_rate:60,h_skew:1,sw_fps:0,fakeframe:0
09-25 08:18:09.803  1097  1097 I         : [LCD][0][INFO][oplus_panel_cmd_print:120] [A0020] dsi_cmd: qcom,mdss-dsi-timing-switch-command, count=8
09-25 08:18:09.803  1097  1097 I [ADFR][0][INFO][oplus_adfr_fakeframe_status_update:2140]h_active: 1264,refresh_rate:60,h_skew:1,sw_fps:0,fakeframe:0
09-25 08:18:09.803  1097  1097 I         : [ADFR][0][INFO][oplus_adfr_status_reset:1851]sa status reset: auto_mode:0,fakeframe:0,sa_min_fps:60
09-25 08:18:09.820  1097  1097 I [   info] ts_panel_notifier_callback: Notification type:4, early_trigger:0
09-25 08:18:09.820  1097  1097 I [   info] ts_panel_notifier_callback: shashank:Received fps change old fps:120 new fps:60
09-25 08:18:10.039  1097  1097 I [   info] ts_panel_notifier_callback: Notification type:4, early_trigger:1
09-25 08:18:10.039  1097  1097 I [   info] ts_panel_notifier_callback: shashank:Received fps change old fps:60 new fps:120
09-25 08:18:10.044  1097  1097 E         : [LCD][0][ERR][oplus_panel_switch_vid_mode:475] oplus_panel_switch_vid_mode not support
09-25 08:18:10.044  1097  1097 I [drm:dsi_display_set_mode [msm_drm]] [msm-dsi-info]: mdp_transfer_time=6290, hactive=1264, vactive=2780, fps=120, h_skew=0, clk_rate=1012000000, h_sync_width=2,				h_front_porch26, h_back_porch=26, v_back_porch=42, v_sync_width=2, v_front_porch=58
09-25 08:18:10.045  1097  1097 I [ADFR][0][INFO][oplus_adfr_fakeframe_status_update:2140]h_active: 1264,refresh_rate:120,h_skew:0,sw_fps:0,fakeframe:0
09-25 08:18:10.048  1097  1097 I         : [LCD][0][INFO][oplus_panel_cmd_print:120] [A0020] dsi_cmd: qcom,mdss-dsi-timing-switch-command, count=8
09-25 08:18:10.049  1097  1097 I [ADFR][0][INFO][oplus_adfr_fakeframe_status_update:2140]h_active: 1264,refresh_rate:120,h_skew:0,sw_fps:0,fakeframe:1
09-25 08:18:10.049  1097  1097 I         : [ADFR][0][INFO][oplus_adfr_status_reset:1851]sa status reset: auto_mode:0,fakeframe:1,sa_min_fps:120
09-25 08:18:10.067  1097  1097 I [   info] ts_panel_notifier_callback: Notification type:4, early_trigger:0
09-25 08:18:10.067  1097  1097 I [   info] ts_panel_notifier_callback: shashank:Received fps change old fps:60 new fps:120
09-25 08:18:10.072  1097  1097 I [   info] ts_panel_notifier_callback: Notification type:4, early_trigger:1
09-25 08:18:10.072  1097  1097 I [   info] ts_panel_notifier_callback: shashank:Received fps change old fps:120 new fps:60
09-25 08:18:10.073  1097  1097 E         : [LCD][0][ERR][oplus_panel_switch_vid_mode:475] oplus_panel_switch_vid_mode not support
09-25 08:18:10.073  1097  1097 I [drm:dsi_display_set_mode [msm_drm]] [msm-dsi-info]: mdp_transfer_time=6290, hactive=1264, vactive=2780, fps=60, h_skew=1, clk_rate=1012000000, h_sync_width=2,				h_front_porch26, h_back_porch=26, v_back_porch=42, v_sync_width=2, v_front_porch=58
09-25 08:18:10.074  1097  1097 I [ADFR][0][INFO][oplus_adfr_fakeframe_status_update:2140]h_active: 1264,refresh_rate:60,h_skew:1,sw_fps:0,fakeframe:0
09-25 08:18:10.078  1097  1097 I         : [LCD][0][INFO][oplus_panel_cmd_print:120] [A0020] dsi_cmd: qcom,mdss-dsi-timing-switch-command, count=8
09-25 08:18:10.078  1097  1097 I [ADFR][0][INFO][oplus_adfr_fakeframe_status_update:2140]h_active: 1264,refresh_rate:60,h_skew:1,sw_fps:0,fakeframe:0
09-25 08:18:10.078  1097  1097 I         : [ADFR][0][INFO][oplus_adfr_status_reset:1851]sa status reset: auto_mode:0,fakeframe:0,sa_min_fps:60
09-25 08:18:10.094  1097  1097 I [   info] ts_panel_notifier_callback: Notification type:4, early_trigger:0
09-25 08:18:10.094  1097  1097 I [   info] ts_panel_notifier_callback: shashank:Received fps change old fps:120 new fps:60
09-25 08:18:10.706 31987 31987 I         : [OFP][0][INFO][oplus_get_doze_disable_time:3679]oplus_get_doze_disable_time=0
09-25 08:18:10.706 31987 31987 W [drm] [msm-dsi-warn]: dsi_display_check_status,time_gap=-571827054
09-25 08:18:10.707  7509  7509 E iostack : irqs = 16786071, self-block = 0
09-25 08:18:11.502 31987 31987 I         : [INFO]: OPLUS_CHG[MSG]([oplus_msg_queue_update][227]): battery: update, gp=5000 ms
09-25 08:18:11.503  5706  5706 I         : [INFO]: OPLUS_CHG[VOOC]([oplus_vooc_fastchg_allow_or_enable_check][1335]): temp:327, temp_range:5
09-25 08:18:11.503  6748  6748 I         : [INFO]: OPLUS_CHG[CHG_COMM]([oplus_comm_smooth_to_soc][3416]): soc[0 2 77 77 79 79] avg[1 1 0 0 0] fifo[79 79 79 79]
09-25 08:18:11.504  6748  6748 I         : [INFO]: OPLUS_CHG[MSG]([oplus_msg_queue_update_work][106]): battery: update delay: 0 ms, update interval: 61440 ms
09-25 08:18:11.530 32316 32316 I OPLUS_CHG[oplus_charge_info]: BATTERY[327 327 4146 4146 0 77 79 79 4128 5416 1 0x0 4474], CHARGE[4490 500 1 1], WIRED[1 109 4994 500 1 0x0 0 0 0 2 0], WIRELESS[0 0 0 0 0 0x0 0 0 0], VOOC[0 0 0 0 0x0], UFCS[0 0 0 0x0], COMMON[6 0 0 0x0 1 0 1 5416 100 0]
09-25 08:18:11.532  1558  1558 W healthd : battery l=79 v=4146 t=32.7 h=2 st=4 c=0 fc=6000000 cc=216 chg=u
09-25 08:18:11.532 32316 32316 I         : [INFO]: OPLUS_CHG[ADSP]([oplus_chg_8350_reg_dump][7390]): sm8450_st_dump: [chg_en=0, suspend=0, pd_svooc=0], subtype=0x01],[oplus_UsbCommCapable=0, oplus_pd_svooc=0, typec_mode=0, cid_status=0x01, usb_in_status=1],[0x2606=0x87, 0x2607=0x00, 0x2608=0x0a, 0x2609=0x02], [0x260a=0x05, 0x260b=0x59, 0x260c=0x00, 0x260d=0x18], [0x260e=0x00, 0x260f=0x01, 0x2610=0x00, 0x2640=0x01], [0x2641=0x02, 0x2642=0x05, 0x2646=0x00, 0x2650=0x03], [0x2706=0x0a, 0x2707=0x0a, 0x2708=0x0a, 0x2709=0x0a], [0x270b=0xe2, 0x270c=0x08, 0x2710=0x80, 0x280c=0x38], [0x2810=0x00, 0x2840=0x01, 0x287f=0x00, 0x2906=0x02], [0x2908=0x0f, 0x290a=0x11, 0x290b=0x01, 0x290c=0x01], [0x2910=0x11, 0x2944=0x80, 0x2950=0x02, 0x2951=0x01], [0x2952=0x0a, 0x2954=0x00, 0x2960=0xe0, 0x2b06=0x08], [0x2b07=0x00, 0x2b08=0x00, 0x2b09=0x63, 0x2b0a=0x39], [0x2b0b=0x29, 0x2b0c=0x00, 0x29a8=0x81, 0x29a9=0x83], [0x29aa=0x00, 0x2aa2=0x00, 0x2aa8=0x87, 0x2aa9=0x00], [0x2aaa=0x00],
09-25 08:18:15.826 32316 32316 I         : [OFP][0][INFO][oplus_get_doze_disable_time:3679]oplus_get_doze_disable_time=0
09-25 08:18:15.826 32316 32316 W [drm] [msm-dsi-warn]: dsi_display_check_status,time_gap=-566707081
09-25 08:18:15.862  5303  5303 W audit   : audit_lost=5534946 audit_rate_limit=5 audit_backlog_limit=64
09-25 08:18:15.862  5303  5303 E audit   : rate limit exceeded
09-25 08:18:16.624  7321  7321 I         : [INFO]: OPLUS_CHG[VOOC]([oplus_vooc_fastchg_allow_or_enable_check][1335]): temp:327, temp_range:5
09-25 08:18:16.625 31987 31987 I         : [INFO]: OPLUS_CHG[CHG_COMM]([oplus_comm_smooth_to_soc][3416]): soc[0 2 77 77 79 79] avg[2 1 0 0 0] fifo[79 79 79 79]
09-25 08:18:16.640  5706  5706 I OPLUS_CHG[oplus_charge_info]: BATTERY[327 327 4151 4151 0 77 79 79 4128 5416 1 0x0 4474], CHARGE[4490 500 1 1], WIRED[1 178 5009 500 1 0x0 0 0 0 2 0], WIRELESS[0 0 0 0 0 0x0 0 0 0], VOOC[0 0 0 0 0x0], UFCS[0 0 0 0x0], COMMON[6 0 0 0x0 1 0 1 5416 100 0]
09-25 08:18:16.642  5706  5706 I         : [INFO]: OPLUS_CHG[ADSP]([oplus_chg_8350_reg_dump][7390]): sm8450_st_dump: [chg_en=0, suspend=0, pd_svooc=0], subtype=0x01],[oplus_UsbCommCapable=0, oplus_pd_svooc=0, typec_mode=0, cid_status=0x01, usb_in_status=1],[0x2606=0x87, 0x2607=0x00, 0x2608=0x0a, 0x2609=0x02], [0x260a=0x05, 0x260b=0x59, 0x260c=0x00, 0x260d=0x18], [0x260e=0x00, 0x260f=0x01, 0x2610=0x00, 0x2640=0x01], [0x2641=0x02, 0x2642=0x05, 0x2646=0x00, 0x2650=0x03], [0x2706=0x0a, 0x2707=0x0a, 0x2708=0x0a, 0x2709=0x0a], [0x270b=0xe2, 0x270c=0x08, 0x2710=0x80, 0x280c=0x38], [0x2810=0x00, 0x2840=0x01, 0x287f=0x00, 0x2906=0x02], [0x2908=0x0f, 0x290a=0x11, 0x290b=0x01, 0x290c=0x01], [0x2910=0x11, 0x2944=0x80, 0x2950=0x02, 0x2951=0x01], [0x2952=0x0a, 0x2954=0x00, 0x2960=0xe0, 0x2b06=0x08], [0x2b07=0x00, 0x2b08=0x00, 0x2b09=0x63, 0x2b0a=0x39], [0x2b0b=0x29, 0x2b0c=0x00, 0x29a8=0x81, 0x29a9=0x83], [0x29aa=0x00, 0x2aa2=0x00, 0x2aa8=0x87, 0x2aa9=0x00], [0x2aaa=0x00],
09-25 08:18:20.946  5706  5706 I         : [OFP][0][INFO][oplus_get_doze_disable_time:3679]oplus_get_doze_disable_time=0
09-25 08:18:20.946  5706  5706 W [drm] [msm-dsi-warn]: dsi_display_check_status,time_gap=-561587117
09-25 08:18:20.946  7509  7509 E iostack : irqs = 16786102, self-block = 0
09-25 08:18:21.745 32316 32316 I         : [INFO]: OPLUS_CHG[VOOC]([oplus_vooc_fastchg_allow_or_enable_check][1335]): temp:327, temp_range:5
09-25 08:18:21.745 31987 31987 I         : [INFO]: OPLUS_CHG[CHG_COMM]([oplus_comm_smooth_to_soc][3416]): soc[0 2 77 77 79 79] avg[3 1 0 0 0] fifo[79 79 79 79]
09-25 08:18:21.762  6748  6748 I OPLUS_CHG[oplus_charge_info]: BATTERY[327 327 4154 4154 0 77 79 79 4128 5416 1 0x0 4474], CHARGE[4490 500 1 1], WIRED[1 172 5050 500 1 0x0 0 0 0 2 0], WIRELESS[0 0 0 0 0 0x0 0 0 0], VOOC[0 0 0 0 0x0], UFCS[0 0 0 0x0], COMMON[6 0 0 0x0 1 0 1 5416 100 0]
09-25 08:18:21.764  6748  6748 I         : [INFO]: OPLUS_CHG[ADSP]([oplus_chg_8350_reg_dump][7390]): sm8450_st_dump: [chg_en=0, suspend=0, pd_svooc=0], subtype=0x01],[oplus_UsbCommCapable=0, oplus_pd_svooc=0, typec_mode=0, cid_status=0x01, usb_in_status=1],[0x2606=0x87, 0x2607=0x00, 0x2608=0x0a, 0x2609=0x02], [0x260a=0x05, 0x260b=0x59, 0x260c=0x00, 0x260d=0x18], [0x260e=0x00, 0x260f=0x01, 0x2610=0x00, 0x2640=0x01], [0x2641=0x02, 0x2642=0x05, 0x2646=0x00, 0x2650=0x03], [0x2706=0x0a, 0x2707=0x0a, 0x2708=0x0a, 0x2709=0x0a], [0x270b=0xe2, 0x270c=0x08, 0x2710=0x80, 0x280c=0x38], [0x2810=0x00, 0x2840=0x01, 0x287f=0x00, 0x2906=0x02], [0x2908=0x0f, 0x290a=0x11, 0x290b=0x01, 0x290c=0x01], [0x2910=0x11, 0x2944=0x80, 0x2950=0x02, 0x2951=0x01], [0x2952=0x0a, 0x2954=0x00, 0x2960=0xe0, 0x2b06=0x08], [0x2b07=0x00, 0x2b08=0x00, 0x2b09=0x63, 0x2b0a=0x39], [0x2b0b=0x29, 0x2b0c=0x00, 0x29a8=0x81, 0x29a9=0x83], [0x29aa=0x00, 0x2aa2=0x00, 0x2aa8=0x87, 0x2aa9=0x00], [0x2aaa=0x00],
09-25 08:18:24.123  6535  6535 W audit   : audit_lost=5534948 audit_rate_limit=5 audit_backlog_limit=64
09-25 08:18:24.123  6535  6535 E audit   : rate limit exceeded
09-25 08:18:25.775  1558  1558 W healthd : battery l=79 v=4154 t=32.7 h=2 st=4 c=0 fc=6000000 cc=216 chg=u
09-25 08:18:26.066  6748  6748 I         : [OFP][0][INFO][oplus_get_doze_disable_time:3679]oplus_get_doze_disable_time=0
09-25 08:18:26.066  6748  6748 W [drm] [msm-dsi-warn]: dsi_display_check_status,time_gap=-556467116
09-25 08:18:26.414  5796  5796 E gsi soc : qcom,msm_gsi: gsi_stop_channel:3688 chan=1 busy try again
09-25 08:18:26.417  5796  5796 E gsi soc : qcom,msm_gsi: gsi_stop_channel:3688 chan=14 busy try again
09-25 08:18:26.862  5706  5706 I         : [INFO]: OPLUS_CHG[VOOC]([oplus_vooc_fastchg_allow_or_enable_check][1335]): temp:327, temp_range:5
09-25 08:18:26.862 31987 31987 I         : [INFO]: OPLUS_CHG[CHG_COMM]([oplus_comm_smooth_to_soc][3416]): soc[0 2 77 77 79 79] avg[0 1 0 0 0] fifo[79 79 79 79]
09-25 08:18:26.877  7321  7321 I OPLUS_CHG[oplus_charge_info]: BATTERY[327 327 4156 4156 0 77 79 79 4128 5416 1 0x0 4474], CHARGE[4490 500 1 1], WIRED[1 100 5020 500 1 0x0 0 0 0 2 0], WIRELESS[0 0 0 0 0 0x0 0 0 0], VOOC[0 0 0 0 0x0], UFCS[0 0 0 0x0], COMMON[6 0 0 0x0 1 0 1 5416 100 0]
09-25 08:18:26.879  7321  7321 I         : [INFO]: OPLUS_CHG[ADSP]([oplus_chg_8350_reg_dump][7390]): sm8450_st_dump: [chg_en=0, suspend=0, pd_svooc=0], subtype=0x01],[oplus_UsbCommCapable=0, oplus_pd_svooc=0, typec_mode=0, cid_status=0x01, usb_in_status=1],[0x2606=0x87, 0x2607=0x00, 0x2608=0x0a, 0x2609=0x02], [0x260a=0x05, 0x260b=0x59, 0x260c=0x00, 0x260d=0x18], [0x260e=0x00, 0x260f=0x01, 0x2610=0x00, 0x2640=0x01], [0x2641=0x02, 0x2642=0x05, 0x2646=0x00, 0x2650=0x03], [0x2706=0x0a, 0x2707=0x0a, 0x2708=0x0a, 0x2709=0x0a], [0x270b=0xe2, 0x270c=0x08, 0x2710=0x80, 0x280c=0x38], [0x2810=0x00, 0x2840=0x01, 0x287f=0x00, 0x2906=0x02], [0x2908=0x0f, 0x290a=0x11, 0x290b=0x01, 0x290c=0x01], [0x2910=0x11, 0x2944=0x80, 0x2950=0x02, 0x2951=0x01], [0x2952=0x0a, 0x2954=0x00, 0x2960=0xe0, 0x2b06=0x08], [0x2b07=0x00, 0x2b08=0x00, 0x2b09=0x63, 0x2b0a=0x39], [0x2b0b=0x29, 0x2b0c=0x00, 0x29a8=0x81, 0x29a9=0x83], [0x29aa=0x00, 0x2aa2=0x00, 0x2aa8=0x87, 0x2aa9=0x00], [0x2aaa=0x00],
09-25 08:18:31.186  7321  7321 I         : [OFP][0][INFO][oplus_get_doze_disable_time:3679]oplus_get_doze_disable_time=0
09-25 08:18:31.186  7321  7321 W [drm] [msm-dsi-warn]: dsi_display_check_status,time_gap=-551347232
09-25 08:18:31.186  7509  7509 E iostack : irqs = 16786105, self-block = 0
09-25 08:18:31.985  7534  7534 I         : [INFO]: OPLUS_CHG[VOOC]([oplus_vooc_fastchg_allow_or_enable_check][1335]): temp:327, temp_range:5
09-25 08:18:31.985  7535  7535 I         : [INFO]: OPLUS_CHG[CHG_COMM]([oplus_comm_smooth_to_soc][3416]): soc[0 2 77 77 79 79] avg[1 1 0 0 0] fifo[79 79 79 79]
09-25 08:18:31.998  7533  7533 I OPLUS_CHG[oplus_charge_info]: BATTERY[327 327 4158 4158 0 77 79 79 4128 5416 1 0x0 4474], CHARGE[4490 500 1 1], WIRED[1 112 4992 500 1 0x0 0 0 0 2 0], WIRELESS[0 0 0 0 0 0x0 0 0 0], VOOC[0 0 0 0 0x0], UFCS[0 0 0 0x0], COMMON[6 0 0 0x0 1 0 1 5416 100 0]
09-25 08:18:32.002  7533  7533 I         : [INFO]: OPLUS_CHG[ADSP]([oplus_chg_8350_reg_dump][7390]): sm8450_st_dump: [chg_en=0, suspend=0, pd_svooc=0], subtype=0x01],[oplus_UsbCommCapable=0, oplus_pd_svooc=0, typec_mode=0, cid_status=0x01, usb_in_status=1],[0x2606=0x87, 0x2607=0x00, 0x2608=0x0a, 0x2609=0x02], [0x260a=0x05, 0x260b=0x59, 0x260c=0x00, 0x260d=0x18], [0x260e=0x00, 0x260f=0x01, 0x2610=0x00, 0x2640=0x01], [0x2641=0x02, 0x2642=0x05, 0x2646=0x00, 0x2650=0x03], [0x2706=0x0a, 0x2707=0x0a, 0x2708=0x0a, 0x2709=0x0a], [0x270b=0xe2, 0x270c=0x08, 0x2710=0x80, 0x280c=0x38], [0x2810=0x00, 0x2840=0x01, 0x287f=0x00, 0x2906=0x02], [0x2908=0x0f, 0x290a=0x11, 0x290b=0x01, 0x290c=0x01], [0x2910=0x11, 0x2944=0x80, 0x2950=0x02, 0x2951=0x01], [0x2952=0x0a, 0x2954=0x00, 0x2960=0xe0, 0x2b06=0x08], [0x2b07=0x00, 0x2b08=0x00, 0x2b09=0x63, 0x2b0a=0x39], [0x2b0b=0x29, 0x2b0c=0x00, 0x29a8=0x81, 0x29a9=0x83], [0x29aa=0x00, 0x2aa2=0x00, 0x2aa8=0x87, 0x2aa9=0x00], [0x2aaa=0x00],
09-25 08:18:33.442  5303  5303 W audit   : audit_lost=5534950 audit_rate_limit=5 audit_backlog_limit=64
09-25 08:18:33.442  5303  5303 E audit   : rate limit exceeded
09-25 08:18:36.306  7321  7321 I         : [OFP][0][INFO][oplus_get_doze_disable_time:3679]oplus_get_doze_disable_time=0
09-25 08:18:36.306  7321  7321 W [drm] [msm-dsi-warn]: dsi_display_check_status,time_gap=-546226599
09-25 08:18:37.103  6748  6748 I         : [INFO]: OPLUS_CHG[VOOC]([oplus_vooc_fastchg_allow_or_enable_check][1335]): temp:327, temp_range:5
09-25 08:18:37.103 31987 31987 I         : [INFO]: OPLUS_CHG[CHG_COMM]([oplus_comm_smooth_to_soc][3416]): soc[0 2 77 77 79 79] avg[2 1 0 0 0] fifo[79 79 79 79]
09-25 08:18:37.121 32316 32316 I OPLUS_CHG[oplus_charge_info]: BATTERY[327 327 4159 4159 8 77 79 79 4128 5416 1 0x0 4474], CHARGE[4490 500 1 1], WIRED[1 150 5016 500 1 0x0 0 0 0 2 0], WIRELESS[0 0 0 0 0 0x0 0 0 0], VOOC[0 0 0 0 0x0], UFCS[0 0 0 0x0], COMMON[6 0 0 0x0 1 0 1 5416 100 0]
09-25 08:18:37.123 32316 32316 I         : [INFO]: OPLUS_CHG[ADSP]([oplus_chg_8350_reg_dump][7390]): sm8450_st_dump: [chg_en=0, suspend=0, pd_svooc=0], subtype=0x01],[oplus_UsbCommCapable=0, oplus_pd_svooc=0, typec_mode=0, cid_status=0x01, usb_in_status=1],[0x2606=0x87, 0x2607=0x00, 0x2608=0x0a, 0x2609=0x02], [0x260a=0x05, 0x260b=0x59, 0x260c=0x00, 0x260d=0x18], [0x260e=0x00, 0x260f=0x01, 0x2610=0x00, 0x2640=0x01], [0x2641=0x02, 0x2642=0x05, 0x2646=0x00, 0x2650=0x03], [0x2706=0x0a, 0x2707=0x0a, 0x2708=0x0a, 0x2709=0x0a], [0x270b=0xe2, 0x270c=0x08, 0x2710=0x80, 0x280c=0x38], [0x2810=0x00, 0x2840=0x01, 0x287f=0x00, 0x2906=0x02], [0x2908=0x0f, 0x290a=0x11, 0x290b=0x01, 0x290c=0x01], [0x2910=0x11, 0x2944=0x80, 0x2950=0x02, 0x2951=0x01], [0x2952=0x0a, 0x2954=0x00, 0x2960=0xe0, 0x2b06=0x08], [0x2b07=0x00, 0x2b08=0x00, 0x2b09=0x63, 0x2b0a=0x39], [0x2b0b=0x29, 0x2b0c=0x00, 0x29a8=0x81, 0x29a9=0x83], [0x29aa=0x00, 0x2aa2=0x00, 0x2aa8=0x87, 0x2aa9=0x00], [0x2aaa=0x00],
09-25 08:18:41.426 32316 32316 I         : [OFP][0][INFO][oplus_get_doze_disable_time:3679]oplus_get_doze_disable_time=0
09-25 08:18:41.426 32316 32316 W [drm] [msm-dsi-warn]: dsi_display_check_status,time_gap=-541106944
09-25 08:18:41.426  7509  7509 E iostack : irqs = 16786128, self-block = 0
09-25 08:18:42.223  7321  7321 I         : [INFO]: OPLUS_CHG[VOOC]([oplus_vooc_fastchg_allow_or_enable_check][1335]): temp:327, temp_range:5
09-25 08:18:42.223 31987 31987 I         : [INFO]: OPLUS_CHG[CHG_COMM]([oplus_comm_smooth_to_soc][3416]): soc[0 2 77 77 79 79] avg[3 1 0 0 0] fifo[79 79 79 79]
09-25 08:18:42.238  5706  5706 I OPLUS_CHG[oplus_charge_info]: BATTERY[328 327 4160 4160 0 77 79 79 4128 5416 1 0x0 4474], CHARGE[4490 500 1 1], WIRED[1 125 5004 500 1 0x0 0 0 0 2 0], WIRELESS[0 0 0 0 0 0x0 0 0 0], VOOC[0 0 0 0 0x0], UFCS[0 0 0 0x0], COMMON[6 0 0 0x0 1 0 1 5416 100 0]
09-25 08:18:42.240  5706  5706 I         : [INFO]: OPLUS_CHG[ADSP]([oplus_chg_8350_reg_dump][7390]): sm8450_st_dump: [chg_en=0, suspend=0, pd_svooc=0], subtype=0x01],[oplus_UsbCommCapable=0, oplus_pd_svooc=0, typec_mode=0, cid_status=0x01, usb_in_status=1],[0x2606=0x87, 0x2607=0x00, 0x2608=0x0a, 0x2609=0x02], [0x260a=0x05, 0x260b=0x59, 0x260c=0x00, 0x260d=0x18], [0x260e=0x00, 0x260f=0x01, 0x2610=0x00, 0x2640=0x01], [0x2641=0x02, 0x2642=0x05, 0x2646=0x00, 0x2650=0x03], [0x2706=0x0a, 0x2707=0x0a, 0x2708=0x0a, 0x2709=0x0a], [0x270b=0xe2, 0x270c=0x08, 0x2710=0x80, 0x280c=0x38], [0x2810=0x00, 0x2840=0x01, 0x287f=0x00, 0x2906=0x02], [0x2908=0x0f, 0x290a=0x11, 0x290b=0x01, 0x290c=0x01], [0x2910=0x11, 0x2944=0x80, 0x2950=0x02, 0x2951=0x01], [0x2952=0x0a, 0x2954=0x00, 0x2960=0xe0, 0x2b06=0x08], [0x2b07=0x00, 0x2b08=0x00, 0x2b09=0x63, 0x2b0a=0x39], [0x2b0b=0x29, 0x2b0c=0x00, 0x29a8=0x81, 0x29a9=0x83], [0x29aa=0x00, 0x2aa2=0x00, 0x2aa8=0x87, 0x2aa9=0x00], [0x2aaa=0x00],
09-25 08:18:46.418   508   508 E gsi soc : qcom,msm_gsi: gsi_stop_channel:3688 chan=1 busy try again
09-25 08:18:46.421   508   508 E gsi soc : qcom,msm_gsi: gsi_stop_channel:3688 chan=14 busy try again
09-25 08:18:46.546  5706  5706 I         : [OFP][0][INFO][oplus_get_doze_disable_time:3679]oplus_get_doze_disable_time=0
09-25 08:18:46.546  5706  5706 W [drm] [msm-dsi-warn]: dsi_display_check_status,time_gap=-535987165
09-25 08:18:47.344 32316 32316 I         : [INFO]: OPLUS_CHG[VOOC]([oplus_vooc_fastchg_allow_or_enable_check][1335]): temp:328, temp_range:5
09-25 08:18:47.345 31987 31987 I         : [INFO]: OPLUS_CHG[CHG_COMM]([oplus_comm_smooth_to_soc][3416]): soc[0 2 77 77 79 79] avg[0 1 0 0 0] fifo[79 79 79 79]
09-25 08:18:47.360  6748  6748 I OPLUS_CHG[oplus_charge_info]: BATTERY[328 328 4161 4161 0 77 79 79 4128 5416 1 0x0 4474], CHARGE[4490 500 1 1], WIRED[1 87 5018 500 1 0x0 0 0 0 2 0], WIRELESS[0 0 0 0 0 0x0 0 0 0], VOOC[0 0 0 0 0x0], UFCS[0 0 0 0x0], COMMON[6 0 0 0x0 1 0 1 5416 100 0]
09-25 08:18:47.362  6748  6748 I         : [INFO]: OPLUS_CHG[ADSP]([oplus_chg_8350_reg_dump][7390]): sm8450_st_dump: [chg_en=0, suspend=0, pd_svooc=0], subtype=0x01],[oplus_UsbCommCapable=0, oplus_pd_svooc=0, typec_mode=0, cid_status=0x01, usb_in_status=1],[0x2606=0x87, 0x2607=0x00, 0x2608=0x0a, 0x2609=0x02], [0x260a=0x05, 0x260b=0x59, 0x260c=0x00, 0x260d=0x18], [0x260e=0x00, 0x260f=0x01, 0x2610=0x00, 0x2640=0x01], [0x2641=0x02, 0x2642=0x05, 0x2646=0x00, 0x2650=0x03], [0x2706=0x0a, 0x2707=0x0a, 0x2708=0x0a, 0x2709=0x0a], [0x270b=0xe2, 0x270c=0x08, 0x2710=0x80, 0x280c=0x38], [0x2810=0x00, 0x2840=0x01, 0x287f=0x00, 0x2906=0x02], [0x2908=0x0f, 0x290a=0x11, 0x290b=0x01, 0x290c=0x01], [0x2910=0x11, 0x2944=0x80, 0x2950=0x02, 0x2951=0x01], [0x2952=0x0a, 0x2954=0x00, 0x2960=0xe0, 0x2b06=0x08], [0x2b07=0x00, 0x2b08=0x00, 0x2b09=0x63, 0x2b0a=0x39], [0x2b0b=0x29, 0x2b0c=0x00, 0x29a8=0x81, 0x29a9=0x83], [0x29aa=0x00, 0x2aa2=0x00, 0x2aa8=0x87, 0x2aa9=0x00], [0x2aaa=0x00],
09-25 08:18:51.666  7509  7509 E iostack : irqs = 16786131, self-block = 0
09-25 08:18:51.666  6748  6748 I         : [OFP][0][INFO][oplus_get_doze_disable_time:3679]oplus_get_doze_disable_time=0
09-25 08:18:51.666  6748  6748 W [drm] [msm-dsi-warn]: dsi_display_check_status,time_gap=-530866564
09-25 08:18:52.463  5706  5706 I         : [INFO]: OPLUS_CHG[VOOC]([oplus_vooc_fastchg_allow_or_enable_check][1335]): temp:328, temp_range:5
09-25 08:18:52.463 31987 31987 I         : [INFO]: OPLUS_CHG[CHG_COMM]([oplus_comm_smooth_to_soc][3416]): soc[0 2 77 77 79 79] avg[1 1 0 0 0] fifo[79 79 79 79]
09-25 08:18:52.477  7321  7321 I OPLUS_CHG[oplus_charge_info]: BATTERY[328 328 4161 4161 0 77 79 79 4128 5416 1 0x0 4474], CHARGE[4490 500 1 1], WIRED[1 147 5025 500 1 0x0 0 0 0 2 0], WIRELESS[0 0 0 0 0 0x0 0 0 0], VOOC[0 0 0 0 0x0], UFCS[0 0 0 0x0], COMMON[6 0 0 0x0 1 0 1 5416 100 0]
09-25 08:18:52.480  7321  7321 I         : [INFO]: OPLUS_CHG[ADSP]([oplus_chg_8350_reg_dump][7390]): sm8450_st_dump: [chg_en=0, suspend=0, pd_svooc=0], subtype=0x01],[oplus_UsbCommCapable=0, oplus_pd_svooc=0, typec_mode=0, cid_status=0x01, usb_in_status=1],[0x2606=0x87, 0x2607=0x00, 0x2608=0x0a, 0x2609=0x02], [0x260a=0x05, 0x260b=0x59, 0x260c=0x00, 0x260d=0x18], [0x260e=0x00, 0x260f=0x01, 0x2610=0x00, 0x2640=0x01], [0x2641=0x02, 0x2642=0x05, 0x2646=0x00, 0x2650=0x03], [0x2706=0x0a, 0x2707=0x0a, 0x2708=0x0a, 0x2709=0x0a], [0x270b=0xe2, 0x270c=0x08, 0x2710=0x80, 0x280c=0x38], [0x2810=0x00, 0x2840=0x01, 0x287f=0x00, 0x2906=0x02], [0x2908=0x0f, 0x290a=0x11, 0x290b=0x01, 0x290c=0x01], [0x2910=0x11, 0x2944=0x80, 0x2950=0x02, 0x2951=0x01], [0x2952=0x0a, 0x2954=0x00, 0x2960=0xe0, 0x2b06=0x08], [0x2b07=0x00, 0x2b08=0x00, 0x2b09=0x63, 0x2b0a=0x39], [0x2b0b=0x29, 0x2b0c=0x00, 0x29a8=0x81, 0x29a9=0x83], [0x29aa=0x00, 0x2aa2=0x00, 0x2aa8=0x87, 0x2aa9=0x00], [0x2aaa=0x00],
09-25 08:18:55.226   950   950 I logd    : logdr: UID=2000 GID=2000 PID=7537 b tail=20 logMask=99 pid=0 start=0ns deadline=0ns
09-25 08:18:56.786  7321  7321 I         : [OFP][0][INFO][oplus_get_doze_disable_time:3679]oplus_get_doze_disable_time=0
09-25 08:18:56.786  7321  7321 W [drm] [msm-dsi-warn]: dsi_display_check_status,time_gap=-525747085
09-25 08:18:57.584  6748  6748 I         : [INFO]: OPLUS_CHG[VOOC]([oplus_vooc_fastchg_allow_or_enable_check][1335]): temp:328, temp_range:5
09-25 08:18:57.584 31987 31987 I         : [INFO]: OPLUS_CHG[CHG_COMM]([oplus_comm_smooth_to_soc][3416]): soc[0 2 77 77 79 79] avg[2 1 0 0 0] fifo[79 79 79 79]
09-25 08:18:57.602 32316 32316 I OPLUS_CHG[oplus_charge_info]: BATTERY[328 328 4162 4162 7 77 79 79 4128 5416 1 0x0 4474], CHARGE[4490 500 1 1], WIRED[1 181 4980 500 1 0x0 0 0 0 2 0], WIRELESS[0 0 0 0 0 0x0 0 0 0], VOOC[0 0 0 0 0x0], UFCS[0 0 0 0x0], COMMON[6 0 0 0x0 1 0 1 5416 100 0]
09-25 08:18:57.605 32316 32316 I         : [INFO]: OPLUS_CHG[ADSP]([oplus_chg_8350_reg_dump][7390]): sm8450_st_dump: [chg_en=0, suspend=0, pd_svooc=0], subtype=0x01],[oplus_UsbCommCapable=0, oplus_pd_svooc=0, typec_mode=0, cid_status=0x01, usb_in_status=1],[0x2606=0x87, 0x2607=0x00, 0x2608=0x0a, 0x2609=0x02], [0x260a=0x05, 0x260b=0x59, 0x260c=0x00, 0x260d=0x18], [0x260e=0x00, 0x260f=0x01, 0x2610=0x00, 0x2640=0x01], [0x2641=0x02, 0x2642=0x05, 0x2646=0x00, 0x2650=0x03], [0x2706=0x0a, 0x2707=0x0a, 0x2708=0x0a, 0x2709=0x0a], [0x270b=0xe2, 0x270c=0x08, 0x2710=0x80, 0x280c=0x38], [0x2810=0x00, 0x2840=0x01, 0x287f=0x00, 0x2906=0x02], [0x2908=0x0f, 0x290a=0x11, 0x290b=0x01, 0x290c=0x01], [0x2910=0x11, 0x2944=0x80, 0x2950=0x02, 0x2951=0x01], [0x2952=0x0a, 0x2954=0x00, 0x2960=0xe0, 0x2b06=0x08], [0x2b07=0x00, 0x2b08=0x00, 0x2b09=0x63, 0x2b0a=0x39], [0x2b0b=0x29, 0x2b0c=0x00, 0x29a8=0x81, 0x29a9=0x83], [0x29aa=0x00, 0x2aa2=0x00, 0x2aa8=0x87, 0x2aa9=0x00], [0x2aaa=0x00],
09-25 08:19:01.906 32316 32316 I         : [OFP][0][INFO][oplus_get_doze_disable_time:3679]oplus_get_doze_disable_time=0
09-25 08:19:01.906 32316 32316 W [drm] [msm-dsi-warn]: dsi_display_check_status,time_gap=-520627151
09-25 08:19:01.907  7509  7509 E iostack : irqs = 16786134, self-block = 0
09-25 08:19:02.680  6009  6009 I [kworke][0xfffbfc09116][02:49:15.498329] wlan: [6009:I:PMO] pmo_core_psoc_send_host_wakeup_ind_to_fw: Host wakeup indication sent to fw
09-25 08:19:02.703  7321  7321 I         : [INFO]: OPLUS_CHG[VOOC]([oplus_vooc_fastchg_allow_or_enable_check][1335]): temp:328, temp_range:5
09-25 08:19:02.703 31987 31987 I         : [INFO]: OPLUS_CHG[CHG_COMM]([oplus_comm_smooth_to_soc][3416]): soc[0 2 77 77 79 79] avg[3 1 0 0 0] fifo[79 79 79 79]
09-25 08:19:02.718  5706  5706 I OPLUS_CHG[oplus_charge_info]: BATTERY[328 328 4162 4162 0 77 79 79 4128 5416 1 0x0 4474], CHARGE[4490 500 1 1], WIRED[1 147 4965 500 1 0x0 0 0 0 2 0], WIRELESS[0 0 0 0 0 0x0 0 0 0], VOOC[0 0 0 0 0x0], UFCS[0 0 0 0x0], COMMON[6 0 0 0x0 1 0 1 5416 100 0]
09-25 08:19:02.722  5706  5706 I         : [INFO]: OPLUS_CHG[ADSP]([oplus_chg_8350_reg_dump][7390]): sm8450_st_dump: [chg_en=0, suspend=0, pd_svooc=0], subtype=0x01],[oplus_UsbCommCapable=0, oplus_pd_svooc=0, typec_mode=0, cid_status=0x01, usb_in_status=1],[0x2606=0x87, 0x2607=0x00, 0x2608=0x0a, 0x2609=0x02], [0x260a=0x05, 0x260b=0x59, 0x260c=0x00, 0x260d=0x18], [0x260e=0x00, 0x260f=0x01, 0x2610=0x00, 0x2640=0x01], [0x2641=0x02, 0x2642=0x05, 0x2646=0x00, 0x2650=0x03], [0x2706=0x0a, 0x2707=0x0a, 0x2708=0x0a, 0x2709=0x0a], [0x270b=0xe2, 0x270c=0x08, 0x2710=0x80, 0x280c=0x38], [0x2810=0x00, 0x2840=0x01, 0x287f=0x00, 0x2906=0x02], [0x2908=0x0f, 0x290a=0x11, 0x290b=0x01, 0x290c=0x01], [0x2910=0x11, 0x2944=0x80, 0x2950=0x02, 0x2951=0x01], [0x2952=0x0a, 0x2954=0x00, 0x2960=0xe0, 0x2b06=0x08], [0x2b07=0x00, 0x2b08=0x00, 0x2b09=0x63, 0x2b0a=0x39], [0x2b0b=0x29, 0x2b0c=0x00, 0x29a8=0x81, 0x29a9=0x83], [0x29aa=0x00, 0x2aa2=0x00, 0x2aa8=0x87, 0x2aa9=0x00], [0x2aaa=0x00],
09-25 08:19:03.319  7551  7551 I [kworke][0xfffc07ba83e][02:49:16.136931] wlan: [7551:I:PMO] pmo_core_enable_wow_in_fw: drv wow is enabled
09-25 08:19:06.422  5796  5796 E gsi soc : qcom,msm_gsi: gsi_stop_channel:3688 chan=1 busy try again
09-25 08:19:06.424  5796  5796 E gsi soc : qcom,msm_gsi: gsi_stop_channel:3688 chan=14 busy try again
09-25 08:19:06.899   950   950 I logd    : logdr: UID=2000 GID=2000 PID=7556 b tail=20 logMask=99 pid=0 start=0ns deadline=0ns
09-25 08:19:07.025  5706  5706 I         : [OFP][0][INFO][oplus_get_doze_disable_time:3679]oplus_get_doze_disable_time=0
09-25 08:19:07.026  5706  5706 W [drm] [msm-dsi-warn]: dsi_display_check_status,time_gap=-515507289
09-25 08:19:07.823  7568  7568 I         : [INFO]: OPLUS_CHG[VOOC]([oplus_vooc_fastchg_allow_or_enable_check][1335]): temp:328, temp_range:5
09-25 08:19:07.823  7569  7569 I         : [INFO]: OPLUS_CHG[CHG_COMM]([oplus_comm_smooth_to_soc][3416]): soc[0 2 77 77 79 79] avg[0 1 0 0 0] fifo[79 79 79 79]
09-25 08:19:07.836  7567  7567 I OPLUS_CHG[oplus_charge_info]: BATTERY[328 328 4163 4163 0 77 79 79 4128 5416 1 0x0 4474], CHARGE[4490 500 1 1], WIRED[1 347 4972 500 1 0x0 0 0 0 2 0], WIRELESS[0 0 0 0 0 0x0 0 0 0], VOOC[0 0 0 0 0x0], UFCS[0 0 0 0x0], COMMON[6 0 0 0x0 1 0 1 5416 100 0]
09-25 08:19:07.838  7567  7567 I         : [INFO]: OPLUS_CHG[ADSP]([oplus_chg_8350_reg_dump][7390]): sm8450_st_dump: [chg_en=0, suspend=0, pd_svooc=0], subtype=0x01],[oplus_UsbCommCapable=0, oplus_pd_svooc=0, typec_mode=0, cid_status=0x01, usb_in_status=1],[0x2606=0x87, 0x2607=0x00, 0x2608=0x0a, 0x2609=0x02], [0x260a=0x05, 0x260b=0x59, 0x260c=0x00, 0x260d=0x18], [0x260e=0x00, 0x260f=0x01, 0x2610=0x00, 0x2640=0x01], [0x2641=0x02, 0x2642=0x05, 0x2646=0x00, 0x2650=0x03], [0x2706=0x0a, 0x2707=0x0a, 0x2708=0x0a, 0x2709=0x0a], [0x270b=0xe2, 0x270c=0x08, 0x2710=0x80, 0x280c=0x38], [0x2810=0x00, 0x2840=0x01, 0x287f=0x00, 0x2906=0x02], [0x2908=0x0f, 0x290a=0x11, 0x290b=0x01, 0x290c=0x01], [0x2910=0x11, 0x2944=0x80, 0x2950=0x02, 0x2951=0x01], [0x2952=0x0a, 0x2954=0x00, 0x2960=0xe0, 0x2b06=0x08], [0x2b07=0x00, 0x2b08=0x00, 0x2b09=0x63, 0x2b0a=0x39], [0x2b0b=0x29, 0x2b0c=0x00, 0x29a8=0x81, 0x29a9=0x83], [0x29aa=0x00, 0x2aa2=0x00, 0x2aa8=0x87, 0x2aa9=0x00], [0x2aaa=0x00],
09-25 08:19:12.146  5706  5706 I         : [OFP][0][INFO][oplus_get_doze_disable_time:3679]oplus_get_doze_disable_time=0
09-25 08:19:12.146  5706  5706 W [drm] [msm-dsi-warn]: dsi_display_check_status,time_gap=-510387148
09-25 08:19:12.146  7509  7509 E iostack : irqs = 16786149, self-block = 0
09-25 08:19:12.941  5706  5706 I         : [INFO]: OPLUS_CHG[MSG]([oplus_msg_queue_update][227]): battery: update, gp=5000 ms
09-25 08:19:12.941 32316 32316 I         : [INFO]: OPLUS_CHG[VOOC]([oplus_vooc_fastchg_allow_or_enable_check][1335]): temp:328, temp_range:5
09-25 08:19:12.941 31987 31987 I         : [INFO]: OPLUS_CHG[CHG_COMM]([oplus_comm_smooth_to_soc][3416]): soc[0 2 77 77 79 79] avg[1 1 0 0 0] fifo[79 79 79 79]
09-25 08:19:12.942 31987 31987 I         : [INFO]: OPLUS_CHG[MSG]([oplus_msg_queue_update_work][106]): battery: update delay: 4 ms, update interval: 61440 ms
09-25 08:19:12.963  6748  6748 I OPLUS_CHG[oplus_charge_info]: BATTERY[328 328 4163 4163 0 77 79 79 4128 5416 1 0x0 4474], CHARGE[4490 500 1 1], WIRED[1 134 5026 500 1 0x0 0 0 0 2 0], WIRELESS[0 0 0 0 0 0x0 0 0 0], VOOC[0 0 0 0 0x0], UFCS[0 0 0 0x0], COMMON[6 0 0 0x0 1 0 1 5416 100 0]
09-25 08:19:12.965  6748  6748 I         : [INFO]: OPLUS_CHG[ADSP]([oplus_chg_8350_reg_dump][7390]): sm8450_st_dump: [chg_en=0, suspend=0, pd_svooc=0], subtype=0x01],[oplus_UsbCommCapable=0, oplus_pd_svooc=0, typec_mode=0, cid_status=0x01, usb_in_status=1],[0x2606=0x87, 0x2607=0x00, 0x2608=0x0a, 0x2609=0x02], [0x260a=0x05, 0x260b=0x59, 0x260c=0x00, 0x260d=0x18], [0x260e=0x00, 0x260f=0x01, 0x2610=0x00, 0x2640=0x01], [0x2641=0x02, 0x2642=0x05, 0x2646=0x00, 0x2650=0x03], [0x2706=0x0a, 0x2707=0x0a, 0x2708=0x0a, 0x2709=0x0a], [0x270b=0xe2, 0x270c=0x08, 0x2710=0x80, 0x280c=0x38], [0x2810=0x00, 0x2840=0x01, 0x287f=0x00, 0x2906=0x02], [0x2908=0x0f, 0x290a=0x11, 0x290b=0x01, 0x290c=0x01], [0x2910=0x11, 0x2944=0x80, 0x2950=0x02, 0x2951=0x01], [0x2952=0x0a, 0x2954=0x00, 0x2960=0xe0, 0x2b06=0x08], [0x2b07=0x00, 0x2b08=0x00, 0x2b09=0x63, 0x2b0a=0x39], [0x2b0b=0x29, 0x2b0c=0x00, 0x29a8=0x81, 0x29a9=0x83], [0x29aa=0x00, 0x2aa2=0x00, 0x2aa8=0x87, 0x2aa9=0x00], [0x2aaa=0x00],
09-25 08:19:12.967  1558  1558 W healthd : battery l=79 v=4163 t=32.8 h=2 st=4 c=0 fc=6000000 cc=216 chg=u
09-25 08:19:16.117   950   950 I logd    : logdr: UID=2000 GID=2000 PID=7577 b tail=20 logMask=99 pid=0 start=0ns deadline=0ns
09-25 08:19:17.266  6748  6748 I         : [OFP][0][INFO][oplus_get_doze_disable_time:3679]oplus_get_doze_disable_time=0
09-25 08:19:17.266  6748  6748 W [drm] [msm-dsi-warn]: dsi_display_check_status,time_gap=-505267186
09-25 08:19:18.064  7321  7321 I         : [INFO]: OPLUS_CHG[VOOC]([oplus_vooc_fastchg_allow_or_enable_check][1335]): temp:328, temp_range:5
09-25 08:19:18.064  5706  5706 I         : [INFO]: OPLUS_CHG[CHG_COMM]([oplus_comm_smooth_to_soc][3416]): soc[0 2 77 77 79 79] avg[2 1 0 0 0] fifo[79 79 79 79]
09-25 08:19:18.078 32316 32316 I OPLUS_CHG[oplus_charge_info]: BATTERY[328 328 4163 4163 0 77 79 79 4128 5416 1 0x0 4474], CHARGE[4490 500 1 1], WIRED[1 81 5007 500 1 0x0 0 0 0 2 0], WIRELESS[0 0 0 0 0 0x0 0 0 0], VOOC[0 0 0 0 0x0], UFCS[0 0 0 0x0], COMMON[6 0 0 0x0 1 0 1 5416 100 0]
09-25 08:19:18.084 32316 32316 I         : [INFO]: OPLUS_CHG[ADSP]([oplus_chg_8350_reg_dump][7390]): sm8450_st_dump: [chg_en=0, suspend=0, pd_svooc=0], subtype=0x01],[oplus_UsbCommCapable=0, oplus_pd_svooc=0, typec_mode=0, cid_status=0x01, usb_in_status=1],[0x2606=0x87, 0x2607=0x00, 0x2608=0x0a, 0x2609=0x02], [0x260a=0x05, 0x260b=0x59, 0x260c=0x00, 0x260d=0x18], [0x260e=0x00, 0x260f=0x01, 0x2610=0x00, 0x2640=0x01], [0x2641=0x02, 0x2642=0x05, 0x2646=0x00, 0x2650=0x03], [0x2706=0x0a, 0x2707=0x0a, 0x2708=0x0a, 0x2709=0x0a], [0x270b=0xe2, 0x270c=0x08, 0x2710=0x80, 0x280c=0x38], [0x2810=0x00, 0x2840=0x01, 0x287f=0x00, 0x2906=0x02], [0x2908=0x0f, 0x290a=0x11, 0x290b=0x01, 0x290c=0x01], [0x2910=0x11, 0x2944=0x80, 0x2950=0x02, 0x2951=0x01], [0x2952=0x0a, 0x2954=0x00, 0x2960=0xe0, 0x2b06=0x08], [0x2b07=0x00, 0x2b08=0x00, 0x2b09=0x63, 0x2b0a=0x39], [0x2b0b=0x29, 0x2b0c=0x00, 0x29a8=0x81, 0x29a9=0x83], [0x29aa=0x00, 0x2aa2=0x00, 0x2aa8=0x87, 0x2aa9=0x00], [0x2aaa=0x00],
09-25 08:19:22.386 32316 32316 I         : [OFP][0][INFO][oplus_get_doze_disable_time:3679]oplus_get_doze_disable_time=0
09-25 08:19:22.386 32316 32316 W [drm] [msm-dsi-warn]: dsi_display_check_status,time_gap=-500146982
09-25 08:19:22.387  7509  7509 E iostack : irqs = 16786167, self-block = 0
09-25 08:19:23.183  6748  6748 I         : [INFO]: OPLUS_CHG[VOOC]([oplus_vooc_fastchg_allow_or_enable_check][1335]): temp:328, temp_range:5
09-25 08:19:23.183  5706  5706 I         : [INFO]: OPLUS_CHG[CHG_COMM]([oplus_comm_smooth_to_soc][3416]): soc[0 2 77 77 79 79] avg[3 1 0 0 0] fifo[79 79 79 79]
09-25 08:19:23.197 31987 31987 I OPLUS_CHG[oplus_charge_info]: BATTERY[329 328 4163 4163 0 77 79 79 4128 5416 1 0x0 4474], CHARGE[4490 500 1 1], WIRED[1 131 4992 500 1 0x0 0 0 0 2 0], WIRELESS[0 0 0 0 0 0x0 0 0 0], VOOC[0 0 0 0 0x0], UFCS[0 0 0 0x0], COMMON[6 0 0 0x0 1 0 1 5416 100 0]
09-25 08:19:23.200 31987 31987 I         : [INFO]: OPLUS_CHG[ADSP]([oplus_chg_8350_reg_dump][7390]): sm8450_st_dump: [chg_en=0, suspend=0, pd_svooc=0], subtype=0x01],[oplus_UsbCommCapable=0, oplus_pd_svooc=0, typec_mode=0, cid_status=0x01, usb_in_status=1],[0x2606=0x87, 0x2607=0x00, 0x2608=0x0a, 0x2609=0x02], [0x260a=0x05, 0x260b=0x59, 0x260c=0x00, 0x260d=0x18], [0x260e=0x00, 0x260f=0x01, 0x2610=0x00, 0x2640=0x01], [0x2641=0x02, 0x2642=0x05, 0x2646=0x00, 0x2650=0x03], [0x2706=0x0a, 0x2707=0x0a, 0x2708=0x0a, 0x2709=0x0a], [0x270b=0xe2, 0x270c=0x08, 0x2710=0x80, 0x280c=0x38], [0x2810=0x00, 0x2840=0x01, 0x287f=0x00, 0x2906=0x02], [0x2908=0x0f, 0x290a=0x11, 0x290b=0x01, 0x290c=0x01], [0x2910=0x11, 0x2944=0x80, 0x2950=0x02, 0x2951=0x01], [0x2952=0x0a, 0x2954=0x00, 0x2960=0xe0, 0x2b06=0x08], [0x2b07=0x00, 0x2b08=0x00, 0x2b09=0x63, 0x2b0a=0x39], [0x2b0b=0x29, 0x2b0c=0x00, 0x29a8=0x81, 0x29a9=0x83], [0x29aa=0x00, 0x2aa2=0x00, 0x2aa8=0x87, 0x2aa9=0x00], [0x2aaa=0x00],
09-25 08:19:25.301   950   950 I logd    : logdr: UID=2000 GID=2000 PID=7594 b tail=20 logMask=99 pid=0 start=0ns deadline=0ns
09-25 08:19:25.775  1558  1558 W healthd : battery l=79 v=4163 t=32.9 h=2 st=4 c=0 fc=6000000 cc=216 chg=u
09-25 08:19:26.424   508   508 E gsi soc : qcom,msm_gsi: gsi_stop_channel:3688 chan=1 busy try again
09-25 08:19:26.427   508   508 E gsi soc : qcom,msm_gsi: gsi_stop_channel:3688 chan=14 busy try again
09-25 08:19:27.506 31987 31987 I         : [OFP][0][INFO][oplus_get_doze_disable_time:3679]oplus_get_doze_disable_time=0
09-25 08:19:27.506 31987 31987 W [drm] [msm-dsi-warn]: dsi_display_check_status,time_gap=-495027121
09-25 08:19:28.306 32316 32316 I         : [INFO]: OPLUS_CHG[VOOC]([oplus_vooc_fastchg_allow_or_enable_check][1335]): temp:329, temp_range:5
09-25 08:19:28.306  5706  5706 I         : [INFO]: OPLUS_CHG[CHG_COMM]([oplus_comm_smooth_to_soc][3416]): soc[0 2 77 77 79 79] avg[0 1 0 0 0] fifo[79 79 79 79]
09-25 08:19:28.321  7321  7321 I OPLUS_CHG[oplus_charge_info]: BATTERY[329 329 4163 4163 0 77 79 79 4128 5416 1 0x0 4474], CHARGE[4490 500 1 1], WIRED[1 222 4966 500 1 0x0 0 0 0 2 0], WIRELESS[0 0 0 0 0 0x0 0 0 0], VOOC[0 0 0 0 0x0], UFCS[0 0 0 0x0], COMMON[6 0 0 0x0 1 0 1 5416 100 0]
09-25 08:19:28.323  7321  7321 I         : [INFO]: OPLUS_CHG[ADSP]([oplus_chg_8350_reg_dump][7390]): sm8450_st_dump: [chg_en=0, suspend=0, pd_svooc=0], subtype=0x01],[oplus_UsbCommCapable=0, oplus_pd_svooc=0, typec_mode=0, cid_status=0x01, usb_in_status=1],[0x2606=0x87, 0x2607=0x00, 0x2608=0x0a, 0x2609=0x02], [0x260a=0x05, 0x260b=0x59, 0x260c=0x00, 0x260d=0x18], [0x260e=0x00, 0x260f=0x01, 0x2610=0x00, 0x2640=0x01], [0x2641=0x02, 0x2642=0x05, 0x2646=0x00, 0x2650=0x03], [0x2706=0x0a, 0x2707=0x0a, 0x2708=0x0a, 0x2709=0x0a], [0x270b=0xe2, 0x270c=0x08, 0x2710=0x80, 0x280c=0x38], [0x2810=0x00, 0x2840=0x01, 0x287f=0x00, 0x2906=0x02], [0x2908=0x0f, 0x290a=0x11, 0x290b=0x01, 0x290c=0x01], [0x2910=0x11, 0x2944=0x80, 0x2950=0x02, 0x2951=0x01], [0x2952=0x0a, 0x2954=0x00, 0x2960=0xe0, 0x2b06=0x08], [0x2b07=0x00, 0x2b08=0x00, 0x2b09=0x63, 0x2b0a=0x39], [0x2b0b=0x29, 0x2b0c=0x00, 0x29a8=0x81, 0x29a9=0x83], [0x29aa=0x00, 0x2aa2=0x00, 0x2aa8=0x87, 0x2aa9=0x00], [0x2aaa=0x00],
09-25 08:19:29.300  2086  2086 I         : [INFO]: OPLUS_CHG[ADSP]([smbchg_lcm_en][5786]): set lcm to 0
09-25 08:19:29.300  2086  2086 I         : [INFO]: OPLUS_CHG[ADSP]([lcm_frequency_ctrl][5827]):  lcm_en_flag:3
09-25 08:19:32.626  7321  7321 I         : [OFP][0][INFO][oplus_get_doze_disable_time:3679]oplus_get_doze_disable_time=0
09-25 08:19:32.626  7321  7321 W [drm] [msm-dsi-warn]: dsi_display_check_status,time_gap=-489907182
09-25 08:19:32.627  7509  7509 E iostack : irqs = 16786169, self-block = 0
09-25 08:19:33.422  5778  5778 I         : [INFO]: OPLUS_CHG[VOOC]([oplus_vooc_fastchg_allow_or_enable_check][1335]): temp:329, temp_range:5
09-25 08:19:33.422  7350  7350 I         : [INFO]: OPLUS_CHG[CHG_COMM]([oplus_comm_smooth_to_soc][3416]): soc[0 2 77 77 79 79] avg[1 1 0 0 0] fifo[79 79 79 79]
09-25 08:19:33.436  7497  7497 I OPLUS_CHG[oplus_charge_info]: BATTERY[329 329 4163 4163 0 77 79 79 4128 5416 1 0x0 4474], CHARGE[4490 500 1 1], WIRED[1 81 5053 500 1 0x0 0 0 0 2 0], WIRELESS[0 0 0 0 0 0x0 0 0 0], VOOC[0 0 0 0 0x0], UFCS[0 0 0 0x0], COMMON[6 0 0 0x0 1 0 1 5416 100 0]
09-25 08:19:33.438  7497  7497 I         : [INFO]: OPLUS_CHG[ADSP]([oplus_chg_8350_reg_dump][7390]): sm8450_st_dump: [chg_en=0, suspend=0, pd_svooc=0], subtype=0x01],[oplus_UsbCommCapable=0, oplus_pd_svooc=0, typec_mode=0, cid_status=0x01, usb_in_status=1],[0x2606=0x87, 0x2607=0x00, 0x2608=0x0a, 0x2609=0x02], [0x260a=0x05, 0x260b=0x59, 0x260c=0x00, 0x260d=0x18], [0x260e=0x00, 0x260f=0x01, 0x2610=0x00, 0x2640=0x01], [0x2641=0x02, 0x2642=0x05, 0x2646=0x00, 0x2650=0x03], [0x2706=0x0a, 0x2707=0x0a, 0x2708=0x0a, 0x2709=0x0a], [0x270b=0xe2, 0x270c=0x08, 0x2710=0x80, 0x280c=0x38], [0x2810=0x00, 0x2840=0x01, 0x287f=0x00, 0x2906=0x02], [0x2908=0x0f, 0x290a=0x11, 0x290b=0x01, 0x290c=0x01], [0x2910=0x11, 0x2944=0x80, 0x2950=0x02, 0x2951=0x01], [0x2952=0x0a, 0x2954=0x00, 0x2960=0xe0, 0x2b06=0x08], [0x2b07=0x00, 0x2b08=0x00, 0x2b09=0x63, 0x2b0a=0x39], [0x2b0b=0x29, 0x2b0c=0x00, 0x29a8=0x81, 0x29a9=0x83], [0x29aa=0x00, 0x2aa2=0x00, 0x2aa8=0x87, 0x2aa9=0x00], [0x2aaa=0x00],
09-25 08:19:34.517   950   950 I logd    : logdr: UID=2000 GID=2000 PID=7611 b tail=20 logMask=99 pid=0 start=0ns deadline=0ns
09-25 08:19:37.746  7321  7321 I         : [OFP][0][INFO][oplus_get_doze_disable_time:3679]oplus_get_doze_disable_time=0
09-25 08:19:37.746  7321  7321 W [drm] [msm-dsi-warn]: dsi_display_check_status,time_gap=-484787076
09-25 08:19:38.543 31987 31987 I         : [INFO]: OPLUS_CHG[VOOC]([oplus_vooc_fastchg_allow_or_enable_check][1335]): temp:329, temp_range:5
09-25 08:19:38.543  5706  5706 I         : [INFO]: OPLUS_CHG[CHG_COMM]([oplus_comm_smooth_to_soc][3416]): soc[0 2 77 77 79 79] avg[2 1 0 0 0] fifo[79 79 79 79]
09-25 08:19:38.561  6748  6748 I OPLUS_CHG[oplus_charge_info]: BATTERY[329 329 4163 4163 0 77 79 79 4128 5416 1 0x0 4474], CHARGE[4490 500 1 1], WIRED[1 122 5020 500 1 0x0 0 0 0 2 0], WIRELESS[0 0 0 0 0 0x0 0 0 0], VOOC[0 0 0 0 0x0], UFCS[0 0 0 0x0], COMMON[6 0 0 0x0 1 0 1 5416 100 0]
09-25 08:19:38.563  6748  6748 I         : [INFO]: OPLUS_CHG[ADSP]([oplus_chg_8350_reg_dump][7390]): sm8450_st_dump: [chg_en=0, suspend=0, pd_svooc=0], subtype=0x01],[oplus_UsbCommCapable=0, oplus_pd_svooc=0, typec_mode=0, cid_status=0x01, usb_in_status=1],[0x2606=0x87, 0x2607=0x00, 0x2608=0x0a, 0x2609=0x02], [0x260a=0x05, 0x260b=0x59, 0x260c=0x00, 0x260d=0x18], [0x260e=0x00, 0x260f=0x01, 0x2610=0x00, 0x2640=0x01], [0x2641=0x02, 0x2642=0x05, 0x2646=0x00, 0x2650=0x03], [0x2706=0x0a, 0x2707=0x0a, 0x2708=0x0a, 0x2709=0x0a], [0x270b=0xe2, 0x270c=0x08, 0x2710=0x80, 0x280c=0x38], [0x2810=0x00, 0x2840=0x01, 0x287f=0x00, 0x2906=0x02], [0x2908=0x0f, 0x290a=0x11, 0x290b=0x01, 0x290c=0x01], [0x2910=0x11, 0x2944=0x80, 0x2950=0x02, 0x2951=0x01], [0x2952=0x0a, 0x2954=0x00, 0x2960=0xe0, 0x2b06=0x08], [0x2b07=0x00, 0x2b08=0x00, 0x2b09=0x63, 0x2b0a=0x39], [0x2b0b=0x29, 0x2b0c=0x00, 0x29a8=0x81, 0x29a9=0x83], [0x29aa=0x00, 0x2aa2=0x00, 0x2aa8=0x87, 0x2aa9=0x00], [0x2aaa=0x00],
09-25 08:19:42.866  6748  6748 I         : [OFP][0][INFO][oplus_get_doze_disable_time:3679]oplus_get_doze_disable_time=0
09-25 08:19:42.866  6748  6748 W [drm] [msm-dsi-warn]: dsi_display_check_status,time_gap=-479667094
09-25 08:19:42.866  7509  7509 E iostack : irqs = 16786180, self-block = 0
09-25 08:19:43.664  7321  7321 I         : [INFO]: OPLUS_CHG[VOOC]([oplus_vooc_fastchg_allow_or_enable_check][1335]): temp:329, temp_range:5
09-25 08:19:43.664  5706  5706 I         : [INFO]: OPLUS_CHG[CHG_COMM]([oplus_comm_smooth_to_soc][3416]): soc[0 2 77 77 79 79] avg[3 1 0 0 0] fifo[79 79 79 79]
09-25 08:19:43.682 32316 32316 I OPLUS_CHG[oplus_charge_info]: BATTERY[329 329 4164 4164 0 77 79 79 4128 5416 1 0x0 4474], CHARGE[4490 500 1 1], WIRED[1 103 4983 500 1 0x0 0 0 0 2 0], WIRELESS[0 0 0 0 0 0x0 0 0 0], VOOC[0 0 0 0 0x0], UFCS[0 0 0 0x0], COMMON[6 0 0 0x0 1 0 1 5416 100 0]
09-25 08:19:43.686 32316 32316 I         : [INFO]: OPLUS_CHG[ADSP]([oplus_chg_8350_reg_dump][7390]): sm8450_st_dump: [chg_en=0, suspend=0, pd_svooc=0], subtype=0x01],[oplus_UsbCommCapable=0, oplus_pd_svooc=0, typec_mode=0, cid_status=0x01, usb_in_status=1],[0x2606=0x87, 0x2607=0x00, 0x2608=0x0a, 0x2609=0x02], [0x260a=0x05, 0x260b=0x59, 0x260c=0x00, 0x260d=0x18], [0x260e=0x00, 0x260f=0x01, 0x2610=0x00, 0x2640=0x01], [0x2641=0x02, 0x2642=0x05, 0x2646=0x00, 0x2650=0x03], [0x2706=0x0a, 0x2707=0x0a, 0x2708=0x0a, 0x2709=0x0a], [0x270b=0xe2, 0x270c=0x08, 0x2710=0x80, 0x280c=0x38], [0x2810=0x00, 0x2840=0x01, 0x287f=0x00, 0x2906=0x02], [0x2908=0x0f, 0x290a=0x11, 0x290b=0x01, 0x290c=0x01], [0x2910=0x11, 0x2944=0x80, 0x2950=0x02, 0x2951=0x01], [0x2952=0x0a, 0x2954=0x00, 0x2960=0xe0, 0x2b06=0x08], [0x2b07=0x00, 0x2b08=0x00, 0x2b09=0x63, 0x2b0a=0x39], [0x2b0b=0x29, 0x2b0c=0x00, 0x29a8=0x81, 0x29a9=0x83], [0x29aa=0x00, 0x2aa2=0x00, 0x2aa8=0x87, 0x2aa9=0x00], [0x2aaa=0x00],
09-25 08:19:43.730   950   950 I logd    : logdr: UID=2000 GID=2000 PID=7628 b tail=20 logMask=99 pid=0 start=0ns deadline=0ns
09-25 08:19:46.426  7323  7323 E gsi soc : qcom,msm_gsi: gsi_stop_channel:3688 chan=1 busy try again
09-25 08:19:46.429  7323  7323 E gsi soc : qcom,msm_gsi: gsi_stop_channel:3688 chan=14 busy try again
09-25 08:19:47.986 32316 32316 I         : [OFP][0][INFO][oplus_get_doze_disable_time:3679]oplus_get_doze_disable_time=0
09-25 08:19:47.986 32316 32316 W [drm] [msm-dsi-warn]: dsi_display_check_status,time_gap=-474547184
09-25 08:19:48.786  6748  6748 I         : [INFO]: OPLUS_CHG[VOOC]([oplus_vooc_fastchg_allow_or_enable_check][1335]): temp:329, temp_range:5
09-25 08:19:48.786  5706  5706 I         : [INFO]: OPLUS_CHG[CHG_COMM]([oplus_comm_smooth_to_soc][3416]): soc[0 2 77 77 79 79] avg[0 1 0 0 0] fifo[79 79 79 79]
09-25 08:19:48.801 31987 31987 I OPLUS_CHG[oplus_charge_info]: BATTERY[329 329 4164 4164 0 77 79 79 4128 5416 1 0x0 4474], CHARGE[4490 500 1 1], WIRED[1 191 4967 500 1 0x0 0 0 0 2 0], WIRELESS[0 0 0 0 0 0x0 0 0 0], VOOC[0 0 0 0 0x0], UFCS[0 0 0 0x0], COMMON[6 0 0 0x0 1 0 1 5416 100 0]
09-25 08:19:48.802 31987 31987 I         : [INFO]: OPLUS_CHG[ADSP]([oplus_chg_8350_reg_dump][7390]): sm8450_st_dump: [chg_en=0, suspend=0, pd_svooc=0], subtype=0x01],[oplus_UsbCommCapable=0, oplus_pd_svooc=0, typec_mode=0, cid_status=0x01, usb_in_status=1],[0x2606=0x87, 0x2607=0x00, 0x2608=0x0a, 0x2609=0x02], [0x260a=0x05, 0x260b=0x59, 0x260c=0x00, 0x260d=0x18], [0x260e=0x00, 0x260f=0x01, 0x2610=0x00, 0x2640=0x01], [0x2641=0x02, 0x2642=0x05, 0x2646=0x00, 0x2650=0x03], [0x2706=0x0a, 0x2707=0x0a, 0x2708=0x0a, 0x2709=0x0a], [0x270b=0xe2, 0x270c=0x08, 0x2710=0x80, 0x280c=0x38], [0x2810=0x00, 0x2840=0x01, 0x287f=0x00, 0x2906=0x02], [0x2908=0x0f, 0x290a=0x11, 0x290b=0x01, 0x290c=0x01], [0x2910=0x11, 0x2944=0x80, 0x2950=0x02, 0x2951=0x01], [0x2952=0x0a, 0x2954=0x00, 0x2960=0xe0, 0x2b06=0x08], [0x2b07=0x00, 0x2b08=0x00, 0x2b09=0x63, 0x2b0a=0x39], [0x2b0b=0x29, 0x2b0c=0x00, 0x29a8=0x81, 0x29a9=0x83], [0x29aa=0x00, 0x2aa2=0x00, 0x2aa8=0x87, 0x2aa9=0x00], [0x2aaa=0x00],
09-25 08:19:51.075  2949  2949 E gsi soc : qcom,msm_gsi: gsi_stop_channel:3688 chan=1 busy try again
09-25 08:19:51.078  2949  2949 E gsi soc : qcom,msm_gsi: gsi_stop_channel:3688 chan=14 busy try again
09-25 08:19:51.571  6169  6169 E ipa_pm_handle_suspend: 1280 Client IPA_CLIENT_APPS_WAN_CONS woke up the system
09-25 08:19:51.875  2949  2949 E gsi soc : qcom,msm_gsi: gsi_stop_channel:3688 chan=1 busy try again
09-25 08:19:51.877  2949  2949 E gsi soc : qcom,msm_gsi: gsi_stop_channel:3688 chan=14 busy try again
09-25 08:19:53.105 31987 31987 I         : [OFP][0][INFO][oplus_get_doze_disable_time:3679]oplus_get_doze_disable_time=0
09-25 08:19:53.106 31987 31987 W [drm] [msm-dsi-warn]: dsi_display_check_status,time_gap=-469427272
09-25 08:19:53.109  7509  7509 E iostack : irqs = 16786275, self-block = 0
09-25 08:19:53.530  2949  2949 E gsi soc : qcom,msm_gsi: gsi_stop_channel:3688 chan=1 busy try again
09-25 08:19:53.531  2949  2949 E gsi soc : qcom,msm_gsi: gsi_stop_channel:3688 chan=14 busy try again
09-25 08:19:53.732   950   950 I logd    : logdr: UID=2000 GID=2000 PID=8056 n tail=0 logMask=99 pid=6499 start=0ns deadline=0ns
09-25 08:19:53.903 32142 32142 I         : [INFO]: OPLUS_CHG[VOOC]([oplus_vooc_fastchg_allow_or_enable_check][1335]): temp:329, temp_range:5
09-25 08:19:53.903  7350  7350 I         : [INFO]: OPLUS_CHG[CHG_COMM]([oplus_comm_smooth_to_soc][3416]): soc[0 2 77 77 79 79] avg[1 1 0 0 0] fifo[79 79 79 79]
09-25 08:19:53.918  7499  7499 I OPLUS_CHG[oplus_charge_info]: BATTERY[329 329 4128 4128 896 77 79 79 4127 5416 1 0x0 4474], CHARGE[4490 500 1 1], WIRED[1 191 4975 500 1 0x0 0 0 0 2 0], WIRELESS[0 0 0 0 0 0x0 0 0 0], VOOC[0 0 0 0 0x0], UFCS[0 0 0 0x0], COMMON[6 0 0 0x0 1 0 1 5416 100 0]
09-25 08:19:53.920  7499  7499 I         : [INFO]: OPLUS_CHG[ADSP]([oplus_chg_8350_reg_dump][7390]): sm8450_st_dump: [chg_en=0, suspend=0, pd_svooc=0], subtype=0x01],[oplus_UsbCommCapable=0, oplus_pd_svooc=0, typec_mode=0, cid_status=0x01, usb_in_status=1],[0x2606=0x87, 0x2607=0x00, 0x2608=0x0a, 0x2609=0x02], [0x260a=0x05, 0x260b=0x59, 0x260c=0x00, 0x260d=0x18], [0x260e=0x00, 0x260f=0x01, 0x2610=0x00, 0x2640=0x01], [0x2641=0x02, 0x2642=0x05, 0x2646=0x00, 0x2650=0x03], [0x2706=0x0a, 0x2707=0x0a, 0x2708=0x0a, 0x2709=0x0a], [0x270b=0xe2, 0x270c=0x08, 0x2710=0x80, 0x280c=0x38], [0x2810=0x00, 0x2840=0x01, 0x287f=0x00, 0x2906=0x02], [0x2908=0x0f, 0x290a=0x11, 0x290b=0x01, 0x290c=0x01], [0x2910=0x11, 0x2944=0x80, 0x2950=0x02, 0x2951=0x01], [0x2952=0x0a, 0x2954=0x00, 0x2960=0xe0, 0x2b06=0x08], [0x2b07=0x00, 0x2b08=0x00, 0x2b09=0x63, 0x2b0a=0x39], [0x2b0b=0x29, 0x2b0c=0x00, 0x29a8=0x81, 0x29a9=0x83], [0x29aa=0x00, 0x2aa2=0x00, 0x2aa8=0x87, 0x2aa9=0x00], [0x2aaa=0x00],
09-25 08:19:55.207   950   950 I logd    : logdr: UID=2000 GID=2000 PID=8106 n tail=0 logMask=10 pid=0 start=0ns deadline=0ns
09-25 08:19:55.251   950   950 I logd    : logdr: UID=2000 GID=2000 PID=8110 n tail=5000 logMask=9 pid=0 start=0ns deadline=0ns
09-25 08:19:55.360   950   950 I logd    : logdr: UID=2000 GID=2000 PID=8114 n tail=2000 logMask=4 pid=0 start=0ns deadline=0ns
