--------- beginning of kernel
09-25 18:52:54.535 15472 15472 I         : [OFP][0][INFO][oplus_get_doze_disable_time:3679]oplus_get_doze_disable_time=0
09-25 18:52:54.535 15472 15472 W [drm] [msm-dsi-warn]: dsi_display_check_status,time_gap=-2123684956
09-25 18:52:54.742  1097  1097 I [   info] ts_panel_notifier_callback: Notification type:4, early_trigger:1
09-25 18:52:54.742  1097  1097 I [   info] ts_panel_notifier_callback: shashank:Received fps change old fps:60 new fps:120
09-25 18:52:54.750  1097  1097 E         : [LCD][0][ERR][oplus_panel_switch_vid_mode:475] oplus_panel_switch_vid_mode not support
09-25 18:52:54.750  1097  1097 I [drm:dsi_display_set_mode [msm_drm]] [msm-dsi-info]: mdp_transfer_time=6290, hactive=1264, vactive=2780, fps=120, h_skew=0, clk_rate=1012000000, h_sync_width=2,				h_front_porch26, h_back_porch=26, v_back_porch=42, v_sync_width=2, v_front_porch=58
09-25 18:52:54.750  1097  1097 I [ADFR][0][INFO][oplus_adfr_fakeframe_status_update:2140]h_active: 1264,refresh_rate:120,h_skew:0,sw_fps:0,fakeframe:0
09-25 18:52:54.754  1097  1097 I         : [LCD][0][INFO][oplus_panel_cmd_print:120] [A0020] dsi_cmd: qcom,mdss-dsi-timing-switch-command, count=8
09-25 18:52:54.754  1097  1097 I [ADFR][0][INFO][oplus_adfr_fakeframe_status_update:2140]h_active: 1264,refresh_rate:120,h_skew:0,sw_fps:0,fakeframe:1
09-25 18:52:54.754  1097  1097 I         : [ADFR][0][INFO][oplus_adfr_status_reset:1851]sa status reset: auto_mode:0,fakeframe:1,sa_min_fps:120
09-25 18:52:54.773  1097  1097 I         : <A0020> dsi_display_set_backlight time:13:23:07.614,bl_lvl:1900
09-25 18:52:54.773  1097  1097 I [   info] ts_panel_notifier_callback: Notification type:4, early_trigger:0
09-25 18:52:54.773  1097  1097 I [   info] ts_panel_notifier_callback: shashank:Received fps change old fps:60 new fps:120
09-25 18:52:54.897  5303  5303 W audit   : audit_lost=5549301 audit_rate_limit=5 audit_backlog_limit=64
09-25 18:52:54.897  5303  5303 E audit   : rate limit exceeded
09-25 18:52:55.084  1097  1097 I [   info] ts_panel_notifier_callback: Notification type:4, early_trigger:1
09-25 18:52:55.084  1097  1097 I [   info] ts_panel_notifier_callback: shashank:Received fps change old fps:120 new fps:60
09-25 18:52:55.088  1097  1097 E         : [LCD][0][ERR][oplus_panel_switch_vid_mode:475] oplus_panel_switch_vid_mode not support
09-25 18:52:55.088  1097  1097 I [drm:dsi_display_set_mode [msm_drm]] [msm-dsi-info]: mdp_transfer_time=6290, hactive=1264, vactive=2780, fps=60, h_skew=1, clk_rate=1012000000, h_sync_width=2,				h_front_porch26, h_back_porch=26, v_back_porch=42, v_sync_width=2, v_front_porch=58
09-25 18:52:55.088  1097  1097 I [ADFR][0][INFO][oplus_adfr_fakeframe_status_update:2140]h_active: 1264,refresh_rate:60,h_skew:1,sw_fps:0,fakeframe:0
09-25 18:52:55.091  1097  1097 I         : [LCD][0][INFO][oplus_panel_cmd_print:120] [A0020] dsi_cmd: qcom,mdss-dsi-timing-switch-command, count=8
09-25 18:52:55.091  1097  1097 I [ADFR][0][INFO][oplus_adfr_fakeframe_status_update:2140]h_active: 1264,refresh_rate:60,h_skew:1,sw_fps:0,fakeframe:0
09-25 18:52:55.091  1097  1097 I         : [ADFR][0][INFO][oplus_adfr_status_reset:1851]sa status reset: auto_mode:0,fakeframe:0,sa_min_fps:60
09-25 18:52:55.108  1097  1097 I [   info] ts_panel_notifier_callback: Notification type:4, early_trigger:0
09-25 18:52:55.108  1097  1097 I [   info] ts_panel_notifier_callback: shashank:Received fps change old fps:120 new fps:60
09-25 18:52:55.108  1097  1097 I [   info] ts_panel_notifier_callback: Notification type:4, early_trigger:1
09-25 18:52:55.108  1097  1097 I [   info] ts_panel_notifier_callback: shashank:Received fps change old fps:60 new fps:120
09-25 18:52:55.116  1097  1097 E         : [LCD][0][ERR][oplus_panel_switch_vid_mode:475] oplus_panel_switch_vid_mode not support
09-25 18:52:55.116  1097  1097 I [drm:dsi_display_set_mode [msm_drm]] [msm-dsi-info]: mdp_transfer_time=6290, hactive=1264, vactive=2780, fps=120, h_skew=0, clk_rate=1012000000, h_sync_width=2,				h_front_porch26, h_back_porch=26, v_back_porch=42, v_sync_width=2, v_front_porch=58
09-25 18:52:55.117  1097  1097 I [ADFR][0][INFO][oplus_adfr_fakeframe_status_update:2140]h_active: 1264,refresh_rate:120,h_skew:0,sw_fps:0,fakeframe:0
09-25 18:52:55.120  1097  1097 I         : [LCD][0][INFO][oplus_panel_cmd_print:120] [A0020] dsi_cmd: qcom,mdss-dsi-timing-switch-command, count=8
09-25 18:52:55.120  1097  1097 I [ADFR][0][INFO][oplus_adfr_fakeframe_status_update:2140]h_active: 1264,refresh_rate:120,h_skew:0,sw_fps:0,fakeframe:1
09-25 18:52:55.120  1097  1097 I         : [ADFR][0][INFO][oplus_adfr_status_reset:1851]sa status reset: auto_mode:0,fakeframe:1,sa_min_fps:120
09-25 18:52:55.139  1097  1097 I [   info] ts_panel_notifier_callback: Notification type:4, early_trigger:0
09-25 18:52:55.139  1097  1097 I [   info] ts_panel_notifier_callback: shashank:Received fps change old fps:60 new fps:120
09-25 18:52:55.234  1097  1097 I [   info] ts_panel_notifier_callback: Notification type:4, early_trigger:1
09-25 18:52:55.234  1097  1097 I [   info] ts_panel_notifier_callback: shashank:Received fps change old fps:120 new fps:60
09-25 18:52:55.238  1097  1097 E         : [LCD][0][ERR][oplus_panel_switch_vid_mode:475] oplus_panel_switch_vid_mode not support
09-25 18:52:55.238  1097  1097 I [drm:dsi_display_set_mode [msm_drm]] [msm-dsi-info]: mdp_transfer_time=6290, hactive=1264, vactive=2780, fps=60, h_skew=1, clk_rate=1012000000, h_sync_width=2,				h_front_porch26, h_back_porch=26, v_back_porch=42, v_sync_width=2, v_front_porch=58
09-25 18:52:55.239  1097  1097 I [ADFR][0][INFO][oplus_adfr_fakeframe_status_update:2140]h_active: 1264,refresh_rate:60,h_skew:1,sw_fps:0,fakeframe:0
09-25 18:52:55.241  1097  1097 I         : [LCD][0][INFO][oplus_panel_cmd_print:120] [A0020] dsi_cmd: qcom,mdss-dsi-timing-switch-command, count=8
09-25 18:52:55.241  1097  1097 I [ADFR][0][INFO][oplus_adfr_fakeframe_status_update:2140]h_active: 1264,refresh_rate:60,h_skew:1,sw_fps:0,fakeframe:0
09-25 18:52:55.241  1097  1097 I         : [ADFR][0][INFO][oplus_adfr_status_reset:1851]sa status reset: auto_mode:0,fakeframe:0,sa_min_fps:60
09-25 18:52:55.257  1097  1097 I [   info] ts_panel_notifier_callback: Notification type:4, early_trigger:0
09-25 18:52:55.257  1097  1097 I [   info] ts_panel_notifier_callback: shashank:Received fps change old fps:120 new fps:60
09-25 18:52:55.257  1097  1097 I [   info] ts_panel_notifier_callback: Notification type:4, early_trigger:1
09-25 18:52:55.257  1097  1097 I [   info] ts_panel_notifier_callback: shashank:Received fps change old fps:60 new fps:120
09-25 18:52:55.265  1097  1097 E         : [LCD][0][ERR][oplus_panel_switch_vid_mode:475] oplus_panel_switch_vid_mode not support
09-25 18:52:55.265  1097  1097 I [drm:dsi_display_set_mode [msm_drm]] [msm-dsi-info]: mdp_transfer_time=6290, hactive=1264, vactive=2780, fps=120, h_skew=0, clk_rate=1012000000, h_sync_width=2,				h_front_porch26, h_back_porch=26, v_back_porch=42, v_sync_width=2, v_front_porch=58
09-25 18:52:55.265  1097  1097 I [ADFR][0][INFO][oplus_adfr_fakeframe_status_update:2140]h_active: 1264,refresh_rate:120,h_skew:0,sw_fps:0,fakeframe:0
09-25 18:52:55.270  1097  1097 I         : [LCD][0][INFO][oplus_panel_cmd_print:120] [A0020] dsi_cmd: qcom,mdss-dsi-timing-switch-command, count=8
09-25 18:52:55.270  1097  1097 I [ADFR][0][INFO][oplus_adfr_fakeframe_status_update:2140]h_active: 1264,refresh_rate:120,h_skew:0,sw_fps:0,fakeframe:1
09-25 18:52:55.270  1097  1097 I         : [ADFR][0][INFO][oplus_adfr_status_reset:1851]sa status reset: auto_mode:0,fakeframe:1,sa_min_fps:120
09-25 18:52:55.289  1097  1097 I [   info] ts_panel_notifier_callback: Notification type:4, early_trigger:0
09-25 18:52:55.289  1097  1097 I [   info] ts_panel_notifier_callback: shashank:Received fps change old fps:60 new fps:120
09-25 18:52:55.353   950   950 I logd    : logdr: UID=2000 GID=2000 PID=16055 b tail=0 logMask=99 pid=0 start=0ns deadline=0ns
09-25 18:52:55.925  5303  5303 W audit   : audit_lost=5549306 audit_rate_limit=5 audit_backlog_limit=64
09-25 18:52:55.925  5303  5303 E audit   : rate limit exceeded
09-25 18:52:56.940  5304  5304 W audit   : audit_lost=5549311 audit_rate_limit=5 audit_backlog_limit=64
09-25 18:52:56.940  5304  5304 E audit   : rate limit exceeded
09-25 18:52:57.128 15300 15300 I         : [INFO]: OPLUS_CHG[VOOC]([oplus_vooc_fastchg_allow_or_enable_check][1335]): temp:313, temp_range:5
09-25 18:52:57.129 15474 15474 I         : [INFO]: OPLUS_CHG[CHG_COMM]([oplus_comm_smooth_to_soc][3416]): soc[0 2 77 77 79 79] avg[2 1 0 0 0] fifo[79 79 79 79]
09-25 18:52:57.144 14687 14687 I OPLUS_CHG[oplus_charge_info]: BATTERY[313 313 4067 4067 1858 77 79 79 4145 5416 1 0x0 4483], CHARGE[4490 500 1 1], WIRED[1 447 4777 500 1 0x0 0 0 0 2 0], WIRELESS[0 0 0 0 0 0x0 0 0 0], VOOC[0 0 0 0 0x0], UFCS[0 0 0 0x0], COMMON[6 0 0 0x0 1 0 1 5416 100 0]
09-25 18:52:57.146 14687 14687 I         : [INFO]: OPLUS_CHG[ADSP]([oplus_chg_8350_reg_dump][7390]): sm8450_st_dump: [chg_en=0, suspend=0, pd_svooc=0], subtype=0x01],[oplus_UsbCommCapable=0, oplus_pd_svooc=0, typec_mode=0, cid_status=0x01, usb_in_status=1],[0x2606=0x87, 0x2607=0x00, 0x2608=0x0a, 0x2609=0x02], [0x260a=0x05, 0x260b=0x59, 0x260c=0x00, 0x260d=0x18], [0x260e=0x00, 0x260f=0x01, 0x2610=0x00, 0x2640=0x01], [0x2641=0x02, 0x2642=0x05, 0x2646=0x00, 0x2650=0x03], [0x2706=0x0a, 0x2707=0x0a, 0x2708=0x0a, 0x2709=0x0a], [0x270b=0xe2, 0x270c=0x48, 0x2710=0xc0, 0x280c=0x38], [0x2810=0x00, 0x2840=0x03, 0x287f=0x00, 0x2906=0x02], [0x2908=0x0f, 0x290a=0x11, 0x290b=0x01, 0x290c=0x01], [0x2910=0x11, 0x2944=0x80, 0x2950=0x02, 0x2951=0x01], [0x2952=0x0a, 0x2954=0x00, 0x2960=0xe0, 0x2b06=0x08], [0x2b07=0x00, 0x2b08=0x00, 0x2b09=0x63, 0x2b0a=0x19], [0x2b0b=0x29, 0x2b0c=0x00, 0x29a8=0x81, 0x29a9=0x83], [0x29aa=0x00, 0x2aa2=0x00, 0x2aa8=0x87, 0x2aa9=0x00], [0x2aaa=0x00],
09-25 18:52:57.958  5304  5304 W audit   : audit_lost=5549316 audit_rate_limit=5 audit_backlog_limit=64
09-25 18:52:57.958  5304  5304 E audit   : rate limit exceeded
09-25 18:52:58.418  1097  1097 I [   info] ts_panel_notifier_callback: Notification type:4, early_trigger:1
09-25 18:52:58.418  1097  1097 I [   info] ts_panel_notifier_callback: shashank:Received fps change old fps:120 new fps:60
09-25 18:52:58.422  1097  1097 E         : [LCD][0][ERR][oplus_panel_switch_vid_mode:475] oplus_panel_switch_vid_mode not support
09-25 18:52:58.422  1097  1097 I [drm:dsi_display_set_mode [msm_drm]] [msm-dsi-info]: mdp_transfer_time=6290, hactive=1264, vactive=2780, fps=60, h_skew=1, clk_rate=1012000000, h_sync_width=2,				h_front_porch26, h_back_porch=26, v_back_porch=42, v_sync_width=2, v_front_porch=58
09-25 18:52:58.424  1097  1097 I [ADFR][0][INFO][oplus_adfr_fakeframe_status_update:2140]h_active: 1264,refresh_rate:60,h_skew:1,sw_fps:0,fakeframe:0
09-25 18:52:58.427  1097  1097 I         : [LCD][0][INFO][oplus_panel_cmd_print:120] [A0020] dsi_cmd: qcom,mdss-dsi-timing-switch-command, count=8
09-25 18:52:58.427  1097  1097 I [ADFR][0][INFO][oplus_adfr_fakeframe_status_update:2140]h_active: 1264,refresh_rate:60,h_skew:1,sw_fps:0,fakeframe:0
09-25 18:52:58.427  1097  1097 I         : [ADFR][0][INFO][oplus_adfr_status_reset:1851]sa status reset: auto_mode:0,fakeframe:0,sa_min_fps:60
09-25 18:52:58.444  1097  1097 I [   info] ts_panel_notifier_callback: Notification type:4, early_trigger:0
09-25 18:52:58.444  1097  1097 I [   info] ts_panel_notifier_callback: shashank:Received fps change old fps:120 new fps:60
09-25 18:52:58.451  1097  1097 I [   info] ts_panel_notifier_callback: Notification type:4, early_trigger:1
09-25 18:52:58.451  1097  1097 I [   info] ts_panel_notifier_callback: shashank:Received fps change old fps:60 new fps:120
09-25 18:52:58.468  1097  1097 E         : [LCD][0][ERR][oplus_panel_switch_vid_mode:475] oplus_panel_switch_vid_mode not support
09-25 18:52:58.468  1097  1097 I [drm:dsi_display_set_mode [msm_drm]] [msm-dsi-info]: mdp_transfer_time=6290, hactive=1264, vactive=2780, fps=120, h_skew=0, clk_rate=1012000000, h_sync_width=2,				h_front_porch26, h_back_porch=26, v_back_porch=42, v_sync_width=2, v_front_porch=58
09-25 18:52:58.469  1097  1097 I [ADFR][0][INFO][oplus_adfr_fakeframe_status_update:2140]h_active: 1264,refresh_rate:120,h_skew:0,sw_fps:0,fakeframe:0
09-25 18:52:58.473  1097  1097 I         : [LCD][0][INFO][oplus_panel_cmd_print:120] [A0020] dsi_cmd: qcom,mdss-dsi-timing-switch-command, count=8
09-25 18:52:58.473  1097  1097 I [ADFR][0][INFO][oplus_adfr_fakeframe_status_update:2140]h_active: 1264,refresh_rate:120,h_skew:0,sw_fps:0,fakeframe:1
09-25 18:52:58.473  1097  1097 I         : [ADFR][0][INFO][oplus_adfr_status_reset:1851]sa status reset: auto_mode:0,fakeframe:1,sa_min_fps:120
09-25 18:52:58.492  1097  1097 I [   info] ts_panel_notifier_callback: Notification type:4, early_trigger:0
09-25 18:52:58.492  1097  1097 I [   info] ts_panel_notifier_callback: shashank:Received fps change old fps:60 new fps:120
09-25 18:52:58.978  5304  5304 W audit   : audit_lost=5549321 audit_rate_limit=5 audit_backlog_limit=64
09-25 18:52:58.978  5304  5304 E audit   : rate limit exceeded
09-25 18:52:59.099   867   867 I servicemanager: Caller(pid=16332,uid=2000,sid=u:r:shell:s0) Found android.hardware.graphics.allocator.IAllocator/default in device VINTF manifest.
09-25 18:52:59.116   867   867 I servicemanager: Caller(pid=16332,uid=2000,sid=u:r:shell:s0) Found android.hardware.graphics.allocator.IAllocator/default in device VINTF manifest.
09-25 18:52:59.655 15472 15472 I         : [OFP][0][INFO][oplus_get_doze_disable_time:3679]oplus_get_doze_disable_time=0
09-25 18:52:59.655 15472 15472 W [drm] [msm-dsi-warn]: dsi_display_check_status,time_gap=-2118564970
09-25 18:52:59.993  5304  5304 W audit   : audit_lost=5549326 audit_rate_limit=5 audit_backlog_limit=64
09-25 18:52:59.993  5304  5304 E audit   : rate limit exceeded
09-25 18:53:00.156   867   867 I servicemanager: Caller(pid=2866,uid=1000,sid=u:r:system_server:s0) Since 'artd' could not be found trying to start it as a lazy AIDL service. (if it's not configured to be a lazy service, it may be stuck starting or still starting).
09-25 18:53:00.158     1     1 I init    : starting service 'artd'...
09-25 18:53:00.166     1     1 I init    : ... started service 'artd' has pid 16397
09-25 18:53:00.166     1     1 I init    : Control message: Processed ctl.interface_start for 'aidl/artd' from pid: 867 (/system/bin/servicemanager)
09-25 18:53:00.196   867   867 I servicemanager: Notifying artd they do (previously: don't) have clients when service is guaranteed to be in use
09-25 18:53:00.279 14422 14422 E gsi soc : qcom,msm_gsi: gsi_stop_channel:3688 chan=1 busy try again
09-25 18:53:00.281 14422 14422 E gsi soc : qcom,msm_gsi: gsi_stop_channel:3688 chan=14 busy try again
09-25 18:53:00.340 14044 14044 E ipa_pm_handle_suspend: 1280 Client IPA_CLIENT_APPS_WAN_CONS woke up the system
09-25 18:53:00.640 14712 14712 E gsi soc : qcom,msm_gsi: gsi_stop_channel:3688 chan=1 busy try again
09-25 18:53:00.641 14712 14712 E gsi soc : qcom,msm_gsi: gsi_stop_channel:3688 chan=14 busy try again
09-25 18:53:01.025  5303  5303 W audit   : audit_lost=5549331 audit_rate_limit=5 audit_backlog_limit=64
09-25 18:53:01.025  5303  5303 E audit   : rate limit exceeded
09-25 18:53:01.447 14053 14053 E iostack : irqs = 17332683, self-block = 0
09-25 18:53:02.053  5304  5304 W audit   : audit_lost=5549336 audit_rate_limit=5 audit_backlog_limit=64
09-25 18:53:02.053  5304  5304 E audit   : rate limit exceeded
09-25 18:53:02.100 14712 14712 E gsi soc : qcom,msm_gsi: gsi_stop_channel:3688 chan=1 busy try again
09-25 18:53:02.102 14712 14712 E gsi soc : qcom,msm_gsi: gsi_stop_channel:3688 chan=14 busy try again
09-25 18:53:02.240 15051 15051 I         : [INFO]: OPLUS_CHG[MSG]([oplus_msg_queue_update][227]): battery: update, gp=5000 ms
09-25 18:53:02.241 15441 15441 I         : [INFO]: OPLUS_CHG[VOOC]([oplus_vooc_fastchg_allow_or_enable_check][1335]): temp:313, temp_range:5
09-25 18:53:02.241 15443 15443 I         : [INFO]: OPLUS_CHG[CHG_COMM]([oplus_comm_smooth_to_soc][3416]): soc[0 2 77 77 79 79] avg[3 1 0 0 0] fifo[79 79 79 79]
09-25 18:53:02.241 15443 15443 I         : [INFO]: OPLUS_CHG[MSG]([oplus_msg_queue_update_work][106]): battery: update delay: 0 ms, update interval: 61436 ms
09-25 18:53:02.267 14709 14709 I OPLUS_CHG[oplus_charge_info]: BATTERY[313 313 4062 4062 1676 77 79 79 4142 5416 1 0x0 4480], CHARGE[4490 500 1 1], WIRED[1 450 4802 500 1 0x0 0 0 0 2 0], WIRELESS[0 0 0 0 0 0x0 0 0 0], VOOC[0 0 0 0 0x0], UFCS[0 0 0 0x0], COMMON[6 0 0 0x0 1 0 1 5416 100 0]
09-25 18:53:02.269  1558  1558 W healthd : battery l=79 v=4062 t=31.3 h=2 st=4 c=1676 fc=6000000 cc=216 chg=u
09-25 18:53:02.269 14709 14709 I         : [INFO]: OPLUS_CHG[ADSP]([oplus_chg_8350_reg_dump][7390]): sm8450_st_dump: [chg_en=0, suspend=0, pd_svooc=0], subtype=0x01],[oplus_UsbCommCapable=0, oplus_pd_svooc=0, typec_mode=0, cid_status=0x01, usb_in_status=1],[0x2606=0x87, 0x2607=0x00, 0x2608=0x0a, 0x2609=0x02], [0x260a=0x05, 0x260b=0x59, 0x260c=0x00, 0x260d=0x18], [0x260e=0x00, 0x260f=0x01, 0x2610=0x00, 0x2640=0x01], [0x2641=0x02, 0x2642=0x05, 0x2646=0x00, 0x2650=0x03], [0x2706=0x0a, 0x2707=0x0a, 0x2708=0x0a, 0x2709=0x0a], [0x270b=0xe2, 0x270c=0x48, 0x2710=0xc0, 0x280c=0x38], [0x2810=0x00, 0x2840=0x03, 0x287f=0x00, 0x2906=0x02], [0x2908=0x0f, 0x290a=0x11, 0x290b=0x01, 0x290c=0x01], [0x2910=0x11, 0x2944=0x80, 0x2950=0x02, 0x2951=0x01], [0x2952=0x0a, 0x2954=0x00, 0x2960=0xe0, 0x2b06=0x08], [0x2b07=0x00, 0x2b08=0x00, 0x2b09=0x63, 0x2b0a=0x19], [0x2b0b=0x29, 0x2b0c=0x00, 0x29a8=0x81, 0x29a9=0x83], [0x29aa=0x00, 0x2aa2=0x00, 0x2aa8=0x87, 0x2aa9=0x00], [0x2aaa=0x00],
09-25 18:53:02.336  1097  1097 I [   info] ts_panel_notifier_callback: Notification type:4, early_trigger:1
09-25 18:53:02.336  1097  1097 I [   info] ts_panel_notifier_callback: shashank:Received fps change old fps:120 new fps:60
09-25 18:53:02.340  1097  1097 E         : [LCD][0][ERR][oplus_panel_switch_vid_mode:475] oplus_panel_switch_vid_mode not support
09-25 18:53:02.340  1097  1097 I [drm:dsi_display_set_mode [msm_drm]] [msm-dsi-info]: mdp_transfer_time=6290, hactive=1264, vactive=2780, fps=60, h_skew=1, clk_rate=1012000000, h_sync_width=2,				h_front_porch26, h_back_porch=26, v_back_porch=42, v_sync_width=2, v_front_porch=58
09-25 18:53:02.342  1097  1097 I [ADFR][0][INFO][oplus_adfr_fakeframe_status_update:2140]h_active: 1264,refresh_rate:60,h_skew:1,sw_fps:0,fakeframe:0
09-25 18:53:02.346  1097  1097 I         : [LCD][0][INFO][oplus_panel_cmd_print:120] [A0020] dsi_cmd: qcom,mdss-dsi-timing-switch-command, count=8
09-25 18:53:02.346  1097  1097 I [ADFR][0][INFO][oplus_adfr_fakeframe_status_update:2140]h_active: 1264,refresh_rate:60,h_skew:1,sw_fps:0,fakeframe:0
09-25 18:53:02.346  1097  1097 I         : [ADFR][0][INFO][oplus_adfr_status_reset:1851]sa status reset: auto_mode:0,fakeframe:0,sa_min_fps:60
09-25 18:53:02.362  1097  1097 I [   info] ts_panel_notifier_callback: Notification type:4, early_trigger:0
09-25 18:53:02.362  1097  1097 I [   info] ts_panel_notifier_callback: shashank:Received fps change old fps:120 new fps:60
09-25 18:53:02.363  1097  1097 I [   info] ts_panel_notifier_callback: Notification type:4, early_trigger:1
09-25 18:53:02.363  1097  1097 I [   info] ts_panel_notifier_callback: shashank:Received fps change old fps:60 new fps:120
09-25 18:53:02.371  1097  1097 E         : [LCD][0][ERR][oplus_panel_switch_vid_mode:475] oplus_panel_switch_vid_mode not support
09-25 18:53:02.371  1097  1097 I [drm:dsi_display_set_mode [msm_drm]] [msm-dsi-info]: mdp_transfer_time=6290, hactive=1264, vactive=2780, fps=120, h_skew=0, clk_rate=1012000000, h_sync_width=2,				h_front_porch26, h_back_porch=26, v_back_porch=42, v_sync_width=2, v_front_porch=58
09-25 18:53:02.372  1097  1097 I [ADFR][0][INFO][oplus_adfr_fakeframe_status_update:2140]h_active: 1264,refresh_rate:120,h_skew:0,sw_fps:0,fakeframe:0
09-25 18:53:02.375  1097  1097 I         : [LCD][0][INFO][oplus_panel_cmd_print:120] [A0020] dsi_cmd: qcom,mdss-dsi-timing-switch-command, count=8
09-25 18:53:02.375  1097  1097 I [ADFR][0][INFO][oplus_adfr_fakeframe_status_update:2140]h_active: 1264,refresh_rate:120,h_skew:0,sw_fps:0,fakeframe:1
09-25 18:53:02.375  1097  1097 I         : [ADFR][0][INFO][oplus_adfr_status_reset:1851]sa status reset: auto_mode:0,fakeframe:1,sa_min_fps:120
09-25 18:53:02.394  1097  1097 I [   info] ts_panel_notifier_callback: Notification type:4, early_trigger:0
09-25 18:53:02.394  1097  1097 I [   info] ts_panel_notifier_callback: shashank:Received fps change old fps:60 new fps:120
09-25 18:53:03.078  5304  5304 W audit   : audit_lost=5549347 audit_rate_limit=5 audit_backlog_limit=64
09-25 18:53:03.078  5304  5304 E audit   : rate limit exceeded
09-25 18:53:04.103  5304  5304 W audit   : audit_lost=5549352 audit_rate_limit=5 audit_backlog_limit=64
09-25 18:53:04.103  5304  5304 E audit   : rate limit exceeded
09-25 18:53:04.335  1097  1097 I [   info] ts_panel_notifier_callback: Notification type:4, early_trigger:1
09-25 18:53:04.335  1097  1097 I [   info] ts_panel_notifier_callback: shashank:Received fps change old fps:120 new fps:60
09-25 18:53:04.339  1097  1097 E         : [LCD][0][ERR][oplus_panel_switch_vid_mode:475] oplus_panel_switch_vid_mode not support
09-25 18:53:04.339  1097  1097 I [drm:dsi_display_set_mode [msm_drm]] [msm-dsi-info]: mdp_transfer_time=6290, hactive=1264, vactive=2780, fps=60, h_skew=1, clk_rate=1012000000, h_sync_width=2,				h_front_porch26, h_back_porch=26, v_back_porch=42, v_sync_width=2, v_front_porch=58
09-25 18:53:04.341  1097  1097 I [ADFR][0][INFO][oplus_adfr_fakeframe_status_update:2140]h_active: 1264,refresh_rate:60,h_skew:1,sw_fps:0,fakeframe:0
09-25 18:53:04.342  1097  1097 I         : [LCD][0][INFO][oplus_panel_cmd_print:120] [A0020] dsi_cmd: qcom,mdss-dsi-timing-switch-command, count=8
09-25 18:53:04.342  1097  1097 I [ADFR][0][INFO][oplus_adfr_fakeframe_status_update:2140]h_active: 1264,refresh_rate:60,h_skew:1,sw_fps:0,fakeframe:0
09-25 18:53:04.342  1097  1097 I         : [ADFR][0][INFO][oplus_adfr_status_reset:1851]sa status reset: auto_mode:0,fakeframe:0,sa_min_fps:60
09-25 18:53:04.359  1097  1097 I [   info] ts_panel_notifier_callback: Notification type:4, early_trigger:0
09-25 18:53:04.359  1097  1097 I [   info] ts_panel_notifier_callback: shashank:Received fps change old fps:120 new fps:60
09-25 18:53:04.442  1097  1097 I [   info] ts_panel_notifier_callback: Notification type:4, early_trigger:1
09-25 18:53:04.442  1097  1097 I [   info] ts_panel_notifier_callback: shashank:Received fps change old fps:60 new fps:120
09-25 18:53:04.445  1097  1097 E         : [LCD][0][ERR][oplus_panel_switch_vid_mode:475] oplus_panel_switch_vid_mode not support
09-25 18:53:04.445  1097  1097 I [drm:dsi_display_set_mode [msm_drm]] [msm-dsi-info]: mdp_transfer_time=6290, hactive=1264, vactive=2780, fps=120, h_skew=0, clk_rate=1012000000, h_sync_width=2,				h_front_porch26, h_back_porch=26, v_back_porch=42, v_sync_width=2, v_front_porch=58
09-25 18:53:04.445  1097  1097 I [ADFR][0][INFO][oplus_adfr_fakeframe_status_update:2140]h_active: 1264,refresh_rate:120,h_skew:0,sw_fps:0,fakeframe:0
09-25 18:53:04.446  1097  1097 I         : [LCD][0][INFO][oplus_panel_cmd_print:120] [A0020] dsi_cmd: qcom,mdss-dsi-timing-switch-command, count=8
09-25 18:53:04.446  1097  1097 I [ADFR][0][INFO][oplus_adfr_fakeframe_status_update:2140]h_active: 1264,refresh_rate:120,h_skew:0,sw_fps:0,fakeframe:1
09-25 18:53:04.446  1097  1097 I         : [ADFR][0][INFO][oplus_adfr_status_reset:1851]sa status reset: auto_mode:0,fakeframe:1,sa_min_fps:120
09-25 18:53:04.457  1097  1097 I [   info] ts_panel_notifier_callback: Notification type:4, early_trigger:0
09-25 18:53:04.457  1097  1097 I [   info] ts_panel_notifier_callback: shashank:Received fps change old fps:60 new fps:120
09-25 18:53:04.619  1097  1097 I [   info] ts_panel_notifier_callback: Notification type:4, early_trigger:1
09-25 18:53:04.619  1097  1097 I [   info] ts_panel_notifier_callback: shashank:Received fps change old fps:120 new fps:60
09-25 18:53:04.622  1097  1097 E         : [LCD][0][ERR][oplus_panel_switch_vid_mode:475] oplus_panel_switch_vid_mode not support
09-25 18:53:04.622  1097  1097 I [drm:dsi_display_set_mode [msm_drm]] [msm-dsi-info]: mdp_transfer_time=6290, hactive=1264, vactive=2780, fps=60, h_skew=1, clk_rate=1012000000, h_sync_width=2,				h_front_porch26, h_back_porch=26, v_back_porch=42, v_sync_width=2, v_front_porch=58
09-25 18:53:04.622  1097  1097 I [ADFR][0][INFO][oplus_adfr_fakeframe_status_update:2140]h_active: 1264,refresh_rate:60,h_skew:1,sw_fps:0,fakeframe:0
09-25 18:53:04.625  1097  1097 I         : [LCD][0][INFO][oplus_panel_cmd_print:120] [A0020] dsi_cmd: qcom,mdss-dsi-timing-switch-command, count=8
09-25 18:53:04.625  1097  1097 I [ADFR][0][INFO][oplus_adfr_fakeframe_status_update:2140]h_active: 1264,refresh_rate:60,h_skew:1,sw_fps:0,fakeframe:0
09-25 18:53:04.625  1097  1097 I         : [ADFR][0][INFO][oplus_adfr_status_reset:1851]sa status reset: auto_mode:0,fakeframe:0,sa_min_fps:60
09-25 18:53:04.642  1097  1097 I [   info] ts_panel_notifier_callback: Notification type:4, early_trigger:0
09-25 18:53:04.642  1097  1097 I [   info] ts_panel_notifier_callback: shashank:Received fps change old fps:120 new fps:60
09-25 18:53:04.642  1097  1097 I [   info] ts_panel_notifier_callback: Notification type:4, early_trigger:1
09-25 18:53:04.642  1097  1097 I [   info] ts_panel_notifier_callback: shashank:Received fps change old fps:60 new fps:120
09-25 18:53:04.650  1097  1097 E         : [LCD][0][ERR][oplus_panel_switch_vid_mode:475] oplus_panel_switch_vid_mode not support
09-25 18:53:04.650  1097  1097 I [drm:dsi_display_set_mode [msm_drm]] [msm-dsi-info]: mdp_transfer_time=6290, hactive=1264, vactive=2780, fps=120, h_skew=0, clk_rate=1012000000, h_sync_width=2,				h_front_porch26, h_back_porch=26, v_back_porch=42, v_sync_width=2, v_front_porch=58
09-25 18:53:04.650  1097  1097 I [ADFR][0][INFO][oplus_adfr_fakeframe_status_update:2140]h_active: 1264,refresh_rate:120,h_skew:0,sw_fps:0,fakeframe:0
09-25 18:53:04.654  1097  1097 I         : [LCD][0][INFO][oplus_panel_cmd_print:120] [A0020] dsi_cmd: qcom,mdss-dsi-timing-switch-command, count=8
09-25 18:53:04.654  1097  1097 I [ADFR][0][INFO][oplus_adfr_fakeframe_status_update:2140]h_active: 1264,refresh_rate:120,h_skew:0,sw_fps:0,fakeframe:1
09-25 18:53:04.654  1097  1097 I         : [ADFR][0][INFO][oplus_adfr_status_reset:1851]sa status reset: auto_mode:0,fakeframe:1,sa_min_fps:120
09-25 18:53:04.673  1097  1097 I [   info] ts_panel_notifier_callback: Notification type:4, early_trigger:0
09-25 18:53:04.673  1097  1097 I [   info] ts_panel_notifier_callback: shashank:Received fps change old fps:60 new fps:120
09-25 18:53:04.757  1097  1097 I [   info] ts_panel_notifier_callback: Notification type:4, early_trigger:1
09-25 18:53:04.757  1097  1097 I [   info] ts_panel_notifier_callback: shashank:Received fps change old fps:120 new fps:60
09-25 18:53:04.760  1097  1097 E         : [LCD][0][ERR][oplus_panel_switch_vid_mode:475] oplus_panel_switch_vid_mode not support
09-25 18:53:04.760  1097  1097 I [drm:dsi_display_set_mode [msm_drm]] [msm-dsi-info]: mdp_transfer_time=6290, hactive=1264, vactive=2780, fps=60, h_skew=1, clk_rate=1012000000, h_sync_width=2,				h_front_porch26, h_back_porch=26, v_back_porch=42, v_sync_width=2, v_front_porch=58
09-25 18:53:04.761  1097  1097 I [ADFR][0][INFO][oplus_adfr_fakeframe_status_update:2140]h_active: 1264,refresh_rate:60,h_skew:1,sw_fps:0,fakeframe:0
09-25 18:53:04.767  1097  1097 I         : [LCD][0][INFO][oplus_panel_cmd_print:120] [A0020] dsi_cmd: qcom,mdss-dsi-timing-switch-command, count=8
09-25 18:53:04.767  1097  1097 I [ADFR][0][INFO][oplus_adfr_fakeframe_status_update:2140]h_active: 1264,refresh_rate:60,h_skew:1,sw_fps:0,fakeframe:0
09-25 18:53:04.767  1097  1097 I         : [ADFR][0][INFO][oplus_adfr_status_reset:1851]sa status reset: auto_mode:0,fakeframe:0,sa_min_fps:60
09-25 18:53:04.783  1097  1097 I [   info] ts_panel_notifier_callback: Notification type:4, early_trigger:0
09-25 18:53:04.783  1097  1097 I [   info] ts_panel_notifier_callback: shashank:Received fps change old fps:120 new fps:60
09-25 18:53:04.787 15472 15472 I         : [OFP][0][INFO][oplus_get_doze_disable_time:3679]oplus_get_doze_disable_time=0
09-25 18:53:04.787 15472 15472 W [drm] [msm-dsi-warn]: dsi_display_check_status,time_gap=-2113432993
09-25 18:53:04.791  1097  1097 I [   info] ts_panel_notifier_callback: Notification type:4, early_trigger:1
09-25 18:53:04.791  1097  1097 I [   info] ts_panel_notifier_callback: shashank:Received fps change old fps:60 new fps:120
09-25 18:53:04.809  1097  1097 E         : [LCD][0][ERR][oplus_panel_switch_vid_mode:475] oplus_panel_switch_vid_mode not support
09-25 18:53:04.809  1097  1097 I [drm:dsi_display_set_mode [msm_drm]] [msm-dsi-info]: mdp_transfer_time=6290, hactive=1264, vactive=2780, fps=120, h_skew=0, clk_rate=1012000000, h_sync_width=2,				h_front_porch26, h_back_porch=26, v_back_porch=42, v_sync_width=2, v_front_porch=58
09-25 18:53:04.810  1097  1097 I [ADFR][0][INFO][oplus_adfr_fakeframe_status_update:2140]h_active: 1264,refresh_rate:120,h_skew:0,sw_fps:0,fakeframe:0
09-25 18:53:04.812  1097  1097 I         : [LCD][0][INFO][oplus_panel_cmd_print:120] [A0020] dsi_cmd: qcom,mdss-dsi-timing-switch-command, count=8
09-25 18:53:04.812  1097  1097 I [ADFR][0][INFO][oplus_adfr_fakeframe_status_update:2140]h_active: 1264,refresh_rate:120,h_skew:0,sw_fps:0,fakeframe:1
09-25 18:53:04.813  1097  1097 I         : [ADFR][0][INFO][oplus_adfr_status_reset:1851]sa status reset: auto_mode:0,fakeframe:1,sa_min_fps:120
09-25 18:53:04.831  1097  1097 I [   info] ts_panel_notifier_callback: Notification type:4, early_trigger:0
09-25 18:53:04.831  1097  1097 I [   info] ts_panel_notifier_callback: shashank:Received fps change old fps:60 new fps:120
09-25 18:53:04.890  1097  1097 I [   info] ts_panel_notifier_callback: Notification type:4, early_trigger:1
09-25 18:53:04.890  1097  1097 I [   info] ts_panel_notifier_callback: shashank:Received fps change old fps:120 new fps:60
09-25 18:53:04.891  1097  1097 E         : [LCD][0][ERR][oplus_panel_switch_vid_mode:475] oplus_panel_switch_vid_mode not support
09-25 18:53:04.891  1097  1097 I [drm:dsi_display_set_mode [msm_drm]] [msm-dsi-info]: mdp_transfer_time=6290, hactive=1264, vactive=2780, fps=60, h_skew=1, clk_rate=1012000000, h_sync_width=2,				h_front_porch26, h_back_porch=26, v_back_porch=42, v_sync_width=2, v_front_porch=58
09-25 18:53:04.891  1097  1097 I [ADFR][0][INFO][oplus_adfr_fakeframe_status_update:2140]h_active: 1264,refresh_rate:60,h_skew:1,sw_fps:0,fakeframe:0
09-25 18:53:04.900  1097  1097 I         : [LCD][0][INFO][oplus_panel_cmd_print:120] [A0020] dsi_cmd: qcom,mdss-dsi-timing-switch-command, count=8
09-25 18:53:04.900  1097  1097 I [ADFR][0][INFO][oplus_adfr_fakeframe_status_update:2140]h_active: 1264,refresh_rate:60,h_skew:1,sw_fps:0,fakeframe:0
09-25 18:53:04.900  1097  1097 I         : [ADFR][0][INFO][oplus_adfr_status_reset:1851]sa status reset: auto_mode:0,fakeframe:0,sa_min_fps:60
09-25 18:53:04.916  1097  1097 I [   info] ts_panel_notifier_callback: Notification type:4, early_trigger:0
09-25 18:53:04.916  1097  1097 I [   info] ts_panel_notifier_callback: shashank:Received fps change old fps:120 new fps:60
09-25 18:53:05.000  1097  1097 I [   info] ts_panel_notifier_callback: Notification type:4, early_trigger:1
09-25 18:53:05.000  1097  1097 I [   info] ts_panel_notifier_callback: shashank:Received fps change old fps:60 new fps:120
09-25 18:53:05.003  1097  1097 E         : [LCD][0][ERR][oplus_panel_switch_vid_mode:475] oplus_panel_switch_vid_mode not support
09-25 18:53:05.003  1097  1097 I [drm:dsi_display_set_mode [msm_drm]] [msm-dsi-info]: mdp_transfer_time=6290, hactive=1264, vactive=2780, fps=120, h_skew=0, clk_rate=1012000000, h_sync_width=2,				h_front_porch26, h_back_porch=26, v_back_porch=42, v_sync_width=2, v_front_porch=58
09-25 18:53:05.004  1097  1097 I [ADFR][0][INFO][oplus_adfr_fakeframe_status_update:2140]h_active: 1264,refresh_rate:120,h_skew:0,sw_fps:0,fakeframe:0
09-25 18:53:05.004  1097  1097 I         : [LCD][0][INFO][oplus_panel_cmd_print:120] [A0020] dsi_cmd: qcom,mdss-dsi-timing-switch-command, count=8
09-25 18:53:05.004  1097  1097 I [ADFR][0][INFO][oplus_adfr_fakeframe_status_update:2140]h_active: 1264,refresh_rate:120,h_skew:0,sw_fps:0,fakeframe:1
09-25 18:53:05.004  1097  1097 I         : [ADFR][0][INFO][oplus_adfr_status_reset:1851]sa status reset: auto_mode:0,fakeframe:1,sa_min_fps:120
09-25 18:53:05.014  1097  1097 I [   info] ts_panel_notifier_callback: Notification type:4, early_trigger:0
09-25 18:53:05.014  1097  1097 I [   info] ts_panel_notifier_callback: shashank:Received fps change old fps:60 new fps:120
09-25 18:53:05.132  5304  5304 W audit   : audit_lost=5549357 audit_rate_limit=5 audit_backlog_limit=64
09-25 18:53:05.132  5304  5304 E audit   : rate limit exceeded
09-25 18:53:05.615  1097  1097 I [   info] ts_panel_notifier_callback: Notification type:4, early_trigger:1
09-25 18:53:05.615  1097  1097 I [   info] ts_panel_notifier_callback: shashank:Received fps change old fps:120 new fps:60
09-25 18:53:05.619  1097  1097 E         : [LCD][0][ERR][oplus_panel_switch_vid_mode:475] oplus_panel_switch_vid_mode not support
09-25 18:53:05.619  1097  1097 I [drm:dsi_display_set_mode [msm_drm]] [msm-dsi-info]: mdp_transfer_time=6290, hactive=1264, vactive=2780, fps=60, h_skew=1, clk_rate=1012000000, h_sync_width=2,				h_front_porch26, h_back_porch=26, v_back_porch=42, v_sync_width=2, v_front_porch=58
09-25 18:53:05.620  1097  1097 I [ADFR][0][INFO][oplus_adfr_fakeframe_status_update:2140]h_active: 1264,refresh_rate:60,h_skew:1,sw_fps:0,fakeframe:0
09-25 18:53:05.624  1097  1097 I         : [LCD][0][INFO][oplus_panel_cmd_print:120] [A0020] dsi_cmd: qcom,mdss-dsi-timing-switch-command, count=8
09-25 18:53:05.624  1097  1097 I [ADFR][0][INFO][oplus_adfr_fakeframe_status_update:2140]h_active: 1264,refresh_rate:60,h_skew:1,sw_fps:0,fakeframe:0
09-25 18:53:05.624  1097  1097 I         : [ADFR][0][INFO][oplus_adfr_status_reset:1851]sa status reset: auto_mode:0,fakeframe:0,sa_min_fps:60
09-25 18:53:05.640  1097  1097 I [   info] ts_panel_notifier_callback: Notification type:4, early_trigger:0
09-25 18:53:05.640  1097  1097 I [   info] ts_panel_notifier_callback: shashank:Received fps change old fps:120 new fps:60
09-25 18:53:05.725  1097  1097 I [   info] ts_panel_notifier_callback: Notification type:4, early_trigger:1
09-25 18:53:05.725  1097  1097 I [   info] ts_panel_notifier_callback: shashank:Received fps change old fps:60 new fps:120
09-25 18:53:05.729  1097  1097 E         : [LCD][0][ERR][oplus_panel_switch_vid_mode:475] oplus_panel_switch_vid_mode not support
09-25 18:53:05.729  1097  1097 I [drm:dsi_display_set_mode [msm_drm]] [msm-dsi-info]: mdp_transfer_time=6290, hactive=1264, vactive=2780, fps=120, h_skew=0, clk_rate=1012000000, h_sync_width=2,				h_front_porch26, h_back_porch=26, v_back_porch=42, v_sync_width=2, v_front_porch=58
09-25 18:53:05.729  1097  1097 I [ADFR][0][INFO][oplus_adfr_fakeframe_status_update:2140]h_active: 1264,refresh_rate:120,h_skew:0,sw_fps:0,fakeframe:0
09-25 18:53:05.736  1097  1097 I         : [LCD][0][INFO][oplus_panel_cmd_print:120] [A0020] dsi_cmd: qcom,mdss-dsi-timing-switch-command, count=8
09-25 18:53:05.736  1097  1097 I [ADFR][0][INFO][oplus_adfr_fakeframe_status_update:2140]h_active: 1264,refresh_rate:120,h_skew:0,sw_fps:0,fakeframe:1
09-25 18:53:05.736  1097  1097 I         : [ADFR][0][INFO][oplus_adfr_status_reset:1851]sa status reset: auto_mode:0,fakeframe:1,sa_min_fps:120
09-25 18:53:05.755  1097  1097 I [   info] ts_panel_notifier_callback: Notification type:4, early_trigger:0
09-25 18:53:05.755  1097  1097 I [   info] ts_panel_notifier_callback: shashank:Received fps change old fps:60 new fps:120
09-25 18:53:05.930  1097  1097 I [   info] ts_panel_notifier_callback: Notification type:4, early_trigger:1
09-25 18:53:05.930  1097  1097 I [   info] ts_panel_notifier_callback: shashank:Received fps change old fps:120 new fps:60
09-25 18:53:05.934  1097  1097 E         : [LCD][0][ERR][oplus_panel_switch_vid_mode:475] oplus_panel_switch_vid_mode not support
09-25 18:53:05.934  1097  1097 I [drm:dsi_display_set_mode [msm_drm]] [msm-dsi-info]: mdp_transfer_time=6290, hactive=1264, vactive=2780, fps=60, h_skew=1, clk_rate=1012000000, h_sync_width=2,				h_front_porch26, h_back_porch=26, v_back_porch=42, v_sync_width=2, v_front_porch=58
09-25 18:53:05.934  1097  1097 I [ADFR][0][INFO][oplus_adfr_fakeframe_status_update:2140]h_active: 1264,refresh_rate:60,h_skew:1,sw_fps:0,fakeframe:0
09-25 18:53:05.940  1097  1097 I         : [LCD][0][INFO][oplus_panel_cmd_print:120] [A0020] dsi_cmd: qcom,mdss-dsi-timing-switch-command, count=8
09-25 18:53:05.940  1097  1097 I [ADFR][0][INFO][oplus_adfr_fakeframe_status_update:2140]h_active: 1264,refresh_rate:60,h_skew:1,sw_fps:0,fakeframe:0
09-25 18:53:05.940  1097  1097 I         : [ADFR][0][INFO][oplus_adfr_status_reset:1851]sa status reset: auto_mode:0,fakeframe:0,sa_min_fps:60
09-25 18:53:05.956  1097  1097 I [   info] ts_panel_notifier_callback: Notification type:4, early_trigger:0
09-25 18:53:05.956  1097  1097 I [   info] ts_panel_notifier_callback: shashank:Received fps change old fps:120 new fps:60
09-25 18:53:05.961   950   950 I logd    : logdr: UID=2000 GID=2000 PID=16456 n tail=0 logMask=10 pid=0 start=0ns deadline=0ns
09-25 18:53:05.981   950   950 I logd    : logdr: UID=2000 GID=2000 PID=16460 n tail=5000 logMask=9 pid=0 start=0ns deadline=0ns
09-25 18:53:06.022  1097  1097 I [   info] ts_panel_notifier_callback: Notification type:4, early_trigger:1
09-25 18:53:06.022  1097  1097 I [   info] ts_panel_notifier_callback: shashank:Received fps change old fps:60 new fps:120
09-25 18:53:06.031  1097  1097 E         : [LCD][0][ERR][oplus_panel_switch_vid_mode:475] oplus_panel_switch_vid_mode not support
09-25 18:53:06.031  1097  1097 I [drm:dsi_display_set_mode [msm_drm]] [msm-dsi-info]: mdp_transfer_time=6290, hactive=1264, vactive=2780, fps=120, h_skew=0, clk_rate=1012000000, h_sync_width=2,				h_front_porch26, h_back_porch=26, v_back_porch=42, v_sync_width=2, v_front_porch=58
09-25 18:53:06.032  1097  1097 I [ADFR][0][INFO][oplus_adfr_fakeframe_status_update:2140]h_active: 1264,refresh_rate:120,h_skew:0,sw_fps:0,fakeframe:0
09-25 18:53:06.035  1097  1097 I         : [LCD][0][INFO][oplus_panel_cmd_print:120] [A0020] dsi_cmd: qcom,mdss-dsi-timing-switch-command, count=8
09-25 18:53:06.036  1097  1097 I [ADFR][0][INFO][oplus_adfr_fakeframe_status_update:2140]h_active: 1264,refresh_rate:120,h_skew:0,sw_fps:0,fakeframe:1
09-25 18:53:06.036  1097  1097 I         : [ADFR][0][INFO][oplus_adfr_status_reset:1851]sa status reset: auto_mode:0,fakeframe:1,sa_min_fps:120
09-25 18:53:06.054  1097  1097 I [   info] ts_panel_notifier_callback: Notification type:4, early_trigger:0
09-25 18:53:06.054  1097  1097 I [   info] ts_panel_notifier_callback: shashank:Received fps change old fps:60 new fps:120
09-25 18:53:06.064   950   950 I logd    : logdr: UID=2000 GID=2000 PID=16463 n tail=2000 logMask=4 pid=0 start=0ns deadline=0ns
09-25 18:53:06.097  1097  1097 I [   info] ts_panel_notifier_callback: Notification type:4, early_trigger:1
09-25 18:53:06.097  1097  1097 I [   info] ts_panel_notifier_callback: shashank:Received fps change old fps:120 new fps:60
09-25 18:53:06.097  1097  1097 E         : [LCD][0][ERR][oplus_panel_switch_vid_mode:475] oplus_panel_switch_vid_mode not support
09-25 18:53:06.097  1097  1097 I [drm:dsi_display_set_mode [msm_drm]] [msm-dsi-info]: mdp_transfer_time=6290, hactive=1264, vactive=2780, fps=60, h_skew=1, clk_rate=1012000000, h_sync_width=2,				h_front_porch26, h_back_porch=26, v_back_porch=42, v_sync_width=2, v_front_porch=58
09-25 18:53:06.097  1097  1097 I [ADFR][0][INFO][oplus_adfr_fakeframe_status_update:2140]h_active: 1264,refresh_rate:60,h_skew:1,sw_fps:0,fakeframe:0
09-25 18:53:06.106  1097  1097 I         : [LCD][0][INFO][oplus_panel_cmd_print:120] [A0020] dsi_cmd: qcom,mdss-dsi-timing-switch-command, count=8
09-25 18:53:06.106  1097  1097 I [ADFR][0][INFO][oplus_adfr_fakeframe_status_update:2140]h_active: 1264,refresh_rate:60,h_skew:1,sw_fps:0,fakeframe:0
09-25 18:53:06.106  1097  1097 I         : [ADFR][0][INFO][oplus_adfr_status_reset:1851]sa status reset: auto_mode:0,fakeframe:0,sa_min_fps:60
