--------- beginning of kernel
09-26 11:51:39.991  1097  1097 I         : [LCD][0][INFO][oplus_panel_cmd_print:120] [A0020] dsi_cmd: qcom,mdss-dsi-timing-switch-command, count=8
09-26 11:51:39.992  1097  1097 I [ADFR][0][INFO][oplus_adfr_fakeframe_status_update:2140]h_active: 1264,refresh_rate:60,h_skew:1,sw_fps:0,fakeframe:0
09-26 11:51:39.992  1097  1097 I         : [ADFR][0][INFO][oplus_adfr_status_reset:1851]sa status reset: auto_mode:0,fakeframe:0,sa_min_fps:60
09-26 11:51:40.008  1097  1097 I [   info] ts_panel_notifier_callback: Notification type:4, early_trigger:0
09-26 11:51:40.008  1097  1097 I [   info] ts_panel_notifier_callback: shashank:Received fps change old fps:120 new fps:60
09-26 11:51:40.008  1097  1097 I [   info] ts_panel_notifier_callback: Notification type:4, early_trigger:1
09-26 11:51:40.008  1097  1097 I [   info] ts_panel_notifier_callback: shashank:Received fps change old fps:60 new fps:120
09-26 11:51:40.017  1097  1097 E         : [LCD][0][ERR][oplus_panel_switch_vid_mode:475] oplus_panel_switch_vid_mode not support
09-26 11:51:40.017  1097  1097 I [drm:dsi_display_set_mode [msm_drm]] [msm-dsi-info]: mdp_transfer_time=6290, hactive=1264, vactive=2780, fps=120, h_skew=0, clk_rate=1012000000, h_sync_width=2,				h_front_porch26, h_back_porch=26, v_back_porch=42, v_sync_width=2, v_front_porch=58
09-26 11:51:40.017  1097  1097 I [ADFR][0][INFO][oplus_adfr_fakeframe_status_update:2140]h_active: 1264,refresh_rate:120,h_skew:0,sw_fps:0,fakeframe:0
09-26 11:51:40.020  1097  1097 I         : [LCD][0][INFO][oplus_panel_cmd_print:120] [A0020] dsi_cmd: qcom,mdss-dsi-timing-switch-command, count=8
09-26 11:51:40.021  1097  1097 I [ADFR][0][INFO][oplus_adfr_fakeframe_status_update:2140]h_active: 1264,refresh_rate:120,h_skew:0,sw_fps:0,fakeframe:1
09-26 11:51:40.021  1097  1097 I         : [ADFR][0][INFO][oplus_adfr_status_reset:1851]sa status reset: auto_mode:0,fakeframe:1,sa_min_fps:120
09-26 11:51:40.039  1097  1097 I [   info] ts_panel_notifier_callback: Notification type:4, early_trigger:0
09-26 11:51:40.039  1097  1097 I [   info] ts_panel_notifier_callback: shashank:Received fps change old fps:60 new fps:120
09-26 11:51:40.168  1097  1097 I [   info] ts_panel_notifier_callback: Notification type:4, early_trigger:1
09-26 11:51:40.168  1097  1097 I [   info] ts_panel_notifier_callback: shashank:Received fps change old fps:120 new fps:60
09-26 11:51:40.171  1097  1097 E         : [LCD][0][ERR][oplus_panel_switch_vid_mode:475] oplus_panel_switch_vid_mode not support
09-26 11:51:40.171  1097  1097 I [drm:dsi_display_set_mode [msm_drm]] [msm-dsi-info]: mdp_transfer_time=6290, hactive=1264, vactive=2780, fps=60, h_skew=1, clk_rate=1012000000, h_sync_width=2,				h_front_porch26, h_back_porch=26, v_back_porch=42, v_sync_width=2, v_front_porch=58
09-26 11:51:40.172  1097  1097 I [ADFR][0][INFO][oplus_adfr_fakeframe_status_update:2140]h_active: 1264,refresh_rate:60,h_skew:1,sw_fps:0,fakeframe:0
09-26 11:51:40.174  1097  1097 I         : [LCD][0][INFO][oplus_panel_cmd_print:120] [A0020] dsi_cmd: qcom,mdss-dsi-timing-switch-command, count=8
09-26 11:51:40.175  1097  1097 I [ADFR][0][INFO][oplus_adfr_fakeframe_status_update:2140]h_active: 1264,refresh_rate:60,h_skew:1,sw_fps:0,fakeframe:0
09-26 11:51:40.175  1097  1097 I         : [ADFR][0][INFO][oplus_adfr_status_reset:1851]sa status reset: auto_mode:0,fakeframe:0,sa_min_fps:60
09-26 11:51:40.191  1097  1097 I [   info] ts_panel_notifier_callback: Notification type:4, early_trigger:0
09-26 11:51:40.191  1097  1097 I [   info] ts_panel_notifier_callback: shashank:Received fps change old fps:120 new fps:60
09-26 11:51:40.191  1097  1097 I [   info] ts_panel_notifier_callback: Notification type:4, early_trigger:1
09-26 11:51:40.191  1097  1097 I [   info] ts_panel_notifier_callback: shashank:Received fps change old fps:60 new fps:120
09-26 11:51:40.200  1097  1097 E         : [LCD][0][ERR][oplus_panel_switch_vid_mode:475] oplus_panel_switch_vid_mode not support
09-26 11:51:40.200  1097  1097 I [drm:dsi_display_set_mode [msm_drm]] [msm-dsi-info]: mdp_transfer_time=6290, hactive=1264, vactive=2780, fps=120, h_skew=0, clk_rate=1012000000, h_sync_width=2,				h_front_porch26, h_back_porch=26, v_back_porch=42, v_sync_width=2, v_front_porch=58
09-26 11:51:40.200  1097  1097 I [ADFR][0][INFO][oplus_adfr_fakeframe_status_update:2140]h_active: 1264,refresh_rate:120,h_skew:0,sw_fps:0,fakeframe:0
09-26 11:51:40.204  1097  1097 I         : [LCD][0][INFO][oplus_panel_cmd_print:120] [A0020] dsi_cmd: qcom,mdss-dsi-timing-switch-command, count=8
09-26 11:51:40.204  1097  1097 I [ADFR][0][INFO][oplus_adfr_fakeframe_status_update:2140]h_active: 1264,refresh_rate:120,h_skew:0,sw_fps:0,fakeframe:1
09-26 11:51:40.204  1097  1097 I         : [ADFR][0][INFO][oplus_adfr_status_reset:1851]sa status reset: auto_mode:0,fakeframe:1,sa_min_fps:120
09-26 11:51:40.222  1097  1097 I [   info] ts_panel_notifier_callback: Notification type:4, early_trigger:0
09-26 11:51:40.222  1097  1097 I [   info] ts_panel_notifier_callback: shashank:Received fps change old fps:60 new fps:120
09-26 11:51:41.199     0     0 W [    C0] gen7_err_callback: 332 callbacks suppressed
09-26 11:51:41.199     0     0 F         : [    C0] kgsl kgsl-3d0: CP: AHB bus error, CP_RL_ERROR_DETAILS_0:0x10008e07 CP_RL_ERROR_DETAILS_1:0x12144
09-26 11:51:41.227     0     0 F         : [    C0] kgsl kgsl-3d0: CP: AHB bus error, CP_RL_ERROR_DETAILS_0:0x10008e07 CP_RL_ERROR_DETAILS_1:0x12144
09-26 11:51:41.228     0     0 F         : [    C0] kgsl kgsl-3d0: CP: AHB bus error, CP_RL_ERROR_DETAILS_0:0x10008e07 CP_RL_ERROR_DETAILS_1:0x12144
09-26 11:51:41.229     0     0 F         : [    C0] kgsl kgsl-3d0: CP: AHB bus error, CP_RL_ERROR_DETAILS_0:0x10008e07 CP_RL_ERROR_DETAILS_1:0x12144
09-26 11:51:41.238     0     0 F         : [    C0] kgsl kgsl-3d0: CP: AHB bus error, CP_RL_ERROR_DETAILS_0:0x10008e07 CP_RL_ERROR_DETAILS_1:0x12144
09-26 11:51:41.257 17131 17131 I         : [OFP][0][INFO][oplus_get_doze_disable_time:3679]oplus_get_doze_disable_time=0
09-26 11:51:41.257 17131 17131 W [drm] [msm-dsi-warn]: dsi_display_check_status,time_gap=-1462697725
09-26 11:51:41.273     0     0 F         : [    C0] kgsl kgsl-3d0: CP: AHB bus error, CP_RL_ERROR_DETAILS_0:0x10008e07 CP_RL_ERROR_DETAILS_1:0x12144
09-26 11:51:41.315     0     0 F         : [    C0] kgsl kgsl-3d0: CP: AHB bus error, CP_RL_ERROR_DETAILS_0:0x10008e07 CP_RL_ERROR_DETAILS_1:0x12144
09-26 11:51:41.317     0     0 F         : [    C0] kgsl kgsl-3d0: CP: AHB bus error, CP_RL_ERROR_DETAILS_0:0x10008e07 CP_RL_ERROR_DETAILS_1:0x12144
09-26 11:51:41.328     0     0 F         : [    C0] kgsl kgsl-3d0: CP: AHB bus error, CP_RL_ERROR_DETAILS_0:0x10008e07 CP_RL_ERROR_DETAILS_1:0x12144
09-26 11:51:41.357     0     0 F         : [    C0] kgsl kgsl-3d0: CP: AHB bus error, CP_RL_ERROR_DETAILS_0:0x10008e07 CP_RL_ERROR_DETAILS_1:0x12144
09-26 11:51:42.232   867   867 I servicemanager: Caller(pid=24060,uid=2000,sid=u:r:shell:s0) Found android.hardware.graphics.allocator.IAllocator/default in device VINTF manifest.
09-26 11:51:42.258   867   867 I servicemanager: Caller(pid=24060,uid=2000,sid=u:r:shell:s0) Found android.hardware.graphics.allocator.IAllocator/default in device VINTF manifest.
09-26 11:51:42.280   707   707 E iostack : irqs = 19533536, self-block = 0
09-26 11:51:43.073 17565 17565 I         : [INFO]: OPLUS_CHG[CHG_COMM]([oplus_comm_smooth_to_soc][3416]): soc[0 2 66 66 67 68] avg[3 1 0 0 0] fifo[67 67 67 67]
09-26 11:51:43.082 17560 17560 I         : [INFO]: OPLUS_CHG[TRACK]([oplus_chg_track_cal_no_charging_stats_new][6797]): chg_no_charging_cnt=246s, no_chg_time=319s, delta_time=5s
09-26 11:51:43.094 17560 17560 I OPLUS_CHG[oplus_charge_info]: BATTERY[364 364 3973 3973 1734 66 68 67 3538 5416 1 0x0 3885], CHARGE[4470 600 0 0], WIRED[1 450 4930 500 1 0x0 0 0 0 2 0], WIRELESS[0 0 0 0 0 0x0 0 0 0], VOOC[0 0 0 0 0x0], UFCS[0 0 0 0x0], COMMON[7 0 0 0x0 1 0 1 5416 100 0]
09-26 11:51:43.105 17560 17560 I         : [INFO]: OPLUS_CHG[ADSP]([oplus_chg_8350_reg_dump][7390]): sm8450_st_dump: [chg_en=1, suspend=0, pd_svooc=0], subtype=0x01],[oplus_UsbCommCapable=0, oplus_pd_svooc=0, typec_mode=0, cid_status=0x01, usb_in_status=1],[0x2606=0x83, 0x2607=0x19, 0x2608=0x0a, 0x2609=0x02], [0x260a=0x04, 0x260b=0x57, 0x260c=0x0a, 0x260d=0x18], [0x260e=0x0a, 0x260f=0x01, 0x2610=0x00, 0x2640=0x01], [0x2641=0x02, 0x2642=0x05, 0x2646=0x01, 0x2650=0x03], [0x2706=0x0a, 0x2707=0x0a, 0x2708=0x0a, 0x2709=0x0a], [0x270b=0xe2, 0x270c=0x48, 0x2710=0xc0, 0x280c=0x38], [0x2810=0x00, 0x2840=0x01, 0x287f=0x00, 0x2906=0x02], [0x2908=0x0f, 0x290a=0x11, 0x290b=0x01, 0x290c=0x01], [0x2910=0x11, 0x2944=0x80, 0x2950=0x02, 0x2951=0x01], [0x2952=0x0a, 0x2954=0x00, 0x2960=0xe0, 0x2b06=0x08], [0x2b07=0x00, 0x2b08=0x00, 0x2b09=0x63, 0x2b0a=0x39], [0x2b0b=0x29, 0x2b0c=0x00, 0x29a8=0x81, 0x29a9=0x83], [0x29aa=0x00, 0x2aa2=0x00, 0x2aa8=0x87, 0x2aa9=0x00], [0x2aaa=0x00],
09-26 11:51:43.895  1097  1097 I [   info] ts_panel_notifier_callback: Notification type:4, early_trigger:1
09-26 11:51:43.895  1097  1097 I [   info] ts_panel_notifier_callback: shashank:Received fps change old fps:120 new fps:60
09-26 11:51:43.899  1097  1097 E         : [LCD][0][ERR][oplus_panel_switch_vid_mode:475] oplus_panel_switch_vid_mode not support
09-26 11:51:43.899  1097  1097 I [drm:dsi_display_set_mode [msm_drm]] [msm-dsi-info]: mdp_transfer_time=6290, hactive=1264, vactive=2780, fps=60, h_skew=1, clk_rate=1012000000, h_sync_width=2,				h_front_porch26, h_back_porch=26, v_back_porch=42, v_sync_width=2, v_front_porch=58
09-26 11:51:43.899  1097  1097 I [ADFR][0][INFO][oplus_adfr_fakeframe_status_update:2140]h_active: 1264,refresh_rate:60,h_skew:1,sw_fps:0,fakeframe:0
09-26 11:51:43.902  1097  1097 I         : [LCD][0][INFO][oplus_panel_cmd_print:120] [A0020] dsi_cmd: qcom,mdss-dsi-timing-switch-command, count=8
09-26 11:51:43.902  1097  1097 I [ADFR][0][INFO][oplus_adfr_fakeframe_status_update:2140]h_active: 1264,refresh_rate:60,h_skew:1,sw_fps:0,fakeframe:0
09-26 11:51:43.902  1097  1097 I         : [ADFR][0][INFO][oplus_adfr_status_reset:1851]sa status reset: auto_mode:0,fakeframe:0,sa_min_fps:60
09-26 11:51:43.919  1097  1097 I [   info] ts_panel_notifier_callback: Notification type:4, early_trigger:0
09-26 11:51:43.919  1097  1097 I [   info] ts_panel_notifier_callback: shashank:Received fps change old fps:120 new fps:60
09-26 11:51:43.938  1097  1097 I [   info] ts_panel_notifier_callback: Notification type:4, early_trigger:1
09-26 11:51:43.938  1097  1097 I [   info] ts_panel_notifier_callback: shashank:Received fps change old fps:60 new fps:120
09-26 11:51:43.944  1097  1097 E         : [LCD][0][ERR][oplus_panel_switch_vid_mode:475] oplus_panel_switch_vid_mode not support
09-26 11:51:43.944  1097  1097 I [drm:dsi_display_set_mode [msm_drm]] [msm-dsi-info]: mdp_transfer_time=6290, hactive=1264, vactive=2780, fps=120, h_skew=0, clk_rate=1012000000, h_sync_width=2,				h_front_porch26, h_back_porch=26, v_back_porch=42, v_sync_width=2, v_front_porch=58
09-26 11:51:43.944  1097  1097 I [ADFR][0][INFO][oplus_adfr_fakeframe_status_update:2140]h_active: 1264,refresh_rate:120,h_skew:0,sw_fps:0,fakeframe:0
09-26 11:51:43.948  1097  1097 I         : [LCD][0][INFO][oplus_panel_cmd_print:120] [A0020] dsi_cmd: qcom,mdss-dsi-timing-switch-command, count=8
09-26 11:51:43.948  1097  1097 I [ADFR][0][INFO][oplus_adfr_fakeframe_status_update:2140]h_active: 1264,refresh_rate:120,h_skew:0,sw_fps:0,fakeframe:1
09-26 11:51:43.948  1097  1097 I         : [ADFR][0][INFO][oplus_adfr_status_reset:1851]sa status reset: auto_mode:0,fakeframe:1,sa_min_fps:120
09-26 11:51:43.967  1097  1097 I [   info] ts_panel_notifier_callback: Notification type:4, early_trigger:0
09-26 11:51:43.967  1097  1097 I [   info] ts_panel_notifier_callback: shashank:Received fps change old fps:60 new fps:120
09-26 11:51:44.327  1097  1097 I [   info] ts_panel_notifier_callback: Notification type:4, early_trigger:1
09-26 11:51:44.327  1097  1097 I [   info] ts_panel_notifier_callback: shashank:Received fps change old fps:120 new fps:60
09-26 11:51:44.329  1097  1097 E         : [LCD][0][ERR][oplus_panel_switch_vid_mode:475] oplus_panel_switch_vid_mode not support
09-26 11:51:44.329  1097  1097 I [drm:dsi_display_set_mode [msm_drm]] [msm-dsi-info]: mdp_transfer_time=6290, hactive=1264, vactive=2780, fps=60, h_skew=1, clk_rate=1012000000, h_sync_width=2,				h_front_porch26, h_back_porch=26, v_back_porch=42, v_sync_width=2, v_front_porch=58
09-26 11:51:44.329  1097  1097 I [ADFR][0][INFO][oplus_adfr_fakeframe_status_update:2140]h_active: 1264,refresh_rate:60,h_skew:1,sw_fps:0,fakeframe:0
09-26 11:51:44.335  1097  1097 I         : [LCD][0][INFO][oplus_panel_cmd_print:120] [A0020] dsi_cmd: qcom,mdss-dsi-timing-switch-command, count=8
09-26 11:51:44.335  1097  1097 I [ADFR][0][INFO][oplus_adfr_fakeframe_status_update:2140]h_active: 1264,refresh_rate:60,h_skew:1,sw_fps:0,fakeframe:0
09-26 11:51:44.335  1097  1097 I         : [ADFR][0][INFO][oplus_adfr_status_reset:1851]sa status reset: auto_mode:0,fakeframe:0,sa_min_fps:60
09-26 11:51:44.351  1097  1097 I [   info] ts_panel_notifier_callback: Notification type:4, early_trigger:0
09-26 11:51:44.351  1097  1097 I [   info] ts_panel_notifier_callback: shashank:Received fps change old fps:120 new fps:60
09-26 11:51:44.352  1097  1097 I [   info] ts_panel_notifier_callback: Notification type:4, early_trigger:1
09-26 11:51:44.352  1097  1097 I [   info] ts_panel_notifier_callback: shashank:Received fps change old fps:60 new fps:120
09-26 11:51:44.360  1097  1097 E         : [LCD][0][ERR][oplus_panel_switch_vid_mode:475] oplus_panel_switch_vid_mode not support
09-26 11:51:44.360  1097  1097 I [drm:dsi_display_set_mode [msm_drm]] [msm-dsi-info]: mdp_transfer_time=6290, hactive=1264, vactive=2780, fps=120, h_skew=0, clk_rate=1012000000, h_sync_width=2,				h_front_porch26, h_back_porch=26, v_back_porch=42, v_sync_width=2, v_front_porch=58
09-26 11:51:44.360  1097  1097 I [ADFR][0][INFO][oplus_adfr_fakeframe_status_update:2140]h_active: 1264,refresh_rate:120,h_skew:0,sw_fps:0,fakeframe:0
09-26 11:51:44.364  1097  1097 I         : [LCD][0][INFO][oplus_panel_cmd_print:120] [A0020] dsi_cmd: qcom,mdss-dsi-timing-switch-command, count=8
09-26 11:51:44.364  1097  1097 I [ADFR][0][INFO][oplus_adfr_fakeframe_status_update:2140]h_active: 1264,refresh_rate:120,h_skew:0,sw_fps:0,fakeframe:1
09-26 11:51:44.364  1097  1097 I         : [ADFR][0][INFO][oplus_adfr_status_reset:1851]sa status reset: auto_mode:0,fakeframe:1,sa_min_fps:120
09-26 11:51:44.383  1097  1097 I [   info] ts_panel_notifier_callback: Notification type:4, early_trigger:0
09-26 11:51:44.383  1097  1097 I [   info] ts_panel_notifier_callback: shashank:Received fps change old fps:60 new fps:120
09-26 11:51:45.168  1097  1097 I [   info] ts_panel_notifier_callback: Notification type:4, early_trigger:1
09-26 11:51:45.168  1097  1097 I [   info] ts_panel_notifier_callback: shashank:Received fps change old fps:120 new fps:60
09-26 11:51:45.178  1097  1097 E         : [LCD][0][ERR][oplus_panel_switch_vid_mode:475] oplus_panel_switch_vid_mode not support
09-26 11:51:45.178  1097  1097 I [drm:dsi_display_set_mode [msm_drm]] [msm-dsi-info]: mdp_transfer_time=6290, hactive=1264, vactive=2780, fps=60, h_skew=1, clk_rate=1012000000, h_sync_width=2,				h_front_porch26, h_back_porch=26, v_back_porch=42, v_sync_width=2, v_front_porch=58
09-26 11:51:45.178  1097  1097 I [ADFR][0][INFO][oplus_adfr_fakeframe_status_update:2140]h_active: 1264,refresh_rate:60,h_skew:1,sw_fps:0,fakeframe:0
09-26 11:51:45.183  1097  1097 I         : [LCD][0][INFO][oplus_panel_cmd_print:120] [A0020] dsi_cmd: qcom,mdss-dsi-timing-switch-command, count=8
09-26 11:51:45.183  1097  1097 I [ADFR][0][INFO][oplus_adfr_fakeframe_status_update:2140]h_active: 1264,refresh_rate:60,h_skew:1,sw_fps:0,fakeframe:0
09-26 11:51:45.183  1097  1097 I         : [ADFR][0][INFO][oplus_adfr_status_reset:1851]sa status reset: auto_mode:0,fakeframe:0,sa_min_fps:60
09-26 11:51:45.200  1097  1097 I [   info] ts_panel_notifier_callback: Notification type:4, early_trigger:0
09-26 11:51:45.200  1097  1097 I [   info] ts_panel_notifier_callback: shashank:Received fps change old fps:120 new fps:60
09-26 11:51:45.208  1097  1097 I [   info] ts_panel_notifier_callback: Notification type:4, early_trigger:1
09-26 11:51:45.208  1097  1097 I [   info] ts_panel_notifier_callback: shashank:Received fps change old fps:60 new fps:120
09-26 11:51:45.209 18422 18422 E gsi soc : qcom,msm_gsi: gsi_stop_channel:3688 chan=1 busy try again
09-26 11:51:45.210 18422 18422 E gsi soc : qcom,msm_gsi: gsi_stop_channel:3688 chan=14 busy try again
09-26 11:51:45.225  1097  1097 E         : [LCD][0][ERR][oplus_panel_switch_vid_mode:475] oplus_panel_switch_vid_mode not support
09-26 11:51:45.225  1097  1097 I [drm:dsi_display_set_mode [msm_drm]] [msm-dsi-info]: mdp_transfer_time=6290, hactive=1264, vactive=2780, fps=120, h_skew=0, clk_rate=1012000000, h_sync_width=2,				h_front_porch26, h_back_porch=26, v_back_porch=42, v_sync_width=2, v_front_porch=58
09-26 11:51:45.226  1097  1097 I [ADFR][0][INFO][oplus_adfr_fakeframe_status_update:2140]h_active: 1264,refresh_rate:120,h_skew:0,sw_fps:0,fakeframe:0
09-26 11:51:45.229  1097  1097 I         : [LCD][0][INFO][oplus_panel_cmd_print:120] [A0020] dsi_cmd: qcom,mdss-dsi-timing-switch-command, count=8
09-26 11:51:45.229  1097  1097 I [ADFR][0][INFO][oplus_adfr_fakeframe_status_update:2140]h_active: 1264,refresh_rate:120,h_skew:0,sw_fps:0,fakeframe:1
09-26 11:51:45.229  1097  1097 I         : [ADFR][0][INFO][oplus_adfr_status_reset:1851]sa status reset: auto_mode:0,fakeframe:1,sa_min_fps:120
09-26 11:51:45.248  1097  1097 I [   info] ts_panel_notifier_callback: Notification type:4, early_trigger:0
09-26 11:51:45.248  1097  1097 I [   info] ts_panel_notifier_callback: shashank:Received fps change old fps:60 new fps:120
09-26 11:51:45.412 23445 23445 E gsi soc : qcom,msm_gsi: gsi_stop_channel:3688 chan=1 busy try again
09-26 11:51:45.416 23445 23445 E gsi soc : qcom,msm_gsi: gsi_stop_channel:3688 chan=14 busy try again
09-26 11:51:45.526  1097  1097 I [   info] ts_panel_notifier_callback: Notification type:4, early_trigger:1
09-26 11:51:45.526  1097  1097 I [   info] ts_panel_notifier_callback: shashank:Received fps change old fps:120 new fps:60
09-26 11:51:45.529  1097  1097 E         : [LCD][0][ERR][oplus_panel_switch_vid_mode:475] oplus_panel_switch_vid_mode not support
09-26 11:51:45.529  1097  1097 I [drm:dsi_display_set_mode [msm_drm]] [msm-dsi-info]: mdp_transfer_time=6290, hactive=1264, vactive=2780, fps=60, h_skew=1, clk_rate=1012000000, h_sync_width=2,				h_front_porch26, h_back_porch=26, v_back_porch=42, v_sync_width=2, v_front_porch=58
09-26 11:51:45.530  1097  1097 I [ADFR][0][INFO][oplus_adfr_fakeframe_status_update:2140]h_active: 1264,refresh_rate:60,h_skew:1,sw_fps:0,fakeframe:0
09-26 11:51:45.533  1097  1097 I         : [LCD][0][INFO][oplus_panel_cmd_print:120] [A0020] dsi_cmd: qcom,mdss-dsi-timing-switch-command, count=8
09-26 11:51:45.533  1097  1097 I [ADFR][0][INFO][oplus_adfr_fakeframe_status_update:2140]h_active: 1264,refresh_rate:60,h_skew:1,sw_fps:0,fakeframe:0
09-26 11:51:45.533  1097  1097 I         : [ADFR][0][INFO][oplus_adfr_status_reset:1851]sa status reset: auto_mode:0,fakeframe:0,sa_min_fps:60
09-26 11:51:45.549  1097  1097 I [   info] ts_panel_notifier_callback: Notification type:4, early_trigger:0
09-26 11:51:45.549  1097  1097 I [   info] ts_panel_notifier_callback: shashank:Received fps change old fps:120 new fps:60
09-26 11:51:45.550  1097  1097 I [   info] ts_panel_notifier_callback: Notification type:4, early_trigger:1
09-26 11:51:45.550  1097  1097 I [   info] ts_panel_notifier_callback: shashank:Received fps change old fps:60 new fps:120
09-26 11:51:45.558  1097  1097 E         : [LCD][0][ERR][oplus_panel_switch_vid_mode:475] oplus_panel_switch_vid_mode not support
09-26 11:51:45.558  1097  1097 I [drm:dsi_display_set_mode [msm_drm]] [msm-dsi-info]: mdp_transfer_time=6290, hactive=1264, vactive=2780, fps=120, h_skew=0, clk_rate=1012000000, h_sync_width=2,				h_front_porch26, h_back_porch=26, v_back_porch=42, v_sync_width=2, v_front_porch=58
09-26 11:51:45.558  1097  1097 I [ADFR][0][INFO][oplus_adfr_fakeframe_status_update:2140]h_active: 1264,refresh_rate:120,h_skew:0,sw_fps:0,fakeframe:0
09-26 11:51:45.562  1097  1097 I         : [LCD][0][INFO][oplus_panel_cmd_print:120] [A0020] dsi_cmd: qcom,mdss-dsi-timing-switch-command, count=8
09-26 11:51:45.562  1097  1097 I [ADFR][0][INFO][oplus_adfr_fakeframe_status_update:2140]h_active: 1264,refresh_rate:120,h_skew:0,sw_fps:0,fakeframe:1
09-26 11:51:45.562  1097  1097 I         : [ADFR][0][INFO][oplus_adfr_status_reset:1851]sa status reset: auto_mode:0,fakeframe:1,sa_min_fps:120
09-26 11:51:45.581  1097  1097 I [   info] ts_panel_notifier_callback: Notification type:4, early_trigger:0
09-26 11:51:45.581  1097  1097 I [   info] ts_panel_notifier_callback: shashank:Received fps change old fps:60 new fps:120
09-26 11:51:45.734  1097  1097 I [   info] ts_panel_notifier_callback: Notification type:4, early_trigger:1
09-26 11:51:45.734  1097  1097 I [   info] ts_panel_notifier_callback: shashank:Received fps change old fps:120 new fps:60
09-26 11:51:45.737  1097  1097 E         : [LCD][0][ERR][oplus_panel_switch_vid_mode:475] oplus_panel_switch_vid_mode not support
09-26 11:51:45.737  1097  1097 I [drm:dsi_display_set_mode [msm_drm]] [msm-dsi-info]: mdp_transfer_time=6290, hactive=1264, vactive=2780, fps=60, h_skew=1, clk_rate=1012000000, h_sync_width=2,				h_front_porch26, h_back_porch=26, v_back_porch=42, v_sync_width=2, v_front_porch=58
09-26 11:51:45.737  1097  1097 I [ADFR][0][INFO][oplus_adfr_fakeframe_status_update:2140]h_active: 1264,refresh_rate:60,h_skew:1,sw_fps:0,fakeframe:0
09-26 11:51:45.741  1097  1097 I         : [LCD][0][INFO][oplus_panel_cmd_print:120] [A0020] dsi_cmd: qcom,mdss-dsi-timing-switch-command, count=8
09-26 11:51:45.741  1097  1097 I [ADFR][0][INFO][oplus_adfr_fakeframe_status_update:2140]h_active: 1264,refresh_rate:60,h_skew:1,sw_fps:0,fakeframe:0
09-26 11:51:45.741  1097  1097 I         : [ADFR][0][INFO][oplus_adfr_status_reset:1851]sa status reset: auto_mode:0,fakeframe:0,sa_min_fps:60
09-26 11:51:45.757  1097  1097 I [   info] ts_panel_notifier_callback: Notification type:4, early_trigger:0
09-26 11:51:45.757  1097  1097 I [   info] ts_panel_notifier_callback: shashank:Received fps change old fps:120 new fps:60
09-26 11:51:45.758  1097  1097 I [   info] ts_panel_notifier_callback: Notification type:4, early_trigger:1
09-26 11:51:45.758  1097  1097 I [   info] ts_panel_notifier_callback: shashank:Received fps change old fps:60 new fps:120
09-26 11:51:45.766  1097  1097 E         : [LCD][0][ERR][oplus_panel_switch_vid_mode:475] oplus_panel_switch_vid_mode not support
09-26 11:51:45.766  1097  1097 I [drm:dsi_display_set_mode [msm_drm]] [msm-dsi-info]: mdp_transfer_time=6290, hactive=1264, vactive=2780, fps=120, h_skew=0, clk_rate=1012000000, h_sync_width=2,				h_front_porch26, h_back_porch=26, v_back_porch=42, v_sync_width=2, v_front_porch=58
09-26 11:51:45.766  1097  1097 I [ADFR][0][INFO][oplus_adfr_fakeframe_status_update:2140]h_active: 1264,refresh_rate:120,h_skew:0,sw_fps:0,fakeframe:0
09-26 11:51:45.770  1097  1097 I         : [LCD][0][INFO][oplus_panel_cmd_print:120] [A0020] dsi_cmd: qcom,mdss-dsi-timing-switch-command, count=8
09-26 11:51:45.770  1097  1097 I [ADFR][0][INFO][oplus_adfr_fakeframe_status_update:2140]h_active: 1264,refresh_rate:120,h_skew:0,sw_fps:0,fakeframe:1
09-26 11:51:45.770  1097  1097 I         : [ADFR][0][INFO][oplus_adfr_status_reset:1851]sa status reset: auto_mode:0,fakeframe:1,sa_min_fps:120
09-26 11:51:45.789  1097  1097 I [   info] ts_panel_notifier_callback: Notification type:4, early_trigger:0
09-26 11:51:45.789  1097  1097 I [   info] ts_panel_notifier_callback: shashank:Received fps change old fps:60 new fps:120
09-26 11:51:46.004 18422 18422 E gsi soc : qcom,msm_gsi: gsi_stop_channel:3688 chan=1 busy try again
09-26 11:51:46.006 18422 18422 E gsi soc : qcom,msm_gsi: gsi_stop_channel:3688 chan=14 busy try again
09-26 11:51:46.175  1097  1097 I [   info] ts_panel_notifier_callback: Notification type:4, early_trigger:1
09-26 11:51:46.175  1097  1097 I [   info] ts_panel_notifier_callback: shashank:Received fps change old fps:120 new fps:60
09-26 11:51:46.178  1097  1097 E         : [LCD][0][ERR][oplus_panel_switch_vid_mode:475] oplus_panel_switch_vid_mode not support
09-26 11:51:46.178  1097  1097 I [drm:dsi_display_set_mode [msm_drm]] [msm-dsi-info]: mdp_transfer_time=6290, hactive=1264, vactive=2780, fps=60, h_skew=1, clk_rate=1012000000, h_sync_width=2,				h_front_porch26, h_back_porch=26, v_back_porch=42, v_sync_width=2, v_front_porch=58
09-26 11:51:46.179  1097  1097 I [ADFR][0][INFO][oplus_adfr_fakeframe_status_update:2140]h_active: 1264,refresh_rate:60,h_skew:1,sw_fps:0,fakeframe:0
09-26 11:51:46.182  1097  1097 I         : [LCD][0][INFO][oplus_panel_cmd_print:120] [A0020] dsi_cmd: qcom,mdss-dsi-timing-switch-command, count=8
09-26 11:51:46.182  1097  1097 I [ADFR][0][INFO][oplus_adfr_fakeframe_status_update:2140]h_active: 1264,refresh_rate:60,h_skew:1,sw_fps:0,fakeframe:0
09-26 11:51:46.182  1097  1097 I         : [ADFR][0][INFO][oplus_adfr_status_reset:1851]sa status reset: auto_mode:0,fakeframe:0,sa_min_fps:60
09-26 11:51:46.199  1097  1097 I [   info] ts_panel_notifier_callback: Notification type:4, early_trigger:0
09-26 11:51:46.199  1097  1097 I [   info] ts_panel_notifier_callback: shashank:Received fps change old fps:120 new fps:60
09-26 11:51:46.216  1097  1097 I [   info] ts_panel_notifier_callback: Notification type:4, early_trigger:1
09-26 11:51:46.216  1097  1097 I [   info] ts_panel_notifier_callback: shashank:Received fps change old fps:60 new fps:120
09-26 11:51:46.222     0     0 W [    C0] gen7_err_callback: 280 callbacks suppressed
09-26 11:51:46.222     0     0 F         : [    C0] kgsl kgsl-3d0: CP: AHB bus error, CP_RL_ERROR_DETAILS_0:0x10008e07 CP_RL_ERROR_DETAILS_1:0x12144
09-26 11:51:46.223     0     0 F         : [    C0] kgsl kgsl-3d0: CP: AHB bus error, CP_RL_ERROR_DETAILS_0:0x10008e07 CP_RL_ERROR_DETAILS_1:0x12144
09-26 11:51:46.223  1097  1097 E         : [LCD][0][ERR][oplus_panel_switch_vid_mode:475] oplus_panel_switch_vid_mode not support
09-26 11:51:46.223  1097  1097 I [drm:dsi_display_set_mode [msm_drm]] [msm-dsi-info]: mdp_transfer_time=6290, hactive=1264, vactive=2780, fps=120, h_skew=0, clk_rate=1012000000, h_sync_width=2,				h_front_porch26, h_back_porch=26, v_back_porch=42, v_sync_width=2, v_front_porch=58
09-26 11:51:46.224     0     0 F         : [    C0] kgsl kgsl-3d0: CP: AHB bus error, CP_RL_ERROR_DETAILS_0:0x10008e07 CP_RL_ERROR_DETAILS_1:0x12144
09-26 11:51:46.224  1097  1097 I [ADFR][0][INFO][oplus_adfr_fakeframe_status_update:2140]h_active: 1264,refresh_rate:120,h_skew:0,sw_fps:0,fakeframe:0
09-26 11:51:46.227  1097  1097 I         : [LCD][0][INFO][oplus_panel_cmd_print:120] [A0020] dsi_cmd: qcom,mdss-dsi-timing-switch-command, count=8
09-26 11:51:46.228  1097  1097 I [ADFR][0][INFO][oplus_adfr_fakeframe_status_update:2140]h_active: 1264,refresh_rate:120,h_skew:0,sw_fps:0,fakeframe:1
09-26 11:51:46.228  1097  1097 I         : [ADFR][0][INFO][oplus_adfr_status_reset:1851]sa status reset: auto_mode:0,fakeframe:1,sa_min_fps:120
09-26 11:51:46.229     0     0 F         : [    C0] kgsl kgsl-3d0: CP: AHB bus error, CP_RL_ERROR_DETAILS_0:0x10008e07 CP_RL_ERROR_DETAILS_1:0x12144
09-26 11:51:46.246  1097  1097 I [   info] ts_panel_notifier_callback: Notification type:4, early_trigger:0
09-26 11:51:46.246  1097  1097 I [   info] ts_panel_notifier_callback: shashank:Received fps change old fps:60 new fps:120
09-26 11:51:46.271     0     0 F         : [    C0] kgsl kgsl-3d0: CP: AHB bus error, CP_RL_ERROR_DETAILS_0:0x10008e07 CP_RL_ERROR_DETAILS_1:0x12144
09-26 11:51:46.299     0     0 F         : [    C0] kgsl kgsl-3d0: CP: AHB bus error, CP_RL_ERROR_DETAILS_0:0x10008e07 CP_RL_ERROR_DETAILS_1:0x12144
09-26 11:51:46.299     0     0 F         : [    C0] kgsl kgsl-3d0: CP: AHB bus error, CP_RL_ERROR_DETAILS_0:0x10008e07 CP_RL_ERROR_DETAILS_1:0x12144
09-26 11:51:46.301     0     0 F         : [    C0] kgsl kgsl-3d0: CP: AHB bus error, CP_RL_ERROR_DETAILS_0:0x10008e07 CP_RL_ERROR_DETAILS_1:0x12144
09-26 11:51:46.308     0     0 F         : [    C0] kgsl kgsl-3d0: CP: AHB bus error, CP_RL_ERROR_DETAILS_0:0x10008e07 CP_RL_ERROR_DETAILS_1:0x12144
09-26 11:51:46.322     0     0 F         : [    C0] kgsl kgsl-3d0: CP: AHB bus error, CP_RL_ERROR_DETAILS_0:0x10008e07 CP_RL_ERROR_DETAILS_1:0x12144
09-26 11:51:46.376 17560 17560 I         : [OFP][0][INFO][oplus_get_doze_disable_time:3679]oplus_get_doze_disable_time=0
09-26 11:51:46.376 17560 17560 W [drm] [msm-dsi-warn]: dsi_display_check_status,time_gap=-1457579081
09-26 11:51:46.516  1097  1097 I [   info] ts_panel_notifier_callback: Notification type:4, early_trigger:1
09-26 11:51:46.516  1097  1097 I [   info] ts_panel_notifier_callback: shashank:Received fps change old fps:120 new fps:60
09-26 11:51:46.519  1097  1097 E         : [LCD][0][ERR][oplus_panel_switch_vid_mode:475] oplus_panel_switch_vid_mode not support
09-26 11:51:46.519  1097  1097 I [drm:dsi_display_set_mode [msm_drm]] [msm-dsi-info]: mdp_transfer_time=6290, hactive=1264, vactive=2780, fps=60, h_skew=1, clk_rate=1012000000, h_sync_width=2,				h_front_porch26, h_back_porch=26, v_back_porch=42, v_sync_width=2, v_front_porch=58
09-26 11:51:46.520  1097  1097 I [ADFR][0][INFO][oplus_adfr_fakeframe_status_update:2140]h_active: 1264,refresh_rate:60,h_skew:1,sw_fps:0,fakeframe:0
09-26 11:51:46.523  1097  1097 I         : [LCD][0][INFO][oplus_panel_cmd_print:120] [A0020] dsi_cmd: qcom,mdss-dsi-timing-switch-command, count=8
09-26 11:51:46.523  1097  1097 I [ADFR][0][INFO][oplus_adfr_fakeframe_status_update:2140]h_active: 1264,refresh_rate:60,h_skew:1,sw_fps:0,fakeframe:0
09-26 11:51:46.523  1097  1097 I         : [ADFR][0][INFO][oplus_adfr_status_reset:1851]sa status reset: auto_mode:0,fakeframe:0,sa_min_fps:60
09-26 11:51:46.540  1097  1097 I [   info] ts_panel_notifier_callback: Notification type:4, early_trigger:0
09-26 11:51:46.540  1097  1097 I [   info] ts_panel_notifier_callback: shashank:Received fps change old fps:120 new fps:60
09-26 11:51:46.591  1097  1097 I [   info] ts_panel_notifier_callback: Notification type:4, early_trigger:1
09-26 11:51:46.591  1097  1097 I [   info] ts_panel_notifier_callback: shashank:Received fps change old fps:60 new fps:120
09-26 11:51:46.598  1097  1097 E         : [LCD][0][ERR][oplus_panel_switch_vid_mode:475] oplus_panel_switch_vid_mode not support
09-26 11:51:46.598  1097  1097 I [drm:dsi_display_set_mode [msm_drm]] [msm-dsi-info]: mdp_transfer_time=6290, hactive=1264, vactive=2780, fps=120, h_skew=0, clk_rate=1012000000, h_sync_width=2,				h_front_porch26, h_back_porch=26, v_back_porch=42, v_sync_width=2, v_front_porch=58
09-26 11:51:46.599  1097  1097 I [ADFR][0][INFO][oplus_adfr_fakeframe_status_update:2140]h_active: 1264,refresh_rate:120,h_skew:0,sw_fps:0,fakeframe:0
09-26 11:51:46.602  1097  1097 I         : [LCD][0][INFO][oplus_panel_cmd_print:120] [A0020] dsi_cmd: qcom,mdss-dsi-timing-switch-command, count=8
09-26 11:51:46.602  1097  1097 I [ADFR][0][INFO][oplus_adfr_fakeframe_status_update:2140]h_active: 1264,refresh_rate:120,h_skew:0,sw_fps:0,fakeframe:1
09-26 11:51:46.602  1097  1097 I         : [ADFR][0][INFO][oplus_adfr_status_reset:1851]sa status reset: auto_mode:0,fakeframe:1,sa_min_fps:120
09-26 11:51:46.621  1097  1097 I [   info] ts_panel_notifier_callback: Notification type:4, early_trigger:0
09-26 11:51:46.621  1097  1097 I [   info] ts_panel_notifier_callback: shashank:Received fps change old fps:60 new fps:120
09-26 11:51:47.107  1097  1097 I [   info] ts_panel_notifier_callback: Notification type:4, early_trigger:1
09-26 11:51:47.107  1097  1097 I [   info] ts_panel_notifier_callback: shashank:Received fps change old fps:120 new fps:60
09-26 11:51:47.108  1097  1097 E         : [LCD][0][ERR][oplus_panel_switch_vid_mode:475] oplus_panel_switch_vid_mode not support
09-26 11:51:47.108  1097  1097 I [drm:dsi_display_set_mode [msm_drm]] [msm-dsi-info]: mdp_transfer_time=6290, hactive=1264, vactive=2780, fps=60, h_skew=1, clk_rate=1012000000, h_sync_width=2,				h_front_porch26, h_back_porch=26, v_back_porch=42, v_sync_width=2, v_front_porch=58
09-26 11:51:47.108  1097  1097 I [ADFR][0][INFO][oplus_adfr_fakeframe_status_update:2140]h_active: 1264,refresh_rate:60,h_skew:1,sw_fps:0,fakeframe:0
09-26 11:51:47.114  1097  1097 I         : [LCD][0][INFO][oplus_panel_cmd_print:120] [A0020] dsi_cmd: qcom,mdss-dsi-timing-switch-command, count=8
09-26 11:51:47.114  1097  1097 I [ADFR][0][INFO][oplus_adfr_fakeframe_status_update:2140]h_active: 1264,refresh_rate:60,h_skew:1,sw_fps:0,fakeframe:0
09-26 11:51:47.114  1097  1097 I         : [ADFR][0][INFO][oplus_adfr_status_reset:1851]sa status reset: auto_mode:0,fakeframe:0,sa_min_fps:60
09-26 11:51:47.130  1097  1097 I [   info] ts_panel_notifier_callback: Notification type:4, early_trigger:0
09-26 11:51:47.130  1097  1097 I [   info] ts_panel_notifier_callback: shashank:Received fps change old fps:120 new fps:60
09-26 11:51:47.147  1097  1097 I [   info] ts_panel_notifier_callback: Notification type:4, early_trigger:1
09-26 11:51:47.147  1097  1097 I [   info] ts_panel_notifier_callback: shashank:Received fps change old fps:60 new fps:120
09-26 11:51:47.155  1097  1097 E         : [LCD][0][ERR][oplus_panel_switch_vid_mode:475] oplus_panel_switch_vid_mode not support
09-26 11:51:47.155  1097  1097 I [drm:dsi_display_set_mode [msm_drm]] [msm-dsi-info]: mdp_transfer_time=6290, hactive=1264, vactive=2780, fps=120, h_skew=0, clk_rate=1012000000, h_sync_width=2,				h_front_porch26, h_back_porch=26, v_back_porch=42, v_sync_width=2, v_front_porch=58
09-26 11:51:47.156  1097  1097 I [ADFR][0][INFO][oplus_adfr_fakeframe_status_update:2140]h_active: 1264,refresh_rate:120,h_skew:0,sw_fps:0,fakeframe:0
09-26 11:51:47.159  1097  1097 I         : [LCD][0][INFO][oplus_panel_cmd_print:120] [A0020] dsi_cmd: qcom,mdss-dsi-timing-switch-command, count=8
09-26 11:51:47.160  1097  1097 I [ADFR][0][INFO][oplus_adfr_fakeframe_status_update:2140]h_active: 1264,refresh_rate:120,h_skew:0,sw_fps:0,fakeframe:1
09-26 11:51:47.160  1097  1097 I         : [ADFR][0][INFO][oplus_adfr_status_reset:1851]sa status reset: auto_mode:0,fakeframe:1,sa_min_fps:120
09-26 11:51:47.178  1097  1097 I [   info] ts_panel_notifier_callback: Notification type:4, early_trigger:0
09-26 11:51:47.178  1097  1097 I [   info] ts_panel_notifier_callback: shashank:Received fps change old fps:60 new fps:120
09-26 11:51:47.339  1097  1097 I [   info] ts_panel_notifier_callback: Notification type:4, early_trigger:1
09-26 11:51:47.339  1097  1097 I [   info] ts_panel_notifier_callback: shashank:Received fps change old fps:120 new fps:60
09-26 11:51:47.340  1097  1097 E         : [LCD][0][ERR][oplus_panel_switch_vid_mode:475] oplus_panel_switch_vid_mode not support
09-26 11:51:47.340  1097  1097 I [drm:dsi_display_set_mode [msm_drm]] [msm-dsi-info]: mdp_transfer_time=6290, hactive=1264, vactive=2780, fps=60, h_skew=1, clk_rate=1012000000, h_sync_width=2,				h_front_porch26, h_back_porch=26, v_back_porch=42, v_sync_width=2, v_front_porch=58
09-26 11:51:47.341  1097  1097 I [ADFR][0][INFO][oplus_adfr_fakeframe_status_update:2140]h_active: 1264,refresh_rate:60,h_skew:1,sw_fps:0,fakeframe:0
09-26 11:51:47.347  1097  1097 I         : [LCD][0][INFO][oplus_panel_cmd_print:120] [A0020] dsi_cmd: qcom,mdss-dsi-timing-switch-command, count=8
09-26 11:51:47.347  1097  1097 I [ADFR][0][INFO][oplus_adfr_fakeframe_status_update:2140]h_active: 1264,refresh_rate:60,h_skew:1,sw_fps:0,fakeframe:0
09-26 11:51:47.347  1097  1097 I         : [ADFR][0][INFO][oplus_adfr_status_reset:1851]sa status reset: auto_mode:0,fakeframe:0,sa_min_fps:60
09-26 11:51:47.363  1097  1097 I [   info] ts_panel_notifier_callback: Notification type:4, early_trigger:0
09-26 11:51:47.364  1097  1097 I [   info] ts_panel_notifier_callback: shashank:Received fps change old fps:120 new fps:60
09-26 11:51:47.364  1097  1097 I [   info] ts_panel_notifier_callback: Notification type:4, early_trigger:1
09-26 11:51:47.364  1097  1097 I [   info] ts_panel_notifier_callback: shashank:Received fps change old fps:60 new fps:120
09-26 11:51:47.372  1097  1097 E         : [LCD][0][ERR][oplus_panel_switch_vid_mode:475] oplus_panel_switch_vid_mode not support
09-26 11:51:47.372  1097  1097 I [drm:dsi_display_set_mode [msm_drm]] [msm-dsi-info]: mdp_transfer_time=6290, hactive=1264, vactive=2780, fps=120, h_skew=0, clk_rate=1012000000, h_sync_width=2,				h_front_porch26, h_back_porch=26, v_back_porch=42, v_sync_width=2, v_front_porch=58
09-26 11:51:47.372  1097  1097 I [ADFR][0][INFO][oplus_adfr_fakeframe_status_update:2140]h_active: 1264,refresh_rate:120,h_skew:0,sw_fps:0,fakeframe:0
09-26 11:51:47.376  1097  1097 I         : [LCD][0][INFO][oplus_panel_cmd_print:120] [A0020] dsi_cmd: qcom,mdss-dsi-timing-switch-command, count=8
09-26 11:51:47.376  1097  1097 I [ADFR][0][INFO][oplus_adfr_fakeframe_status_update:2140]h_active: 1264,refresh_rate:120,h_skew:0,sw_fps:0,fakeframe:1
09-26 11:51:47.376  1097  1097 I         : [ADFR][0][INFO][oplus_adfr_status_reset:1851]sa status reset: auto_mode:0,fakeframe:1,sa_min_fps:120
09-26 11:51:47.395  1097  1097 I [   info] ts_panel_notifier_callback: Notification type:4, early_trigger:0
09-26 11:51:47.395  1097  1097 I [   info] ts_panel_notifier_callback: shashank:Received fps change old fps:60 new fps:120
09-26 11:51:47.438  1097  1097 I [   info] ts_panel_notifier_callback: Notification type:4, early_trigger:1
09-26 11:51:47.438  1097  1097 I [   info] ts_panel_notifier_callback: shashank:Received fps change old fps:120 new fps:60
09-26 11:51:47.439  1097  1097 E         : [LCD][0][ERR][oplus_panel_switch_vid_mode:475] oplus_panel_switch_vid_mode not support
09-26 11:51:47.439  1097  1097 I [drm:dsi_display_set_mode [msm_drm]] [msm-dsi-info]: mdp_transfer_time=6290, hactive=1264, vactive=2780, fps=60, h_skew=1, clk_rate=1012000000, h_sync_width=2,				h_front_porch26, h_back_porch=26, v_back_porch=42, v_sync_width=2, v_front_porch=58
09-26 11:51:47.439  1097  1097 I [ADFR][0][INFO][oplus_adfr_fakeframe_status_update:2140]h_active: 1264,refresh_rate:60,h_skew:1,sw_fps:0,fakeframe:0
09-26 11:51:47.446  1097  1097 I         : [LCD][0][INFO][oplus_panel_cmd_print:120] [A0020] dsi_cmd: qcom,mdss-dsi-timing-switch-command, count=8
09-26 11:51:47.447  1097  1097 I [ADFR][0][INFO][oplus_adfr_fakeframe_status_update:2140]h_active: 1264,refresh_rate:60,h_skew:1,sw_fps:0,fakeframe:0
09-26 11:51:47.447  1097  1097 I         : [ADFR][0][INFO][oplus_adfr_status_reset:1851]sa status reset: auto_mode:0,fakeframe:0,sa_min_fps:60
09-26 11:51:47.463  1097  1097 I [   info] ts_panel_notifier_callback: Notification type:4, early_trigger:0
09-26 11:51:47.463  1097  1097 I [   info] ts_panel_notifier_callback: shashank:Received fps change old fps:120 new fps:60
09-26 11:51:47.481  1097  1097 I [   info] ts_panel_notifier_callback: Notification type:4, early_trigger:1
09-26 11:51:47.481  1097  1097 I [   info] ts_panel_notifier_callback: shashank:Received fps change old fps:60 new fps:120
09-26 11:51:47.488  1097  1097 E         : [LCD][0][ERR][oplus_panel_switch_vid_mode:475] oplus_panel_switch_vid_mode not support
09-26 11:51:47.488  1097  1097 I [drm:dsi_display_set_mode [msm_drm]] [msm-dsi-info]: mdp_transfer_time=6290, hactive=1264, vactive=2780, fps=120, h_skew=0, clk_rate=1012000000, h_sync_width=2,				h_front_porch26, h_back_porch=26, v_back_porch=42, v_sync_width=2, v_front_porch=58
09-26 11:51:47.488  1097  1097 I [ADFR][0][INFO][oplus_adfr_fakeframe_status_update:2140]h_active: 1264,refresh_rate:120,h_skew:0,sw_fps:0,fakeframe:0
09-26 11:51:47.492  1097  1097 I         : [LCD][0][INFO][oplus_panel_cmd_print:120] [A0020] dsi_cmd: qcom,mdss-dsi-timing-switch-command, count=8
09-26 11:51:47.492  1097  1097 I [ADFR][0][INFO][oplus_adfr_fakeframe_status_update:2140]h_active: 1264,refresh_rate:120,h_skew:0,sw_fps:0,fakeframe:1
09-26 11:51:47.492  1097  1097 I         : [ADFR][0][INFO][oplus_adfr_status_reset:1851]sa status reset: auto_mode:0,fakeframe:1,sa_min_fps:120
09-26 11:51:47.511  1097  1097 I [   info] ts_panel_notifier_callback: Notification type:4, early_trigger:0
09-26 11:51:47.511  1097  1097 I [   info] ts_panel_notifier_callback: shashank:Received fps change old fps:60 new fps:120
09-26 11:51:47.906  1097  1097 I [   info] ts_panel_notifier_callback: Notification type:4, early_trigger:1
09-26 11:51:47.906  1097  1097 I [   info] ts_panel_notifier_callback: shashank:Received fps change old fps:120 new fps:60
09-26 11:51:47.910  1097  1097 E         : [LCD][0][ERR][oplus_panel_switch_vid_mode:475] oplus_panel_switch_vid_mode not support
09-26 11:51:47.910  1097  1097 I [drm:dsi_display_set_mode [msm_drm]] [msm-dsi-info]: mdp_transfer_time=6290, hactive=1264, vactive=2780, fps=60, h_skew=1, clk_rate=1012000000, h_sync_width=2,				h_front_porch26, h_back_porch=26, v_back_porch=42, v_sync_width=2, v_front_porch=58
09-26 11:51:47.910  1097  1097 I [ADFR][0][INFO][oplus_adfr_fakeframe_status_update:2140]h_active: 1264,refresh_rate:60,h_skew:1,sw_fps:0,fakeframe:0
09-26 11:51:47.912  1097  1097 I         : [LCD][0][INFO][oplus_panel_cmd_print:120] [A0020] dsi_cmd: qcom,mdss-dsi-timing-switch-command, count=8
09-26 11:51:47.913  1097  1097 I [ADFR][0][INFO][oplus_adfr_fakeframe_status_update:2140]h_active: 1264,refresh_rate:60,h_skew:1,sw_fps:0,fakeframe:0
09-26 11:51:47.913  1097  1097 I         : [ADFR][0][INFO][oplus_adfr_status_reset:1851]sa status reset: auto_mode:0,fakeframe:0,sa_min_fps:60
09-26 11:51:47.929  1097  1097 I [   info] ts_panel_notifier_callback: Notification type:4, early_trigger:0
09-26 11:51:47.929  1097  1097 I [   info] ts_panel_notifier_callback: shashank:Received fps change old fps:120 new fps:60
09-26 11:51:47.937  1097  1097 I [   info] ts_panel_notifier_callback: Notification type:4, early_trigger:1
09-26 11:51:47.937  1097  1097 I [   info] ts_panel_notifier_callback: shashank:Received fps change old fps:60 new fps:120
09-26 11:51:47.954  1097  1097 E         : [LCD][0][ERR][oplus_panel_switch_vid_mode:475] oplus_panel_switch_vid_mode not support
09-26 11:51:47.954  1097  1097 I [drm:dsi_display_set_mode [msm_drm]] [msm-dsi-info]: mdp_transfer_time=6290, hactive=1264, vactive=2780, fps=120, h_skew=0, clk_rate=1012000000, h_sync_width=2,				h_front_porch26, h_back_porch=26, v_back_porch=42, v_sync_width=2, v_front_porch=58
09-26 11:51:47.955  1097  1097 I [ADFR][0][INFO][oplus_adfr_fakeframe_status_update:2140]h_active: 1264,refresh_rate:120,h_skew:0,sw_fps:0,fakeframe:0
09-26 11:51:47.958  1097  1097 I         : [LCD][0][INFO][oplus_panel_cmd_print:120] [A0020] dsi_cmd: qcom,mdss-dsi-timing-switch-command, count=8
09-26 11:51:47.958  1097  1097 I [ADFR][0][INFO][oplus_adfr_fakeframe_status_update:2140]h_active: 1264,refresh_rate:120,h_skew:0,sw_fps:0,fakeframe:1
09-26 11:51:47.958  1097  1097 I         : [ADFR][0][INFO][oplus_adfr_status_reset:1851]sa status reset: auto_mode:0,fakeframe:1,sa_min_fps:120
09-26 11:51:47.977  1097  1097 I [   info] ts_panel_notifier_callback: Notification type:4, early_trigger:0
09-26 11:51:47.977  1097  1097 I [   info] ts_panel_notifier_callback: shashank:Received fps change old fps:60 new fps:120
09-26 11:51:48.091  1787  1787 I rmt_storage: INFO:rmt_storage_rw_iovec_cb: Write iovec request (req_h 0x1c3 wr_count 437) received for /boot/modem_fs1
09-26 11:51:48.091  3058  3058 I rmt_storage: INFO:rmt_storage_client_thread: Calling Write
09-26 11:51:48.091  3058  3058 I rmt_storage: INFO:rmt_storage_client_thread: offset=0
09-26 11:51:48.091  3058  3058 I rmt_storage: INFO:rmt_storage_client_thread: size=4194304
09-26 11:51:48.091  3058  3058 I rmt_storage: INFO:rmt_storage_client_thread: req_h 0x1c3
09-26 11:51:48.091  3058  3058 I rmt_storage: INFO:rmt_storage_client_thread: wr_count 437
09-26 11:51:48.091  3058  3058 I rmt_storage: INFO:rmt_storage_client_thread: for /boot/modem_fs1!
09-26 11:51:48.113  1097  1097 I [   info] ts_panel_notifier_callback: Notification type:4, early_trigger:1
09-26 11:51:48.114  1097  1097 I [   info] ts_panel_notifier_callback: shashank:Received fps change old fps:120 new fps:60
09-26 11:51:48.118  1097  1097 E         : [LCD][0][ERR][oplus_panel_switch_vid_mode:475] oplus_panel_switch_vid_mode not support
09-26 11:51:48.119  1097  1097 I [drm:dsi_display_set_mode [msm_drm]] [msm-dsi-info]: mdp_transfer_time=6290, hactive=1264, vactive=2780, fps=60, h_skew=1, clk_rate=1012000000, h_sync_width=2,				h_front_porch26, h_back_porch=26, v_back_porch=42, v_sync_width=2, v_front_porch=58
09-26 11:51:48.119  1097  1097 I [ADFR][0][INFO][oplus_adfr_fakeframe_status_update:2140]h_active: 1264,refresh_rate:60,h_skew:1,sw_fps:0,fakeframe:0
09-26 11:51:48.120  1097  1097 I         : [LCD][0][INFO][oplus_panel_cmd_print:120] [A0020] dsi_cmd: qcom,mdss-dsi-timing-switch-command, count=8
09-26 11:51:48.121  1097  1097 I [ADFR][0][INFO][oplus_adfr_fakeframe_status_update:2140]h_active: 1264,refresh_rate:60,h_skew:1,sw_fps:0,fakeframe:0
09-26 11:51:48.121  1097  1097 I         : [ADFR][0][INFO][oplus_adfr_status_reset:1851]sa status reset: auto_mode:0,fakeframe:0,sa_min_fps:60
09-26 11:51:48.129  3058  3058 I rmt_storage: INFO:rmt_storage_client_thread: Done Write (bytes = 4194304, req_h 0x1c3, wr_count 437) for /boot/modem_fs1!
09-26 11:51:48.137  1097  1097 I [   info] ts_panel_notifier_callback: Notification type:4, early_trigger:0
09-26 11:51:48.137  1097  1097 I [   info] ts_panel_notifier_callback: shashank:Received fps change old fps:120 new fps:60
09-26 11:51:48.137  1097  1097 I [   info] ts_panel_notifier_callback: Notification type:4, early_trigger:1
09-26 11:51:48.137  1097  1097 I [   info] ts_panel_notifier_callback: shashank:Received fps change old fps:60 new fps:120
09-26 11:51:48.146  1097  1097 E         : [LCD][0][ERR][oplus_panel_switch_vid_mode:475] oplus_panel_switch_vid_mode not support
09-26 11:51:48.146  1097  1097 I [drm:dsi_display_set_mode [msm_drm]] [msm-dsi-info]: mdp_transfer_time=6290, hactive=1264, vactive=2780, fps=120, h_skew=0, clk_rate=1012000000, h_sync_width=2,				h_front_porch26, h_back_porch=26, v_back_porch=42, v_sync_width=2, v_front_porch=58
09-26 11:51:48.146  1097  1097 I [ADFR][0][INFO][oplus_adfr_fakeframe_status_update:2140]h_active: 1264,refresh_rate:120,h_skew:0,sw_fps:0,fakeframe:0
09-26 11:51:48.150  1097  1097 I         : [LCD][0][INFO][oplus_panel_cmd_print:120] [A0020] dsi_cmd: qcom,mdss-dsi-timing-switch-command, count=8
09-26 11:51:48.150  1097  1097 I [ADFR][0][INFO][oplus_adfr_fakeframe_status_update:2140]h_active: 1264,refresh_rate:120,h_skew:0,sw_fps:0,fakeframe:1
09-26 11:51:48.150  1097  1097 I         : [ADFR][0][INFO][oplus_adfr_status_reset:1851]sa status reset: auto_mode:0,fakeframe:1,sa_min_fps:120
09-26 11:51:48.168  1097  1097 I [   info] ts_panel_notifier_callback: Notification type:4, early_trigger:0
09-26 11:51:48.168  1097  1097 I [   info] ts_panel_notifier_callback: shashank:Received fps change old fps:60 new fps:120
09-26 11:51:48.193 17618 17618 I         : [INFO]: OPLUS_CHG[CHG_COMM]([oplus_comm_smooth_to_soc][3416]): soc[0 2 66 66 67 68] avg[0 1 0 0 0] fifo[67 67 67 67]
09-26 11:51:48.204  1097  1097 I [   info] ts_panel_notifier_callback: Notification type:4, early_trigger:1
09-26 11:51:48.204  1097  1097 I [   info] ts_panel_notifier_callback: shashank:Received fps change old fps:120 new fps:60
09-26 11:51:48.205 17616 17616 I         : [INFO]: OPLUS_CHG[TRACK]([oplus_chg_track_cal_no_charging_stats_new][6797]): chg_no_charging_cnt=251s, no_chg_time=324s, delta_time=5s
09-26 11:51:48.205  1097  1097 E         : [LCD][0][ERR][oplus_panel_switch_vid_mode:475] oplus_panel_switch_vid_mode not support
09-26 11:51:48.205  1097  1097 I [drm:dsi_display_set_mode [msm_drm]] [msm-dsi-info]: mdp_transfer_time=6290, hactive=1264, vactive=2780, fps=60, h_skew=1, clk_rate=1012000000, h_sync_width=2,				h_front_porch26, h_back_porch=26, v_back_porch=42, v_sync_width=2, v_front_porch=58
09-26 11:51:48.205  1097  1097 I [ADFR][0][INFO][oplus_adfr_fakeframe_status_update:2140]h_active: 1264,refresh_rate:60,h_skew:1,sw_fps:0,fakeframe:0
09-26 11:51:48.212 17616 17616 I OPLUS_CHG[oplus_charge_info]: BATTERY[365 364 3960 3960 2009 66 68 67 3535 5416 1 0x0 3882], CHARGE[4470 600 0 0], WIRED[1 450 4932 500 1 0x0 0 0 0 2 0], WIRELESS[0 0 0 0 0 0x0 0 0 0], VOOC[0 0 0 0 0x0], UFCS[0 0 0 0x0], COMMON[7 0 0 0x0 1 0 1 5416 100 0]
09-26 11:51:48.212  1097  1097 I         : [LCD][0][INFO][oplus_panel_cmd_print:120] [A0020] dsi_cmd: qcom,mdss-dsi-timing-switch-command, count=8
09-26 11:51:48.212  1097  1097 I [ADFR][0][INFO][oplus_adfr_fakeframe_status_update:2140]h_active: 1264,refresh_rate:60,h_skew:1,sw_fps:0,fakeframe:0
09-26 11:51:48.212  1097  1097 I         : [ADFR][0][INFO][oplus_adfr_status_reset:1851]sa status reset: auto_mode:0,fakeframe:0,sa_min_fps:60
09-26 11:51:48.216 17616 17616 I         : [INFO]: OPLUS_CHG[ADSP]([oplus_chg_8350_reg_dump][7390]): sm8450_st_dump: [chg_en=1, suspend=0, pd_svooc=0], subtype=0x01],[oplus_UsbCommCapable=0, oplus_pd_svooc=0, typec_mode=0, cid_status=0x01, usb_in_status=1],[0x2606=0x83, 0x2607=0x19, 0x2608=0x0a, 0x2609=0x02], [0x260a=0x04, 0x260b=0x57, 0x260c=0x0a, 0x260d=0x18], [0x260e=0x0a, 0x260f=0x01, 0x2610=0x00, 0x2640=0x01], [0x2641=0x02, 0x2642=0x05, 0x2646=0x01, 0x2650=0x03], [0x2706=0x0a, 0x2707=0x0a, 0x2708=0x0a, 0x2709=0x0a], [0x270b=0xe2, 0x270c=0x48, 0x2710=0xc0, 0x280c=0x38], [0x2810=0x00, 0x2840=0x01, 0x287f=0x00, 0x2906=0x02], [0x2908=0x0f, 0x290a=0x11, 0x290b=0x01, 0x290c=0x01], [0x2910=0x11, 0x2944=0x80, 0x2950=0x02, 0x2951=0x01], [0x2952=0x0a, 0x2954=0x00, 0x2960=0xe0, 0x2b06=0x08], [0x2b07=0x00, 0x2b08=0x00, 0x2b09=0x63, 0x2b0a=0x39], [0x2b0b=0x29, 0x2b0c=0x00, 0x29a8=0x81, 0x29a9=0x83], [0x29aa=0x00, 0x2aa2=0x00, 0x2aa8=0x87, 0x2aa9=0x00], [0x2aaa=0x00],
09-26 11:51:48.229  1097  1097 I [   info] ts_panel_notifier_callback: Notification type:4, early_trigger:0
09-26 11:51:48.229  1097  1097 I [   info] ts_panel_notifier_callback: shashank:Received fps change old fps:120 new fps:60
09-26 11:51:48.246  1097  1097 I [   info] ts_panel_notifier_callback: Notification type:4, early_trigger:1
09-26 11:51:48.246  1097  1097 I [   info] ts_panel_notifier_callback: shashank:Received fps change old fps:60 new fps:120
09-26 11:51:48.254  1097  1097 E         : [LCD][0][ERR][oplus_panel_switch_vid_mode:475] oplus_panel_switch_vid_mode not support
09-26 11:51:48.254  1097  1097 I [drm:dsi_display_set_mode [msm_drm]] [msm-dsi-info]: mdp_transfer_time=6290, hactive=1264, vactive=2780, fps=120, h_skew=0, clk_rate=1012000000, h_sync_width=2,				h_front_porch26, h_back_porch=26, v_back_porch=42, v_sync_width=2, v_front_porch=58
09-26 11:51:48.254  1097  1097 I [ADFR][0][INFO][oplus_adfr_fakeframe_status_update:2140]h_active: 1264,refresh_rate:120,h_skew:0,sw_fps:0,fakeframe:0
09-26 11:51:48.258  1097  1097 I         : [LCD][0][INFO][oplus_panel_cmd_print:120] [A0020] dsi_cmd: qcom,mdss-dsi-timing-switch-command, count=8
09-26 11:51:48.258  1097  1097 I [ADFR][0][INFO][oplus_adfr_fakeframe_status_update:2140]h_active: 1264,refresh_rate:120,h_skew:0,sw_fps:0,fakeframe:1
09-26 11:51:48.258  1097  1097 I         : [ADFR][0][INFO][oplus_adfr_status_reset:1851]sa status reset: auto_mode:0,fakeframe:1,sa_min_fps:120
09-26 11:51:48.277  1097  1097 I [   info] ts_panel_notifier_callback: Notification type:4, early_trigger:0
09-26 11:51:48.277  1097  1097 I [   info] ts_panel_notifier_callback: shashank:Received fps change old fps:60 new fps:120
09-26 11:51:48.438  1097  1097 I [   info] ts_panel_notifier_callback: Notification type:4, early_trigger:1
09-26 11:51:48.438  1097  1097 I [   info] ts_panel_notifier_callback: shashank:Received fps change old fps:120 new fps:60
09-26 11:51:48.441  1097  1097 E         : [LCD][0][ERR][oplus_panel_switch_vid_mode:475] oplus_panel_switch_vid_mode not support
09-26 11:51:48.441  1097  1097 I [drm:dsi_display_set_mode [msm_drm]] [msm-dsi-info]: mdp_transfer_time=6290, hactive=1264, vactive=2780, fps=60, h_skew=1, clk_rate=1012000000, h_sync_width=2,				h_front_porch26, h_back_porch=26, v_back_porch=42, v_sync_width=2, v_front_porch=58
09-26 11:51:48.442  1097  1097 I [ADFR][0][INFO][oplus_adfr_fakeframe_status_update:2140]h_active: 1264,refresh_rate:60,h_skew:1,sw_fps:0,fakeframe:0
09-26 11:51:48.445  1097  1097 I         : [LCD][0][INFO][oplus_panel_cmd_print:120] [A0020] dsi_cmd: qcom,mdss-dsi-timing-switch-command, count=8
09-26 11:51:48.445  1097  1097 I [ADFR][0][INFO][oplus_adfr_fakeframe_status_update:2140]h_active: 1264,refresh_rate:60,h_skew:1,sw_fps:0,fakeframe:0
09-26 11:51:48.445  1097  1097 I         : [ADFR][0][INFO][oplus_adfr_status_reset:1851]sa status reset: auto_mode:0,fakeframe:0,sa_min_fps:60
09-26 11:51:48.462  1097  1097 I [   info] ts_panel_notifier_callback: Notification type:4, early_trigger:0
09-26 11:51:48.462  1097  1097 I [   info] ts_panel_notifier_callback: shashank:Received fps change old fps:120 new fps:60
09-26 11:51:48.469  1097  1097 I [   info] ts_panel_notifier_callback: Notification type:4, early_trigger:1
09-26 11:51:48.469  1097  1097 I [   info] ts_panel_notifier_callback: shashank:Received fps change old fps:60 new fps:120
09-26 11:51:48.487  1097  1097 E         : [LCD][0][ERR][oplus_panel_switch_vid_mode:475] oplus_panel_switch_vid_mode not support
09-26 11:51:48.487  1097  1097 I [drm:dsi_display_set_mode [msm_drm]] [msm-dsi-info]: mdp_transfer_time=6290, hactive=1264, vactive=2780, fps=120, h_skew=0, clk_rate=1012000000, h_sync_width=2,				h_front_porch26, h_back_porch=26, v_back_porch=42, v_sync_width=2, v_front_porch=58
09-26 11:51:48.487  1097  1097 I [ADFR][0][INFO][oplus_adfr_fakeframe_status_update:2140]h_active: 1264,refresh_rate:120,h_skew:0,sw_fps:0,fakeframe:0
09-26 11:51:48.491  1097  1097 I         : [LCD][0][INFO][oplus_panel_cmd_print:120] [A0020] dsi_cmd: qcom,mdss-dsi-timing-switch-command, count=8
09-26 11:51:48.491  1097  1097 I [ADFR][0][INFO][oplus_adfr_fakeframe_status_update:2140]h_active: 1264,refresh_rate:120,h_skew:0,sw_fps:0,fakeframe:1
09-26 11:51:48.491  1097  1097 I         : [ADFR][0][INFO][oplus_adfr_status_reset:1851]sa status reset: auto_mode:0,fakeframe:1,sa_min_fps:120
09-26 11:51:48.510  1097  1097 I [   info] ts_panel_notifier_callback: Notification type:4, early_trigger:0
09-26 11:51:48.510  1097  1097 I [   info] ts_panel_notifier_callback: shashank:Received fps change old fps:60 new fps:120
09-26 11:51:49.021  1097  1097 I [   info] ts_panel_notifier_callback: Notification type:4, early_trigger:1
09-26 11:51:49.021  1097  1097 I [   info] ts_panel_notifier_callback: shashank:Received fps change old fps:120 new fps:60
09-26 11:51:49.025  1097  1097 E         : [LCD][0][ERR][oplus_panel_switch_vid_mode:475] oplus_panel_switch_vid_mode not support
09-26 11:51:49.025  1097  1097 I [drm:dsi_display_set_mode [msm_drm]] [msm-dsi-info]: mdp_transfer_time=6290, hactive=1264, vactive=2780, fps=60, h_skew=1, clk_rate=1012000000, h_sync_width=2,				h_front_porch26, h_back_porch=26, v_back_porch=42, v_sync_width=2, v_front_porch=58
09-26 11:51:49.026  1097  1097 I [ADFR][0][INFO][oplus_adfr_fakeframe_status_update:2140]h_active: 1264,refresh_rate:60,h_skew:1,sw_fps:0,fakeframe:0
09-26 11:51:49.027  1097  1097 I         : [LCD][0][INFO][oplus_panel_cmd_print:120] [A0020] dsi_cmd: qcom,mdss-dsi-timing-switch-command, count=8
09-26 11:51:49.027  1097  1097 I [ADFR][0][INFO][oplus_adfr_fakeframe_status_update:2140]h_active: 1264,refresh_rate:60,h_skew:1,sw_fps:0,fakeframe:0
09-26 11:51:49.027  1097  1097 I         : [ADFR][0][INFO][oplus_adfr_status_reset:1851]sa status reset: auto_mode:0,fakeframe:0,sa_min_fps:60
09-26 11:51:49.044  1097  1097 I [   info] ts_panel_notifier_callback: Notification type:4, early_trigger:0
09-26 11:51:49.044  1097  1097 I [   info] ts_panel_notifier_callback: shashank:Received fps change old fps:120 new fps:60
09-26 11:51:49.052  1097  1097 I [   info] ts_panel_notifier_callback: Notification type:4, early_trigger:1
09-26 11:51:49.052  1097  1097 I [   info] ts_panel_notifier_callback: shashank:Received fps change old fps:60 new fps:120
09-26 11:51:49.069  1097  1097 E         : [LCD][0][ERR][oplus_panel_switch_vid_mode:475] oplus_panel_switch_vid_mode not support
09-26 11:51:49.069  1097  1097 I [drm:dsi_display_set_mode [msm_drm]] [msm-dsi-info]: mdp_transfer_time=6290, hactive=1264, vactive=2780, fps=120, h_skew=0, clk_rate=1012000000, h_sync_width=2,				h_front_porch26, h_back_porch=26, v_back_porch=42, v_sync_width=2, v_front_porch=58
09-26 11:51:49.070  1097  1097 I [ADFR][0][INFO][oplus_adfr_fakeframe_status_update:2140]h_active: 1264,refresh_rate:120,h_skew:0,sw_fps:0,fakeframe:0
09-26 11:51:49.073  1097  1097 I         : [LCD][0][INFO][oplus_panel_cmd_print:120] [A0020] dsi_cmd: qcom,mdss-dsi-timing-switch-command, count=8
09-26 11:51:49.073  1097  1097 I [ADFR][0][INFO][oplus_adfr_fakeframe_status_update:2140]h_active: 1264,refresh_rate:120,h_skew:0,sw_fps:0,fakeframe:1
09-26 11:51:49.073  1097  1097 I         : [ADFR][0][INFO][oplus_adfr_status_reset:1851]sa status reset: auto_mode:0,fakeframe:1,sa_min_fps:120
09-26 11:51:49.092  1097  1097 I [   info] ts_panel_notifier_callback: Notification type:4, early_trigger:0
09-26 11:51:49.092  1097  1097 I [   info] ts_panel_notifier_callback: shashank:Received fps change old fps:60 new fps:120
09-26 11:51:50.367  1097  1097 I [   info] ts_panel_notifier_callback: Notification type:4, early_trigger:1
09-26 11:51:50.367  1097  1097 I [   info] ts_panel_notifier_callback: shashank:Received fps change old fps:120 new fps:60
09-26 11:51:50.368  1097  1097 E         : [LCD][0][ERR][oplus_panel_switch_vid_mode:475] oplus_panel_switch_vid_mode not support
09-26 11:51:50.369  1097  1097 I [drm:dsi_display_set_mode [msm_drm]] [msm-dsi-info]: mdp_transfer_time=6290, hactive=1264, vactive=2780, fps=60, h_skew=1, clk_rate=1012000000, h_sync_width=2,				h_front_porch26, h_back_porch=26, v_back_porch=42, v_sync_width=2, v_front_porch=58
09-26 11:51:50.369  1097  1097 I [ADFR][0][INFO][oplus_adfr_fakeframe_status_update:2140]h_active: 1264,refresh_rate:60,h_skew:1,sw_fps:0,fakeframe:0
09-26 11:51:50.375  1097  1097 I         : [LCD][0][INFO][oplus_panel_cmd_print:120] [A0020] dsi_cmd: qcom,mdss-dsi-timing-switch-command, count=8
09-26 11:51:50.375  1097  1097 I [ADFR][0][INFO][oplus_adfr_fakeframe_status_update:2140]h_active: 1264,refresh_rate:60,h_skew:1,sw_fps:0,fakeframe:0
09-26 11:51:50.375  1097  1097 I         : [ADFR][0][INFO][oplus_adfr_status_reset:1851]sa status reset: auto_mode:0,fakeframe:0,sa_min_fps:60
09-26 11:51:50.390  1097  1097 I         : <A0020> dsi_display_set_backlight time:06:22:03.244,bl_lvl:2063
09-26 11:51:50.392  1097  1097 I [   info] ts_panel_notifier_callback: Notification type:4, early_trigger:0
09-26 11:51:50.392  1097  1097 I [   info] ts_panel_notifier_callback: shashank:Received fps change old fps:120 new fps:60
09-26 11:51:50.400  1097  1097 I [   info] ts_panel_notifier_callback: Notification type:4, early_trigger:1
09-26 11:51:50.400  1097  1097 I [   info] ts_panel_notifier_callback: shashank:Received fps change old fps:60 new fps:120
09-26 11:51:50.417  1097  1097 E         : [LCD][0][ERR][oplus_panel_switch_vid_mode:475] oplus_panel_switch_vid_mode not support
09-26 11:51:50.417  1097  1097 I [drm:dsi_display_set_mode [msm_drm]] [msm-dsi-info]: mdp_transfer_time=6290, hactive=1264, vactive=2780, fps=120, h_skew=0, clk_rate=1012000000, h_sync_width=2,				h_front_porch26, h_back_porch=26, v_back_porch=42, v_sync_width=2, v_front_porch=58
09-26 11:51:50.418  1097  1097 I [ADFR][0][INFO][oplus_adfr_fakeframe_status_update:2140]h_active: 1264,refresh_rate:120,h_skew:0,sw_fps:0,fakeframe:0
09-26 11:51:50.421  1097  1097 I         : [LCD][0][INFO][oplus_panel_cmd_print:120] [A0020] dsi_cmd: qcom,mdss-dsi-timing-switch-command, count=8
09-26 11:51:50.421  1097  1097 I [ADFR][0][INFO][oplus_adfr_fakeframe_status_update:2140]h_active: 1264,refresh_rate:120,h_skew:0,sw_fps:0,fakeframe:1
09-26 11:51:50.421  1097  1097 I         : [ADFR][0][INFO][oplus_adfr_status_reset:1851]sa status reset: auto_mode:0,fakeframe:1,sa_min_fps:120
09-26 11:51:50.440  1097  1097 I <A0020> len: 900 dsi_display_set_backlight 06:21:49.166:2063,06:21:49.249:2063,06:21:49.565:2063,06:21:49.665:2063,06:21:49.898:2063,06:21:49.948:2063,06:21:50.015:2063,06:21:50.065:2063,06:21:50.347:2063,06:21:50.397:2063,06:21:50.530:2063,06:21:50.580:2063,06:21:52.769:2063,06:21:52.802:2063,06:21:52.860:2063,06:21:52.893:2063,06:21:53.043:2063,06:21:53.077:2063,06:21:56.771:2063,06:21:56.821:2063,06:21:57.203:2063,06:21:57.237:2063,06:21:58.052:2063,06:21:58.102:2063,06:21:58.402:2063,06:21:58.435:2063,06:21:58.610:2063,06:21:58.643:2063,06:21:59.051:2063,06:21:59.100:2063,06:21:59.392:2063,06:21:59.475:2063,06:21:59.982:2063,06:22:00.032:2063,06:22:00.215:2063,06:22:00.249:2063,06:22:00.315:2063,06:22:00.365:2063,06:22:00.781:2063,06:22:00.831:2063,06:22:00.989:2063,06:22:01.023:2063,06:22:01.081:2063,06:22:01.131:2063,06:22:01.314:2063,06:22:01.364:2063,06:22:01.896:2063,06:22:01.946:2063,06:22:03.244:2063,06:22:03.294:2063,
09-26 11:51:50.440  1097  1097 I [   info] ts_panel_notifier_callback: Notification type:4, early_trigger:0
09-26 11:51:50.440  1097  1097 I [   info] ts_panel_notifier_callback: shashank:Received fps change old fps:60 new fps:120
09-26 11:51:50.898   950   950 I logd    : logdr: UID=2000 GID=2000 PID=24142 n tail=0 logMask=99 pid=14961 start=0ns deadline=0ns
09-26 11:51:51.251     0     0 W [    C0] gen7_err_callback: 260 callbacks suppressed
09-26 11:51:51.251     0     0 F         : [    C0] kgsl kgsl-3d0: CP: AHB bus error, CP_RL_ERROR_DETAILS_0:0x10008e07 CP_RL_ERROR_DETAILS_1:0x12144
09-26 11:51:51.252     0     0 F         : [    C0] kgsl kgsl-3d0: CP: AHB bus error, CP_RL_ERROR_DETAILS_0:0x10008e07 CP_RL_ERROR_DETAILS_1:0x12144
09-26 11:51:51.255     0     0 F         : [    C0] kgsl kgsl-3d0: CP: AHB bus error, CP_RL_ERROR_DETAILS_0:0x10008e07 CP_RL_ERROR_DETAILS_1:0x12144
09-26 11:51:51.269     0     0 F         : [    C0] kgsl kgsl-3d0: CP: AHB bus error, CP_RL_ERROR_DETAILS_0:0x10008e07 CP_RL_ERROR_DETAILS_1:0x12144
09-26 11:51:51.321     0     0 F         : [    C0] kgsl kgsl-3d0: CP: AHB bus error, CP_RL_ERROR_DETAILS_0:0x10008e07 CP_RL_ERROR_DETAILS_1:0x12144
09-26 11:51:51.350     0     0 F         : [    C0] kgsl kgsl-3d0: CP: AHB bus error, CP_RL_ERROR_DETAILS_0:0x10008e07 CP_RL_ERROR_DETAILS_1:0x12144
09-26 11:51:51.350     0     0 F         : [    C0] kgsl kgsl-3d0: CP: AHB bus error, CP_RL_ERROR_DETAILS_0:0x10008e07 CP_RL_ERROR_DETAILS_1:0x12144
09-26 11:51:51.354     0     0 F         : [    C0] kgsl kgsl-3d0: CP: AHB bus error, CP_RL_ERROR_DETAILS_0:0x10008e07 CP_RL_ERROR_DETAILS_1:0x12144
09-26 11:51:51.360     0     0 F         : [    C0] kgsl kgsl-3d0: CP: AHB bus error, CP_RL_ERROR_DETAILS_0:0x10008e07 CP_RL_ERROR_DETAILS_1:0x12144
09-26 11:51:51.424     0     0 F         : [    C0] kgsl kgsl-3d0: CP: AHB bus error, CP_RL_ERROR_DETAILS_0:0x10008e07 CP_RL_ERROR_DETAILS_1:0x12144
09-26 11:51:51.496 17560 17560 I         : [OFP][0][INFO][oplus_get_doze_disable_time:3679]oplus_get_doze_disable_time=0
09-26 11:51:51.496 17560 17560 W [drm] [msm-dsi-warn]: dsi_display_check_status,time_gap=-1452459097
09-26 11:51:52.520   707   707 E iostack : irqs = 19550046, self-block = 0
09-26 11:51:52.958  1097  1097 I [   info] ts_panel_notifier_callback: Notification type:4, early_trigger:1
09-26 11:51:52.958  1097  1097 I [   info] ts_panel_notifier_callback: shashank:Received fps change old fps:120 new fps:60
09-26 11:51:52.962  1097  1097 E         : [LCD][0][ERR][oplus_panel_switch_vid_mode:475] oplus_panel_switch_vid_mode not support
09-26 11:51:52.962  1097  1097 I [drm:dsi_display_set_mode [msm_drm]] [msm-dsi-info]: mdp_transfer_time=6290, hactive=1264, vactive=2780, fps=60, h_skew=1, clk_rate=1012000000, h_sync_width=2,				h_front_porch26, h_back_porch=26, v_back_porch=42, v_sync_width=2, v_front_porch=58
09-26 11:51:52.962  1097  1097 I [ADFR][0][INFO][oplus_adfr_fakeframe_status_update:2140]h_active: 1264,refresh_rate:60,h_skew:1,sw_fps:0,fakeframe:0
09-26 11:51:52.972  1097  1097 I         : [LCD][0][INFO][oplus_panel_cmd_print:120] [A0020] dsi_cmd: qcom,mdss-dsi-timing-switch-command, count=8
09-26 11:51:52.972  1097  1097 I [ADFR][0][INFO][oplus_adfr_fakeframe_status_update:2140]h_active: 1264,refresh_rate:60,h_skew:1,sw_fps:0,fakeframe:0
09-26 11:51:52.972  1097  1097 I         : [ADFR][0][INFO][oplus_adfr_status_reset:1851]sa status reset: auto_mode:0,fakeframe:0,sa_min_fps:60
09-26 11:51:52.988  1097  1097 I [   info] ts_panel_notifier_callback: Notification type:4, early_trigger:0
09-26 11:51:52.988  1097  1097 I [   info] ts_panel_notifier_callback: shashank:Received fps change old fps:120 new fps:60
09-26 11:51:53.007  1097  1097 I [   info] ts_panel_notifier_callback: Notification type:4, early_trigger:1
09-26 11:51:53.007  1097  1097 I [   info] ts_panel_notifier_callback: shashank:Received fps change old fps:60 new fps:120
09-26 11:51:53.013  1097  1097 E         : [LCD][0][ERR][oplus_panel_switch_vid_mode:475] oplus_panel_switch_vid_mode not support
09-26 11:51:53.013  1097  1097 I [drm:dsi_display_set_mode [msm_drm]] [msm-dsi-info]: mdp_transfer_time=6290, hactive=1264, vactive=2780, fps=120, h_skew=0, clk_rate=1012000000, h_sync_width=2,				h_front_porch26, h_back_porch=26, v_back_porch=42, v_sync_width=2, v_front_porch=58
09-26 11:51:53.014  1097  1097 I [ADFR][0][INFO][oplus_adfr_fakeframe_status_update:2140]h_active: 1264,refresh_rate:120,h_skew:0,sw_fps:0,fakeframe:0
09-26 11:51:53.017  1097  1097 I         : [LCD][0][INFO][oplus_panel_cmd_print:120] [A0020] dsi_cmd: qcom,mdss-dsi-timing-switch-command, count=8
09-26 11:51:53.017  1097  1097 I [ADFR][0][INFO][oplus_adfr_fakeframe_status_update:2140]h_active: 1264,refresh_rate:120,h_skew:0,sw_fps:0,fakeframe:1
09-26 11:51:53.017  1097  1097 I         : [ADFR][0][INFO][oplus_adfr_status_reset:1851]sa status reset: auto_mode:0,fakeframe:1,sa_min_fps:120
09-26 11:51:53.036  1097  1097 I [   info] ts_panel_notifier_callback: Notification type:4, early_trigger:0
09-26 11:51:53.036  1097  1097 I [   info] ts_panel_notifier_callback: shashank:Received fps change old fps:60 new fps:120
09-26 11:51:53.149  1097  1097 I [   info] ts_panel_notifier_callback: Notification type:4, early_trigger:1
09-26 11:51:53.149  1097  1097 I [   info] ts_panel_notifier_callback: shashank:Received fps change old fps:120 new fps:60
09-26 11:51:53.153  1097  1097 E         : [LCD][0][ERR][oplus_panel_switch_vid_mode:475] oplus_panel_switch_vid_mode not support
09-26 11:51:53.153  1097  1097 I [drm:dsi_display_set_mode [msm_drm]] [msm-dsi-info]: mdp_transfer_time=6290, hactive=1264, vactive=2780, fps=60, h_skew=1, clk_rate=1012000000, h_sync_width=2,				h_front_porch26, h_back_porch=26, v_back_porch=42, v_sync_width=2, v_front_porch=58
09-26 11:51:53.154  1097  1097 I [ADFR][0][INFO][oplus_adfr_fakeframe_status_update:2140]h_active: 1264,refresh_rate:60,h_skew:1,sw_fps:0,fakeframe:0
09-26 11:51:53.163  1097  1097 I         : [LCD][0][INFO][oplus_panel_cmd_print:120] [A0020] dsi_cmd: qcom,mdss-dsi-timing-switch-command, count=8
09-26 11:51:53.163  1097  1097 I [ADFR][0][INFO][oplus_adfr_fakeframe_status_update:2140]h_active: 1264,refresh_rate:60,h_skew:1,sw_fps:0,fakeframe:0
09-26 11:51:53.163  1097  1097 I         : [ADFR][0][INFO][oplus_adfr_status_reset:1851]sa status reset: auto_mode:0,fakeframe:0,sa_min_fps:60
09-26 11:51:53.180  1097  1097 I [   info] ts_panel_notifier_callback: Notification type:4, early_trigger:0
09-26 11:51:53.180  1097  1097 I [   info] ts_panel_notifier_callback: shashank:Received fps change old fps:120 new fps:60
09-26 11:51:53.190  1097  1097 I [   info] ts_panel_notifier_callback: Notification type:4, early_trigger:1
09-26 11:51:53.190  1097  1097 I [   info] ts_panel_notifier_callback: shashank:Received fps change old fps:60 new fps:120
09-26 11:51:53.205  1097  1097 E         : [LCD][0][ERR][oplus_panel_switch_vid_mode:475] oplus_panel_switch_vid_mode not support
09-26 11:51:53.205  1097  1097 I [drm:dsi_display_set_mode [msm_drm]] [msm-dsi-info]: mdp_transfer_time=6290, hactive=1264, vactive=2780, fps=120, h_skew=0, clk_rate=1012000000, h_sync_width=2,				h_front_porch26, h_back_porch=26, v_back_porch=42, v_sync_width=2, v_front_porch=58
09-26 11:51:53.205  1097  1097 I [ADFR][0][INFO][oplus_adfr_fakeframe_status_update:2140]h_active: 1264,refresh_rate:120,h_skew:0,sw_fps:0,fakeframe:0
09-26 11:51:53.209  1097  1097 I         : [LCD][0][INFO][oplus_panel_cmd_print:120] [A0020] dsi_cmd: qcom,mdss-dsi-timing-switch-command, count=8
09-26 11:51:53.209  1097  1097 I [ADFR][0][INFO][oplus_adfr_fakeframe_status_update:2140]h_active: 1264,refresh_rate:120,h_skew:0,sw_fps:0,fakeframe:1
09-26 11:51:53.209  1097  1097 I         : [ADFR][0][INFO][oplus_adfr_status_reset:1851]sa status reset: auto_mode:0,fakeframe:1,sa_min_fps:120
09-26 11:51:53.227  1097  1097 I [   info] ts_panel_notifier_callback: Notification type:4, early_trigger:0
09-26 11:51:53.227  1097  1097 I [   info] ts_panel_notifier_callback: shashank:Received fps change old fps:60 new fps:120
09-26 11:51:53.257  1097  1097 I [   info] ts_panel_notifier_callback: Notification type:4, early_trigger:1
09-26 11:51:53.257  1097  1097 I [   info] ts_panel_notifier_callback: shashank:Received fps change old fps:120 new fps:60
09-26 11:51:53.257  1097  1097 E         : [LCD][0][ERR][oplus_panel_switch_vid_mode:475] oplus_panel_switch_vid_mode not support
09-26 11:51:53.257  1097  1097 I [drm:dsi_display_set_mode [msm_drm]] [msm-dsi-info]: mdp_transfer_time=6290, hactive=1264, vactive=2780, fps=60, h_skew=1, clk_rate=1012000000, h_sync_width=2,				h_front_porch26, h_back_porch=26, v_back_porch=42, v_sync_width=2, v_front_porch=58
09-26 11:51:53.258  1097  1097 I [ADFR][0][INFO][oplus_adfr_fakeframe_status_update:2140]h_active: 1264,refresh_rate:60,h_skew:1,sw_fps:0,fakeframe:0
09-26 11:51:53.263  1097  1097 I         : [LCD][0][INFO][oplus_panel_cmd_print:120] [A0020] dsi_cmd: qcom,mdss-dsi-timing-switch-command, count=8
09-26 11:51:53.263  1097  1097 I [ADFR][0][INFO][oplus_adfr_fakeframe_status_update:2140]h_active: 1264,refresh_rate:60,h_skew:1,sw_fps:0,fakeframe:0
09-26 11:51:53.263  1097  1097 I         : [ADFR][0][INFO][oplus_adfr_status_reset:1851]sa status reset: auto_mode:0,fakeframe:0,sa_min_fps:60
09-26 11:51:53.279  1097  1097 I [   info] ts_panel_notifier_callback: Notification type:4, early_trigger:0
09-26 11:51:53.279  1097  1097 I [   info] ts_panel_notifier_callback: shashank:Received fps change old fps:120 new fps:60
09-26 11:51:53.298  1097  1097 I [   info] ts_panel_notifier_callback: Notification type:4, early_trigger:1
09-26 11:51:53.298  1097  1097 I [   info] ts_panel_notifier_callback: shashank:Received fps change old fps:60 new fps:120
09-26 11:51:53.304  1097  1097 E         : [LCD][0][ERR][oplus_panel_switch_vid_mode:475] oplus_panel_switch_vid_mode not support
09-26 11:51:53.304  1097  1097 I [drm:dsi_display_set_mode [msm_drm]] [msm-dsi-info]: mdp_transfer_time=6290, hactive=1264, vactive=2780, fps=120, h_skew=0, clk_rate=1012000000, h_sync_width=2,				h_front_porch26, h_back_porch=26, v_back_porch=42, v_sync_width=2, v_front_porch=58
09-26 11:51:53.305  1097  1097 I [ADFR][0][INFO][oplus_adfr_fakeframe_status_update:2140]h_active: 1264,refresh_rate:120,h_skew:0,sw_fps:0,fakeframe:0
09-26 11:51:53.308  1097  1097 I         : [LCD][0][INFO][oplus_panel_cmd_print:120] [A0020] dsi_cmd: qcom,mdss-dsi-timing-switch-command, count=8
09-26 11:51:53.309  1097  1097 I [ADFR][0][INFO][oplus_adfr_fakeframe_status_update:2140]h_active: 1264,refresh_rate:120,h_skew:0,sw_fps:0,fakeframe:1
09-26 11:51:53.309  1097  1097 I         : [ADFR][0][INFO][oplus_adfr_status_reset:1851]sa status reset: auto_mode:0,fakeframe:1,sa_min_fps:120
09-26 11:51:53.315 17565 17565 I         : [INFO]: OPLUS_CHG[CHG_COMM]([oplus_comm_smooth_to_soc][3416]): soc[0 2 66 66 67 68] avg[1 1 0 0 0] fifo[67 67 67 67]
09-26 11:51:53.327  1097  1097 I [   info] ts_panel_notifier_callback: Notification type:4, early_trigger:0
09-26 11:51:53.327  1097  1097 I [   info] ts_panel_notifier_callback: shashank:Received fps change old fps:60 new fps:120
09-26 11:51:53.329  7805  7805 I         : [INFO]: OPLUS_CHG[TRACK]([oplus_chg_track_cal_no_charging_stats_new][6797]): chg_no_charging_cnt=256s, no_chg_time=329s, delta_time=5s
09-26 11:51:53.337  7805  7805 I OPLUS_CHG[oplus_charge_info]: BATTERY[366 365 3972 3972 1667 66 68 67 3533 5416 1 0x0 3880], CHARGE[4470 600 0 0], WIRED[1 453 4929 500 1 0x0 0 0 0 2 0], WIRELESS[0 0 0 0 0 0x0 0 0 0], VOOC[0 0 0 0 0x0], UFCS[0 0 0 0x0], COMMON[7 0 0 0x0 1 0 1 5416 100 0]
09-26 11:51:53.339  1097  1097 I [   info] ts_panel_notifier_callback: Notification type:4, early_trigger:1
09-26 11:51:53.339  1097  1097 I [   info] ts_panel_notifier_callback: shashank:Received fps change old fps:120 new fps:60
09-26 11:51:53.340  1097  1097 E         : [LCD][0][ERR][oplus_panel_switch_vid_mode:475] oplus_panel_switch_vid_mode not support
09-26 11:51:53.340  1097  1097 I [drm:dsi_display_set_mode [msm_drm]] [msm-dsi-info]: mdp_transfer_time=6290, hactive=1264, vactive=2780, fps=60, h_skew=1, clk_rate=1012000000, h_sync_width=2,				h_front_porch26, h_back_porch=26, v_back_porch=42, v_sync_width=2, v_front_porch=58
09-26 11:51:53.340  1097  1097 I [ADFR][0][INFO][oplus_adfr_fakeframe_status_update:2140]h_active: 1264,refresh_rate:60,h_skew:1,sw_fps:0,fakeframe:0
09-26 11:51:53.346  1097  1097 I         : [LCD][0][INFO][oplus_panel_cmd_print:120] [A0020] dsi_cmd: qcom,mdss-dsi-timing-switch-command, count=8
09-26 11:51:53.346  1097  1097 I [ADFR][0][INFO][oplus_adfr_fakeframe_status_update:2140]h_active: 1264,refresh_rate:60,h_skew:1,sw_fps:0,fakeframe:0
09-26 11:51:53.346  1097  1097 I         : [ADFR][0][INFO][oplus_adfr_status_reset:1851]sa status reset: auto_mode:0,fakeframe:0,sa_min_fps:60
09-26 11:51:53.347  7805  7805 I         : [INFO]: OPLUS_CHG[ADSP]([oplus_chg_8350_reg_dump][7390]): sm8450_st_dump: [chg_en=1, suspend=0, pd_svooc=0], subtype=0x01],[oplus_UsbCommCapable=0, oplus_pd_svooc=0, typec_mode=0, cid_status=0x01, usb_in_status=1],[0x2606=0x83, 0x2607=0x19, 0x2608=0x0a, 0x2609=0x02], [0x260a=0x04, 0x260b=0x57, 0x260c=0x0a, 0x260d=0x18], [0x260e=0x0a, 0x260f=0x01, 0x2610=0x00, 0x2640=0x01], [0x2641=0x02, 0x2642=0x05, 0x2646=0x01, 0x2650=0x03], [0x2706=0x0a, 0x2707=0x0a, 0x2708=0x0a, 0x2709=0x0a], [0x270b=0xe2, 0x270c=0x48, 0x2710=0xc0, 0x280c=0x38], [0x2810=0x00, 0x2840=0x01, 0x287f=0x00, 0x2906=0x02], [0x2908=0x0f, 0x290a=0x11, 0x290b=0x01, 0x290c=0x01], [0x2910=0x11, 0x2944=0x80, 0x2950=0x02, 0x2951=0x01], [0x2952=0x0a, 0x2954=0x00, 0x2960=0xe0, 0x2b06=0x08], [0x2b07=0x00, 0x2b08=0x00, 0x2b09=0x63, 0x2b0a=0x39], [0x2b0b=0x29, 0x2b0c=0x00, 0x29a8=0x81, 0x29a9=0x83], [0x29aa=0x00, 0x2aa2=0x00, 0x2aa8=0x87, 0x2aa9=0x00], [0x2aaa=0x00],
09-26 11:51:53.363  1097  1097 I [   info] ts_panel_notifier_callback: Notification type:4, early_trigger:0
09-26 11:51:53.363  1097  1097 I [   info] ts_panel_notifier_callback: shashank:Received fps change old fps:120 new fps:60
09-26 11:51:53.410   950   950 I logd    : logdr: UID=2000 GID=2000 PID=24187 n tail=0 logMask=10 pid=0 start=0ns deadline=0ns
09-26 11:51:53.447   950   950 I logd    : logdr: UID=2000 GID=2000 PID=24190 n tail=5000 logMask=9 pid=0 start=0ns deadline=0ns
09-26 11:51:53.563   950   950 I logd    : logdr: UID=2000 GID=2000 PID=24193 n tail=2000 logMask=4 pid=0 start=0ns deadline=0ns
